Archive member included because of file (symbol)

.\CortexM0\ARM_GCC_493\Release\81-00022-01.a(cyfitter_cfg.o)
                              .\CortexM0\ARM_GCC_493\Release\Cm0Start.o (cyfitter_cfg)
.\CortexM0\ARM_GCC_493\Release\81-00022-01.a(ADC_SAR_Seq.o)
                              .\CortexM0\ARM_GCC_493\Release\main.o (ADC_SAR_Seq_Start)
.\CortexM0\ARM_GCC_493\Release\81-00022-01.a(ADC_SAR_Seq_INT.o)
                              .\CortexM0\ARM_GCC_493\Release\81-00022-01.a(ADC_SAR_Seq.o) (ADC_SAR_Seq_ISR)
.\CortexM0\ARM_GCC_493\Release\81-00022-01.a(UART_Rx.o)
                              .\CortexM0\ARM_GCC_493\Release\BrightnessCommManager.o (UART_Rx_Read)
.\CortexM0\ARM_GCC_493\Release\81-00022-01.a(CyLib.o)
                              .\CortexM0\ARM_GCC_493\Release\81-00022-01.a(cyfitter_cfg.o) (CySysClkWriteImoFreq)
.\CortexM0\ARM_GCC_493\Release\81-00022-01.a(cyPm.o)
                              .\CortexM0\ARM_GCC_493\Release\BrightnessCommManager.o (CySysPmDeepSleep)
.\CortexM0\ARM_GCC_493\Release\81-00022-01.a(CyLFClk.o)
                              .\CortexM0\ARM_GCC_493\Release\81-00022-01.a(cyfitter_cfg.o) (CySysWdtIsr)
.\CortexM0\ARM_GCC_493\Release\81-00022-01.a(TimeoutTimer.o)
                              .\CortexM0\ARM_GCC_493\Release\main.o (TimeoutTimer_Start)
.\CortexM0\ARM_GCC_493\Release\81-00022-01.a(CommTimeoutISR.o)
                              .\CortexM0\ARM_GCC_493\Release\main.o (CommTimeoutISR_Start)
.\CortexM0\ARM_GCC_493\Release\81-00022-01.a(SamplingTimerISR.o)
                              .\CortexM0\ARM_GCC_493\Release\main.o (SamplingTimerISR_Start)
.\CortexM0\ARM_GCC_493\Release\81-00022-01.a(SamplingTimer.o)
                              .\CortexM0\ARM_GCC_493\Release\main.o (SamplingTimer_Start)
.\CortexM0\ARM_GCC_493\Release\81-00022-01.a(UART_LED_ISR.o)
                              .\CortexM0\ARM_GCC_493\Release\main.o (UART_LED_ISR_Start)
.\CortexM0\ARM_GCC_493\Release\81-00022-01.a(UART_Temp_ISR.o)
                              .\CortexM0\ARM_GCC_493\Release\main.o (UART_Temp_ISR_Start)
.\CortexM0\ARM_GCC_493\Release\81-00022-01.a(UART_LED.o)
                              .\CortexM0\ARM_GCC_493\Release\main.o (UART_LED_Start)
.\CortexM0\ARM_GCC_493\Release\81-00022-01.a(UART_Temperature.o)
                              .\CortexM0\ARM_GCC_493\Release\main.o (UART_Temperature_Start)
.\CortexM0\ARM_GCC_493\Release\81-00022-01.a(UART_Temperature_SPI_UART.o)
                              .\CortexM0\ARM_GCC_493\Release\TemperatureCommManager.o (UART_Temperature_SpiUartGetRxBufferSize)
.\CortexM0\ARM_GCC_493\Release\81-00022-01.a(UART_Temperature_UART.o)
                              .\CortexM0\ARM_GCC_493\Release\81-00022-01.a(UART_Temperature.o) (UART_Temperature_UartInit)
.\CortexM0\ARM_GCC_493\Release\81-00022-01.a(UART_LED_Control.o)
                              .\CortexM0\ARM_GCC_493\Release\main.o (UART_LED_Control_Write)
.\CortexM0\ARM_GCC_493\Release\81-00022-01.a(UART_LED_IntClock.o)
                              .\CortexM0\ARM_GCC_493\Release\81-00022-01.a(UART_LED.o) (UART_LED_IntClock_Start)
.\CortexM0\ARM_GCC_493\Release\81-00022-01.a(PWM.o)
                              .\CortexM0\ARM_GCC_493\Release\main.o (PWM_Start)
.\CortexM0\ARM_GCC_493\Release\81-00022-01.a(PWM_Enable.o)
                              .\CortexM0\ARM_GCC_493\Release\main.o (PWM_Enable_Write)
.\CortexM0\ARM_GCC_493\Release\81-00022-01.a(DieTemp.o)
                              .\CortexM0\ARM_GCC_493\Release\DriverControl.o (DieTemp_CountsTo_Celsius)
.\CortexM0\ARM_GCC_493\Release\81-00022-01.a(LED_ISR.o)
                              .\CortexM0\ARM_GCC_493\Release\main.o (LED_ISR_Start)
.\CortexM0\ARM_GCC_493\Release\81-00022-01.a(AckTimeoutISR.o)
                              .\CortexM0\ARM_GCC_493\Release\main.o (AckTimeoutISR_Start)
.\CortexM0\ARM_GCC_493\Release\81-00022-01.a(AckTimer.o)
                              .\CortexM0\ARM_GCC_493\Release\BrightnessCommManager.o (AckTimer_Start)
.\CortexM0\ARM_GCC_493\Release\81-00022-01.a(WakeupISR.o)
                              .\CortexM0\ARM_GCC_493\Release\BrightnessCommManager.o (WakeupISR_Start)
.\CortexM0\ARM_GCC_493\Release\81-00022-01.a(LED_Timer.o)
                              .\CortexM0\ARM_GCC_493\Release\DriverControl.o (LED_Timer_Start)
.\CortexM0\ARM_GCC_493\Release\81-00022-01.a(EmEEPROM.o)
                              .\CortexM0\ARM_GCC_493\Release\main.o (EmEEPROM_Start)
.\CortexM0\ARM_GCC_493\Release\81-00022-01.a(CyBootAsmGnu.o)
                              .\CortexM0\ARM_GCC_493\Release\81-00022-01.a(CyLib.o) (CyDelayCycles)
.\CortexM0\ARM_GCC_493\Release\81-00022-01.a(CyFlash.o)
                              .\CortexM0\ARM_GCC_493\Release\81-00022-01.a(EmEEPROM.o) (CySysFlashWriteRow)
c:/program files (x86)/cypress/psoc creator/3.3/psoc creator/import/gnu/arm/4.9.3/bin/../lib/gcc/arm-none-eabi/4.9.3/armv6-m\libgcc.a(_udivsi3.o)
[...]
Memory Configuration

Name             Origin             Length             Attributes
rom              0x00000000         0x00008000         xr
ram              0x20000000         0x00001000         xrw
*default*        0x00000000         0xffffffff

Linker script and memory map

LOAD c:/program files (x86)/cypress/psoc creator/3.3/psoc creator/import/gnu/arm/4.9.3/bin/../lib/gcc/arm-none-eabi/4.9.3/armv6-m/crti.o
LOAD c:/program files (x86)/cypress/psoc creator/3.3/psoc creator/import/gnu/arm/4.9.3/bin/../lib/gcc/arm-none-eabi/4.9.3/armv6-m/crtbegin.o
LOAD c:/program files (x86)/cypress/psoc creator/3.3/psoc creator/import/gnu/arm/4.9.3/bin/../lib/gcc/arm-none-eabi/4.9.3/../../../../arm-none-eabi/lib/armv6-m/crt0.o
START GROUP
LOAD .\CortexM0\ARM_GCC_493\Release\main.o
LOAD .\CortexM0\ARM_GCC_493\Release\TemperatureCommManager.o
LOAD .\CortexM0\ARM_GCC_493\Release\BrightnessCommManager.o
LOAD .\CortexM0\ARM_GCC_493\Release\DriverControl.o
LOAD .\CortexM0\ARM_GCC_493\Release\cymetadata.o
LOAD .\CortexM0\ARM_GCC_493\Release\Cm0Start.o
LOAD .\CortexM0\ARM_GCC_493\Release\81-00022-01.a
LOAD C:\Program Files (x86)\Cypress\PSoC Creator\3.3\PSoC Creator\psoc\content\cycomponentlibrary\CyComponentLibrary.cylib\CortexM0\ARM_GCC_493\Release\CyComponentLibrary.a
END GROUP
START GROUP
LOAD c:/program files (x86)/cypress/psoc creator/3.3/psoc creator/import/gnu/arm/4.9.3/bin/../lib/gcc/arm-none-eabi/4.9.3/armv6-m\libgcc.a
LOAD c:/program files (x86)/cypress/psoc creator/3.3/psoc creator/import/gnu/arm/4.9.3/bin/../lib/gcc/arm-none-eabi/4.9.3/../../../../arm-none-eabi/lib/armv6-m\libg_nano.a
LOAD c:/program files (x86)/cypress/psoc creator/3.3/psoc creator/import/gnu/arm/4.9.3/bin/../lib/gcc/arm-none-eabi/4.9.3/../../../../arm-none-eabi/lib/armv6-m\libc_nano.a
END GROUP
START GROUP
LOAD c:/program files (x86)/cypress/psoc creator/3.3/psoc creator/import/gnu/arm/4.9.3/bin/../lib/gcc/arm-none-eabi/4.9.3/armv6-m\libgcc.a
LOAD c:/program files (x86)/cypress/psoc creator/3.3/psoc creator/import/gnu/arm/4.9.3/bin/../lib/gcc/arm-none-eabi/4.9.3/../../../../arm-none-eabi/lib/armv6-m\libc_nano.a
END GROUP
LOAD c:/program files (x86)/cypress/psoc creator/3.3/psoc creator/import/gnu/arm/4.9.3/bin/../lib/gcc/arm-none-eabi/4.9.3/armv6-m/crtend.o
LOAD c:/program files (x86)/cypress/psoc creator/3.3/psoc creator/import/gnu/arm/4.9.3/bin/../lib/gcc/arm-none-eabi/4.9.3/armv6-m/crtn.o
START GROUP
LOAD c:/program files (x86)/cypress/psoc creator/3.3/psoc creator/import/gnu/arm/4.9.3/bin/../lib/gcc/arm-none-eabi/4.9.3/armv6-m\libgcc.a
LOAD c:/program files (x86)/cypress/psoc creator/3.3/psoc creator/import/gnu/arm/4.9.3/bin/../lib/gcc/arm-none-eabi/4.9.3/../../../../arm-none-eabi/lib/armv6-m\libc.a
LOAD c:/program files (x86)/cypress/psoc creator/3.3/psoc creator/import/gnu/arm/4.9.3/bin/../lib/gcc/arm-none-eabi/4.9.3/../../../../arm-none-eabi/lib/armv6-m\libnosys.a
END GROUP
                0x00000000                CY_APPL_ORIGIN = 0x0
                0x00000080                CY_FLASH_ROW_SIZE = 0x80
                0x00000001                CY_APPL_NUM = 0x1
                0x00000001                CY_APPL_MAX = 0x1
                0x00000040                CY_METADATA_SIZE = 0x40
                0x00000000                CY_APPL_LOADABLE = 0x0
                0x00000000                CY_CHECKSUM_EXCLUDE_SIZE = ALIGN (0x0, CY_FLASH_ROW_SIZE)
                0x00000000                CY_APP_FOR_STACK_AND_COPIER = 0x0
                0x20000260                PROVIDE (__cy_heap_start, _end)
                0x00000001                PROVIDE (__cy_region_num, ((__cy_regions_end - __cy_regions) / 0x10))
                0x20001000                PROVIDE (__cy_stack, (ORIGIN (ram) + 0x1000))
                0x20000c00                PROVIDE (__cy_heap_end, (__cy_stack - 0x400))

.cybootloader   0x00000000        0x0
 *(.cybootloader)
                0x00000000                appl1_start = CY_APPL_ORIGIN?CY_APPL_ORIGIN:ALIGN (CY_FLASH_ROW_SIZE)
                0x00003f80                appl2_start = (appl1_start + ALIGN ((((0x8000 - appl1_start) - (0x2 * CY_FLASH_ROW_SIZE)) / 0x2), CY_FLASH_ROW_SIZE))
                0x00000000                appl_start = (CY_APPL_NUM == 0x1)?appl1_start:appl2_start
                0x00000001                cy_project_type_bootloader = (appl_start == 0x0)?0x1:0x0
                0x00000000                cy_project_type_app_for_stack_and_copier = (CY_APP_FOR_STACK_AND_COPIER == 0x1)?0x1:0x0

.text           0x00000000     0x5022
 CREATE_OBJECT_SYMBOLS
                0x00000000                PROVIDE (__cy_interrupt_vector, RomVectors)
 *(.romvectors)
 .romvectors    0x00000000       0x10 .\CortexM0\ARM_GCC_493\Release\Cm0Start.o
                0x00000000                RomVectors
                0x00000001                ASSERT ((. != __cy_interrupt_vector), No interrupt vector)
                0x00000001                ASSERT (CY_APPL_ORIGIN?(SIZEOF (.cybootloader) <= CY_APPL_ORIGIN):0x1, Wrong image location)
                0x00000010                PROVIDE (__cy_reset, Reset)
 *(.text.Reset)
 .text.Reset    0x00000010        0x8 .\CortexM0\ARM_GCC_493\Release\Cm0Start.o
                0x00000010                Reset
                0x00000001                ASSERT ((. != __cy_reset), No reset code)
 *(.psocinit)
 .psocinit      0x00000018      0x388 .\CortexM0\ARM_GCC_493\Release\81-00022-01.a(cyfitter_cfg.o)
                0x0000013c                cyfitter_cfg
                0x000003a0                . = MAX (., 0x100)
 *(.text .text.* .gnu.linkonce.t.*)
 .text          0x000003a0       0x60 c:/program files (x86)/cypress/psoc creator/3.3/psoc creator/import/gnu/arm/4.9.3/bin/../lib/gcc/arm-none-eabi/4.9.3/armv6-m/crtbegin.o
 .text.main     0x00000400       0xa4 .\CortexM0\ARM_GCC_493\Release\main.o
                0x00000400                main
 .text.clearInitializeAlreadyEEPROM
                0x000004a4       0x28 .\CortexM0\ARM_GCC_493\Release\main.o
                0x000004a4                clearInitializeAlreadyEEPROM
 .text.getNonVolatileBarStateMemory
                0x000004cc       0x10 .\CortexM0\ARM_GCC_493\Release\main.o
                0x000004cc                getNonVolatileBarStateMemory
 .text.getVolatileBarStateMemory
                0x000004dc       0x10 .\CortexM0\ARM_GCC_493\Release\main.o
                0x000004dc                getVolatileBarStateMemory
 .text.initializePeripherals
                0x000004ec       0x58 .\CortexM0\ARM_GCC_493\Release\main.o
 .text.isReadyToSendNextBrightnessPacket
                0x00000544       0x14 .\CortexM0\ARM_GCC_493\Release\TemperatureCommManager.o
                0x00000544                isReadyToSendNextBrightnessPacket
 .text.clearIsReadyToSendNextBrightnessPacket
                0x00000558       0x14 .\CortexM0\ARM_GCC_493\Release\TemperatureCommManager.o
                0x00000558                clearIsReadyToSendNextBrightnessPacket
 .text.processTemperatureByteReceivedHandler
                0x0000056c       0x48 .\CortexM0\ARM_GCC_493\Release\TemperatureCommManager.o
                0x0000056c                processTemperatureByteReceivedHandler
 .text.setLastDriverPacket
                0x000005b4       0x40 .\CortexM0\ARM_GCC_493\Release\TemperatureCommManager.o
                0x000005b4                setLastDriverPacket
 .text.processAckTimeoutRoutine
                0x000005f4       0x70 .\CortexM0\ARM_GCC_493\Release\TemperatureCommManager.o
                0x000005f4                processAckTimeoutRoutine
 .text.processSamplingTimerRoutine
                0x00000664      0x248 .\CortexM0\ARM_GCC_493\Release\TemperatureCommManager.o
                0x00000664                processSamplingTimerRoutine
 .text.detectPacket
                0x000008ac      0x250 .\CortexM0\ARM_GCC_493\Release\TemperatureCommManager.o
 .text.processTemperaturePacket
                0x00000afc       0xc8 .\CortexM0\ARM_GCC_493\Release\TemperatureCommManager.o
 .text.processFinalDriverCountPacket
                0x00000bc4       0x58 .\CortexM0\ARM_GCC_493\Release\TemperatureCommManager.o
 .text.processAckPacket
                0x00000c1c       0x3c .\CortexM0\ARM_GCC_493\Release\TemperatureCommManager.o
 .text.getHighestTemperature
                0x00000c58       0xcc .\CortexM0\ARM_GCC_493\Release\TemperatureCommManager.o
 .text.timeOutStateMachine
                0x00000d24      0x114 .\CortexM0\ARM_GCC_493\Release\BrightnessCommManager.o
                0x00000d24                timeOutStateMachine
 .text.isThereHighLowTransitionFromUART
                0x00000e38       0x1c .\CortexM0\ARM_GCC_493\Release\BrightnessCommManager.o
                0x00000e38                isThereHighLowTransitionFromUART
 .text.processTimeoutTimerRoutine
                0x00000e54       0x80 .\CortexM0\ARM_GCC_493\Release\BrightnessCommManager.o
                0x00000e54                processTimeoutTimerRoutine
 .text.processBrightnessByteReceivedHandler
                0x00000ed4       0x34 .\CortexM0\ARM_GCC_493\Release\BrightnessCommManager.o
                0x00000ed4                processBrightnessByteReceivedHandler
 .text.timeoutDefaultBrightness
                0x00000f08       0xd8 .\CortexM0\ARM_GCC_493\Release\BrightnessCommManager.o
                0x00000f08                timeoutDefaultBrightness
 .text.isDriverCountReceived
                0x00000fe0       0x14 .\CortexM0\ARM_GCC_493\Release\BrightnessCommManager.o
                0x00000fe0                isDriverCountReceived
 .text.detectPacket
                0x00000ff4      0x2d0 .\CortexM0\ARM_GCC_493\Release\BrightnessCommManager.o
 .text.processLowPowerRequest
                0x000012c4       0x48 .\CortexM0\ARM_GCC_493\Release\BrightnessCommManager.o
 .text.processDriverCountPacket
                0x0000130c      0x104 .\CortexM0\ARM_GCC_493\Release\BrightnessCommManager.o
 .text.processReinitlizationPacket
                0x00001410       0x2c .\CortexM0\ARM_GCC_493\Release\BrightnessCommManager.o
 .text.processBrightnessPacket
                0x0000143c      0x11c .\CortexM0\ARM_GCC_493\Release\BrightnessCommManager.o
 .text.saveStateBar
                0x00001558       0x54 .\CortexM0\ARM_GCC_493\Release\BrightnessCommManager.o
 .text.putBarToSleep
                0x000015ac       0x44 .\CortexM0\ARM_GCC_493\Release\BrightnessCommManager.o
 .text.processOutputSelectUart
                0x000015f0       0x20 .\CortexM0\ARM_GCC_493\Release\BrightnessCommManager.o
 .text.getPreviousBrightness
                0x00001610       0x14 .\CortexM0\ARM_GCC_493\Release\DriverControl.o
                0x00001610                getPreviousBrightness
 .text.getDriverID
                0x00001624       0x14 .\CortexM0\ARM_GCC_493\Release\DriverControl.o
                0x00001624                getDriverID
 .text.setIdentityByComm
                0x00001638       0x38 .\CortexM0\ARM_GCC_493\Release\DriverControl.o
                0x00001638                setIdentityByComm
 .text.setDriverCount
                0x00001670       0x38 .\CortexM0\ARM_GCC_493\Release\DriverControl.o
                0x00001670                setDriverCount
 .text.setAsNotLastDriverInChain
                0x000016a8       0x14 .\CortexM0\ARM_GCC_493\Release\DriverControl.o
                0x000016a8                setAsNotLastDriverInChain
 .text.checkForUnderVoltage
                0x000016bc       0x60 .\CortexM0\ARM_GCC_493\Release\DriverControl.o
                0x000016bc                checkForUnderVoltage
 .text.processSoftStart
                0x0000171c       0x2c .\CortexM0\ARM_GCC_493\Release\DriverControl.o
                0x0000171c                processSoftStart
 .text.updateBrightnessLevel
                0x00001748       0xcc .\CortexM0\ARM_GCC_493\Release\DriverControl.o
                0x00001748                updateBrightnessLevel
 .text.getMaxTemperature
                0x00001814       0x30 .\CortexM0\ARM_GCC_493\Release\DriverControl.o
                0x00001814                getMaxTemperature
 .text.getTemperatureSample
                0x00001844      0x204 .\CortexM0\ARM_GCC_493\Release\DriverControl.o
                0x00001844                getTemperatureSample
 .text.getNewMaxBrightness
                0x00001a48       0x14 .\CortexM0\ARM_GCC_493\Release\DriverControl.o
                0x00001a48                getNewMaxBrightness
 .text.regulateBrightness
                0x00001a5c      0x1dc .\CortexM0\ARM_GCC_493\Release\DriverControl.o
                0x00001a5c                regulateBrightness
 .text.getTemperatureStatus
                0x00001c38       0xec .\CortexM0\ARM_GCC_493\Release\DriverControl.o
 .text.IntDefaultHandler
                0x00001d24        0x8 .\CortexM0\ARM_GCC_493\Release\Cm0Start.o
                0x00001d24                IntDefaultHandler
 .text.Start_c  0x00001d2c       0x98 .\CortexM0\ARM_GCC_493\Release\Cm0Start.o
                0x00001d2c                Start_c
 .text.initialize_psoc
                0x00001dc4       0x64 .\CortexM0\ARM_GCC_493\Release\Cm0Start.o
                0x00001dc4                initialize_psoc
 .text.CYMEMZERO
                0x00001e28       0x20 .\CortexM0\ARM_GCC_493\Release\81-00022-01.a(cyfitter_cfg.o)
 .text.CYCONFIGCPYCODE
                0x00001e48       0x24 .\CortexM0\ARM_GCC_493\Release\81-00022-01.a(cyfitter_cfg.o)
 .text.cfg_write_bytes32
                0x00001e6c       0x80 .\CortexM0\ARM_GCC_493\Release\81-00022-01.a(cyfitter_cfg.o)
 .text.AnalogSetDefault
                0x00001eec       0x20 .\CortexM0\ARM_GCC_493\Release\81-00022-01.a(cyfitter_cfg.o)
 .text.ADC_SAR_Seq_Start
                0x00001f0c       0x24 .\CortexM0\ARM_GCC_493\Release\81-00022-01.a(ADC_SAR_Seq.o)
                0x00001f0c                ADC_SAR_Seq_Start
 .text.ADC_SAR_Seq_Init
                0x00001f30      0x25c .\CortexM0\ARM_GCC_493\Release\81-00022-01.a(ADC_SAR_Seq.o)
                0x00001f30                ADC_SAR_Seq_Init
 .text.ADC_SAR_Seq_Enable
                0x0000218c       0x28 .\CortexM0\ARM_GCC_493\Release\81-00022-01.a(ADC_SAR_Seq.o)
                0x0000218c                ADC_SAR_Seq_Enable
 .text.ADC_SAR_Seq_Stop
                0x000021b4       0x18 .\CortexM0\ARM_GCC_493\Release\81-00022-01.a(ADC_SAR_Seq.o)
                0x000021b4                ADC_SAR_Seq_Stop
 .text.ADC_SAR_Seq_StartConvert
                0x000021cc       0x1c .\CortexM0\ARM_GCC_493\Release\81-00022-01.a(ADC_SAR_Seq.o)
                0x000021cc                ADC_SAR_Seq_StartConvert
 .text.ADC_SAR_Seq_StopConvert
                0x000021e8       0x1c .\CortexM0\ARM_GCC_493\Release\81-00022-01.a(ADC_SAR_Seq.o)
                0x000021e8                ADC_SAR_Seq_StopConvert
 .text.ADC_SAR_Seq_IsEndConversion
                0x00002204       0x7c .\CortexM0\ARM_GCC_493\Release\81-00022-01.a(ADC_SAR_Seq.o)
                0x00002204                ADC_SAR_Seq_IsEndConversion
 .text.ADC_SAR_Seq_GetResult16
                0x00002280       0x44 .\CortexM0\ARM_GCC_493\Release\81-00022-01.a(ADC_SAR_Seq.o)
                0x00002280                ADC_SAR_Seq_GetResult16
 .text.ADC_SAR_Seq_EnableInjection
                0x000022c4       0x1c .\CortexM0\ARM_GCC_493\Release\81-00022-01.a(ADC_SAR_Seq.o)
                0x000022c4                ADC_SAR_Seq_EnableInjection
 .text.ADC_SAR_Seq_ISR
                0x000022e0       0x1c .\CortexM0\ARM_GCC_493\Release\81-00022-01.a(ADC_SAR_Seq_INT.o)
                0x000022e0                ADC_SAR_Seq_ISR
 .text.UART_Rx_Read
                0x000022fc       0x1c .\CortexM0\ARM_GCC_493\Release\81-00022-01.a(UART_Rx.o)
                0x000022fc                UART_Rx_Read
 .text.UART_Rx_ClearInterrupt
                0x00002318       0x2c .\CortexM0\ARM_GCC_493\Release\81-00022-01.a(UART_Rx.o)
                0x00002318                UART_Rx_ClearInterrupt
 .text.CySysClkWriteSysclkDiv
                0x00002344       0x44 .\CortexM0\ARM_GCC_493\Release\81-00022-01.a(CyLib.o)
                0x00002344                CySysClkWriteSysclkDiv
 .text.CySysClkWriteImoFreq
                0x00002388      0x1e0 .\CortexM0\ARM_GCC_493\Release\81-00022-01.a(CyLib.o)
                0x00002388                CySysClkWriteImoFreq
 .text.CyIntSetVector
                0x00002568       0x40 .\CortexM0\ARM_GCC_493\Release\81-00022-01.a(CyLib.o)
                0x00002568                CyIntSetVector
 .text.CyIntSetPriority
                0x000025a8       0x8c .\CortexM0\ARM_GCC_493\Release\81-00022-01.a(CyLib.o)
                0x000025a8                CyIntSetPriority
 .text.CyIntEnable
                0x00002634       0x28 .\CortexM0\ARM_GCC_493\Release\81-00022-01.a(CyLib.o)
                0x00002634                CyIntEnable
 .text.CySoftwareReset
                0x0000265c       0x20 .\CortexM0\ARM_GCC_493\Release\81-00022-01.a(CyLib.o)
                0x0000265c                CySoftwareReset
 .text.CyDelay  0x0000267c       0x48 .\CortexM0\ARM_GCC_493\Release\81-00022-01.a(CyLib.o)
                0x0000267c                CyDelay
 .text.CyDelayUs
                0x000026c4       0x28 .\CortexM0\ARM_GCC_493\Release\81-00022-01.a(CyLib.o)
                0x000026c4                CyDelayUs
 .text.CySysPmDeepSleep
                0x000026ec       0x8c .\CortexM0\ARM_GCC_493\Release\81-00022-01.a(cyPm.o)
                0x000026ec                CySysPmDeepSleep
 .text.CySysWdtLock
                0x00002778       0x34 .\CortexM0\ARM_GCC_493\Release\81-00022-01.a(CyLFClk.o)
                0x00002778                CySysWdtLock
 .text.CySysWdtLocked
                0x000027ac       0x20 .\CortexM0\ARM_GCC_493\Release\81-00022-01.a(CyLFClk.o)
 .text.CySysWdtUnlock
                0x000027cc       0x4c .\CortexM0\ARM_GCC_493\Release\81-00022-01.a(CyLFClk.o)
                0x000027cc                CySysWdtUnlock
 .text.CySysWdtClearInterrupt
                0x00002818       0x70 .\CortexM0\ARM_GCC_493\Release\81-00022-01.a(CyLFClk.o)
                0x00002818                CySysWdtClearInterrupt
 .text.CySysWdtIsr
                0x00002888       0xe8 .\CortexM0\ARM_GCC_493\Release\81-00022-01.a(CyLFClk.o)
                0x00002888                CySysWdtIsr
 .text.TimeoutTimer_Init
                0x00002970       0x34 .\CortexM0\ARM_GCC_493\Release\81-00022-01.a(TimeoutTimer.o)
                0x00002970                TimeoutTimer_Init
 .text.TimeoutTimer_Enable
                0x000029a4       0x38 .\CortexM0\ARM_GCC_493\Release\81-00022-01.a(TimeoutTimer.o)
                0x000029a4                TimeoutTimer_Enable
 .text.TimeoutTimer_Start
                0x000029dc       0x24 .\CortexM0\ARM_GCC_493\Release\81-00022-01.a(TimeoutTimer.o)
                0x000029dc                TimeoutTimer_Start
 .text.TimeoutTimer_Stop
                0x00002a00       0x30 .\CortexM0\ARM_GCC_493\Release\81-00022-01.a(TimeoutTimer.o)
                0x00002a00                TimeoutTimer_Stop
 .text.TimeoutTimer_WriteCounter
                0x00002a30       0x1c .\CortexM0\ARM_GCC_493\Release\81-00022-01.a(TimeoutTimer.o)
                0x00002a30                TimeoutTimer_WriteCounter
 .text.TimeoutTimer_WritePeriod
                0x00002a4c       0x1c .\CortexM0\ARM_GCC_493\Release\81-00022-01.a(TimeoutTimer.o)
                0x00002a4c                TimeoutTimer_WritePeriod
 .text.TimeoutTimer_TriggerCommand
                0x00002a68       0x38 .\CortexM0\ARM_GCC_493\Release\81-00022-01.a(TimeoutTimer.o)
                0x00002a68                TimeoutTimer_TriggerCommand
 .text.TimeoutTimer_SetInterruptMode
                0x00002aa0       0x18 .\CortexM0\ARM_GCC_493\Release\81-00022-01.a(TimeoutTimer.o)
                0x00002aa0                TimeoutTimer_SetInterruptMode
 .text.TimeoutTimer_ClearInterrupt
                0x00002ab8       0x18 .\CortexM0\ARM_GCC_493\Release\81-00022-01.a(TimeoutTimer.o)
                0x00002ab8                TimeoutTimer_ClearInterrupt
 .text.CommTimeoutISR_Start
                0x00002ad0       0x24 .\CortexM0\ARM_GCC_493\Release\81-00022-01.a(CommTimeoutISR.o)
                0x00002ad0                CommTimeoutISR_Start
 .text.CommTimeoutISR_Stop
                0x00002af4       0x18 .\CortexM0\ARM_GCC_493\Release\81-00022-01.a(CommTimeoutISR.o)
                0x00002af4                CommTimeoutISR_Stop
 .text.CommTimeoutISR_Interrupt
                0x00002b0c        0xc .\CortexM0\ARM_GCC_493\Release\81-00022-01.a(CommTimeoutISR.o)
                0x00002b0c                CommTimeoutISR_Interrupt
 .text.CommTimeoutISR_SetVector
                0x00002b18       0x18 .\CortexM0\ARM_GCC_493\Release\81-00022-01.a(CommTimeoutISR.o)
                0x00002b18                CommTimeoutISR_SetVector
 .text.CommTimeoutISR_SetPriority
                0x00002b30       0x50 .\CortexM0\ARM_GCC_493\Release\81-00022-01.a(CommTimeoutISR.o)
                0x00002b30                CommTimeoutISR_SetPriority
 .text.CommTimeoutISR_Enable
                0x00002b80       0x14 .\CortexM0\ARM_GCC_493\Release\81-00022-01.a(CommTimeoutISR.o)
                0x00002b80                CommTimeoutISR_Enable
 .text.CommTimeoutISR_Disable
                0x00002b94       0x14 .\CortexM0\ARM_GCC_493\Release\81-00022-01.a(CommTimeoutISR.o)
                0x00002b94                CommTimeoutISR_Disable
 .text.CommTimeoutISR_ClearPending
                0x00002ba8       0x14 .\CortexM0\ARM_GCC_493\Release\81-00022-01.a(CommTimeoutISR.o)
                0x00002ba8                CommTimeoutISR_ClearPending
 .text.SamplingTimerISR_Start
                0x00002bbc       0x24 .\CortexM0\ARM_GCC_493\Release\81-00022-01.a(SamplingTimerISR.o)
                0x00002bbc                SamplingTimerISR_Start
 .text.SamplingTimerISR_Stop
                0x00002be0       0x18 .\CortexM0\ARM_GCC_493\Release\81-00022-01.a(SamplingTimerISR.o)
                0x00002be0                SamplingTimerISR_Stop
 .text.SamplingTimerISR_Interrupt
                0x00002bf8        0xc .\CortexM0\ARM_GCC_493\Release\81-00022-01.a(SamplingTimerISR.o)
                0x00002bf8                SamplingTimerISR_Interrupt
 .text.SamplingTimerISR_SetVector
                0x00002c04       0x18 .\CortexM0\ARM_GCC_493\Release\81-00022-01.a(SamplingTimerISR.o)
                0x00002c04                SamplingTimerISR_SetVector
 .text.SamplingTimerISR_SetPriority
                0x00002c1c       0x4c .\CortexM0\ARM_GCC_493\Release\81-00022-01.a(SamplingTimerISR.o)
                0x00002c1c                SamplingTimerISR_SetPriority
 .text.SamplingTimerISR_Enable
                0x00002c68       0x14 .\CortexM0\ARM_GCC_493\Release\81-00022-01.a(SamplingTimerISR.o)
                0x00002c68                SamplingTimerISR_Enable
 .text.SamplingTimerISR_Disable
                0x00002c7c       0x14 .\CortexM0\ARM_GCC_493\Release\81-00022-01.a(SamplingTimerISR.o)
                0x00002c7c                SamplingTimerISR_Disable
 .text.SamplingTimer_Init
                0x00002c90       0x30 .\CortexM0\ARM_GCC_493\Release\81-00022-01.a(SamplingTimer.o)
                0x00002c90                SamplingTimer_Init
 .text.SamplingTimer_Enable
                0x00002cc0       0x38 .\CortexM0\ARM_GCC_493\Release\81-00022-01.a(SamplingTimer.o)
                0x00002cc0                SamplingTimer_Enable
 .text.SamplingTimer_Start
                0x00002cf8       0x24 .\CortexM0\ARM_GCC_493\Release\81-00022-01.a(SamplingTimer.o)
                0x00002cf8                SamplingTimer_Start
 .text.SamplingTimer_Stop
                0x00002d1c       0x30 .\CortexM0\ARM_GCC_493\Release\81-00022-01.a(SamplingTimer.o)
                0x00002d1c                SamplingTimer_Stop
 .text.SamplingTimer_WriteCounter
                0x00002d4c       0x1c .\CortexM0\ARM_GCC_493\Release\81-00022-01.a(SamplingTimer.o)
                0x00002d4c                SamplingTimer_WriteCounter
 .text.SamplingTimer_WritePeriod
                0x00002d68       0x1c .\CortexM0\ARM_GCC_493\Release\81-00022-01.a(SamplingTimer.o)
                0x00002d68                SamplingTimer_WritePeriod
 .text.SamplingTimer_TriggerCommand
                0x00002d84       0x38 .\CortexM0\ARM_GCC_493\Release\81-00022-01.a(SamplingTimer.o)
                0x00002d84                SamplingTimer_TriggerCommand
 .text.SamplingTimer_SetInterruptMode
                0x00002dbc       0x18 .\CortexM0\ARM_GCC_493\Release\81-00022-01.a(SamplingTimer.o)
                0x00002dbc                SamplingTimer_SetInterruptMode
 .text.SamplingTimer_ClearInterrupt
                0x00002dd4       0x18 .\CortexM0\ARM_GCC_493\Release\81-00022-01.a(SamplingTimer.o)
                0x00002dd4                SamplingTimer_ClearInterrupt
 .text.UART_LED_ISR_Start
                0x00002dec       0x24 .\CortexM0\ARM_GCC_493\Release\81-00022-01.a(UART_LED_ISR.o)
                0x00002dec                UART_LED_ISR_Start
 .text.UART_LED_ISR_Stop
                0x00002e10       0x18 .\CortexM0\ARM_GCC_493\Release\81-00022-01.a(UART_LED_ISR.o)
                0x00002e10                UART_LED_ISR_Stop
 .text.UART_LED_ISR_Interrupt
                0x00002e28        0xc .\CortexM0\ARM_GCC_493\Release\81-00022-01.a(UART_LED_ISR.o)
                0x00002e28                UART_LED_ISR_Interrupt
 .text.UART_LED_ISR_SetVector
                0x00002e34       0x18 .\CortexM0\ARM_GCC_493\Release\81-00022-01.a(UART_LED_ISR.o)
                0x00002e34                UART_LED_ISR_SetVector
 .text.UART_LED_ISR_SetPriority
                0x00002e4c       0x50 .\CortexM0\ARM_GCC_493\Release\81-00022-01.a(UART_LED_ISR.o)
                0x00002e4c                UART_LED_ISR_SetPriority
 .text.UART_LED_ISR_Enable
                0x00002e9c       0x14 .\CortexM0\ARM_GCC_493\Release\81-00022-01.a(UART_LED_ISR.o)
                0x00002e9c                UART_LED_ISR_Enable
 .text.UART_LED_ISR_Disable
                0x00002eb0       0x14 .\CortexM0\ARM_GCC_493\Release\81-00022-01.a(UART_LED_ISR.o)
                0x00002eb0                UART_LED_ISR_Disable
 .text.UART_Temp_ISR_Start
                0x00002ec4       0x24 .\CortexM0\ARM_GCC_493\Release\81-00022-01.a(UART_Temp_ISR.o)
                0x00002ec4                UART_Temp_ISR_Start
 .text.UART_Temp_ISR_Stop
                0x00002ee8       0x18 .\CortexM0\ARM_GCC_493\Release\81-00022-01.a(UART_Temp_ISR.o)
                0x00002ee8                UART_Temp_ISR_Stop
 .text.UART_Temp_ISR_Interrupt
                0x00002f00        0xc .\CortexM0\ARM_GCC_493\Release\81-00022-01.a(UART_Temp_ISR.o)
                0x00002f00                UART_Temp_ISR_Interrupt
 .text.UART_Temp_ISR_SetVector
                0x00002f0c       0x18 .\CortexM0\ARM_GCC_493\Release\81-00022-01.a(UART_Temp_ISR.o)
                0x00002f0c                UART_Temp_ISR_SetVector
 .text.UART_Temp_ISR_SetPriority
                0x00002f24       0x4c .\CortexM0\ARM_GCC_493\Release\81-00022-01.a(UART_Temp_ISR.o)
                0x00002f24                UART_Temp_ISR_SetPriority
 .text.UART_Temp_ISR_Enable
                0x00002f70       0x14 .\CortexM0\ARM_GCC_493\Release\81-00022-01.a(UART_Temp_ISR.o)
                0x00002f70                UART_Temp_ISR_Enable
 .text.UART_Temp_ISR_Disable
                0x00002f84       0x14 .\CortexM0\ARM_GCC_493\Release\81-00022-01.a(UART_Temp_ISR.o)
                0x00002f84                UART_Temp_ISR_Disable
 .text.UART_LED_Start
                0x00002f98       0x24 .\CortexM0\ARM_GCC_493\Release\81-00022-01.a(UART_LED.o)
                0x00002f98                UART_LED_Start
 .text.UART_LED_Init
                0x00002fbc       0x3c .\CortexM0\ARM_GCC_493\Release\81-00022-01.a(UART_LED.o)
                0x00002fbc                UART_LED_Init
 .text.UART_LED_Enable
                0x00002ff8       0x60 .\CortexM0\ARM_GCC_493\Release\81-00022-01.a(UART_LED.o)
                0x00002ff8                UART_LED_Enable
 .text.UART_LED_Stop
                0x00003058       0x60 .\CortexM0\ARM_GCC_493\Release\81-00022-01.a(UART_LED.o)
                0x00003058                UART_LED_Stop
 .text.UART_LED_ReadRxStatus
                0x000030b8       0x24 .\CortexM0\ARM_GCC_493\Release\81-00022-01.a(UART_LED.o)
                0x000030b8                UART_LED_ReadRxStatus
 .text.UART_LED_GetChar
                0x000030dc       0x4c .\CortexM0\ARM_GCC_493\Release\81-00022-01.a(UART_LED.o)
                0x000030dc                UART_LED_GetChar
 .text.UART_LED_PutChar
                0x00003128       0x34 .\CortexM0\ARM_GCC_493\Release\81-00022-01.a(UART_LED.o)
                0x00003128                UART_LED_PutChar
 .text.UART_LED_PutArray
                0x0000315c       0x58 .\CortexM0\ARM_GCC_493\Release\81-00022-01.a(UART_LED.o)
                0x0000315c                UART_LED_PutArray
 .text.UART_Temperature_Init
                0x000031b4        0xc .\CortexM0\ARM_GCC_493\Release\81-00022-01.a(UART_Temperature.o)
                0x000031b4                UART_Temperature_Init
 .text.UART_Temperature_Enable
                0x000031c0       0x24 .\CortexM0\ARM_GCC_493\Release\81-00022-01.a(UART_Temperature.o)
                0x000031c0                UART_Temperature_Enable
 .text.UART_Temperature_Start
                0x000031e4       0x24 .\CortexM0\ARM_GCC_493\Release\81-00022-01.a(UART_Temperature.o)
                0x000031e4                UART_Temperature_Start
 .text.UART_Temperature_Stop
                0x00003208       0x28 .\CortexM0\ARM_GCC_493\Release\81-00022-01.a(UART_Temperature.o)
                0x00003208                UART_Temperature_Stop
 .text.UART_Temperature_ScbEnableIntr
                0x00003230        0x8 .\CortexM0\ARM_GCC_493\Release\81-00022-01.a(UART_Temperature.o)
 .text.UART_Temperature_ScbModePostEnable
                0x00003238        0xc .\CortexM0\ARM_GCC_493\Release\81-00022-01.a(UART_Temperature.o)
 .text.UART_Temperature_ScbModeStop
                0x00003244        0xc .\CortexM0\ARM_GCC_493\Release\81-00022-01.a(UART_Temperature.o)
 .text.UART_Temperature_SpiUartReadRxData
                0x00003250       0x20 .\CortexM0\ARM_GCC_493\Release\81-00022-01.a(UART_Temperature_SPI_UART.o)
                0x00003250                UART_Temperature_SpiUartReadRxData
 .text.UART_Temperature_SpiUartGetRxBufferSize
                0x00003270       0x20 .\CortexM0\ARM_GCC_493\Release\81-00022-01.a(UART_Temperature_SPI_UART.o)
                0x00003270                UART_Temperature_SpiUartGetRxBufferSize
 .text.UART_Temperature_SpiUartWriteTxData
                0x00003290       0x2c .\CortexM0\ARM_GCC_493\Release\81-00022-01.a(UART_Temperature_SPI_UART.o)
                0x00003290                UART_Temperature_SpiUartWriteTxData
 .text.UART_Temperature_SpiUartPutArray
                0x000032bc       0x34 .\CortexM0\ARM_GCC_493\Release\81-00022-01.a(UART_Temperature_SPI_UART.o)
                0x000032bc                UART_Temperature_SpiUartPutArray
 .text.UART_Temperature_UartInit
                0x000032f0       0xa8 .\CortexM0\ARM_GCC_493\Release\81-00022-01.a(UART_Temperature_UART.o)
                0x000032f0                UART_Temperature_UartInit
 .text.UART_Temperature_UartPostEnable
                0x00003398       0x1c .\CortexM0\ARM_GCC_493\Release\81-00022-01.a(UART_Temperature_UART.o)
                0x00003398                UART_Temperature_UartPostEnable
 .text.UART_Temperature_UartStop
                0x000033b4       0x18 .\CortexM0\ARM_GCC_493\Release\81-00022-01.a(UART_Temperature_UART.o)
                0x000033b4                UART_Temperature_UartStop
 .text.UART_Temperature_UartGetByte
                0x000033cc       0x50 .\CortexM0\ARM_GCC_493\Release\81-00022-01.a(UART_Temperature_UART.o)
                0x000033cc                UART_Temperature_UartGetByte
 .text.UART_LED_Control_Write
                0x0000341c       0x20 .\CortexM0\ARM_GCC_493\Release\81-00022-01.a(UART_LED_Control.o)
                0x0000341c                UART_LED_Control_Write
 .text.UART_LED_IntClock_Start
                0x0000343c       0x1c .\CortexM0\ARM_GCC_493\Release\81-00022-01.a(UART_LED_IntClock.o)
                0x0000343c                UART_LED_IntClock_Start
 .text.UART_LED_IntClock_Stop
                0x00003458       0x18 .\CortexM0\ARM_GCC_493\Release\81-00022-01.a(UART_LED_IntClock.o)
                0x00003458                UART_LED_IntClock_Stop
 .text.PWM_Start
                0x00003470       0x24 .\CortexM0\ARM_GCC_493\Release\81-00022-01.a(PWM.o)
                0x00003470                PWM_Start
 .text.PWM_Init
                0x00003494       0x80 .\CortexM0\ARM_GCC_493\Release\81-00022-01.a(PWM.o)
                0x00003494                PWM_Init
 .text.PWM_Enable
                0x00003514       0x20 .\CortexM0\ARM_GCC_493\Release\81-00022-01.a(PWM.o)
                0x00003514                PWM_Enable
 .text.PWM_Stop
                0x00003534       0x1c .\CortexM0\ARM_GCC_493\Release\81-00022-01.a(PWM.o)
                0x00003534                PWM_Stop
 .text.PWM_WriteCounter
                0x00003550       0x20 .\CortexM0\ARM_GCC_493\Release\81-00022-01.a(PWM.o)
                0x00003550                PWM_WriteCounter
 .text.PWM_ClearFIFO
                0x00003570       0x1c .\CortexM0\ARM_GCC_493\Release\81-00022-01.a(PWM.o)
                0x00003570                PWM_ClearFIFO
 .text.PWM_WritePeriod
                0x0000358c       0x20 .\CortexM0\ARM_GCC_493\Release\81-00022-01.a(PWM.o)
                0x0000358c                PWM_WritePeriod
 .text.PWM_WriteCompare
                0x000035ac       0x20 .\CortexM0\ARM_GCC_493\Release\81-00022-01.a(PWM.o)
                0x000035ac                PWM_WriteCompare
 .text.PWM_SetInterruptMode
                0x000035cc       0x20 .\CortexM0\ARM_GCC_493\Release\81-00022-01.a(PWM.o)
                0x000035cc                PWM_SetInterruptMode
 .text.PWM_ReadStatusRegister
                0x000035ec       0x14 .\CortexM0\ARM_GCC_493\Release\81-00022-01.a(PWM.o)
                0x000035ec                PWM_ReadStatusRegister
 .text.PWM_ReadCapture
                0x00003600       0x14 .\CortexM0\ARM_GCC_493\Release\81-00022-01.a(PWM.o)
                0x00003600                PWM_ReadCapture
 .text.PWM_Enable_Write
                0x00003614       0x20 .\CortexM0\ARM_GCC_493\Release\81-00022-01.a(PWM_Enable.o)
                0x00003614                PWM_Enable_Write
 .text.DieTemp_CountsTo_Celsius
                0x00003634       0xac .\CortexM0\ARM_GCC_493\Release\81-00022-01.a(DieTemp.o)
                0x00003634                DieTemp_CountsTo_Celsius
 .text.LED_ISR_Start
                0x000036e0       0x24 .\CortexM0\ARM_GCC_493\Release\81-00022-01.a(LED_ISR.o)
                0x000036e0                LED_ISR_Start
 .text.LED_ISR_Stop
                0x00003704       0x18 .\CortexM0\ARM_GCC_493\Release\81-00022-01.a(LED_ISR.o)
                0x00003704                LED_ISR_Stop
 .text.LED_ISR_Interrupt
                0x0000371c        0xc .\CortexM0\ARM_GCC_493\Release\81-00022-01.a(LED_ISR.o)
                0x0000371c                LED_ISR_Interrupt
 .text.LED_ISR_SetVector
                0x00003728       0x18 .\CortexM0\ARM_GCC_493\Release\81-00022-01.a(LED_ISR.o)
                0x00003728                LED_ISR_SetVector
 .text.LED_ISR_SetPriority
                0x00003740       0x4c .\CortexM0\ARM_GCC_493\Release\81-00022-01.a(LED_ISR.o)
                0x00003740                LED_ISR_SetPriority
 .text.LED_ISR_Enable
                0x0000378c       0x14 .\CortexM0\ARM_GCC_493\Release\81-00022-01.a(LED_ISR.o)
                0x0000378c                LED_ISR_Enable
 .text.LED_ISR_Disable
                0x000037a0       0x14 .\CortexM0\ARM_GCC_493\Release\81-00022-01.a(LED_ISR.o)
                0x000037a0                LED_ISR_Disable
 .text.AckTimeoutISR_Start
                0x000037b4       0x24 .\CortexM0\ARM_GCC_493\Release\81-00022-01.a(AckTimeoutISR.o)
                0x000037b4                AckTimeoutISR_Start
 .text.AckTimeoutISR_Stop
                0x000037d8       0x18 .\CortexM0\ARM_GCC_493\Release\81-00022-01.a(AckTimeoutISR.o)
                0x000037d8                AckTimeoutISR_Stop
 .text.AckTimeoutISR_Interrupt
                0x000037f0        0xc .\CortexM0\ARM_GCC_493\Release\81-00022-01.a(AckTimeoutISR.o)
                0x000037f0                AckTimeoutISR_Interrupt
 .text.AckTimeoutISR_SetVector
                0x000037fc       0x18 .\CortexM0\ARM_GCC_493\Release\81-00022-01.a(AckTimeoutISR.o)
                0x000037fc                AckTimeoutISR_SetVector
 .text.AckTimeoutISR_SetPriority
                0x00003814       0x4c .\CortexM0\ARM_GCC_493\Release\81-00022-01.a(AckTimeoutISR.o)
                0x00003814                AckTimeoutISR_SetPriority
 .text.AckTimeoutISR_Enable
                0x00003860       0x14 .\CortexM0\ARM_GCC_493\Release\81-00022-01.a(AckTimeoutISR.o)
                0x00003860                AckTimeoutISR_Enable
 .text.AckTimeoutISR_Disable
                0x00003874       0x14 .\CortexM0\ARM_GCC_493\Release\81-00022-01.a(AckTimeoutISR.o)
                0x00003874                AckTimeoutISR_Disable
 .text.AckTimer_Init
                0x00003888       0x34 .\CortexM0\ARM_GCC_493\Release\81-00022-01.a(AckTimer.o)
                0x00003888                AckTimer_Init
 .text.AckTimer_Enable
                0x000038bc       0x38 .\CortexM0\ARM_GCC_493\Release\81-00022-01.a(AckTimer.o)
                0x000038bc                AckTimer_Enable
 .text.AckTimer_Start
                0x000038f4       0x24 .\CortexM0\ARM_GCC_493\Release\81-00022-01.a(AckTimer.o)
                0x000038f4                AckTimer_Start
 .text.AckTimer_Stop
                0x00003918       0x30 .\CortexM0\ARM_GCC_493\Release\81-00022-01.a(AckTimer.o)
                0x00003918                AckTimer_Stop
 .text.AckTimer_WriteCounter
                0x00003948       0x1c .\CortexM0\ARM_GCC_493\Release\81-00022-01.a(AckTimer.o)
                0x00003948                AckTimer_WriteCounter
 .text.AckTimer_WritePeriod
                0x00003964       0x1c .\CortexM0\ARM_GCC_493\Release\81-00022-01.a(AckTimer.o)
                0x00003964                AckTimer_WritePeriod
 .text.AckTimer_TriggerCommand
                0x00003980       0x38 .\CortexM0\ARM_GCC_493\Release\81-00022-01.a(AckTimer.o)
                0x00003980                AckTimer_TriggerCommand
 .text.AckTimer_SetInterruptMode
                0x000039b8       0x18 .\CortexM0\ARM_GCC_493\Release\81-00022-01.a(AckTimer.o)
                0x000039b8                AckTimer_SetInterruptMode
 .text.AckTimer_ClearInterrupt
                0x000039d0       0x18 .\CortexM0\ARM_GCC_493\Release\81-00022-01.a(AckTimer.o)
                0x000039d0                AckTimer_ClearInterrupt
 .text.WakeupISR_Start
                0x000039e8       0x24 .\CortexM0\ARM_GCC_493\Release\81-00022-01.a(WakeupISR.o)
                0x000039e8                WakeupISR_Start
 .text.WakeupISR_Stop
                0x00003a0c       0x18 .\CortexM0\ARM_GCC_493\Release\81-00022-01.a(WakeupISR.o)
                0x00003a0c                WakeupISR_Stop
 .text.WakeupISR_Interrupt
                0x00003a24        0xc .\CortexM0\ARM_GCC_493\Release\81-00022-01.a(WakeupISR.o)
                0x00003a24                WakeupISR_Interrupt
 .text.WakeupISR_SetVector
                0x00003a30       0x18 .\CortexM0\ARM_GCC_493\Release\81-00022-01.a(WakeupISR.o)
                0x00003a30                WakeupISR_SetVector
 .text.WakeupISR_SetPriority
                0x00003a48       0x50 .\CortexM0\ARM_GCC_493\Release\81-00022-01.a(WakeupISR.o)
                0x00003a48                WakeupISR_SetPriority
 .text.WakeupISR_Enable
                0x00003a98       0x14 .\CortexM0\ARM_GCC_493\Release\81-00022-01.a(WakeupISR.o)
                0x00003a98                WakeupISR_Enable
 .text.WakeupISR_Disable
                0x00003aac       0x14 .\CortexM0\ARM_GCC_493\Release\81-00022-01.a(WakeupISR.o)
                0x00003aac                WakeupISR_Disable
 .text.WakeupISR_ClearPending
                0x00003ac0       0x14 .\CortexM0\ARM_GCC_493\Release\81-00022-01.a(WakeupISR.o)
                0x00003ac0                WakeupISR_ClearPending
 .text.LED_Timer_Init
                0x00003ad4       0x38 .\CortexM0\ARM_GCC_493\Release\81-00022-01.a(LED_Timer.o)
                0x00003ad4                LED_Timer_Init
 .text.LED_Timer_Enable
                0x00003b0c       0x38 .\CortexM0\ARM_GCC_493\Release\81-00022-01.a(LED_Timer.o)
                0x00003b0c                LED_Timer_Enable
 .text.LED_Timer_Start
                0x00003b44       0x24 .\CortexM0\ARM_GCC_493\Release\81-00022-01.a(LED_Timer.o)
                0x00003b44                LED_Timer_Start
 .text.LED_Timer_Stop
                0x00003b68       0x30 .\CortexM0\ARM_GCC_493\Release\81-00022-01.a(LED_Timer.o)
                0x00003b68                LED_Timer_Stop
 .text.LED_Timer_WriteCounter
                0x00003b98       0x1c .\CortexM0\ARM_GCC_493\Release\81-00022-01.a(LED_Timer.o)
                0x00003b98                LED_Timer_WriteCounter
 .text.LED_Timer_WritePeriod
                0x00003bb4       0x1c .\CortexM0\ARM_GCC_493\Release\81-00022-01.a(LED_Timer.o)
                0x00003bb4                LED_Timer_WritePeriod
 .text.LED_Timer_TriggerCommand
                0x00003bd0       0x38 .\CortexM0\ARM_GCC_493\Release\81-00022-01.a(LED_Timer.o)
                0x00003bd0                LED_Timer_TriggerCommand
 .text.LED_Timer_SetInterruptMode
                0x00003c08       0x18 .\CortexM0\ARM_GCC_493\Release\81-00022-01.a(LED_Timer.o)
                0x00003c08                LED_Timer_SetInterruptMode
 .text.LED_Timer_ClearInterrupt
                0x00003c20       0x18 .\CortexM0\ARM_GCC_493\Release\81-00022-01.a(LED_Timer.o)
                0x00003c20                LED_Timer_ClearInterrupt
 .text.EmEEPROM_Start
                0x00003c38        0x8 .\CortexM0\ARM_GCC_493\Release\81-00022-01.a(EmEEPROM.o)
                0x00003c38                EmEEPROM_Start
 .text.EmEEPROM_Write
                0x00003c40      0x178 .\CortexM0\ARM_GCC_493\Release\81-00022-01.a(EmEEPROM.o)
                0x00003c40                EmEEPROM_Write
 .text          0x00003db8       0x28 .\CortexM0\ARM_GCC_493\Release\81-00022-01.a(CyBootAsmGnu.o)
                0x00003db8                CyDelayCycles
                0x00003dcc                CyEnterCriticalSection
                0x00003dd4                CyExitCriticalSection
 .text.CySysFlashWriteRow
                0x00003de0      0x308 .\CortexM0\ARM_GCC_493\Release\81-00022-01.a(CyFlash.o)
                0x00003de0                CySysFlashWriteRow
 .text.CySysFlashClockBackup
                0x000040e8       0x24 .\CortexM0\ARM_GCC_493\Release\81-00022-01.a(CyFlash.o)
 .text.CySysFlashClockRestore
                0x0000410c       0x24 .\CortexM0\ARM_GCC_493\Release\81-00022-01.a(CyFlash.o)
 .text          0x00004130      0x120 c:/program files (x86)/cypress/psoc creator/3.3/psoc creator/import/gnu/arm/4.9.3/bin/../lib/gcc/arm-none-eabi/4.9.3/armv6-m\libgcc.a(_udivsi3.o)
                0x00004130                __aeabi_uidiv
                0x00004130                __udivsi3
                0x0000423c                __aeabi_uidivmod
 .text          0x00004250      0x1e0 c:/program files (x86)/cypress/psoc creator/3.3/psoc creator/import/gnu/arm/4.9.3/bin/../lib/gcc/arm-none-eabi/4.9.3/armv6-m\libgcc.a(_divsi3.o)
                0x00004250                __divsi3
                0x00004250                __aeabi_idiv
                0x0000441c                __aeabi_idivmod
 .text          0x00004430        0x4 c:/program files (x86)/cypress/psoc creator/3.3/psoc creator/import/gnu/arm/4.9.3/bin/../lib/gcc/arm-none-eabi/4.9.3/armv6-m\libgcc.a(_dvmd_tls.o)
                0x00004430                __aeabi_idiv0
                0x00004430                __aeabi_ldiv0
 .text          0x00004434      0x264 c:/program files (x86)/cypress/psoc creator/3.3/psoc creator/import/gnu/arm/4.9.3/bin/../lib/gcc/arm-none-eabi/4.9.3/armv6-m\libgcc.a(mulsf3.o)
                0x00004434                __aeabi_fmul
 .text          0x00004698       0x40 c:/program files (x86)/cypress/psoc creator/3.3/psoc creator/import/gnu/arm/4.9.3/bin/../lib/gcc/arm-none-eabi/4.9.3/armv6-m\libgcc.a(fixsfsi.o)
                0x00004698                __aeabi_f2iz
 .text          0x000046d8       0x90 c:/program files (x86)/cypress/psoc creator/3.3/psoc creator/import/gnu/arm/4.9.3/bin/../lib/gcc/arm-none-eabi/4.9.3/armv6-m\libgcc.a(floatsisf.o)
                0x000046d8                __aeabi_i2f
 .text          0x00004768      0x648 c:/program files (x86)/cypress/psoc creator/3.3/psoc creator/import/gnu/arm/4.9.3/bin/../lib/gcc/arm-none-eabi/4.9.3/armv6-m\libgcc.a(divdf3.o)
                0x00004768                __aeabi_ddiv
 .text          0x00004db0       0xa8 c:/program files (x86)/cypress/psoc creator/3.3/psoc creator/import/gnu/arm/4.9.3/bin/../lib/gcc/arm-none-eabi/4.9.3/armv6-m\libgcc.a(extendsfdf2.o)
                0x00004db0                __aeabi_f2d
 .text          0x00004e58      0x120 c:/program files (x86)/cypress/psoc creator/3.3/psoc creator/import/gnu/arm/4.9.3/bin/../lib/gcc/arm-none-eabi/4.9.3/armv6-m\libgcc.a(truncdfsf2.o)
                0x00004e58                __aeabi_d2f
 .text          0x00004f78       0x3c c:/program files (x86)/cypress/psoc creator/3.3/psoc creator/import/gnu/arm/4.9.3/bin/../lib/gcc/arm-none-eabi/4.9.3/armv6-m\libgcc.a(_clzsi2.o)
                0x00004f78                __clzsi2
 .text.__libc_init_array
                0x00004fb4       0x4c c:/program files (x86)/cypress/psoc creator/3.3/psoc creator/import/gnu/arm/4.9.3/bin/../lib/gcc/arm-none-eabi/4.9.3/../../../../arm-none-eabi/lib/armv6-m\libg_nano.a(lib_a-init.o)
                0x00004fb4                __libc_init_array
 .text.memcpy   0x00005000       0x12 c:/program files (x86)/cypress/psoc creator/3.3/psoc creator/import/gnu/arm/4.9.3/bin/../lib/gcc/arm-none-eabi/4.9.3/../../../../arm-none-eabi/lib/armv6-m\libg_nano.a(lib_a-memcpy.o)
                0x00005000                memcpy
 .text.memset   0x00005012       0x10 c:/program files (x86)/cypress/psoc creator/3.3/psoc creator/import/gnu/arm/4.9.3/bin/../lib/gcc/arm-none-eabi/4.9.3/../../../../arm-none-eabi/lib/armv6-m\libg_nano.a(lib_a-memset.o)
                0x00005012                memset
 *(.plt)
 *(.gnu.warning)
 *(.glue_7t)
 .glue_7t       0x00000000        0x0 linker stubs
 *(.glue_7)
 .glue_7        0x00000000        0x0 linker stubs
 *(.vfp11_veneer)
 .vfp11_veneer  0x00000000        0x0 linker stubs
 *(.bootloader)
 *(.ARM.extab* .gnu.linkonce.armextab.*)
 *(.gcc_except_table)

.v4_bx          0x00005024        0x0
 .v4_bx         0x00000000        0x0 linker stubs

.iplt           0x00005024        0x0
 .iplt          0x00000000        0x0 c:/program files (x86)/cypress/psoc creator/3.3/psoc creator/import/gnu/arm/4.9.3/bin/../lib/gcc/arm-none-eabi/4.9.3/armv6-m/crtbegin.o

.eh_frame_hdr
 *(.eh_frame_hdr)

.eh_frame       0x00005024        0x4
 *(.eh_frame)
 .eh_frame      0x00005024        0x0 c:/program files (x86)/cypress/psoc creator/3.3/psoc creator/import/gnu/arm/4.9.3/bin/../lib/gcc/arm-none-eabi/4.9.3/armv6-m/crtbegin.o
 .eh_frame      0x00005024        0x4 c:/program files (x86)/cypress/psoc creator/3.3/psoc creator/import/gnu/arm/4.9.3/bin/../lib/gcc/arm-none-eabi/4.9.3/armv6-m/crtend.o
                0x00005028                PROVIDE (__exidx_start, .)

.ARM.exidx
 *(.ARM.exidx* .gnu.linkonce.armexidx.*)
                0x00005028                __exidx_end = .

.rodata         0x00005028      0x4a8
 *(.rodata .rodata.* .gnu.linkonce.r.*)
 .rodata        0x00005028        0x8 .\CortexM0\ARM_GCC_493\Release\main.o
 .rodata        0x00005030      0x3a4 .\CortexM0\ARM_GCC_493\Release\81-00022-01.a(cyfitter_cfg.o)
 .rodata        0x000053d4       0x14 .\CortexM0\ARM_GCC_493\Release\81-00022-01.a(ADC_SAR_Seq.o)
 .rodata        0x000053e8       0x30 .\CortexM0\ARM_GCC_493\Release\81-00022-01.a(CyLib.o)
                0x000053e8                cyImoFreqMhz2Reg
 .rodata        0x00005418       0x40 c:/program files (x86)/cypress/psoc creator/3.3/psoc creator/import/gnu/arm/4.9.3/bin/../lib/gcc/arm-none-eabi/4.9.3/armv6-m\libgcc.a(mulsf3.o)
 .rodata        0x00005458       0x40 c:/program files (x86)/cypress/psoc creator/3.3/psoc creator/import/gnu/arm/4.9.3/bin/../lib/gcc/arm-none-eabi/4.9.3/armv6-m\libgcc.a(divdf3.o)
                0x00005498                . = ALIGN (0x4)
 *(.init)
 .init          0x00005498        0x4 c:/program files (x86)/cypress/psoc creator/3.3/psoc creator/import/gnu/arm/4.9.3/bin/../lib/gcc/arm-none-eabi/4.9.3/armv6-m/crti.o
                0x00005498                _init
 .init          0x0000549c        0x8 c:/program files (x86)/cypress/psoc creator/3.3/psoc creator/import/gnu/arm/4.9.3/bin/../lib/gcc/arm-none-eabi/4.9.3/armv6-m/crtn.o
                0x000054a4                . = ALIGN (0x4)
                0x000054a4                __preinit_array_start = .
 *(.preinit_array)
                0x000054a4                __preinit_array_end = .
                0x000054a4                . = ALIGN (0x4)
                0x000054a4                __init_array_start = .
 *(SORT(.init_array.*))
 *(.init_array)
 .init_array    0x000054a4        0x4 c:/program files (x86)/cypress/psoc creator/3.3/psoc creator/import/gnu/arm/4.9.3/bin/../lib/gcc/arm-none-eabi/4.9.3/armv6-m/crtbegin.o
 .init_array    0x000054a8        0x4 .\CortexM0\ARM_GCC_493\Release\Cm0Start.o
                0x000054ac                __init_array_end = .
                0x000054ac                . = ALIGN (0x4)
 *(.fini)
 .fini          0x000054ac        0x4 c:/program files (x86)/cypress/psoc creator/3.3/psoc creator/import/gnu/arm/4.9.3/bin/../lib/gcc/arm-none-eabi/4.9.3/armv6-m/crti.o
                0x000054ac                _fini
 .fini          0x000054b0        0x8 c:/program files (x86)/cypress/psoc creator/3.3/psoc creator/import/gnu/arm/4.9.3/bin/../lib/gcc/arm-none-eabi/4.9.3/armv6-m/crtn.o
                0x000054b8                . = ALIGN (0x4)
                0x000054b8                __fini_array_start = .
 *(.fini_array)
 .fini_array    0x000054b8        0x4 c:/program files (x86)/cypress/psoc creator/3.3/psoc creator/import/gnu/arm/4.9.3/bin/../lib/gcc/arm-none-eabi/4.9.3/armv6-m/crtbegin.o
 *(SORT(.fini_array.*))
                0x000054bc                __fini_array_end = .
                0x000054bc                . = ALIGN (0x4)
 *crtbegin.o(.ctors)
 *(EXCLUDE_FILE(*crtend.o) .ctors)
 *(SORT(.ctors.*))
 *crtend.o(.ctors)
                0x000054bc                . = ALIGN (0x4)
 *crtbegin.o(.dtors)
 *(EXCLUDE_FILE(*crtend.o) .dtors)
 *(SORT(.dtors.*))
 *crtend.o(.dtors)
                0x000054bc                . = ALIGN (0x4)
                0x000054bc                __cy_regions = .
                0x000054bc        0x4 LONG 0x54d0 __cy_region_init_ram
                0x000054c0        0x4 LONG 0x200000c8 __cy_region_start_data
                0x000054c4        0x4 LONG 0x80 __cy_region_init_size_ram
                0x000054c8        0x4 LONG 0x118 __cy_region_zero_size_ram
                0x000054cc                __cy_regions_end = .
                0x000054d0                . = ALIGN (0x8)
 *fill*         0x000054cc        0x4 
                0x000054d0                _etext = .

.cy_checksum_exclude
                0x000054d0        0x0
 *(.cy_checksum_exclude)

.ramvectors     0x20000000       0xc0
                0x20000000                __cy_region_start_ram = .
 *(.ramvectors)
 .ramvectors    0x20000000       0xc0 .\CortexM0\ARM_GCC_493\Release\Cm0Start.o
                0x20000000                CyRamVectors

.noinit         0x200000c0        0x4
 *(.noinit)
 .noinit        0x200000c0        0x4 .\CortexM0\ARM_GCC_493\Release\Cm0Start.o

.data           0x200000c8       0x80 load address 0x000054d0
                0x200000c8                __cy_region_start_data = .
 *(.jcr)
 .jcr           0x200000c8        0x0 c:/program files (x86)/cypress/psoc creator/3.3/psoc creator/import/gnu/arm/4.9.3/bin/../lib/gcc/arm-none-eabi/4.9.3/armv6-m/crtbegin.o
 .jcr           0x200000c8        0x4 c:/program files (x86)/cypress/psoc creator/3.3/psoc creator/import/gnu/arm/4.9.3/bin/../lib/gcc/arm-none-eabi/4.9.3/armv6-m/crtend.o
 *(.got.plt)
 *(.got)
 *(.shdata)
 *(.data .data.* .gnu.linkonce.d.*)
 .data          0x200000cc       0x28 .\CortexM0\ARM_GCC_493\Release\TemperatureCommManager.o
 .data          0x200000f4       0x20 .\CortexM0\ARM_GCC_493\Release\BrightnessCommManager.o
 .data          0x20000114       0x20 .\CortexM0\ARM_GCC_493\Release\DriverControl.o
 .data          0x20000134       0x10 .\CortexM0\ARM_GCC_493\Release\81-00022-01.a(CyLib.o)
                0x20000134                cydelayFreqHz
                0x20000138                cydelayFreqKhz
                0x2000013c                cydelayFreqMhz
                0x20000140                cydelay32kMs
 .data          0x20000144        0x4 .\CortexM0\ARM_GCC_493\Release\81-00022-01.a(CyLFClk.o)
                0x20000148                . = ALIGN (0x8)
 *(.ram)
                0x20000148                _edata = .

.igot.plt       0x20000148        0x0 load address 0x00005550
 .igot.plt      0x00000000        0x0 c:/program files (x86)/cypress/psoc creator/3.3/psoc creator/import/gnu/arm/4.9.3/bin/../lib/gcc/arm-none-eabi/4.9.3/armv6-m/crtbegin.o

.bss            0x20000148      0x118 load address 0x00005550
                0x20000148                PROVIDE (__bss_start__, .)
 *(.shbss)
 *(.bss .bss.* .gnu.linkonce.b.*)
 .bss           0x20000148       0x1c c:/program files (x86)/cypress/psoc creator/3.3/psoc creator/import/gnu/arm/4.9.3/bin/../lib/gcc/arm-none-eabi/4.9.3/armv6-m/crtbegin.o
 .bss           0x20000164        0xc .\CortexM0\ARM_GCC_493\Release\main.o
 .bss           0x20000170       0x7c .\CortexM0\ARM_GCC_493\Release\TemperatureCommManager.o
                0x200001b9                bReadyToSendNextBrightnessTimeoutPacket
                0x200001ba                readyToSendThresholdCounter
                0x200001bb                sendTempPacketBack
 .bss           0x200001ec       0x2c .\CortexM0\ARM_GCC_493\Release\BrightnessCommManager.o
                0x200001ed                bCommunicationTimeOut
                0x200001f0                timeOutCounter
                0x200001f2                bIsCommunicationTrigger
 .bss           0x20000218        0x1 .\CortexM0\ARM_GCC_493\Release\DriverControl.o
 .bss           0x20000219        0x1 .\CortexM0\ARM_GCC_493\Release\81-00022-01.a(ADC_SAR_Seq.o)
                0x20000219                ADC_SAR_Seq_initVar
 *fill*         0x2000021a        0x2 
 .bss           0x2000021c       0x1c .\CortexM0\ARM_GCC_493\Release\81-00022-01.a(CyLFClk.o)
 .bss           0x20000238        0x1 .\CortexM0\ARM_GCC_493\Release\81-00022-01.a(TimeoutTimer.o)
                0x20000238                TimeoutTimer_initVar
 .bss           0x20000239        0x1 .\CortexM0\ARM_GCC_493\Release\81-00022-01.a(SamplingTimer.o)
                0x20000239                SamplingTimer_initVar
 .bss           0x2000023a        0x2 .\CortexM0\ARM_GCC_493\Release\81-00022-01.a(UART_LED.o)
                0x2000023a                UART_LED_initVar
 .bss           0x2000023c        0x1 .\CortexM0\ARM_GCC_493\Release\81-00022-01.a(UART_Temperature.o)
                0x2000023c                UART_Temperature_initVar
 .bss           0x2000023d        0x1 .\CortexM0\ARM_GCC_493\Release\81-00022-01.a(PWM.o)
                0x2000023d                PWM_initVar
 .bss           0x2000023e        0x1 .\CortexM0\ARM_GCC_493\Release\81-00022-01.a(AckTimer.o)
                0x2000023e                AckTimer_initVar
 .bss           0x2000023f        0x1 .\CortexM0\ARM_GCC_493\Release\81-00022-01.a(LED_Timer.o)
                0x2000023f                LED_Timer_initVar
 .bss           0x20000240        0x4 .\CortexM0\ARM_GCC_493\Release\81-00022-01.a(CyFlash.o)
 *(COMMON)
 COMMON         0x20000244       0x18 .\CortexM0\ARM_GCC_493\Release\81-00022-01.a(ADC_SAR_Seq.o)
                0x20000244                ADC_SAR_Seq_countsPer10Volt
                0x20000254                ADC_SAR_Seq_offset
                0x20000260                . = ALIGN (0x8)
 *fill*         0x2000025c        0x4 
 *(.ram.b)
                0x20000260                _end = .
                0x20000260                __end = .
                0x20000260                PROVIDE (end, .)
                0x20000260                PROVIDE (__bss_end__, .)
                0x000054d0                __cy_region_init_ram = LOADADDR (.data)
                0x00000080                __cy_region_init_size_ram = (_edata - ADDR (.data))
                0x00000118                __cy_region_zero_size_ram = (_end - _edata)

.heap           0x20000260       0x80 load address 0x00005550
                0x20000260                . = _end
                0x200002e0                . = (. + 0x80)
 *fill*         0x20000260       0x80 
                0x200002e0                __cy_heap_limit = .

.stack          0x20000c00      0x400
                0x20000c00                __cy_stack_limit = .
                0x20001000                . = (. + 0x400)
 *fill*         0x20000c00      0x400 
                0x00000001                ASSERT ((__cy_stack_limit >= __cy_heap_limit), region RAM overflowed with stack)
                0x00000000                cy_checksum_exclude_size = (CY_APPL_LOADABLE == 0x1)?SIZEOF (.cy_checksum_exclude):0x0
                0x00000001                ASSERT ((cy_checksum_exclude_size <= CY_CHECKSUM_EXCLUDE_SIZE), CY_BOOT: Section .cy_checksum_exclude size exceedes specified limit.)
                0x00007fc0                cyloadermeta_start = (cy_project_type_bootloader || cy_project_type_app_for_stack_and_copier)?(0x8000 - CY_METADATA_SIZE):0xf0000000

.cyloadermeta
 *(.cyloadermeta)
                0x00007fc0                cyloadablemeta_start = cy_project_type_app_for_stack_and_copier?((0x8000 - CY_FLASH_ROW_SIZE) - CY_METADATA_SIZE):((0x8000 - (CY_FLASH_ROW_SIZE * (CY_APPL_NUM - 0x1))) - CY_METADATA_SIZE)

.cyloadablemeta
 *(.cyloadablemeta)

.cyflashprotect
                0x90400000       0x20
 *(.cyflashprotect)
 .cyflashprotect
                0x90400000       0x20 .\CortexM0\ARM_GCC_493\Release\cymetadata.o
                0x90400000                cy_meta_flashprotect

.cymeta         0x90500000        0xc
 *(.cymeta)
 .cymeta        0x90500000        0xc .\CortexM0\ARM_GCC_493\Release\cymetadata.o
                0x90500000                cy_metadata

.cychipprotect  0x90600000        0x4
 *(.cychipprotect)
 .cychipprotect
                0x90600000        0x4 .\CortexM0\ARM_GCC_493\Release\cymetadata.o
                0x90600000                cy_meta_chipprotect

.rel.dyn        0x00005550        0x0 load address 0x90600004
 .rel.iplt      0x00000000        0x0 c:/program files (x86)/cypress/psoc creator/3.3/psoc creator/import/gnu/arm/4.9.3/bin/../lib/gcc/arm-none-eabi/4.9.3/armv6-m/crtbegin.o

.stab
 *(.stab)

.stabstr
 *(.stabstr)

.debug
 *(.debug)

.line
 *(.line)

.debug_srcinfo
 *(.debug_srcinfo)

.debug_sfnames
 *(.debug_sfnames)

.debug_aranges  0x00000000     0x1368
 *(.debug_aranges)
 .debug_aranges
                0x00000000       0x40 .\CortexM0\ARM_GCC_493\Release\main.o
 .debug_aranges
                0x00000040       0x78 .\CortexM0\ARM_GCC_493\Release\TemperatureCommManager.o
 .debug_aranges
                0x000000b8       0xa0 .\CortexM0\ARM_GCC_493\Release\BrightnessCommManager.o
 .debug_aranges
                0x00000158       0x88 .\CortexM0\ARM_GCC_493\Release\DriverControl.o
 .debug_aranges
                0x000001e0       0x18 .\CortexM0\ARM_GCC_493\Release\cymetadata.o
 .debug_aranges
                0x000001f8       0x48 .\CortexM0\ARM_GCC_493\Release\Cm0Start.o
 .debug_aranges
                0x00000240       0x58 .\CortexM0\ARM_GCC_493\Release\81-00022-01.a(cyfitter_cfg.o)
 .debug_aranges
                0x00000298       0xb0 .\CortexM0\ARM_GCC_493\Release\81-00022-01.a(ADC_SAR_Seq.o)
 .debug_aranges
                0x00000348       0x20 .\CortexM0\ARM_GCC_493\Release\81-00022-01.a(ADC_SAR_Seq_INT.o)
 .debug_aranges
                0x00000368       0x48 .\CortexM0\ARM_GCC_493\Release\81-00022-01.a(UART_Rx.o)
 .debug_aranges
                0x000003b0      0x178 .\CortexM0\ARM_GCC_493\Release\81-00022-01.a(CyLib.o)
 .debug_aranges
                0x00000528       0x58 .\CortexM0\ARM_GCC_493\Release\81-00022-01.a(cyPm.o)
 .debug_aranges
                0x00000580      0x120 .\CortexM0\ARM_GCC_493\Release\81-00022-01.a(CyLFClk.o)
 .debug_aranges
                0x000006a0      0x158 .\CortexM0\ARM_GCC_493\Release\81-00022-01.a(TimeoutTimer.o)
 .debug_aranges
                0x000007f8       0x80 .\CortexM0\ARM_GCC_493\Release\81-00022-01.a(CommTimeoutISR.o)
 .debug_aranges
                0x00000878       0x80 .\CortexM0\ARM_GCC_493\Release\81-00022-01.a(SamplingTimerISR.o)
 .debug_aranges
                0x000008f8      0x158 .\CortexM0\ARM_GCC_493\Release\81-00022-01.a(SamplingTimer.o)
 .debug_aranges
                0x00000a50       0x80 .\CortexM0\ARM_GCC_493\Release\81-00022-01.a(UART_LED_ISR.o)
 .debug_aranges
                0x00000ad0       0x80 .\CortexM0\ARM_GCC_493\Release\81-00022-01.a(UART_Temp_ISR.o)
 .debug_aranges
                0x00000b50       0xf0 .\CortexM0\ARM_GCC_493\Release\81-00022-01.a(UART_LED.o)
 .debug_aranges
                0x00000c40       0x68 .\CortexM0\ARM_GCC_493\Release\81-00022-01.a(UART_Temperature.o)
 .debug_aranges
                0x00000ca8       0x60 .\CortexM0\ARM_GCC_493\Release\81-00022-01.a(UART_Temperature_SPI_UART.o)
 .debug_aranges
                0x00000d08       0x60 .\CortexM0\ARM_GCC_493\Release\81-00022-01.a(UART_Temperature_UART.o)
 .debug_aranges
                0x00000d68       0x28 .\CortexM0\ARM_GCC_493\Release\81-00022-01.a(UART_LED_Control.o)
 .debug_aranges
                0x00000d90       0x40 .\CortexM0\ARM_GCC_493\Release\81-00022-01.a(UART_LED_IntClock.o)
 .debug_aranges
                0x00000dd0       0x98 .\CortexM0\ARM_GCC_493\Release\81-00022-01.a(PWM.o)
 .debug_aranges
                0x00000e68       0x28 .\CortexM0\ARM_GCC_493\Release\81-00022-01.a(PWM_Enable.o)
 .debug_aranges
                0x00000e90       0x20 .\CortexM0\ARM_GCC_493\Release\81-00022-01.a(DieTemp.o)
 .debug_aranges
                0x00000eb0       0x80 .\CortexM0\ARM_GCC_493\Release\81-00022-01.a(LED_ISR.o)
 .debug_aranges
                0x00000f30       0x80 .\CortexM0\ARM_GCC_493\Release\81-00022-01.a(AckTimeoutISR.o)
 .debug_aranges
                0x00000fb0      0x158 .\CortexM0\ARM_GCC_493\Release\81-00022-01.a(AckTimer.o)
 .debug_aranges
                0x00001108       0x80 .\CortexM0\ARM_GCC_493\Release\81-00022-01.a(WakeupISR.o)
 .debug_aranges
                0x00001188      0x158 .\CortexM0\ARM_GCC_493\Release\81-00022-01.a(LED_Timer.o)
 .debug_aranges
                0x000012e0       0x30 .\CortexM0\ARM_GCC_493\Release\81-00022-01.a(EmEEPROM.o)
 .debug_aranges
                0x00001310       0x20 .\CortexM0\ARM_GCC_493\Release\81-00022-01.a(CyBootAsmGnu.o)
 .debug_aranges
                0x00001330       0x38 .\CortexM0\ARM_GCC_493\Release\81-00022-01.a(CyFlash.o)

.debug_pubnames
 *(.debug_pubnames)

.debug_info     0x00000000     0x7528
 *(.debug_info .gnu.linkonce.wi.*)
 .debug_info    0x00000000      0x186 .\CortexM0\ARM_GCC_493\Release\main.o
 .debug_info    0x00000186      0x54a .\CortexM0\ARM_GCC_493\Release\TemperatureCommManager.o
 .debug_info    0x000006d0      0x5bd .\CortexM0\ARM_GCC_493\Release\BrightnessCommManager.o
 .debug_info    0x00000c8d      0x505 .\CortexM0\ARM_GCC_493\Release\DriverControl.o
 .debug_info    0x00001192       0xfe .\CortexM0\ARM_GCC_493\Release\cymetadata.o
 .debug_info    0x00001290      0x302 .\CortexM0\ARM_GCC_493\Release\Cm0Start.o
 .debug_info    0x00001592      0x46c .\CortexM0\ARM_GCC_493\Release\81-00022-01.a(cyfitter_cfg.o)
 .debug_info    0x000019fe      0x4b3 .\CortexM0\ARM_GCC_493\Release\81-00022-01.a(ADC_SAR_Seq.o)
 .debug_info    0x00001eb1       0xc5 .\CortexM0\ARM_GCC_493\Release\81-00022-01.a(ADC_SAR_Seq_INT.o)
 .debug_info    0x00001f76      0x19a .\CortexM0\ARM_GCC_493\Release\81-00022-01.a(UART_Rx.o)
 .debug_info    0x00002110      0x8ac .\CortexM0\ARM_GCC_493\Release\81-00022-01.a(CyLib.o)
 .debug_info    0x000029bc      0x200 .\CortexM0\ARM_GCC_493\Release\81-00022-01.a(cyPm.o)
 .debug_info    0x00002bbc      0x748 .\CortexM0\ARM_GCC_493\Release\81-00022-01.a(CyLFClk.o)
 .debug_info    0x00003304      0x6f4 .\CortexM0\ARM_GCC_493\Release\81-00022-01.a(TimeoutTimer.o)
 .debug_info    0x000039f8      0x247 .\CortexM0\ARM_GCC_493\Release\81-00022-01.a(CommTimeoutISR.o)
 .debug_info    0x00003c3f      0x248 .\CortexM0\ARM_GCC_493\Release\81-00022-01.a(SamplingTimerISR.o)
 .debug_info    0x00003e87      0x6f4 .\CortexM0\ARM_GCC_493\Release\81-00022-01.a(SamplingTimer.o)
 .debug_info    0x0000457b      0x247 .\CortexM0\ARM_GCC_493\Release\81-00022-01.a(UART_LED_ISR.o)
 .debug_info    0x000047c2      0x247 .\CortexM0\ARM_GCC_493\Release\81-00022-01.a(UART_Temp_ISR.o)
 .debug_info    0x00004a09      0x503 .\CortexM0\ARM_GCC_493\Release\81-00022-01.a(UART_LED.o)
 .debug_info    0x00004f0c      0x1b8 .\CortexM0\ARM_GCC_493\Release\81-00022-01.a(UART_Temperature.o)
 .debug_info    0x000050c4      0x20f .\CortexM0\ARM_GCC_493\Release\81-00022-01.a(UART_Temperature_SPI_UART.o)
 .debug_info    0x000052d3      0x215 .\CortexM0\ARM_GCC_493\Release\81-00022-01.a(UART_Temperature_UART.o)
 .debug_info    0x000054e8       0xd7 .\CortexM0\ARM_GCC_493\Release\81-00022-01.a(UART_LED_Control.o)
 .debug_info    0x000055bf      0x150 .\CortexM0\ARM_GCC_493\Release\81-00022-01.a(UART_LED_IntClock.o)
 .debug_info    0x0000570f      0x283 .\CortexM0\ARM_GCC_493\Release\81-00022-01.a(PWM.o)
 .debug_info    0x00005992       0xd7 .\CortexM0\ARM_GCC_493\Release\81-00022-01.a(PWM_Enable.o)
 .debug_info    0x00005a69      0x127 .\CortexM0\ARM_GCC_493\Release\81-00022-01.a(DieTemp.o)
 .debug_info    0x00005b90      0x247 .\CortexM0\ARM_GCC_493\Release\81-00022-01.a(LED_ISR.o)
 .debug_info    0x00005dd7      0x247 .\CortexM0\ARM_GCC_493\Release\81-00022-01.a(AckTimeoutISR.o)
 .debug_info    0x0000601e      0x6f4 .\CortexM0\ARM_GCC_493\Release\81-00022-01.a(AckTimer.o)
 .debug_info    0x00006712      0x247 .\CortexM0\ARM_GCC_493\Release\81-00022-01.a(WakeupISR.o)
 .debug_info    0x00006959      0x6f4 .\CortexM0\ARM_GCC_493\Release\81-00022-01.a(LED_Timer.o)
 .debug_info    0x0000704d      0x1ad .\CortexM0\ARM_GCC_493\Release\81-00022-01.a(EmEEPROM.o)
 .debug_info    0x000071fa       0xaf .\CortexM0\ARM_GCC_493\Release\81-00022-01.a(CyBootAsmGnu.o)
 .debug_info    0x000072a9      0x27f .\CortexM0\ARM_GCC_493\Release\81-00022-01.a(CyFlash.o)

.debug_abbrev   0x00000000     0x2767
 *(.debug_abbrev)
 .debug_abbrev  0x00000000       0xca .\CortexM0\ARM_GCC_493\Release\main.o
 .debug_abbrev  0x000000ca      0x1c3 .\CortexM0\ARM_GCC_493\Release\TemperatureCommManager.o
 .debug_abbrev  0x0000028d      0x1b4 .\CortexM0\ARM_GCC_493\Release\BrightnessCommManager.o
 .debug_abbrev  0x00000441      0x1cb .\CortexM0\ARM_GCC_493\Release\DriverControl.o
 .debug_abbrev  0x0000060c       0x5d .\CortexM0\ARM_GCC_493\Release\cymetadata.o
 .debug_abbrev  0x00000669      0x17c .\CortexM0\ARM_GCC_493\Release\Cm0Start.o
 .debug_abbrev  0x000007e5      0x1d6 .\CortexM0\ARM_GCC_493\Release\81-00022-01.a(cyfitter_cfg.o)
 .debug_abbrev  0x000009bb      0x149 .\CortexM0\ARM_GCC_493\Release\81-00022-01.a(ADC_SAR_Seq.o)
 .debug_abbrev  0x00000b04       0x65 .\CortexM0\ARM_GCC_493\Release\81-00022-01.a(ADC_SAR_Seq_INT.o)
 .debug_abbrev  0x00000b69       0xaa .\CortexM0\ARM_GCC_493\Release\81-00022-01.a(UART_Rx.o)
 .debug_abbrev  0x00000c13      0x1a7 .\CortexM0\ARM_GCC_493\Release\81-00022-01.a(CyLib.o)
 .debug_abbrev  0x00000dba       0xeb .\CortexM0\ARM_GCC_493\Release\81-00022-01.a(cyPm.o)
 .debug_abbrev  0x00000ea5      0x1c9 .\CortexM0\ARM_GCC_493\Release\81-00022-01.a(CyLFClk.o)
 .debug_abbrev  0x0000106e       0xfc .\CortexM0\ARM_GCC_493\Release\81-00022-01.a(TimeoutTimer.o)
 .debug_abbrev  0x0000116a      0x152 .\CortexM0\ARM_GCC_493\Release\81-00022-01.a(CommTimeoutISR.o)
 .debug_abbrev  0x000012bc      0x143 .\CortexM0\ARM_GCC_493\Release\81-00022-01.a(SamplingTimerISR.o)
 .debug_abbrev  0x000013ff       0xfc .\CortexM0\ARM_GCC_493\Release\81-00022-01.a(SamplingTimer.o)
 .debug_abbrev  0x000014fb      0x152 .\CortexM0\ARM_GCC_493\Release\81-00022-01.a(UART_LED_ISR.o)
 .debug_abbrev  0x0000164d      0x152 .\CortexM0\ARM_GCC_493\Release\81-00022-01.a(UART_Temp_ISR.o)
 .debug_abbrev  0x0000179f      0x163 .\CortexM0\ARM_GCC_493\Release\81-00022-01.a(UART_LED.o)
 .debug_abbrev  0x00001902       0xe3 .\CortexM0\ARM_GCC_493\Release\81-00022-01.a(UART_Temperature.o)
 .debug_abbrev  0x000019e5      0x14f .\CortexM0\ARM_GCC_493\Release\81-00022-01.a(UART_Temperature_SPI_UART.o)
 .debug_abbrev  0x00001b34      0x104 .\CortexM0\ARM_GCC_493\Release\81-00022-01.a(UART_Temperature_UART.o)
 .debug_abbrev  0x00001c38       0x81 .\CortexM0\ARM_GCC_493\Release\81-00022-01.a(UART_LED_Control.o)
 .debug_abbrev  0x00001cb9       0xa8 .\CortexM0\ARM_GCC_493\Release\81-00022-01.a(UART_LED_IntClock.o)
 .debug_abbrev  0x00001d61      0x12e .\CortexM0\ARM_GCC_493\Release\81-00022-01.a(PWM.o)
 .debug_abbrev  0x00001e8f       0x81 .\CortexM0\ARM_GCC_493\Release\81-00022-01.a(PWM_Enable.o)
 .debug_abbrev  0x00001f10       0x76 .\CortexM0\ARM_GCC_493\Release\81-00022-01.a(DieTemp.o)
 .debug_abbrev  0x00001f86      0x152 .\CortexM0\ARM_GCC_493\Release\81-00022-01.a(LED_ISR.o)
 .debug_abbrev  0x000020d8      0x152 .\CortexM0\ARM_GCC_493\Release\81-00022-01.a(AckTimeoutISR.o)
 .debug_abbrev  0x0000222a       0xfc .\CortexM0\ARM_GCC_493\Release\81-00022-01.a(AckTimer.o)
 .debug_abbrev  0x00002326      0x152 .\CortexM0\ARM_GCC_493\Release\81-00022-01.a(WakeupISR.o)
 .debug_abbrev  0x00002478       0xfc .\CortexM0\ARM_GCC_493\Release\81-00022-01.a(LED_Timer.o)
 .debug_abbrev  0x00002574       0xbf .\CortexM0\ARM_GCC_493\Release\81-00022-01.a(EmEEPROM.o)
 .debug_abbrev  0x00002633       0x14 .\CortexM0\ARM_GCC_493\Release\81-00022-01.a(CyBootAsmGnu.o)
 .debug_abbrev  0x00002647      0x120 .\CortexM0\ARM_GCC_493\Release\81-00022-01.a(CyFlash.o)

.debug_line     0x00000000     0x3e8c
 *(.debug_line)
 .debug_line    0x00000000       0xe1 .\CortexM0\ARM_GCC_493\Release\main.o
 .debug_line    0x000000e1      0x256 .\CortexM0\ARM_GCC_493\Release\TemperatureCommManager.o
 .debug_line    0x00000337      0x300 .\CortexM0\ARM_GCC_493\Release\BrightnessCommManager.o
 .debug_line    0x00000637      0x262 .\CortexM0\ARM_GCC_493\Release\DriverControl.o
 .debug_line    0x00000899       0x53 .\CortexM0\ARM_GCC_493\Release\cymetadata.o
 .debug_line    0x000008ec      0x1c9 .\CortexM0\ARM_GCC_493\Release\Cm0Start.o
 .debug_line    0x00000ab5      0x1f3 .\CortexM0\ARM_GCC_493\Release\81-00022-01.a(cyfitter_cfg.o)
 .debug_line    0x00000ca8      0x29c .\CortexM0\ARM_GCC_493\Release\81-00022-01.a(ADC_SAR_Seq.o)
 .debug_line    0x00000f44       0x6c .\CortexM0\ARM_GCC_493\Release\81-00022-01.a(ADC_SAR_Seq_INT.o)
 .debug_line    0x00000fb0       0xc1 .\CortexM0\ARM_GCC_493\Release\81-00022-01.a(UART_Rx.o)
 .debug_line    0x00001071      0x421 .\CortexM0\ARM_GCC_493\Release\81-00022-01.a(CyLib.o)
 .debug_line    0x00001492      0x126 .\CortexM0\ARM_GCC_493\Release\81-00022-01.a(cyPm.o)
 .debug_line    0x000015b8      0x3c0 .\CortexM0\ARM_GCC_493\Release\81-00022-01.a(CyLFClk.o)
 .debug_line    0x00001978      0x377 .\CortexM0\ARM_GCC_493\Release\81-00022-01.a(TimeoutTimer.o)
 .debug_line    0x00001cef      0x175 .\CortexM0\ARM_GCC_493\Release\81-00022-01.a(CommTimeoutISR.o)
 .debug_line    0x00001e64      0x179 .\CortexM0\ARM_GCC_493\Release\81-00022-01.a(SamplingTimerISR.o)
 .debug_line    0x00001fdd      0x378 .\CortexM0\ARM_GCC_493\Release\81-00022-01.a(SamplingTimer.o)
 .debug_line    0x00002355      0x173 .\CortexM0\ARM_GCC_493\Release\81-00022-01.a(UART_LED_ISR.o)
 .debug_line    0x000024c8      0x174 .\CortexM0\ARM_GCC_493\Release\81-00022-01.a(UART_Temp_ISR.o)
 .debug_line    0x0000263c      0x2e8 .\CortexM0\ARM_GCC_493\Release\81-00022-01.a(UART_LED.o)
 .debug_line    0x00002924      0x149 .\CortexM0\ARM_GCC_493\Release\81-00022-01.a(UART_Temperature.o)
 .debug_line    0x00002a6d      0x148 .\CortexM0\ARM_GCC_493\Release\81-00022-01.a(UART_Temperature_SPI_UART.o)
 .debug_line    0x00002bb5      0x14f .\CortexM0\ARM_GCC_493\Release\81-00022-01.a(UART_Temperature_UART.o)
 .debug_line    0x00002d04       0x7b .\CortexM0\ARM_GCC_493\Release\81-00022-01.a(UART_LED_Control.o)
 .debug_line    0x00002d7f       0xd1 .\CortexM0\ARM_GCC_493\Release\81-00022-01.a(UART_LED_IntClock.o)
 .debug_line    0x00002e50      0x186 .\CortexM0\ARM_GCC_493\Release\81-00022-01.a(PWM.o)
 .debug_line    0x00002fd6       0x75 .\CortexM0\ARM_GCC_493\Release\81-00022-01.a(PWM_Enable.o)
 .debug_line    0x0000304b       0x6e .\CortexM0\ARM_GCC_493\Release\81-00022-01.a(DieTemp.o)
 .debug_line    0x000030b9      0x16e .\CortexM0\ARM_GCC_493\Release\81-00022-01.a(LED_ISR.o)
 .debug_line    0x00003227      0x164 .\CortexM0\ARM_GCC_493\Release\81-00022-01.a(AckTimeoutISR.o)
 .debug_line    0x0000338b      0x373 .\CortexM0\ARM_GCC_493\Release\81-00022-01.a(AckTimer.o)
 .debug_line    0x000036fe      0x170 .\CortexM0\ARM_GCC_493\Release\81-00022-01.a(WakeupISR.o)
 .debug_line    0x0000386e      0x374 .\CortexM0\ARM_GCC_493\Release\81-00022-01.a(LED_Timer.o)
 .debug_line    0x00003be2       0xca .\CortexM0\ARM_GCC_493\Release\81-00022-01.a(EmEEPROM.o)
 .debug_line    0x00003cac       0x69 .\CortexM0\ARM_GCC_493\Release\81-00022-01.a(CyBootAsmGnu.o)
 .debug_line    0x00003d15      0x177 .\CortexM0\ARM_GCC_493\Release\81-00022-01.a(CyFlash.o)

.debug_frame    0x00000000     0x441c
 *(.debug_frame)
 .debug_frame   0x00000000       0x9c .\CortexM0\ARM_GCC_493\Release\main.o
 .debug_frame   0x0000009c      0x188 .\CortexM0\ARM_GCC_493\Release\TemperatureCommManager.o
 .debug_frame   0x00000224      0x224 .\CortexM0\ARM_GCC_493\Release\BrightnessCommManager.o
 .debug_frame   0x00000448      0x1c0 .\CortexM0\ARM_GCC_493\Release\DriverControl.o
 .debug_frame   0x00000608       0xc8 .\CortexM0\ARM_GCC_493\Release\Cm0Start.o
 .debug_frame   0x000006d0      0x108 .\CortexM0\ARM_GCC_493\Release\81-00022-01.a(cyfitter_cfg.o)
 .debug_frame   0x000007d8      0x264 .\CortexM0\ARM_GCC_493\Release\81-00022-01.a(ADC_SAR_Seq.o)
 .debug_frame   0x00000a3c       0x30 .\CortexM0\ARM_GCC_493\Release\81-00022-01.a(ADC_SAR_Seq_INT.o)
 .debug_frame   0x00000a6c       0xc8 .\CortexM0\ARM_GCC_493\Release\81-00022-01.a(UART_Rx.o)
 .debug_frame   0x00000b34      0x568 .\CortexM0\ARM_GCC_493\Release\81-00022-01.a(CyLib.o)
 .debug_frame   0x0000109c      0x124 .\CortexM0\ARM_GCC_493\Release\81-00022-01.a(cyPm.o)
 .debug_frame   0x000011c0      0x424 .\CortexM0\ARM_GCC_493\Release\81-00022-01.a(CyLFClk.o)
 .debug_frame   0x000015e4      0x52c .\CortexM0\ARM_GCC_493\Release\81-00022-01.a(TimeoutTimer.o)
 .debug_frame   0x00001b10      0x190 .\CortexM0\ARM_GCC_493\Release\81-00022-01.a(CommTimeoutISR.o)
 .debug_frame   0x00001ca0      0x190 .\CortexM0\ARM_GCC_493\Release\81-00022-01.a(SamplingTimerISR.o)
 .debug_frame   0x00001e30      0x52c .\CortexM0\ARM_GCC_493\Release\81-00022-01.a(SamplingTimer.o)
 .debug_frame   0x0000235c      0x190 .\CortexM0\ARM_GCC_493\Release\81-00022-01.a(UART_LED_ISR.o)
 .debug_frame   0x000024ec      0x190 .\CortexM0\ARM_GCC_493\Release\81-00022-01.a(UART_Temp_ISR.o)
 .debug_frame   0x0000267c      0x374 .\CortexM0\ARM_GCC_493\Release\81-00022-01.a(UART_LED.o)
 .debug_frame   0x000029f0      0x130 .\CortexM0\ARM_GCC_493\Release\81-00022-01.a(UART_Temperature.o)
 .debug_frame   0x00002b20      0x128 .\CortexM0\ARM_GCC_493\Release\81-00022-01.a(UART_Temperature_SPI_UART.o)
 .debug_frame   0x00002c48      0x124 .\CortexM0\ARM_GCC_493\Release\81-00022-01.a(UART_Temperature_UART.o)
 .debug_frame   0x00002d6c       0x4c .\CortexM0\ARM_GCC_493\Release\81-00022-01.a(UART_LED_Control.o)
 .debug_frame   0x00002db8       0xa0 .\CortexM0\ARM_GCC_493\Release\81-00022-01.a(UART_LED_IntClock.o)
 .debug_frame   0x00002e58      0x1f0 .\CortexM0\ARM_GCC_493\Release\81-00022-01.a(PWM.o)
 .debug_frame   0x00003048       0x4c .\CortexM0\ARM_GCC_493\Release\81-00022-01.a(PWM_Enable.o)
 .debug_frame   0x00003094       0x30 .\CortexM0\ARM_GCC_493\Release\81-00022-01.a(DieTemp.o)
 .debug_frame   0x000030c4      0x190 .\CortexM0\ARM_GCC_493\Release\81-00022-01.a(LED_ISR.o)
 .debug_frame   0x00003254      0x190 .\CortexM0\ARM_GCC_493\Release\81-00022-01.a(AckTimeoutISR.o)
 .debug_frame   0x000033e4      0x52c .\CortexM0\ARM_GCC_493\Release\81-00022-01.a(AckTimer.o)
 .debug_frame   0x00003910      0x190 .\CortexM0\ARM_GCC_493\Release\81-00022-01.a(WakeupISR.o)
 .debug_frame   0x00003aa0      0x52c .\CortexM0\ARM_GCC_493\Release\81-00022-01.a(LED_Timer.o)
 .debug_frame   0x00003fcc       0x68 .\CortexM0\ARM_GCC_493\Release\81-00022-01.a(EmEEPROM.o)
 .debug_frame   0x00004034       0x98 .\CortexM0\ARM_GCC_493\Release\81-00022-01.a(CyFlash.o)
 .debug_frame   0x000040cc       0x20 c:/program files (x86)/cypress/psoc creator/3.3/psoc creator/import/gnu/arm/4.9.3/bin/../lib/gcc/arm-none-eabi/4.9.3/armv6-m\libgcc.a(_udivsi3.o)
 .debug_frame   0x000040ec       0x20 c:/program files (x86)/cypress/psoc creator/3.3/psoc creator/import/gnu/arm/4.9.3/bin/../lib/gcc/arm-none-eabi/4.9.3/armv6-m\libgcc.a(_divsi3.o)
 .debug_frame   0x0000410c       0x34 c:/program files (x86)/cypress/psoc creator/3.3/psoc creator/import/gnu/arm/4.9.3/bin/../lib/gcc/arm-none-eabi/4.9.3/armv6-m\libgcc.a(_muldi3.o)
 .debug_frame   0x00004140       0x50 c:/program files (x86)/cypress/psoc creator/3.3/psoc creator/import/gnu/arm/4.9.3/bin/../lib/gcc/arm-none-eabi/4.9.3/armv6-m\libgcc.a(bpabi.o)
 .debug_frame   0x00004190       0x3c c:/program files (x86)/cypress/psoc creator/3.3/psoc creator/import/gnu/arm/4.9.3/bin/../lib/gcc/arm-none-eabi/4.9.3/armv6-m\libgcc.a(divsf3.o)
 .debug_frame   0x000041cc       0x3c c:/program files (x86)/cypress/psoc creator/3.3/psoc creator/import/gnu/arm/4.9.3/bin/../lib/gcc/arm-none-eabi/4.9.3/armv6-m\libgcc.a(mulsf3.o)
 .debug_frame   0x00004208       0x20 c:/program files (x86)/cypress/psoc creator/3.3/psoc creator/import/gnu/arm/4.9.3/bin/../lib/gcc/arm-none-eabi/4.9.3/armv6-m\libgcc.a(fixsfsi.o)
 .debug_frame   0x00004228       0x2c c:/program files (x86)/cypress/psoc creator/3.3/psoc creator/import/gnu/arm/4.9.3/bin/../lib/gcc/arm-none-eabi/4.9.3/armv6-m\libgcc.a(floatsisf.o)
 .debug_frame   0x00004254       0x3c c:/program files (x86)/cypress/psoc creator/3.3/psoc creator/import/gnu/arm/4.9.3/bin/../lib/gcc/arm-none-eabi/4.9.3/armv6-m\libgcc.a(divdf3.o)
 .debug_frame   0x00004290       0x2c c:/program files (x86)/cypress/psoc creator/3.3/psoc creator/import/gnu/arm/4.9.3/bin/../lib/gcc/arm-none-eabi/4.9.3/armv6-m\libgcc.a(extendsfdf2.o)
 .debug_frame   0x000042bc       0x2c c:/program files (x86)/cypress/psoc creator/3.3/psoc creator/import/gnu/arm/4.9.3/bin/../lib/gcc/arm-none-eabi/4.9.3/armv6-m\libgcc.a(truncdfsf2.o)
 .debug_frame   0x000042e8       0x3c c:/program files (x86)/cypress/psoc creator/3.3/psoc creator/import/gnu/arm/4.9.3/bin/../lib/gcc/arm-none-eabi/4.9.3/armv6-m\libgcc.a(_divdi3.o)
 .debug_frame   0x00004324       0x3c c:/program files (x86)/cypress/psoc creator/3.3/psoc creator/import/gnu/arm/4.9.3/bin/../lib/gcc/arm-none-eabi/4.9.3/armv6-m\libgcc.a(_udivdi3.o)
 .debug_frame   0x00004360       0x20 c:/program files (x86)/cypress/psoc creator/3.3/psoc creator/import/gnu/arm/4.9.3/bin/../lib/gcc/arm-none-eabi/4.9.3/../../../../arm-none-eabi/lib/armv6-m\libg_nano.a(lib_a-errno.o)
 .debug_frame   0x00004380       0x28 c:/program files (x86)/cypress/psoc creator/3.3/psoc creator/import/gnu/arm/4.9.3/bin/../lib/gcc/arm-none-eabi/4.9.3/../../../../arm-none-eabi/lib/armv6-m\libg_nano.a(lib_a-exit.o)
 .debug_frame   0x000043a8       0x2c c:/program files (x86)/cypress/psoc creator/3.3/psoc creator/import/gnu/arm/4.9.3/bin/../lib/gcc/arm-none-eabi/4.9.3/../../../../arm-none-eabi/lib/armv6-m\libg_nano.a(lib_a-init.o)
 .debug_frame   0x000043d4       0x28 c:/program files (x86)/cypress/psoc creator/3.3/psoc creator/import/gnu/arm/4.9.3/bin/../lib/gcc/arm-none-eabi/4.9.3/../../../../arm-none-eabi/lib/armv6-m\libg_nano.a(lib_a-memcpy.o)
 .debug_frame   0x000043fc       0x20 c:/program files (x86)/cypress/psoc creator/3.3/psoc creator/import/gnu/arm/4.9.3/bin/../lib/gcc/arm-none-eabi/4.9.3/../../../../arm-none-eabi/lib/armv6-m\libg_nano.a(lib_a-memset.o)

.debug_str      0x00000000     0x431a
 *(.debug_str)
 .debug_str     0x00000000      0x252 .\CortexM0\ARM_GCC_493\Release\main.o
                                0x291 (size before relaxing)
 .debug_str     0x00000252      0x39e .\CortexM0\ARM_GCC_493\Release\TemperatureCommManager.o
                                0x53d (size before relaxing)
 .debug_str     0x000005f0      0x32b .\CortexM0\ARM_GCC_493\Release\BrightnessCommManager.o
                                0x5b7 (size before relaxing)
 .debug_str     0x0000091b      0x38d .\CortexM0\ARM_GCC_493\Release\DriverControl.o
                                0x5c5 (size before relaxing)
 .debug_str     0x00000ca8       0x5b .\CortexM0\ARM_GCC_493\Release\cymetadata.o
                                0x1ed (size before relaxing)
 .debug_str     0x00000d03      0x128 .\CortexM0\ARM_GCC_493\Release\Cm0Start.o
                                0x2e1 (size before relaxing)
 .debug_str     0x00000e2b      0x16a .\CortexM0\ARM_GCC_493\Release\81-00022-01.a(cyfitter_cfg.o)
                                0x347 (size before relaxing)
 .debug_str     0x00000f95      0x2c8 .\CortexM0\ARM_GCC_493\Release\81-00022-01.a(ADC_SAR_Seq.o)
                                0x496 (size before relaxing)
 .debug_str     0x0000125d       0x47 .\CortexM0\ARM_GCC_493\Release\81-00022-01.a(ADC_SAR_Seq_INT.o)
                                0x1e0 (size before relaxing)
 .debug_str     0x000012a4       0xc0 .\CortexM0\ARM_GCC_493\Release\81-00022-01.a(UART_Rx.o)
                                0x263 (size before relaxing)
 .debug_str     0x00001364      0x493 .\CortexM0\ARM_GCC_493\Release\81-00022-01.a(CyLib.o)
                                0x66d (size before relaxing)
 .debug_str     0x000017f7       0xc8 .\CortexM0\ARM_GCC_493\Release\81-00022-01.a(cyPm.o)
                                0x284 (size before relaxing)
 .debug_str     0x000018bf      0x468 .\CortexM0\ARM_GCC_493\Release\81-00022-01.a(CyLFClk.o)
                                0x634 (size before relaxing)
 .debug_str     0x00001d27      0x50e .\CortexM0\ARM_GCC_493\Release\81-00022-01.a(TimeoutTimer.o)
                                0x6bd (size before relaxing)
 .debug_str     0x00002235      0x175 .\CortexM0\ARM_GCC_493\Release\81-00022-01.a(CommTimeoutISR.o)
                                0x34e (size before relaxing)
 .debug_str     0x000023aa      0x182 .\CortexM0\ARM_GCC_493\Release\81-00022-01.a(SamplingTimerISR.o)
                                0x36a (size before relaxing)
 .debug_str     0x0000252c      0x479 .\CortexM0\ARM_GCC_493\Release\81-00022-01.a(SamplingTimer.o)
                                0x6e7 (size before relaxing)
 .debug_str     0x000029a5      0x14a .\CortexM0\ARM_GCC_493\Release\81-00022-01.a(UART_LED_ISR.o)
                                0x332 (size before relaxing)
 .debug_str     0x00002aef      0x158 .\CortexM0\ARM_GCC_493\Release\81-00022-01.a(UART_Temp_ISR.o)
                                0x340 (size before relaxing)
 .debug_str     0x00002c47      0x2dd .\CortexM0\ARM_GCC_493\Release\81-00022-01.a(UART_LED.o)
                                0x4a8 (size before relaxing)
 .debug_str     0x00002f24      0x183 .\CortexM0\ARM_GCC_493\Release\81-00022-01.a(UART_Temperature.o)
                                0x322 (size before relaxing)
 .debug_str     0x000030a7      0x1a8 .\CortexM0\ARM_GCC_493\Release\81-00022-01.a(UART_Temperature_SPI_UART.o)
                                0x359 (size before relaxing)
 .debug_str     0x0000324f      0x162 .\CortexM0\ARM_GCC_493\Release\81-00022-01.a(UART_Temperature_UART.o)
                                0x32b (size before relaxing)
 .debug_str     0x000033b1       0x59 .\CortexM0\ARM_GCC_493\Release\81-00022-01.a(UART_LED_Control.o)
                                0x1ef (size before relaxing)
 .debug_str     0x0000340a      0x107 .\CortexM0\ARM_GCC_493\Release\81-00022-01.a(UART_LED_IntClock.o)
                                0x2a4 (size before relaxing)
 .debug_str     0x00003511      0x15c .\CortexM0\ARM_GCC_493\Release\81-00022-01.a(PWM.o)
                                0x311 (size before relaxing)
 .debug_str     0x0000366d       0x47 .\CortexM0\ARM_GCC_493\Release\81-00022-01.a(PWM_Enable.o)
                                0x1dd (size before relaxing)
 .debug_str     0x000036b4       0x6b .\CortexM0\ARM_GCC_493\Release\81-00022-01.a(DieTemp.o)
                                0x21a (size before relaxing)
 .debug_str     0x0000371f       0x23 .\CortexM0\ARM_GCC_493\Release\81-00022-01.a(LED_ISR.o)
                                0x2ec (size before relaxing)
 .debug_str     0x00003742      0x158 .\CortexM0\ARM_GCC_493\Release\81-00022-01.a(AckTimeoutISR.o)
                                0x340 (size before relaxing)
 .debug_str     0x0000389a      0x3a7 .\CortexM0\ARM_GCC_493\Release\81-00022-01.a(AckTimer.o)
                                0x615 (size before relaxing)
 .debug_str     0x00003c41      0x120 .\CortexM0\ARM_GCC_493\Release\81-00022-01.a(WakeupISR.o)
                                0x308 (size before relaxing)
 .debug_str     0x00003d61      0x3d1 .\CortexM0\ARM_GCC_493\Release\81-00022-01.a(LED_Timer.o)
                                0x63f (size before relaxing)
 .debug_str     0x00004132       0xaa .\CortexM0\ARM_GCC_493\Release\81-00022-01.a(EmEEPROM.o)
                                0x252 (size before relaxing)
 .debug_str     0x000041dc      0x13e .\CortexM0\ARM_GCC_493\Release\81-00022-01.a(CyFlash.o)
                                0x306 (size before relaxing)

.debug_loc
 *(.debug_loc)

.debug_macinfo
 *(.debug_macinfo)

.debug_ranges   0x00000000     0x1110
 *(.debug_ranges)
 .debug_ranges  0x00000000       0x30 .\CortexM0\ARM_GCC_493\Release\main.o
 .debug_ranges  0x00000030       0x68 .\CortexM0\ARM_GCC_493\Release\TemperatureCommManager.o
 .debug_ranges  0x00000098       0x90 .\CortexM0\ARM_GCC_493\Release\BrightnessCommManager.o
 .debug_ranges  0x00000128       0x78 .\CortexM0\ARM_GCC_493\Release\DriverControl.o
 .debug_ranges  0x000001a0       0x38 .\CortexM0\ARM_GCC_493\Release\Cm0Start.o
 .debug_ranges  0x000001d8       0x48 .\CortexM0\ARM_GCC_493\Release\81-00022-01.a(cyfitter_cfg.o)
 .debug_ranges  0x00000220       0xa0 .\CortexM0\ARM_GCC_493\Release\81-00022-01.a(ADC_SAR_Seq.o)
 .debug_ranges  0x000002c0       0x10 .\CortexM0\ARM_GCC_493\Release\81-00022-01.a(ADC_SAR_Seq_INT.o)
 .debug_ranges  0x000002d0       0x38 .\CortexM0\ARM_GCC_493\Release\81-00022-01.a(UART_Rx.o)
 .debug_ranges  0x00000308      0x168 .\CortexM0\ARM_GCC_493\Release\81-00022-01.a(CyLib.o)
 .debug_ranges  0x00000470       0x48 .\CortexM0\ARM_GCC_493\Release\81-00022-01.a(cyPm.o)
 .debug_ranges  0x000004b8      0x110 .\CortexM0\ARM_GCC_493\Release\81-00022-01.a(CyLFClk.o)
 .debug_ranges  0x000005c8      0x148 .\CortexM0\ARM_GCC_493\Release\81-00022-01.a(TimeoutTimer.o)
 .debug_ranges  0x00000710       0x70 .\CortexM0\ARM_GCC_493\Release\81-00022-01.a(CommTimeoutISR.o)
 .debug_ranges  0x00000780       0x70 .\CortexM0\ARM_GCC_493\Release\81-00022-01.a(SamplingTimerISR.o)
 .debug_ranges  0x000007f0      0x148 .\CortexM0\ARM_GCC_493\Release\81-00022-01.a(SamplingTimer.o)
 .debug_ranges  0x00000938       0x70 .\CortexM0\ARM_GCC_493\Release\81-00022-01.a(UART_LED_ISR.o)
 .debug_ranges  0x000009a8       0x70 .\CortexM0\ARM_GCC_493\Release\81-00022-01.a(UART_Temp_ISR.o)
 .debug_ranges  0x00000a18       0xe0 .\CortexM0\ARM_GCC_493\Release\81-00022-01.a(UART_LED.o)
 .debug_ranges  0x00000af8       0x58 .\CortexM0\ARM_GCC_493\Release\81-00022-01.a(UART_Temperature.o)
 .debug_ranges  0x00000b50       0x50 .\CortexM0\ARM_GCC_493\Release\81-00022-01.a(UART_Temperature_SPI_UART.o)
 .debug_ranges  0x00000ba0       0x50 .\CortexM0\ARM_GCC_493\Release\81-00022-01.a(UART_Temperature_UART.o)
 .debug_ranges  0x00000bf0       0x18 .\CortexM0\ARM_GCC_493\Release\81-00022-01.a(UART_LED_Control.o)
 .debug_ranges  0x00000c08       0x30 .\CortexM0\ARM_GCC_493\Release\81-00022-01.a(UART_LED_IntClock.o)
 .debug_ranges  0x00000c38       0x88 .\CortexM0\ARM_GCC_493\Release\81-00022-01.a(PWM.o)
 .debug_ranges  0x00000cc0       0x18 .\CortexM0\ARM_GCC_493\Release\81-00022-01.a(PWM_Enable.o)
 .debug_ranges  0x00000cd8       0x10 .\CortexM0\ARM_GCC_493\Release\81-00022-01.a(DieTemp.o)
 .debug_ranges  0x00000ce8       0x70 .\CortexM0\ARM_GCC_493\Release\81-00022-01.a(LED_ISR.o)
 .debug_ranges  0x00000d58       0x70 .\CortexM0\ARM_GCC_493\Release\81-00022-01.a(AckTimeoutISR.o)
 .debug_ranges  0x00000dc8      0x148 .\CortexM0\ARM_GCC_493\Release\81-00022-01.a(AckTimer.o)
 .debug_ranges  0x00000f10       0x70 .\CortexM0\ARM_GCC_493\Release\81-00022-01.a(WakeupISR.o)
 .debug_ranges  0x00000f80      0x148 .\CortexM0\ARM_GCC_493\Release\81-00022-01.a(LED_Timer.o)
 .debug_ranges  0x000010c8       0x20 .\CortexM0\ARM_GCC_493\Release\81-00022-01.a(EmEEPROM.o)
 .debug_ranges  0x000010e8       0x28 .\CortexM0\ARM_GCC_493\Release\81-00022-01.a(CyFlash.o)

.comment        0x00000000       0x70
 .comment       0x00000000       0x70 .\CortexM0\ARM_GCC_493\Release\main.o
                                 0x71 (size before relaxing)
 .comment       0x00000000       0x71 .\CortexM0\ARM_GCC_493\Release\TemperatureCommManager.o
 .comment       0x00000000       0x71 .\CortexM0\ARM_GCC_493\Release\BrightnessCommManager.o
 .comment       0x00000000       0x71 .\CortexM0\ARM_GCC_493\Release\DriverControl.o
 .comment       0x00000000       0x71 .\CortexM0\ARM_GCC_493\Release\cymetadata.o
 .comment       0x00000000       0x71 .\CortexM0\ARM_GCC_493\Release\Cm0Start.o
 .comment       0x00000000       0x71 .\CortexM0\ARM_GCC_493\Release\81-00022-01.a(cyfitter_cfg.o)
 .comment       0x00000000       0x71 .\CortexM0\ARM_GCC_493\Release\81-00022-01.a(ADC_SAR_Seq.o)
 .comment       0x00000000       0x71 .\CortexM0\ARM_GCC_493\Release\81-00022-01.a(ADC_SAR_Seq_INT.o)
 .comment       0x00000000       0x71 .\CortexM0\ARM_GCC_493\Release\81-00022-01.a(UART_Rx.o)
 .comment       0x00000000       0x71 .\CortexM0\ARM_GCC_493\Release\81-00022-01.a(CyLib.o)
 .comment       0x00000000       0x71 .\CortexM0\ARM_GCC_493\Release\81-00022-01.a(cyPm.o)
 .comment       0x00000000       0x71 .\CortexM0\ARM_GCC_493\Release\81-00022-01.a(CyLFClk.o)
 .comment       0x00000000       0x71 .\CortexM0\ARM_GCC_493\Release\81-00022-01.a(TimeoutTimer.o)
 .comment       0x00000000       0x71 .\CortexM0\ARM_GCC_493\Release\81-00022-01.a(CommTimeoutISR.o)
 .comment       0x00000000       0x71 .\CortexM0\ARM_GCC_493\Release\81-00022-01.a(SamplingTimerISR.o)
 .comment       0x00000000       0x71 .\CortexM0\ARM_GCC_493\Release\81-00022-01.a(SamplingTimer.o)
 .comment       0x00000000       0x71 .\CortexM0\ARM_GCC_493\Release\81-00022-01.a(UART_LED_ISR.o)
 .comment       0x00000000       0x71 .\CortexM0\ARM_GCC_493\Release\81-00022-01.a(UART_Temp_ISR.o)
 .comment       0x00000000       0x71 .\CortexM0\ARM_GCC_493\Release\81-00022-01.a(UART_LED.o)
 .comment       0x00000000       0x71 .\CortexM0\ARM_GCC_493\Release\81-00022-01.a(UART_Temperature.o)
 .comment       0x00000000       0x71 .\CortexM0\ARM_GCC_493\Release\81-00022-01.a(UART_Temperature_SPI_UART.o)
 .comment       0x00000000       0x71 .\CortexM0\ARM_GCC_493\Release\81-00022-01.a(UART_Temperature_UART.o)
 .comment       0x00000000       0x71 .\CortexM0\ARM_GCC_493\Release\81-00022-01.a(UART_LED_Control.o)
 .comment       0x00000000       0x71 .\CortexM0\ARM_GCC_493\Release\81-00022-01.a(UART_LED_IntClock.o)
 .comment       0x00000000       0x71 .\CortexM0\ARM_GCC_493\Release\81-00022-01.a(PWM.o)
 .comment       0x00000000       0x71 .\CortexM0\ARM_GCC_493\Release\81-00022-01.a(PWM_Enable.o)
 .comment       0x00000000       0x71 .\CortexM0\ARM_GCC_493\Release\81-00022-01.a(DieTemp.o)
 .comment       0x00000000       0x71 .\CortexM0\ARM_GCC_493\Release\81-00022-01.a(LED_ISR.o)
 .comment       0x00000000       0x71 .\CortexM0\ARM_GCC_493\Release\81-00022-01.a(AckTimeoutISR.o)
 .comment       0x00000000       0x71 .\CortexM0\ARM_GCC_493\Release\81-00022-01.a(AckTimer.o)
 .comment       0x00000000       0x71 .\CortexM0\ARM_GCC_493\Release\81-00022-01.a(WakeupISR.o)
 .comment       0x00000000       0x71 .\CortexM0\ARM_GCC_493\Release\81-00022-01.a(LED_Timer.o)
 .comment       0x00000000       0x71 .\CortexM0\ARM_GCC_493\Release\81-00022-01.a(EmEEPROM.o)
 .comment       0x00000000       0x71 .\CortexM0\ARM_GCC_493\Release\81-00022-01.a(CyFlash.o)

.debug_weaknames
 *(.debug_weaknames)

.debug_funcnames
 *(.debug_funcnames)

.debug_typenames
 *(.debug_typenames)

.debug_varnames
 *(.debug_varnames)

.note.gnu.arm.ident
 *(.note.gnu.arm.ident)

.ARM.attributes
                0x00000000       0x28
 *(.ARM.attributes)
 .ARM.attributes
                0x00000000       0x1e c:/program files (x86)/cypress/psoc creator/3.3/psoc creator/import/gnu/arm/4.9.3/bin/../lib/gcc/arm-none-eabi/4.9.3/armv6-m/crti.o
 .ARM.attributes
                0x0000001e       0x2c c:/program files (x86)/cypress/psoc creator/3.3/psoc creator/import/gnu/arm/4.9.3/bin/../lib/gcc/arm-none-eabi/4.9.3/armv6-m/crtbegin.o
 .ARM.attributes
                0x0000004a       0x1b c:/program files (x86)/cypress/psoc creator/3.3/psoc creator/import/gnu/arm/4.9.3/bin/../lib/gcc/arm-none-eabi/4.9.3/../../../../arm-none-eabi/lib/armv6-m/crt0.o
 .ARM.attributes
                0x00000065       0x31 .\CortexM0\ARM_GCC_493\Release\main.o
 .ARM.attributes
                0x00000096       0x31 .\CortexM0\ARM_GCC_493\Release\TemperatureCommManager.o
 .ARM.attributes
                0x000000c7       0x31 .\CortexM0\ARM_GCC_493\Release\BrightnessCommManager.o
 .ARM.attributes
                0x000000f8       0x31 .\CortexM0\ARM_GCC_493\Release\DriverControl.o
 .ARM.attributes
                0x00000129       0x31 .\CortexM0\ARM_GCC_493\Release\cymetadata.o
 .ARM.attributes
                0x0000015a       0x31 .\CortexM0\ARM_GCC_493\Release\Cm0Start.o
 .ARM.attributes