ARM GAS  C:\Users\kylep\AppData\Local\Temp\cct59PEg.s 			page 1


   1              		.cpu cortex-m0
   2              		.fpu softvfp
   3              		.eabi_attribute 20, 1
   4              		.eabi_attribute 21, 1
   5              		.eabi_attribute 23, 3
   6              		.eabi_attribute 24, 1
   7              		.eabi_attribute 25, 1
   8              		.eabi_attribute 26, 1
   9              		.eabi_attribute 30, 6
  10              		.eabi_attribute 34, 0
  11              		.eabi_attribute 18, 4
  12              		.code	16
  13              		.file	"AckTimeoutISR.c"
  14              		.text
  15              	.Ltext0:
  16              		.cfi_sections	.debug_frame
  17              		.section	.text.AckTimeoutISR_Start,"ax",%progbits
  18              		.align	2
  19              		.global	AckTimeoutISR_Start
  20              		.code	16
  21              		.thumb_func
  22              		.type	AckTimeoutISR_Start, %function
  23              	AckTimeoutISR_Start:
  24              	.LFB34:
  25              		.file 1 ".\\Generated_Source\\PSoC4\\AckTimeoutISR.c"
   1:.\Generated_Source\PSoC4/AckTimeoutISR.c **** /*******************************************************************************
   2:.\Generated_Source\PSoC4/AckTimeoutISR.c **** * File Name: AckTimeoutISR.c  
   3:.\Generated_Source\PSoC4/AckTimeoutISR.c **** * Version 1.70
   4:.\Generated_Source\PSoC4/AckTimeoutISR.c **** *
   5:.\Generated_Source\PSoC4/AckTimeoutISR.c **** *  Description:
   6:.\Generated_Source\PSoC4/AckTimeoutISR.c **** *   API for controlling the state of an interrupt.
   7:.\Generated_Source\PSoC4/AckTimeoutISR.c **** *
   8:.\Generated_Source\PSoC4/AckTimeoutISR.c **** *
   9:.\Generated_Source\PSoC4/AckTimeoutISR.c **** *  Note:
  10:.\Generated_Source\PSoC4/AckTimeoutISR.c **** *
  11:.\Generated_Source\PSoC4/AckTimeoutISR.c **** ********************************************************************************
  12:.\Generated_Source\PSoC4/AckTimeoutISR.c **** * Copyright 2008-2015, Cypress Semiconductor Corporation.  All rights reserved.
  13:.\Generated_Source\PSoC4/AckTimeoutISR.c **** * You may use this file only in accordance with the license, terms, conditions, 
  14:.\Generated_Source\PSoC4/AckTimeoutISR.c **** * disclaimers, and limitations in the end user license agreement accompanying 
  15:.\Generated_Source\PSoC4/AckTimeoutISR.c **** * the software package with which this file was provided.
  16:.\Generated_Source\PSoC4/AckTimeoutISR.c **** *******************************************************************************/
  17:.\Generated_Source\PSoC4/AckTimeoutISR.c **** 
  18:.\Generated_Source\PSoC4/AckTimeoutISR.c **** 
  19:.\Generated_Source\PSoC4/AckTimeoutISR.c **** #include <cydevice_trm.h>
  20:.\Generated_Source\PSoC4/AckTimeoutISR.c **** #include <CyLib.h>
  21:.\Generated_Source\PSoC4/AckTimeoutISR.c **** #include <AckTimeoutISR.h>
  22:.\Generated_Source\PSoC4/AckTimeoutISR.c **** 
  23:.\Generated_Source\PSoC4/AckTimeoutISR.c **** 
  24:.\Generated_Source\PSoC4/AckTimeoutISR.c **** #if !defined(AckTimeoutISR__REMOVED) /* Check for removal by optimization */
  25:.\Generated_Source\PSoC4/AckTimeoutISR.c **** 
  26:.\Generated_Source\PSoC4/AckTimeoutISR.c **** /*******************************************************************************
  27:.\Generated_Source\PSoC4/AckTimeoutISR.c **** *  Place your includes, defines and code here 
  28:.\Generated_Source\PSoC4/AckTimeoutISR.c **** ********************************************************************************/
  29:.\Generated_Source\PSoC4/AckTimeoutISR.c **** /* `#START AckTimeoutISR_intc` */
  30:.\Generated_Source\PSoC4/AckTimeoutISR.c **** 
  31:.\Generated_Source\PSoC4/AckTimeoutISR.c **** #include "TemperatureCommManager.h"
  32:.\Generated_Source\PSoC4/AckTimeoutISR.c ****     
ARM GAS  C:\Users\kylep\AppData\Local\Temp\cct59PEg.s 			page 2


  33:.\Generated_Source\PSoC4/AckTimeoutISR.c **** /* `#END` */
  34:.\Generated_Source\PSoC4/AckTimeoutISR.c **** 
  35:.\Generated_Source\PSoC4/AckTimeoutISR.c **** extern cyisraddress CyRamVectors[CYINT_IRQ_BASE + CY_NUM_INTERRUPTS];
  36:.\Generated_Source\PSoC4/AckTimeoutISR.c **** 
  37:.\Generated_Source\PSoC4/AckTimeoutISR.c **** /* Declared in startup, used to set unused interrupts to. */
  38:.\Generated_Source\PSoC4/AckTimeoutISR.c **** CY_ISR_PROTO(IntDefaultHandler);
  39:.\Generated_Source\PSoC4/AckTimeoutISR.c **** 
  40:.\Generated_Source\PSoC4/AckTimeoutISR.c **** 
  41:.\Generated_Source\PSoC4/AckTimeoutISR.c **** /*******************************************************************************
  42:.\Generated_Source\PSoC4/AckTimeoutISR.c **** * Function Name: AckTimeoutISR_Start
  43:.\Generated_Source\PSoC4/AckTimeoutISR.c **** ********************************************************************************
  44:.\Generated_Source\PSoC4/AckTimeoutISR.c **** *
  45:.\Generated_Source\PSoC4/AckTimeoutISR.c **** * Summary:
  46:.\Generated_Source\PSoC4/AckTimeoutISR.c **** *  Set up the interrupt and enable it. This function disables the interrupt, 
  47:.\Generated_Source\PSoC4/AckTimeoutISR.c **** *  sets the default interrupt vector, sets the priority from the value in the
  48:.\Generated_Source\PSoC4/AckTimeoutISR.c **** *  Design Wide Resources Interrupt Editor, then enables the interrupt to the 
  49:.\Generated_Source\PSoC4/AckTimeoutISR.c **** *  interrupt controller.
  50:.\Generated_Source\PSoC4/AckTimeoutISR.c **** *
  51:.\Generated_Source\PSoC4/AckTimeoutISR.c **** * Parameters:  
  52:.\Generated_Source\PSoC4/AckTimeoutISR.c **** *   None
  53:.\Generated_Source\PSoC4/AckTimeoutISR.c **** *
  54:.\Generated_Source\PSoC4/AckTimeoutISR.c **** * Return:
  55:.\Generated_Source\PSoC4/AckTimeoutISR.c **** *   None
  56:.\Generated_Source\PSoC4/AckTimeoutISR.c **** *
  57:.\Generated_Source\PSoC4/AckTimeoutISR.c **** *******************************************************************************/
  58:.\Generated_Source\PSoC4/AckTimeoutISR.c **** void AckTimeoutISR_Start(void)
  59:.\Generated_Source\PSoC4/AckTimeoutISR.c **** {
  26              		.loc 1 59 0
  27              		.cfi_startproc
  28 0000 80B5     		push	{r7, lr}
  29              		.cfi_def_cfa_offset 8
  30              		.cfi_offset 7, -8
  31              		.cfi_offset 14, -4
  32 0002 00AF     		add	r7, sp, #0
  33              		.cfi_def_cfa_register 7
  60:.\Generated_Source\PSoC4/AckTimeoutISR.c ****     /* For all we know the interrupt is active. */
  61:.\Generated_Source\PSoC4/AckTimeoutISR.c ****     AckTimeoutISR_Disable();
  34              		.loc 1 61 0
  35 0004 FFF7FEFF 		bl	AckTimeoutISR_Disable
  62:.\Generated_Source\PSoC4/AckTimeoutISR.c **** 
  63:.\Generated_Source\PSoC4/AckTimeoutISR.c ****     /* Set the ISR to point to the AckTimeoutISR Interrupt. */
  64:.\Generated_Source\PSoC4/AckTimeoutISR.c ****     AckTimeoutISR_SetVector(&AckTimeoutISR_Interrupt);
  36              		.loc 1 64 0
  37 0008 054B     		ldr	r3, .L2
  38 000a 181C     		mov	r0, r3
  39 000c FFF7FEFF 		bl	AckTimeoutISR_SetVector
  65:.\Generated_Source\PSoC4/AckTimeoutISR.c **** 
  66:.\Generated_Source\PSoC4/AckTimeoutISR.c ****     /* Set the priority. */
  67:.\Generated_Source\PSoC4/AckTimeoutISR.c ****     AckTimeoutISR_SetPriority((uint8)AckTimeoutISR_INTC_PRIOR_NUMBER);
  40              		.loc 1 67 0
  41 0010 0320     		mov	r0, #3
  42 0012 FFF7FEFF 		bl	AckTimeoutISR_SetPriority
  68:.\Generated_Source\PSoC4/AckTimeoutISR.c **** 
  69:.\Generated_Source\PSoC4/AckTimeoutISR.c ****     /* Enable it. */
  70:.\Generated_Source\PSoC4/AckTimeoutISR.c ****     AckTimeoutISR_Enable();
  43              		.loc 1 70 0
  44 0016 FFF7FEFF 		bl	AckTimeoutISR_Enable
ARM GAS  C:\Users\kylep\AppData\Local\Temp\cct59PEg.s 			page 3


  71:.\Generated_Source\PSoC4/AckTimeoutISR.c **** }
  45              		.loc 1 71 0
  46 001a BD46     		mov	sp, r7
  47              		@ sp needed
  48 001c 80BD     		pop	{r7, pc}
  49              	.L3:
  50 001e C046     		.align	2
  51              	.L2:
  52 0020 00000000 		.word	AckTimeoutISR_Interrupt
  53              		.cfi_endproc
  54              	.LFE34:
  55              		.size	AckTimeoutISR_Start, .-AckTimeoutISR_Start
  56              		.section	.text.AckTimeoutISR_StartEx,"ax",%progbits
  57              		.align	2
  58              		.global	AckTimeoutISR_StartEx
  59              		.code	16
  60              		.thumb_func
  61              		.type	AckTimeoutISR_StartEx, %function
  62              	AckTimeoutISR_StartEx:
  63              	.LFB35:
  72:.\Generated_Source\PSoC4/AckTimeoutISR.c **** 
  73:.\Generated_Source\PSoC4/AckTimeoutISR.c **** 
  74:.\Generated_Source\PSoC4/AckTimeoutISR.c **** /*******************************************************************************
  75:.\Generated_Source\PSoC4/AckTimeoutISR.c **** * Function Name: AckTimeoutISR_StartEx
  76:.\Generated_Source\PSoC4/AckTimeoutISR.c **** ********************************************************************************
  77:.\Generated_Source\PSoC4/AckTimeoutISR.c **** *
  78:.\Generated_Source\PSoC4/AckTimeoutISR.c **** * Summary:
  79:.\Generated_Source\PSoC4/AckTimeoutISR.c **** *  Sets up the interrupt and enables it. This function disables the interrupt,
  80:.\Generated_Source\PSoC4/AckTimeoutISR.c **** *  sets the interrupt vector based on the address passed in, sets the priority 
  81:.\Generated_Source\PSoC4/AckTimeoutISR.c **** *  from the value in the Design Wide Resources Interrupt Editor, then enables 
  82:.\Generated_Source\PSoC4/AckTimeoutISR.c **** *  the interrupt to the interrupt controller.
  83:.\Generated_Source\PSoC4/AckTimeoutISR.c **** *  
  84:.\Generated_Source\PSoC4/AckTimeoutISR.c **** *  When defining ISR functions, the CY_ISR and CY_ISR_PROTO macros should be 
  85:.\Generated_Source\PSoC4/AckTimeoutISR.c **** *  used to provide consistent definition across compilers:
  86:.\Generated_Source\PSoC4/AckTimeoutISR.c **** *  
  87:.\Generated_Source\PSoC4/AckTimeoutISR.c **** *  Function definition example:
  88:.\Generated_Source\PSoC4/AckTimeoutISR.c **** *   CY_ISR(MyISR)
  89:.\Generated_Source\PSoC4/AckTimeoutISR.c **** *   {
  90:.\Generated_Source\PSoC4/AckTimeoutISR.c **** *   }
  91:.\Generated_Source\PSoC4/AckTimeoutISR.c **** *   Function prototype example:
  92:.\Generated_Source\PSoC4/AckTimeoutISR.c **** *   CY_ISR_PROTO(MyISR);
  93:.\Generated_Source\PSoC4/AckTimeoutISR.c **** *
  94:.\Generated_Source\PSoC4/AckTimeoutISR.c **** * Parameters:  
  95:.\Generated_Source\PSoC4/AckTimeoutISR.c **** *   address: Address of the ISR to set in the interrupt vector table.
  96:.\Generated_Source\PSoC4/AckTimeoutISR.c **** *
  97:.\Generated_Source\PSoC4/AckTimeoutISR.c **** * Return:
  98:.\Generated_Source\PSoC4/AckTimeoutISR.c **** *   None
  99:.\Generated_Source\PSoC4/AckTimeoutISR.c **** *
 100:.\Generated_Source\PSoC4/AckTimeoutISR.c **** *******************************************************************************/
 101:.\Generated_Source\PSoC4/AckTimeoutISR.c **** void AckTimeoutISR_StartEx(cyisraddress address)
 102:.\Generated_Source\PSoC4/AckTimeoutISR.c **** {
  64              		.loc 1 102 0
  65              		.cfi_startproc
  66 0000 80B5     		push	{r7, lr}
  67              		.cfi_def_cfa_offset 8
  68              		.cfi_offset 7, -8
  69              		.cfi_offset 14, -4
ARM GAS  C:\Users\kylep\AppData\Local\Temp\cct59PEg.s 			page 4


  70 0002 82B0     		sub	sp, sp, #8
  71              		.cfi_def_cfa_offset 16
  72 0004 00AF     		add	r7, sp, #0
  73              		.cfi_def_cfa_register 7
  74 0006 7860     		str	r0, [r7, #4]
 103:.\Generated_Source\PSoC4/AckTimeoutISR.c ****     /* For all we know the interrupt is active. */
 104:.\Generated_Source\PSoC4/AckTimeoutISR.c ****     AckTimeoutISR_Disable();
  75              		.loc 1 104 0
  76 0008 FFF7FEFF 		bl	AckTimeoutISR_Disable
 105:.\Generated_Source\PSoC4/AckTimeoutISR.c **** 
 106:.\Generated_Source\PSoC4/AckTimeoutISR.c ****     /* Set the ISR to point to the AckTimeoutISR Interrupt. */
 107:.\Generated_Source\PSoC4/AckTimeoutISR.c ****     AckTimeoutISR_SetVector(address);
  77              		.loc 1 107 0
  78 000c 7B68     		ldr	r3, [r7, #4]
  79 000e 181C     		mov	r0, r3
  80 0010 FFF7FEFF 		bl	AckTimeoutISR_SetVector
 108:.\Generated_Source\PSoC4/AckTimeoutISR.c **** 
 109:.\Generated_Source\PSoC4/AckTimeoutISR.c ****     /* Set the priority. */
 110:.\Generated_Source\PSoC4/AckTimeoutISR.c ****     AckTimeoutISR_SetPriority((uint8)AckTimeoutISR_INTC_PRIOR_NUMBER);
  81              		.loc 1 110 0
  82 0014 0320     		mov	r0, #3
  83 0016 FFF7FEFF 		bl	AckTimeoutISR_SetPriority
 111:.\Generated_Source\PSoC4/AckTimeoutISR.c **** 
 112:.\Generated_Source\PSoC4/AckTimeoutISR.c ****     /* Enable it. */
 113:.\Generated_Source\PSoC4/AckTimeoutISR.c ****     AckTimeoutISR_Enable();
  84              		.loc 1 113 0
  85 001a FFF7FEFF 		bl	AckTimeoutISR_Enable
 114:.\Generated_Source\PSoC4/AckTimeoutISR.c **** }
  86              		.loc 1 114 0
  87 001e BD46     		mov	sp, r7
  88 0020 02B0     		add	sp, sp, #8
  89              		@ sp needed
  90 0022 80BD     		pop	{r7, pc}
  91              		.cfi_endproc
  92              	.LFE35:
  93              		.size	AckTimeoutISR_StartEx, .-AckTimeoutISR_StartEx
  94              		.section	.text.AckTimeoutISR_Stop,"ax",%progbits
  95              		.align	2
  96              		.global	AckTimeoutISR_Stop
  97              		.code	16
  98              		.thumb_func
  99              		.type	AckTimeoutISR_Stop, %function
 100              	AckTimeoutISR_Stop:
 101              	.LFB36:
 115:.\Generated_Source\PSoC4/AckTimeoutISR.c **** 
 116:.\Generated_Source\PSoC4/AckTimeoutISR.c **** 
 117:.\Generated_Source\PSoC4/AckTimeoutISR.c **** /*******************************************************************************
 118:.\Generated_Source\PSoC4/AckTimeoutISR.c **** * Function Name: AckTimeoutISR_Stop
 119:.\Generated_Source\PSoC4/AckTimeoutISR.c **** ********************************************************************************
 120:.\Generated_Source\PSoC4/AckTimeoutISR.c **** *
 121:.\Generated_Source\PSoC4/AckTimeoutISR.c **** * Summary:
 122:.\Generated_Source\PSoC4/AckTimeoutISR.c **** *   Disables and removes the interrupt.
 123:.\Generated_Source\PSoC4/AckTimeoutISR.c **** *
 124:.\Generated_Source\PSoC4/AckTimeoutISR.c **** * Parameters:  
 125:.\Generated_Source\PSoC4/AckTimeoutISR.c **** *   None
 126:.\Generated_Source\PSoC4/AckTimeoutISR.c **** *
 127:.\Generated_Source\PSoC4/AckTimeoutISR.c **** * Return:
ARM GAS  C:\Users\kylep\AppData\Local\Temp\cct59PEg.s 			page 5


 128:.\Generated_Source\PSoC4/AckTimeoutISR.c **** *   None
 129:.\Generated_Source\PSoC4/AckTimeoutISR.c **** *
 130:.\Generated_Source\PSoC4/AckTimeoutISR.c **** *******************************************************************************/
 131:.\Generated_Source\PSoC4/AckTimeoutISR.c **** void AckTimeoutISR_Stop(void)
 132:.\Generated_Source\PSoC4/AckTimeoutISR.c **** {
 102              		.loc 1 132 0
 103              		.cfi_startproc
 104 0000 80B5     		push	{r7, lr}
 105              		.cfi_def_cfa_offset 8
 106              		.cfi_offset 7, -8
 107              		.cfi_offset 14, -4
 108 0002 00AF     		add	r7, sp, #0
 109              		.cfi_def_cfa_register 7
 133:.\Generated_Source\PSoC4/AckTimeoutISR.c ****     /* Disable this interrupt. */
 134:.\Generated_Source\PSoC4/AckTimeoutISR.c ****     AckTimeoutISR_Disable();
 110              		.loc 1 134 0
 111 0004 FFF7FEFF 		bl	AckTimeoutISR_Disable
 135:.\Generated_Source\PSoC4/AckTimeoutISR.c **** 
 136:.\Generated_Source\PSoC4/AckTimeoutISR.c ****     /* Set the ISR to point to the passive one. */
 137:.\Generated_Source\PSoC4/AckTimeoutISR.c ****     AckTimeoutISR_SetVector(&IntDefaultHandler);
 112              		.loc 1 137 0
 113 0008 024B     		ldr	r3, .L6
 114 000a 181C     		mov	r0, r3
 115 000c FFF7FEFF 		bl	AckTimeoutISR_SetVector
 138:.\Generated_Source\PSoC4/AckTimeoutISR.c **** }
 116              		.loc 1 138 0
 117 0010 BD46     		mov	sp, r7
 118              		@ sp needed
 119 0012 80BD     		pop	{r7, pc}
 120              	.L7:
 121              		.align	2
 122              	.L6:
 123 0014 00000000 		.word	IntDefaultHandler
 124              		.cfi_endproc
 125              	.LFE36:
 126              		.size	AckTimeoutISR_Stop, .-AckTimeoutISR_Stop
 127              		.section	.text.AckTimeoutISR_Interrupt,"ax",%progbits
 128              		.align	2
 129              		.global	AckTimeoutISR_Interrupt
 130              		.code	16
 131              		.thumb_func
 132              		.type	AckTimeoutISR_Interrupt, %function
 133              	AckTimeoutISR_Interrupt:
 134              	.LFB37:
 139:.\Generated_Source\PSoC4/AckTimeoutISR.c **** 
 140:.\Generated_Source\PSoC4/AckTimeoutISR.c **** 
 141:.\Generated_Source\PSoC4/AckTimeoutISR.c **** /*******************************************************************************
 142:.\Generated_Source\PSoC4/AckTimeoutISR.c **** * Function Name: AckTimeoutISR_Interrupt
 143:.\Generated_Source\PSoC4/AckTimeoutISR.c **** ********************************************************************************
 144:.\Generated_Source\PSoC4/AckTimeoutISR.c **** *
 145:.\Generated_Source\PSoC4/AckTimeoutISR.c **** * Summary:
 146:.\Generated_Source\PSoC4/AckTimeoutISR.c **** *   The default Interrupt Service Routine for AckTimeoutISR.
 147:.\Generated_Source\PSoC4/AckTimeoutISR.c **** *
 148:.\Generated_Source\PSoC4/AckTimeoutISR.c **** *   Add custom code between the START and END comments to keep the next version
 149:.\Generated_Source\PSoC4/AckTimeoutISR.c **** *   of this file from over-writing your code.
 150:.\Generated_Source\PSoC4/AckTimeoutISR.c **** *
 151:.\Generated_Source\PSoC4/AckTimeoutISR.c **** *   Note You may use either the default ISR by using this API, or you may define
ARM GAS  C:\Users\kylep\AppData\Local\Temp\cct59PEg.s 			page 6


 152:.\Generated_Source\PSoC4/AckTimeoutISR.c **** *   your own separate ISR through ISR_StartEx().
 153:.\Generated_Source\PSoC4/AckTimeoutISR.c **** *
 154:.\Generated_Source\PSoC4/AckTimeoutISR.c **** * Parameters:  
 155:.\Generated_Source\PSoC4/AckTimeoutISR.c **** *   None
 156:.\Generated_Source\PSoC4/AckTimeoutISR.c **** *
 157:.\Generated_Source\PSoC4/AckTimeoutISR.c **** * Return:
 158:.\Generated_Source\PSoC4/AckTimeoutISR.c **** *   None
 159:.\Generated_Source\PSoC4/AckTimeoutISR.c **** *
 160:.\Generated_Source\PSoC4/AckTimeoutISR.c **** *******************************************************************************/
 161:.\Generated_Source\PSoC4/AckTimeoutISR.c **** CY_ISR(AckTimeoutISR_Interrupt)
 162:.\Generated_Source\PSoC4/AckTimeoutISR.c **** {
 135              		.loc 1 162 0
 136              		.cfi_startproc
 137 0000 80B5     		push	{r7, lr}
 138              		.cfi_def_cfa_offset 8
 139              		.cfi_offset 7, -8
 140              		.cfi_offset 14, -4
 141 0002 00AF     		add	r7, sp, #0
 142              		.cfi_def_cfa_register 7
 163:.\Generated_Source\PSoC4/AckTimeoutISR.c ****     #ifdef AckTimeoutISR_INTERRUPT_INTERRUPT_CALLBACK
 164:.\Generated_Source\PSoC4/AckTimeoutISR.c ****         AckTimeoutISR_Interrupt_InterruptCallback();
 165:.\Generated_Source\PSoC4/AckTimeoutISR.c ****     #endif /* AckTimeoutISR_INTERRUPT_INTERRUPT_CALLBACK */ 
 166:.\Generated_Source\PSoC4/AckTimeoutISR.c **** 
 167:.\Generated_Source\PSoC4/AckTimeoutISR.c ****     /*  Place your Interrupt code here. */
 168:.\Generated_Source\PSoC4/AckTimeoutISR.c ****     /* `#START AckTimeoutISR_Interrupt` */
 169:.\Generated_Source\PSoC4/AckTimeoutISR.c **** 
 170:.\Generated_Source\PSoC4/AckTimeoutISR.c ****     processAckTimeoutRoutine();
 143              		.loc 1 170 0
 144 0004 FFF7FEFF 		bl	processAckTimeoutRoutine
 171:.\Generated_Source\PSoC4/AckTimeoutISR.c ****     
 172:.\Generated_Source\PSoC4/AckTimeoutISR.c ****     /* `#END` */
 173:.\Generated_Source\PSoC4/AckTimeoutISR.c **** }
 145              		.loc 1 173 0
 146 0008 BD46     		mov	sp, r7
 147              		@ sp needed
 148 000a 80BD     		pop	{r7, pc}
 149              		.cfi_endproc
 150              	.LFE37:
 151              		.size	AckTimeoutISR_Interrupt, .-AckTimeoutISR_Interrupt
 152              		.section	.text.AckTimeoutISR_SetVector,"ax",%progbits
 153              		.align	2
 154              		.global	AckTimeoutISR_SetVector
 155              		.code	16
 156              		.thumb_func
 157              		.type	AckTimeoutISR_SetVector, %function
 158              	AckTimeoutISR_SetVector:
 159              	.LFB38:
 174:.\Generated_Source\PSoC4/AckTimeoutISR.c **** 
 175:.\Generated_Source\PSoC4/AckTimeoutISR.c **** 
 176:.\Generated_Source\PSoC4/AckTimeoutISR.c **** /*******************************************************************************
 177:.\Generated_Source\PSoC4/AckTimeoutISR.c **** * Function Name: AckTimeoutISR_SetVector
 178:.\Generated_Source\PSoC4/AckTimeoutISR.c **** ********************************************************************************
 179:.\Generated_Source\PSoC4/AckTimeoutISR.c **** *
 180:.\Generated_Source\PSoC4/AckTimeoutISR.c **** * Summary:
 181:.\Generated_Source\PSoC4/AckTimeoutISR.c **** *   Change the ISR vector for the Interrupt. Note calling AckTimeoutISR_Start
 182:.\Generated_Source\PSoC4/AckTimeoutISR.c **** *   will override any effect this method would have had. To set the vector 
 183:.\Generated_Source\PSoC4/AckTimeoutISR.c **** *   before the component has been started use AckTimeoutISR_StartEx instead.
ARM GAS  C:\Users\kylep\AppData\Local\Temp\cct59PEg.s 			page 7


 184:.\Generated_Source\PSoC4/AckTimeoutISR.c **** * 
 185:.\Generated_Source\PSoC4/AckTimeoutISR.c **** *   When defining ISR functions, the CY_ISR and CY_ISR_PROTO macros should be 
 186:.\Generated_Source\PSoC4/AckTimeoutISR.c **** *   used to provide consistent definition across compilers:
 187:.\Generated_Source\PSoC4/AckTimeoutISR.c **** *
 188:.\Generated_Source\PSoC4/AckTimeoutISR.c **** *   Function definition example:
 189:.\Generated_Source\PSoC4/AckTimeoutISR.c **** *   CY_ISR(MyISR)
 190:.\Generated_Source\PSoC4/AckTimeoutISR.c **** *   {
 191:.\Generated_Source\PSoC4/AckTimeoutISR.c **** *   }
 192:.\Generated_Source\PSoC4/AckTimeoutISR.c **** *
 193:.\Generated_Source\PSoC4/AckTimeoutISR.c **** *   Function prototype example:
 194:.\Generated_Source\PSoC4/AckTimeoutISR.c **** *     CY_ISR_PROTO(MyISR);
 195:.\Generated_Source\PSoC4/AckTimeoutISR.c **** *
 196:.\Generated_Source\PSoC4/AckTimeoutISR.c **** * Parameters:
 197:.\Generated_Source\PSoC4/AckTimeoutISR.c **** *   address: Address of the ISR to set in the interrupt vector table.
 198:.\Generated_Source\PSoC4/AckTimeoutISR.c **** *
 199:.\Generated_Source\PSoC4/AckTimeoutISR.c **** * Return:
 200:.\Generated_Source\PSoC4/AckTimeoutISR.c **** *   None
 201:.\Generated_Source\PSoC4/AckTimeoutISR.c **** *
 202:.\Generated_Source\PSoC4/AckTimeoutISR.c **** *******************************************************************************/
 203:.\Generated_Source\PSoC4/AckTimeoutISR.c **** void AckTimeoutISR_SetVector(cyisraddress address)
 204:.\Generated_Source\PSoC4/AckTimeoutISR.c **** {
 160              		.loc 1 204 0
 161              		.cfi_startproc
 162 0000 80B5     		push	{r7, lr}
 163              		.cfi_def_cfa_offset 8
 164              		.cfi_offset 7, -8
 165              		.cfi_offset 14, -4
 166 0002 82B0     		sub	sp, sp, #8
 167              		.cfi_def_cfa_offset 16
 168 0004 00AF     		add	r7, sp, #0
 169              		.cfi_def_cfa_register 7
 170 0006 7860     		str	r0, [r7, #4]
 205:.\Generated_Source\PSoC4/AckTimeoutISR.c ****     CyRamVectors[CYINT_IRQ_BASE + AckTimeoutISR__INTC_NUMBER] = address;
 171              		.loc 1 205 0
 172 0008 024B     		ldr	r3, .L10
 173 000a 7A68     		ldr	r2, [r7, #4]
 174 000c 1A64     		str	r2, [r3, #64]
 206:.\Generated_Source\PSoC4/AckTimeoutISR.c **** }
 175              		.loc 1 206 0
 176 000e BD46     		mov	sp, r7
 177 0010 02B0     		add	sp, sp, #8
 178              		@ sp needed
 179 0012 80BD     		pop	{r7, pc}
 180              	.L11:
 181              		.align	2
 182              	.L10:
 183 0014 00000000 		.word	CyRamVectors
 184              		.cfi_endproc
 185              	.LFE38:
 186              		.size	AckTimeoutISR_SetVector, .-AckTimeoutISR_SetVector
 187              		.section	.text.AckTimeoutISR_GetVector,"ax",%progbits
 188              		.align	2
 189              		.global	AckTimeoutISR_GetVector
 190              		.code	16
 191              		.thumb_func
 192              		.type	AckTimeoutISR_GetVector, %function
 193              	AckTimeoutISR_GetVector:
ARM GAS  C:\Users\kylep\AppData\Local\Temp\cct59PEg.s 			page 8


 194              	.LFB39:
 207:.\Generated_Source\PSoC4/AckTimeoutISR.c **** 
 208:.\Generated_Source\PSoC4/AckTimeoutISR.c **** 
 209:.\Generated_Source\PSoC4/AckTimeoutISR.c **** /*******************************************************************************
 210:.\Generated_Source\PSoC4/AckTimeoutISR.c **** * Function Name: AckTimeoutISR_GetVector
 211:.\Generated_Source\PSoC4/AckTimeoutISR.c **** ********************************************************************************
 212:.\Generated_Source\PSoC4/AckTimeoutISR.c **** *
 213:.\Generated_Source\PSoC4/AckTimeoutISR.c **** * Summary:
 214:.\Generated_Source\PSoC4/AckTimeoutISR.c **** *   Gets the "address" of the current ISR vector for the Interrupt.
 215:.\Generated_Source\PSoC4/AckTimeoutISR.c **** *
 216:.\Generated_Source\PSoC4/AckTimeoutISR.c **** * Parameters:
 217:.\Generated_Source\PSoC4/AckTimeoutISR.c **** *   None
 218:.\Generated_Source\PSoC4/AckTimeoutISR.c **** *
 219:.\Generated_Source\PSoC4/AckTimeoutISR.c **** * Return:
 220:.\Generated_Source\PSoC4/AckTimeoutISR.c **** *   Address of the ISR in the interrupt vector table.
 221:.\Generated_Source\PSoC4/AckTimeoutISR.c **** *
 222:.\Generated_Source\PSoC4/AckTimeoutISR.c **** *******************************************************************************/
 223:.\Generated_Source\PSoC4/AckTimeoutISR.c **** cyisraddress AckTimeoutISR_GetVector(void)
 224:.\Generated_Source\PSoC4/AckTimeoutISR.c **** {
 195              		.loc 1 224 0
 196              		.cfi_startproc
 197 0000 80B5     		push	{r7, lr}
 198              		.cfi_def_cfa_offset 8
 199              		.cfi_offset 7, -8
 200              		.cfi_offset 14, -4
 201 0002 00AF     		add	r7, sp, #0
 202              		.cfi_def_cfa_register 7
 225:.\Generated_Source\PSoC4/AckTimeoutISR.c ****     return CyRamVectors[CYINT_IRQ_BASE + AckTimeoutISR__INTC_NUMBER];
 203              		.loc 1 225 0
 204 0004 024B     		ldr	r3, .L14
 205 0006 1B6C     		ldr	r3, [r3, #64]
 226:.\Generated_Source\PSoC4/AckTimeoutISR.c **** }
 206              		.loc 1 226 0
 207 0008 181C     		mov	r0, r3
 208 000a BD46     		mov	sp, r7
 209              		@ sp needed
 210 000c 80BD     		pop	{r7, pc}
 211              	.L15:
 212 000e C046     		.align	2
 213              	.L14:
 214 0010 00000000 		.word	CyRamVectors
 215              		.cfi_endproc
 216              	.LFE39:
 217              		.size	AckTimeoutISR_GetVector, .-AckTimeoutISR_GetVector
 218              		.section	.text.AckTimeoutISR_SetPriority,"ax",%progbits
 219              		.align	2
 220              		.global	AckTimeoutISR_SetPriority
 221              		.code	16
 222              		.thumb_func
 223              		.type	AckTimeoutISR_SetPriority, %function
 224              	AckTimeoutISR_SetPriority:
 225              	.LFB40:
 227:.\Generated_Source\PSoC4/AckTimeoutISR.c **** 
 228:.\Generated_Source\PSoC4/AckTimeoutISR.c **** 
 229:.\Generated_Source\PSoC4/AckTimeoutISR.c **** /*******************************************************************************
 230:.\Generated_Source\PSoC4/AckTimeoutISR.c **** * Function Name: AckTimeoutISR_SetPriority
 231:.\Generated_Source\PSoC4/AckTimeoutISR.c **** ********************************************************************************
ARM GAS  C:\Users\kylep\AppData\Local\Temp\cct59PEg.s 			page 9


 232:.\Generated_Source\PSoC4/AckTimeoutISR.c **** *
 233:.\Generated_Source\PSoC4/AckTimeoutISR.c **** * Summary:
 234:.\Generated_Source\PSoC4/AckTimeoutISR.c **** *   Sets the Priority of the Interrupt. 
 235:.\Generated_Source\PSoC4/AckTimeoutISR.c **** *
 236:.\Generated_Source\PSoC4/AckTimeoutISR.c **** *   Note calling AckTimeoutISR_Start or AckTimeoutISR_StartEx will 
 237:.\Generated_Source\PSoC4/AckTimeoutISR.c **** *   override any effect this API would have had. This API should only be called
 238:.\Generated_Source\PSoC4/AckTimeoutISR.c **** *   after AckTimeoutISR_Start or AckTimeoutISR_StartEx has been called. 
 239:.\Generated_Source\PSoC4/AckTimeoutISR.c **** *   To set the initial priority for the component, use the Design-Wide Resources
 240:.\Generated_Source\PSoC4/AckTimeoutISR.c **** *   Interrupt Editor.
 241:.\Generated_Source\PSoC4/AckTimeoutISR.c **** *
 242:.\Generated_Source\PSoC4/AckTimeoutISR.c **** *   Note This API has no effect on Non-maskable interrupt NMI).
 243:.\Generated_Source\PSoC4/AckTimeoutISR.c **** *
 244:.\Generated_Source\PSoC4/AckTimeoutISR.c **** * Parameters:
 245:.\Generated_Source\PSoC4/AckTimeoutISR.c **** *   priority: Priority of the interrupt, 0 being the highest priority
 246:.\Generated_Source\PSoC4/AckTimeoutISR.c **** *             PSoC 3 and PSoC 5LP: Priority is from 0 to 7.
 247:.\Generated_Source\PSoC4/AckTimeoutISR.c **** *             PSoC 4: Priority is from 0 to 3.
 248:.\Generated_Source\PSoC4/AckTimeoutISR.c **** *
 249:.\Generated_Source\PSoC4/AckTimeoutISR.c **** * Return:
 250:.\Generated_Source\PSoC4/AckTimeoutISR.c **** *   None
 251:.\Generated_Source\PSoC4/AckTimeoutISR.c **** *
 252:.\Generated_Source\PSoC4/AckTimeoutISR.c **** *******************************************************************************/
 253:.\Generated_Source\PSoC4/AckTimeoutISR.c **** void AckTimeoutISR_SetPriority(uint8 priority)
 254:.\Generated_Source\PSoC4/AckTimeoutISR.c **** {
 226              		.loc 1 254 0
 227              		.cfi_startproc
 228 0000 90B5     		push	{r4, r7, lr}
 229              		.cfi_def_cfa_offset 12
 230              		.cfi_offset 4, -12
 231              		.cfi_offset 7, -8
 232              		.cfi_offset 14, -4
 233 0002 85B0     		sub	sp, sp, #20
 234              		.cfi_def_cfa_offset 32
 235 0004 00AF     		add	r7, sp, #0
 236              		.cfi_def_cfa_register 7
 237 0006 021C     		mov	r2, r0
 238 0008 FB1D     		add	r3, r7, #7
 239 000a 1A70     		strb	r2, [r3]
 255:.\Generated_Source\PSoC4/AckTimeoutISR.c **** 	uint8 interruptState;
 256:.\Generated_Source\PSoC4/AckTimeoutISR.c ****     uint32 priorityOffset = ((AckTimeoutISR__INTC_NUMBER % 4u) * 8u) + 6u;
 240              		.loc 1 256 0
 241 000c 0623     		mov	r3, #6
 242 000e FB60     		str	r3, [r7, #12]
 257:.\Generated_Source\PSoC4/AckTimeoutISR.c ****     
 258:.\Generated_Source\PSoC4/AckTimeoutISR.c **** 	interruptState = CyEnterCriticalSection();
 243              		.loc 1 258 0
 244 0010 0B23     		mov	r3, #11
 245 0012 FC18     		add	r4, r7, r3
 246 0014 FFF7FEFF 		bl	CyEnterCriticalSection
 247 0018 031C     		mov	r3, r0
 248 001a 2370     		strb	r3, [r4]
 259:.\Generated_Source\PSoC4/AckTimeoutISR.c ****     *AckTimeoutISR_INTC_PRIOR = (*AckTimeoutISR_INTC_PRIOR & (uint32)(~AckTimeoutISR__INTC_PRIOR_MA
 249              		.loc 1 259 0
 250 001c 0A4B     		ldr	r3, .L17
 251 001e 0A4A     		ldr	r2, .L17
 252 0020 1268     		ldr	r2, [r2]
 253 0022 C021     		mov	r1, #192
 254 0024 8A43     		bic	r2, r1
ARM GAS  C:\Users\kylep\AppData\Local\Temp\cct59PEg.s 			page 10


 255 0026 111C     		mov	r1, r2
 260:.\Generated_Source\PSoC4/AckTimeoutISR.c ****                                     ((uint32)priority << priorityOffset);
 256              		.loc 1 260 0
 257 0028 FA1D     		add	r2, r7, #7
 258 002a 1078     		ldrb	r0, [r2]
 259 002c FA68     		ldr	r2, [r7, #12]
 260 002e 9040     		lsl	r0, r0, r2
 261 0030 021C     		mov	r2, r0
 259:.\Generated_Source\PSoC4/AckTimeoutISR.c ****     *AckTimeoutISR_INTC_PRIOR = (*AckTimeoutISR_INTC_PRIOR & (uint32)(~AckTimeoutISR__INTC_PRIOR_MA
 262              		.loc 1 259 0
 263 0032 0A43     		orr	r2, r1
 264 0034 1A60     		str	r2, [r3]
 261:.\Generated_Source\PSoC4/AckTimeoutISR.c **** 	CyExitCriticalSection(interruptState);
 265              		.loc 1 261 0
 266 0036 0B23     		mov	r3, #11
 267 0038 FB18     		add	r3, r7, r3
 268 003a 1B78     		ldrb	r3, [r3]
 269 003c 181C     		mov	r0, r3
 270 003e FFF7FEFF 		bl	CyExitCriticalSection
 262:.\Generated_Source\PSoC4/AckTimeoutISR.c **** }
 271              		.loc 1 262 0
 272 0042 BD46     		mov	sp, r7
 273 0044 05B0     		add	sp, sp, #20
 274              		@ sp needed
 275 0046 90BD     		pop	{r4, r7, pc}
 276              	.L18:
 277              		.align	2
 278              	.L17:
 279 0048 00E400E0 		.word	-536812544
 280              		.cfi_endproc
 281              	.LFE40:
 282              		.size	AckTimeoutISR_SetPriority, .-AckTimeoutISR_SetPriority
 283              		.section	.text.AckTimeoutISR_GetPriority,"ax",%progbits
 284              		.align	2
 285              		.global	AckTimeoutISR_GetPriority
 286              		.code	16
 287              		.thumb_func
 288              		.type	AckTimeoutISR_GetPriority, %function
 289              	AckTimeoutISR_GetPriority:
 290              	.LFB41:
 263:.\Generated_Source\PSoC4/AckTimeoutISR.c **** 
 264:.\Generated_Source\PSoC4/AckTimeoutISR.c **** 
 265:.\Generated_Source\PSoC4/AckTimeoutISR.c **** /*******************************************************************************
 266:.\Generated_Source\PSoC4/AckTimeoutISR.c **** * Function Name: AckTimeoutISR_GetPriority
 267:.\Generated_Source\PSoC4/AckTimeoutISR.c **** ********************************************************************************
 268:.\Generated_Source\PSoC4/AckTimeoutISR.c **** *
 269:.\Generated_Source\PSoC4/AckTimeoutISR.c **** * Summary:
 270:.\Generated_Source\PSoC4/AckTimeoutISR.c **** *   Gets the Priority of the Interrupt.
 271:.\Generated_Source\PSoC4/AckTimeoutISR.c **** *
 272:.\Generated_Source\PSoC4/AckTimeoutISR.c **** * Parameters:
 273:.\Generated_Source\PSoC4/AckTimeoutISR.c **** *   None
 274:.\Generated_Source\PSoC4/AckTimeoutISR.c **** *
 275:.\Generated_Source\PSoC4/AckTimeoutISR.c **** * Return:
 276:.\Generated_Source\PSoC4/AckTimeoutISR.c **** *   Priority of the interrupt, 0 being the highest priority
 277:.\Generated_Source\PSoC4/AckTimeoutISR.c **** *    PSoC 3 and PSoC 5LP: Priority is from 0 to 7.
 278:.\Generated_Source\PSoC4/AckTimeoutISR.c **** *    PSoC 4: Priority is from 0 to 3.
 279:.\Generated_Source\PSoC4/AckTimeoutISR.c **** *
ARM GAS  C:\Users\kylep\AppData\Local\Temp\cct59PEg.s 			page 11


 280:.\Generated_Source\PSoC4/AckTimeoutISR.c **** *******************************************************************************/
 281:.\Generated_Source\PSoC4/AckTimeoutISR.c **** uint8 AckTimeoutISR_GetPriority(void)
 282:.\Generated_Source\PSoC4/AckTimeoutISR.c **** {
 291              		.loc 1 282 0
 292              		.cfi_startproc
 293 0000 80B5     		push	{r7, lr}
 294              		.cfi_def_cfa_offset 8
 295              		.cfi_offset 7, -8
 296              		.cfi_offset 14, -4
 297 0002 82B0     		sub	sp, sp, #8
 298              		.cfi_def_cfa_offset 16
 299 0004 00AF     		add	r7, sp, #0
 300              		.cfi_def_cfa_register 7
 283:.\Generated_Source\PSoC4/AckTimeoutISR.c ****     uint32 priority;
 284:.\Generated_Source\PSoC4/AckTimeoutISR.c **** 	uint32 priorityOffset = ((AckTimeoutISR__INTC_NUMBER % 4u) * 8u) + 6u;
 301              		.loc 1 284 0
 302 0006 0623     		mov	r3, #6
 303 0008 7B60     		str	r3, [r7, #4]
 285:.\Generated_Source\PSoC4/AckTimeoutISR.c **** 
 286:.\Generated_Source\PSoC4/AckTimeoutISR.c ****     priority = (*AckTimeoutISR_INTC_PRIOR & AckTimeoutISR__INTC_PRIOR_MASK) >> priorityOffset;
 304              		.loc 1 286 0
 305 000a 074B     		ldr	r3, .L21
 306 000c 1B68     		ldr	r3, [r3]
 307 000e C022     		mov	r2, #192
 308 0010 1A40     		and	r2, r3
 309 0012 7B68     		ldr	r3, [r7, #4]
 310 0014 DA40     		lsr	r2, r2, r3
 311 0016 131C     		mov	r3, r2
 312 0018 3B60     		str	r3, [r7]
 287:.\Generated_Source\PSoC4/AckTimeoutISR.c **** 
 288:.\Generated_Source\PSoC4/AckTimeoutISR.c ****     return (uint8)priority;
 313              		.loc 1 288 0
 314 001a 3B68     		ldr	r3, [r7]
 315 001c DBB2     		uxtb	r3, r3
 289:.\Generated_Source\PSoC4/AckTimeoutISR.c **** }
 316              		.loc 1 289 0
 317 001e 181C     		mov	r0, r3
 318 0020 BD46     		mov	sp, r7
 319 0022 02B0     		add	sp, sp, #8
 320              		@ sp needed
 321 0024 80BD     		pop	{r7, pc}
 322              	.L22:
 323 0026 C046     		.align	2
 324              	.L21:
 325 0028 00E400E0 		.word	-536812544
 326              		.cfi_endproc
 327              	.LFE41:
 328              		.size	AckTimeoutISR_GetPriority, .-AckTimeoutISR_GetPriority
 329              		.section	.text.AckTimeoutISR_Enable,"ax",%progbits
 330              		.align	2
 331              		.global	AckTimeoutISR_Enable
 332              		.code	16
 333              		.thumb_func
 334              		.type	AckTimeoutISR_Enable, %function
 335              	AckTimeoutISR_Enable:
 336              	.LFB42:
 290:.\Generated_Source\PSoC4/AckTimeoutISR.c **** 
ARM GAS  C:\Users\kylep\AppData\Local\Temp\cct59PEg.s 			page 12


 291:.\Generated_Source\PSoC4/AckTimeoutISR.c **** 
 292:.\Generated_Source\PSoC4/AckTimeoutISR.c **** /*******************************************************************************
 293:.\Generated_Source\PSoC4/AckTimeoutISR.c **** * Function Name: AckTimeoutISR_Enable
 294:.\Generated_Source\PSoC4/AckTimeoutISR.c **** ********************************************************************************
 295:.\Generated_Source\PSoC4/AckTimeoutISR.c **** *
 296:.\Generated_Source\PSoC4/AckTimeoutISR.c **** * Summary:
 297:.\Generated_Source\PSoC4/AckTimeoutISR.c **** *   Enables the interrupt to the interrupt controller. Do not call this function
 298:.\Generated_Source\PSoC4/AckTimeoutISR.c **** *   unless ISR_Start() has been called or the functionality of the ISR_Start() 
 299:.\Generated_Source\PSoC4/AckTimeoutISR.c **** *   function, which sets the vector and the priority, has been called.
 300:.\Generated_Source\PSoC4/AckTimeoutISR.c **** *
 301:.\Generated_Source\PSoC4/AckTimeoutISR.c **** * Parameters:
 302:.\Generated_Source\PSoC4/AckTimeoutISR.c **** *   None
 303:.\Generated_Source\PSoC4/AckTimeoutISR.c **** *
 304:.\Generated_Source\PSoC4/AckTimeoutISR.c **** * Return:
 305:.\Generated_Source\PSoC4/AckTimeoutISR.c **** *   None
 306:.\Generated_Source\PSoC4/AckTimeoutISR.c **** *
 307:.\Generated_Source\PSoC4/AckTimeoutISR.c **** *******************************************************************************/
 308:.\Generated_Source\PSoC4/AckTimeoutISR.c **** void AckTimeoutISR_Enable(void)
 309:.\Generated_Source\PSoC4/AckTimeoutISR.c **** {
 337              		.loc 1 309 0
 338              		.cfi_startproc
 339 0000 80B5     		push	{r7, lr}
 340              		.cfi_def_cfa_offset 8
 341              		.cfi_offset 7, -8
 342              		.cfi_offset 14, -4
 343 0002 00AF     		add	r7, sp, #0
 344              		.cfi_def_cfa_register 7
 310:.\Generated_Source\PSoC4/AckTimeoutISR.c ****     /* Enable the general interrupt. */
 311:.\Generated_Source\PSoC4/AckTimeoutISR.c ****     *AckTimeoutISR_INTC_SET_EN = AckTimeoutISR__INTC_MASK;
 345              		.loc 1 311 0
 346 0004 024B     		ldr	r3, .L24
 347 0006 0122     		mov	r2, #1
 348 0008 1A60     		str	r2, [r3]
 312:.\Generated_Source\PSoC4/AckTimeoutISR.c **** }
 349              		.loc 1 312 0
 350 000a BD46     		mov	sp, r7
 351              		@ sp needed
 352 000c 80BD     		pop	{r7, pc}
 353              	.L25:
 354 000e C046     		.align	2
 355              	.L24:
 356 0010 00E100E0 		.word	-536813312
 357              		.cfi_endproc
 358              	.LFE42:
 359              		.size	AckTimeoutISR_Enable, .-AckTimeoutISR_Enable
 360              		.section	.text.AckTimeoutISR_GetState,"ax",%progbits
 361              		.align	2
 362              		.global	AckTimeoutISR_GetState
 363              		.code	16
 364              		.thumb_func
 365              		.type	AckTimeoutISR_GetState, %function
 366              	AckTimeoutISR_GetState:
 367              	.LFB43:
 313:.\Generated_Source\PSoC4/AckTimeoutISR.c **** 
 314:.\Generated_Source\PSoC4/AckTimeoutISR.c **** 
 315:.\Generated_Source\PSoC4/AckTimeoutISR.c **** /*******************************************************************************
 316:.\Generated_Source\PSoC4/AckTimeoutISR.c **** * Function Name: AckTimeoutISR_GetState
ARM GAS  C:\Users\kylep\AppData\Local\Temp\cct59PEg.s 			page 13


 317:.\Generated_Source\PSoC4/AckTimeoutISR.c **** ********************************************************************************
 318:.\Generated_Source\PSoC4/AckTimeoutISR.c **** *
 319:.\Generated_Source\PSoC4/AckTimeoutISR.c **** * Summary:
 320:.\Generated_Source\PSoC4/AckTimeoutISR.c **** *   Gets the state (enabled, disabled) of the Interrupt.
 321:.\Generated_Source\PSoC4/AckTimeoutISR.c **** *
 322:.\Generated_Source\PSoC4/AckTimeoutISR.c **** * Parameters:
 323:.\Generated_Source\PSoC4/AckTimeoutISR.c **** *   None
 324:.\Generated_Source\PSoC4/AckTimeoutISR.c **** *
 325:.\Generated_Source\PSoC4/AckTimeoutISR.c **** * Return:
 326:.\Generated_Source\PSoC4/AckTimeoutISR.c **** *   1 if enabled, 0 if disabled.
 327:.\Generated_Source\PSoC4/AckTimeoutISR.c **** *
 328:.\Generated_Source\PSoC4/AckTimeoutISR.c **** *******************************************************************************/
 329:.\Generated_Source\PSoC4/AckTimeoutISR.c **** uint8 AckTimeoutISR_GetState(void)
 330:.\Generated_Source\PSoC4/AckTimeoutISR.c **** {
 368              		.loc 1 330 0
 369              		.cfi_startproc
 370 0000 80B5     		push	{r7, lr}
 371              		.cfi_def_cfa_offset 8
 372              		.cfi_offset 7, -8
 373              		.cfi_offset 14, -4
 374 0002 00AF     		add	r7, sp, #0
 375              		.cfi_def_cfa_register 7
 331:.\Generated_Source\PSoC4/AckTimeoutISR.c ****     /* Get the state of the general interrupt. */
 332:.\Generated_Source\PSoC4/AckTimeoutISR.c ****     return ((*AckTimeoutISR_INTC_SET_EN & (uint32)AckTimeoutISR__INTC_MASK) != 0u) ? 1u:0u;
 376              		.loc 1 332 0
 377 0004 044B     		ldr	r3, .L28
 378 0006 1B68     		ldr	r3, [r3]
 379 0008 DBB2     		uxtb	r3, r3
 380 000a 0122     		mov	r2, #1
 381 000c 1340     		and	r3, r2
 382 000e DBB2     		uxtb	r3, r3
 333:.\Generated_Source\PSoC4/AckTimeoutISR.c **** }
 383              		.loc 1 333 0
 384 0010 181C     		mov	r0, r3
 385 0012 BD46     		mov	sp, r7
 386              		@ sp needed
 387 0014 80BD     		pop	{r7, pc}
 388              	.L29:
 389 0016 C046     		.align	2
 390              	.L28:
 391 0018 00E100E0 		.word	-536813312
 392              		.cfi_endproc
 393              	.LFE43:
 394              		.size	AckTimeoutISR_GetState, .-AckTimeoutISR_GetState
 395              		.section	.text.AckTimeoutISR_Disable,"ax",%progbits
 396              		.align	2
 397              		.global	AckTimeoutISR_Disable
 398              		.code	16
 399              		.thumb_func
 400              		.type	AckTimeoutISR_Disable, %function
 401              	AckTimeoutISR_Disable:
 402              	.LFB44:
 334:.\Generated_Source\PSoC4/AckTimeoutISR.c **** 
 335:.\Generated_Source\PSoC4/AckTimeoutISR.c **** 
 336:.\Generated_Source\PSoC4/AckTimeoutISR.c **** /*******************************************************************************
 337:.\Generated_Source\PSoC4/AckTimeoutISR.c **** * Function Name: AckTimeoutISR_Disable
 338:.\Generated_Source\PSoC4/AckTimeoutISR.c **** ********************************************************************************
ARM GAS  C:\Users\kylep\AppData\Local\Temp\cct59PEg.s 			page 14


 339:.\Generated_Source\PSoC4/AckTimeoutISR.c **** *
 340:.\Generated_Source\PSoC4/AckTimeoutISR.c **** * Summary:
 341:.\Generated_Source\PSoC4/AckTimeoutISR.c **** *   Disables the Interrupt in the interrupt controller.
 342:.\Generated_Source\PSoC4/AckTimeoutISR.c **** *
 343:.\Generated_Source\PSoC4/AckTimeoutISR.c **** * Parameters:
 344:.\Generated_Source\PSoC4/AckTimeoutISR.c **** *   None
 345:.\Generated_Source\PSoC4/AckTimeoutISR.c **** *
 346:.\Generated_Source\PSoC4/AckTimeoutISR.c **** * Return:
 347:.\Generated_Source\PSoC4/AckTimeoutISR.c **** *   None
 348:.\Generated_Source\PSoC4/AckTimeoutISR.c **** *
 349:.\Generated_Source\PSoC4/AckTimeoutISR.c **** *******************************************************************************/
 350:.\Generated_Source\PSoC4/AckTimeoutISR.c **** void AckTimeoutISR_Disable(void)
 351:.\Generated_Source\PSoC4/AckTimeoutISR.c **** {
 403              		.loc 1 351 0
 404              		.cfi_startproc
 405 0000 80B5     		push	{r7, lr}
 406              		.cfi_def_cfa_offset 8
 407              		.cfi_offset 7, -8
 408              		.cfi_offset 14, -4
 409 0002 00AF     		add	r7, sp, #0
 410              		.cfi_def_cfa_register 7
 352:.\Generated_Source\PSoC4/AckTimeoutISR.c ****     /* Disable the general interrupt. */
 353:.\Generated_Source\PSoC4/AckTimeoutISR.c ****     *AckTimeoutISR_INTC_CLR_EN = AckTimeoutISR__INTC_MASK;
 411              		.loc 1 353 0
 412 0004 024B     		ldr	r3, .L31
 413 0006 0122     		mov	r2, #1
 414 0008 1A60     		str	r2, [r3]
 354:.\Generated_Source\PSoC4/AckTimeoutISR.c **** }
 415              		.loc 1 354 0
 416 000a BD46     		mov	sp, r7
 417              		@ sp needed
 418 000c 80BD     		pop	{r7, pc}
 419              	.L32:
 420 000e C046     		.align	2
 421              	.L31:
 422 0010 80E100E0 		.word	-536813184
 423              		.cfi_endproc
 424              	.LFE44:
 425              		.size	AckTimeoutISR_Disable, .-AckTimeoutISR_Disable
 426              		.section	.text.AckTimeoutISR_SetPending,"ax",%progbits
 427              		.align	2
 428              		.global	AckTimeoutISR_SetPending
 429              		.code	16
 430              		.thumb_func
 431              		.type	AckTimeoutISR_SetPending, %function
 432              	AckTimeoutISR_SetPending:
 433              	.LFB45:
 355:.\Generated_Source\PSoC4/AckTimeoutISR.c **** 
 356:.\Generated_Source\PSoC4/AckTimeoutISR.c **** 
 357:.\Generated_Source\PSoC4/AckTimeoutISR.c **** /*******************************************************************************
 358:.\Generated_Source\PSoC4/AckTimeoutISR.c **** * Function Name: AckTimeoutISR_SetPending
 359:.\Generated_Source\PSoC4/AckTimeoutISR.c **** ********************************************************************************
 360:.\Generated_Source\PSoC4/AckTimeoutISR.c **** *
 361:.\Generated_Source\PSoC4/AckTimeoutISR.c **** * Summary:
 362:.\Generated_Source\PSoC4/AckTimeoutISR.c **** *   Causes the Interrupt to enter the pending state, a software method of
 363:.\Generated_Source\PSoC4/AckTimeoutISR.c **** *   generating the interrupt.
 364:.\Generated_Source\PSoC4/AckTimeoutISR.c **** *
ARM GAS  C:\Users\kylep\AppData\Local\Temp\cct59PEg.s 			page 15


 365:.\Generated_Source\PSoC4/AckTimeoutISR.c **** * Parameters:
 366:.\Generated_Source\PSoC4/AckTimeoutISR.c **** *   None
 367:.\Generated_Source\PSoC4/AckTimeoutISR.c **** *
 368:.\Generated_Source\PSoC4/AckTimeoutISR.c **** * Return:
 369:.\Generated_Source\PSoC4/AckTimeoutISR.c **** *   None
 370:.\Generated_Source\PSoC4/AckTimeoutISR.c **** *
 371:.\Generated_Source\PSoC4/AckTimeoutISR.c **** * Side Effects:
 372:.\Generated_Source\PSoC4/AckTimeoutISR.c **** *   If interrupts are enabled and the interrupt is set up properly, the ISR is
 373:.\Generated_Source\PSoC4/AckTimeoutISR.c **** *   entered (depending on the priority of this interrupt and other pending 
 374:.\Generated_Source\PSoC4/AckTimeoutISR.c **** *   interrupts).
 375:.\Generated_Source\PSoC4/AckTimeoutISR.c **** *
 376:.\Generated_Source\PSoC4/AckTimeoutISR.c **** *******************************************************************************/
 377:.\Generated_Source\PSoC4/AckTimeoutISR.c **** void AckTimeoutISR_SetPending(void)
 378:.\Generated_Source\PSoC4/AckTimeoutISR.c **** {
 434              		.loc 1 378 0
 435              		.cfi_startproc
 436 0000 80B5     		push	{r7, lr}
 437              		.cfi_def_cfa_offset 8
 438              		.cfi_offset 7, -8
 439              		.cfi_offset 14, -4
 440 0002 00AF     		add	r7, sp, #0
 441              		.cfi_def_cfa_register 7
 379:.\Generated_Source\PSoC4/AckTimeoutISR.c ****     *AckTimeoutISR_INTC_SET_PD = AckTimeoutISR__INTC_MASK;
 442              		.loc 1 379 0
 443 0004 024B     		ldr	r3, .L34
 444 0006 0122     		mov	r2, #1
 445 0008 1A60     		str	r2, [r3]
 380:.\Generated_Source\PSoC4/AckTimeoutISR.c **** }
 446              		.loc 1 380 0
 447 000a BD46     		mov	sp, r7
 448              		@ sp needed
 449 000c 80BD     		pop	{r7, pc}
 450              	.L35:
 451 000e C046     		.align	2
 452              	.L34:
 453 0010 00E200E0 		.word	-536813056
 454              		.cfi_endproc
 455              	.LFE45:
 456              		.size	AckTimeoutISR_SetPending, .-AckTimeoutISR_SetPending
 457              		.section	.text.AckTimeoutISR_ClearPending,"ax",%progbits
 458              		.align	2
 459              		.global	AckTimeoutISR_ClearPending
 460              		.code	16
 461              		.thumb_func
 462              		.type	AckTimeoutISR_ClearPending, %function
 463              	AckTimeoutISR_ClearPending:
 464              	.LFB46:
 381:.\Generated_Source\PSoC4/AckTimeoutISR.c **** 
 382:.\Generated_Source\PSoC4/AckTimeoutISR.c **** 
 383:.\Generated_Source\PSoC4/AckTimeoutISR.c **** /*******************************************************************************
 384:.\Generated_Source\PSoC4/AckTimeoutISR.c **** * Function Name: AckTimeoutISR_ClearPending
 385:.\Generated_Source\PSoC4/AckTimeoutISR.c **** ********************************************************************************
 386:.\Generated_Source\PSoC4/AckTimeoutISR.c **** *
 387:.\Generated_Source\PSoC4/AckTimeoutISR.c **** * Summary:
 388:.\Generated_Source\PSoC4/AckTimeoutISR.c **** *   Clears a pending interrupt in the interrupt controller.
 389:.\Generated_Source\PSoC4/AckTimeoutISR.c **** *
 390:.\Generated_Source\PSoC4/AckTimeoutISR.c **** *   Note Some interrupt sources are clear-on-read and require the block 
ARM GAS  C:\Users\kylep\AppData\Local\Temp\cct59PEg.s 			page 16


 391:.\Generated_Source\PSoC4/AckTimeoutISR.c **** *   interrupt/status register to be read/cleared with the appropriate block API 
 392:.\Generated_Source\PSoC4/AckTimeoutISR.c **** *   (GPIO, UART, and so on). Otherwise the ISR will continue to remain in 
 393:.\Generated_Source\PSoC4/AckTimeoutISR.c **** *   pending state even though the interrupt itself is cleared using this API.
 394:.\Generated_Source\PSoC4/AckTimeoutISR.c **** *
 395:.\Generated_Source\PSoC4/AckTimeoutISR.c **** * Parameters:
 396:.\Generated_Source\PSoC4/AckTimeoutISR.c **** *   None
 397:.\Generated_Source\PSoC4/AckTimeoutISR.c **** *
 398:.\Generated_Source\PSoC4/AckTimeoutISR.c **** * Return:
 399:.\Generated_Source\PSoC4/AckTimeoutISR.c **** *   None
 400:.\Generated_Source\PSoC4/AckTimeoutISR.c **** *
 401:.\Generated_Source\PSoC4/AckTimeoutISR.c **** *******************************************************************************/
 402:.\Generated_Source\PSoC4/AckTimeoutISR.c **** void AckTimeoutISR_ClearPending(void)
 403:.\Generated_Source\PSoC4/AckTimeoutISR.c **** {
 465              		.loc 1 403 0
 466              		.cfi_startproc
 467 0000 80B5     		push	{r7, lr}
 468              		.cfi_def_cfa_offset 8
 469              		.cfi_offset 7, -8
 470              		.cfi_offset 14, -4
 471 0002 00AF     		add	r7, sp, #0
 472              		.cfi_def_cfa_register 7
 404:.\Generated_Source\PSoC4/AckTimeoutISR.c ****     *AckTimeoutISR_INTC_CLR_PD = AckTimeoutISR__INTC_MASK;
 473              		.loc 1 404 0
 474 0004 024B     		ldr	r3, .L37
 475 0006 0122     		mov	r2, #1
 476 0008 1A60     		str	r2, [r3]
 405:.\Generated_Source\PSoC4/AckTimeoutISR.c **** }
 477              		.loc 1 405 0
 478 000a BD46     		mov	sp, r7
 479              		@ sp needed
 480 000c 80BD     		pop	{r7, pc}
 481              	.L38:
 482 000e C046     		.align	2
 483              	.L37:
 484 0010 80E200E0 		.word	-536812928
 485              		.cfi_endproc
 486              	.LFE46:
 487              		.size	AckTimeoutISR_ClearPending, .-AckTimeoutISR_ClearPending
 488              		.text
 489              	.Letext0:
 490              		.file 2 "Generated_Source\\PSoC4/cytypes.h"
 491              		.section	.debug_info,"",%progbits
 492              	.Ldebug_info0:
 493 0000 43020000 		.4byte	0x243
 494 0004 0400     		.2byte	0x4
 495 0006 00000000 		.4byte	.Ldebug_abbrev0
 496 000a 04       		.byte	0x4
 497 000b 01       		.uleb128 0x1
 498 000c 1C000000 		.4byte	.LASF33
 499 0010 01       		.byte	0x1
 500 0011 AC010000 		.4byte	.LASF34
 501 0015 AA000000 		.4byte	.LASF35
 502 0019 00000000 		.4byte	.Ldebug_ranges0+0
 503 001d 00000000 		.4byte	0
 504 0021 00000000 		.4byte	.Ldebug_line0
 505 0025 02       		.uleb128 0x2
 506 0026 01       		.byte	0x1
ARM GAS  C:\Users\kylep\AppData\Local\Temp\cct59PEg.s 			page 17


 507 0027 06       		.byte	0x6
 508 0028 FF020000 		.4byte	.LASF0
 509 002c 02       		.uleb128 0x2
 510 002d 01       		.byte	0x1
 511 002e 08       		.byte	0x8
 512 002f 60010000 		.4byte	.LASF1
 513 0033 02       		.uleb128 0x2
 514 0034 02       		.byte	0x2
 515 0035 05       		.byte	0x5
 516 0036 AF020000 		.4byte	.LASF2
 517 003a 02       		.uleb128 0x2
 518 003b 02       		.byte	0x2
 519 003c 07       		.byte	0x7
 520 003d 14010000 		.4byte	.LASF3
 521 0041 02       		.uleb128 0x2
 522 0042 04       		.byte	0x4
 523 0043 05       		.byte	0x5
 524 0044 F1020000 		.4byte	.LASF4
 525 0048 02       		.uleb128 0x2
 526 0049 04       		.byte	0x4
 527 004a 07       		.byte	0x7
 528 004b 94010000 		.4byte	.LASF5
 529 004f 02       		.uleb128 0x2
 530 0050 08       		.byte	0x8
 531 0051 05       		.byte	0x5
 532 0052 42020000 		.4byte	.LASF6
 533 0056 02       		.uleb128 0x2
 534 0057 08       		.byte	0x8
 535 0058 07       		.byte	0x7
 536 0059 15020000 		.4byte	.LASF7
 537 005d 03       		.uleb128 0x3
 538 005e 04       		.byte	0x4
 539 005f 05       		.byte	0x5
 540 0060 696E7400 		.ascii	"int\000"
 541 0064 02       		.uleb128 0x2
 542 0065 04       		.byte	0x4
 543 0066 07       		.byte	0x7
 544 0067 00020000 		.4byte	.LASF8
 545 006b 04       		.uleb128 0x4
 546 006c A6010000 		.4byte	.LASF9
 547 0070 02       		.byte	0x2
 548 0071 3801     		.2byte	0x138
 549 0073 2C000000 		.4byte	0x2c
 550 0077 04       		.uleb128 0x4
 551 0078 F9010000 		.4byte	.LASF10
 552 007c 02       		.byte	0x2
 553 007d 3A01     		.2byte	0x13a
 554 007f 48000000 		.4byte	0x48
 555 0083 02       		.uleb128 0x2
 556 0084 04       		.byte	0x4
 557 0085 04       		.byte	0x4
 558 0086 5A010000 		.4byte	.LASF11
 559 008a 02       		.uleb128 0x2
 560 008b 08       		.byte	0x8
 561 008c 04       		.byte	0x4
 562 008d E9010000 		.4byte	.LASF12
 563 0091 02       		.uleb128 0x2
ARM GAS  C:\Users\kylep\AppData\Local\Temp\cct59PEg.s 			page 18


 564 0092 01       		.byte	0x1
 565 0093 08       		.byte	0x8
 566 0094 FA020000 		.4byte	.LASF13
 567 0098 04       		.uleb128 0x4
 568 0099 16000000 		.4byte	.LASF14
 569 009d 02       		.byte	0x2
 570 009e E401     		.2byte	0x1e4
 571 00a0 A4000000 		.4byte	0xa4
 572 00a4 05       		.uleb128 0x5
 573 00a5 77000000 		.4byte	0x77
 574 00a9 04       		.uleb128 0x4
 575 00aa 2C020000 		.4byte	.LASF15
 576 00ae 02       		.byte	0x2
 577 00af F401     		.2byte	0x1f4
 578 00b1 B5000000 		.4byte	0xb5
 579 00b5 06       		.uleb128 0x6
 580 00b6 04       		.byte	0x4
 581 00b7 BB000000 		.4byte	0xbb
 582 00bb 07       		.uleb128 0x7
 583 00bc 02       		.uleb128 0x2
 584 00bd 04       		.byte	0x4
 585 00be 07       		.byte	0x7
 586 00bf 39020000 		.4byte	.LASF16
 587 00c3 08       		.uleb128 0x8
 588 00c4 D5010000 		.4byte	.LASF17
 589 00c8 01       		.byte	0x1
 590 00c9 3A       		.byte	0x3a
 591 00ca 00000000 		.4byte	.LFB34
 592 00ce 24000000 		.4byte	.LFE34-.LFB34
 593 00d2 01       		.uleb128 0x1
 594 00d3 9C       		.byte	0x9c
 595 00d4 09       		.uleb128 0x9
 596 00d5 CC020000 		.4byte	.LASF20
 597 00d9 01       		.byte	0x1
 598 00da 65       		.byte	0x65
 599 00db 00000000 		.4byte	.LFB35
 600 00df 24000000 		.4byte	.LFE35-.LFB35
 601 00e3 01       		.uleb128 0x1
 602 00e4 9C       		.byte	0x9c
 603 00e5 F8000000 		.4byte	0xf8
 604 00e9 0A       		.uleb128 0xa
 605 00ea 0D020000 		.4byte	.LASF22
 606 00ee 01       		.byte	0x1
 607 00ef 65       		.byte	0x65
 608 00f0 A9000000 		.4byte	0xa9
 609 00f4 02       		.uleb128 0x2
 610 00f5 91       		.byte	0x91
 611 00f6 74       		.sleb128 -12
 612 00f7 00       		.byte	0
 613 00f8 08       		.uleb128 0x8
 614 00f9 B9020000 		.4byte	.LASF18
 615 00fd 01       		.byte	0x1
 616 00fe 83       		.byte	0x83
 617 00ff 00000000 		.4byte	.LFB36
 618 0103 18000000 		.4byte	.LFE36-.LFB36
 619 0107 01       		.uleb128 0x1
 620 0108 9C       		.byte	0x9c
ARM GAS  C:\Users\kylep\AppData\Local\Temp\cct59PEg.s 			page 19


 621 0109 08       		.uleb128 0x8
 622 010a 7D020000 		.4byte	.LASF19
 623 010e 01       		.byte	0x1
 624 010f A1       		.byte	0xa1
 625 0110 00000000 		.4byte	.LFB37
 626 0114 0C000000 		.4byte	.LFE37-.LFB37
 627 0118 01       		.uleb128 0x1
 628 0119 9C       		.byte	0x9c
 629 011a 0B       		.uleb128 0xb
 630 011b 26030000 		.4byte	.LASF21
 631 011f 01       		.byte	0x1
 632 0120 CB       		.byte	0xcb
 633 0121 00000000 		.4byte	.LFB38
 634 0125 18000000 		.4byte	.LFE38-.LFB38
 635 0129 01       		.uleb128 0x1
 636 012a 9C       		.byte	0x9c
 637 012b 3E010000 		.4byte	0x13e
 638 012f 0A       		.uleb128 0xa
 639 0130 0D020000 		.4byte	.LASF22
 640 0134 01       		.byte	0x1
 641 0135 CB       		.byte	0xcb
 642 0136 A9000000 		.4byte	0xa9
 643 013a 02       		.uleb128 0x2
 644 013b 91       		.byte	0x91
 645 013c 74       		.sleb128 -12
 646 013d 00       		.byte	0
 647 013e 0C       		.uleb128 0xc
 648 013f 65020000 		.4byte	.LASF28
 649 0143 01       		.byte	0x1
 650 0144 DF       		.byte	0xdf
 651 0145 A9000000 		.4byte	0xa9
 652 0149 00000000 		.4byte	.LFB39
 653 014d 14000000 		.4byte	.LFE39-.LFB39
 654 0151 01       		.uleb128 0x1
 655 0152 9C       		.byte	0x9c
 656 0153 09       		.uleb128 0x9
 657 0154 95020000 		.4byte	.LASF23
 658 0158 01       		.byte	0x1
 659 0159 FD       		.byte	0xfd
 660 015a 00000000 		.4byte	.LFB40
 661 015e 4C000000 		.4byte	.LFE40-.LFB40
 662 0162 01       		.uleb128 0x1
 663 0163 9C       		.byte	0x9c
 664 0164 94010000 		.4byte	0x194
 665 0168 0A       		.uleb128 0xa
 666 0169 F0010000 		.4byte	.LASF24
 667 016d 01       		.byte	0x1
 668 016e FD       		.byte	0xfd
 669 016f 6B000000 		.4byte	0x6b
 670 0173 02       		.uleb128 0x2
 671 0174 91       		.byte	0x91
 672 0175 67       		.sleb128 -25
 673 0176 0D       		.uleb128 0xd
 674 0177 85010000 		.4byte	.LASF25
 675 017b 01       		.byte	0x1
 676 017c FF       		.byte	0xff
 677 017d 6B000000 		.4byte	0x6b
ARM GAS  C:\Users\kylep\AppData\Local\Temp\cct59PEg.s 			page 20


 678 0181 02       		.uleb128 0x2
 679 0182 91       		.byte	0x91
 680 0183 6B       		.sleb128 -21
 681 0184 0E       		.uleb128 0xe
 682 0185 E2020000 		.4byte	.LASF26
 683 0189 01       		.byte	0x1
 684 018a 0001     		.2byte	0x100
 685 018c 77000000 		.4byte	0x77
 686 0190 02       		.uleb128 0x2
 687 0191 91       		.byte	0x91
 688 0192 6C       		.sleb128 -20
 689 0193 00       		.byte	0
 690 0194 0F       		.uleb128 0xf
 691 0195 27010000 		.4byte	.LASF36
 692 0199 01       		.byte	0x1
 693 019a 1901     		.2byte	0x119
 694 019c 6B000000 		.4byte	0x6b
 695 01a0 00000000 		.4byte	.LFB41
 696 01a4 2C000000 		.4byte	.LFE41-.LFB41
 697 01a8 01       		.uleb128 0x1
 698 01a9 9C       		.byte	0x9c
 699 01aa CD010000 		.4byte	0x1cd
 700 01ae 0E       		.uleb128 0xe
 701 01af F0010000 		.4byte	.LASF24
 702 01b3 01       		.byte	0x1
 703 01b4 1B01     		.2byte	0x11b
 704 01b6 77000000 		.4byte	0x77
 705 01ba 02       		.uleb128 0x2
 706 01bb 91       		.byte	0x91
 707 01bc 70       		.sleb128 -16
 708 01bd 0E       		.uleb128 0xe
 709 01be E2020000 		.4byte	.LASF26
 710 01c2 01       		.byte	0x1
 711 01c3 1C01     		.2byte	0x11c
 712 01c5 77000000 		.4byte	0x77
 713 01c9 02       		.uleb128 0x2
 714 01ca 91       		.byte	0x91
 715 01cb 74       		.sleb128 -12
 716 01cc 00       		.byte	0
 717 01cd 10       		.uleb128 0x10
 718 01ce 50020000 		.4byte	.LASF27
 719 01d2 01       		.byte	0x1
 720 01d3 3401     		.2byte	0x134
 721 01d5 00000000 		.4byte	.LFB42
 722 01d9 14000000 		.4byte	.LFE42-.LFB42
 723 01dd 01       		.uleb128 0x1
 724 01de 9C       		.byte	0x9c
 725 01df 11       		.uleb128 0x11
 726 01e0 6E010000 		.4byte	.LASF29
 727 01e4 01       		.byte	0x1
 728 01e5 4901     		.2byte	0x149
 729 01e7 6B000000 		.4byte	0x6b
 730 01eb 00000000 		.4byte	.LFB43
 731 01ef 1C000000 		.4byte	.LFE43-.LFB43
 732 01f3 01       		.uleb128 0x1
 733 01f4 9C       		.byte	0x9c
 734 01f5 10       		.uleb128 0x10
ARM GAS  C:\Users\kylep\AppData\Local\Temp\cct59PEg.s 			page 21


 735 01f6 00000000 		.4byte	.LASF30
 736 01fa 01       		.byte	0x1
 737 01fb 5E01     		.2byte	0x15e
 738 01fd 00000000 		.4byte	.LFB44
 739 0201 14000000 		.4byte	.LFE44-.LFB44
 740 0205 01       		.uleb128 0x1
 741 0206 9C       		.byte	0x9c
 742 0207 10       		.uleb128 0x10
 743 0208 41010000 		.4byte	.LASF31
 744 020c 01       		.byte	0x1
 745 020d 7901     		.2byte	0x179
 746 020f 00000000 		.4byte	.LFB45
 747 0213 14000000 		.4byte	.LFE45-.LFB45
 748 0217 01       		.uleb128 0x1
 749 0218 9C       		.byte	0x9c
 750 0219 10       		.uleb128 0x10
 751 021a 0B030000 		.4byte	.LASF32
 752 021e 01       		.byte	0x1
 753 021f 9201     		.2byte	0x192
 754 0221 00000000 		.4byte	.LFB46
 755 0225 14000000 		.4byte	.LFE46-.LFB46
 756 0229 01       		.uleb128 0x1
 757 022a 9C       		.byte	0x9c
 758 022b 12       		.uleb128 0x12
 759 022c A9000000 		.4byte	0xa9
 760 0230 3B020000 		.4byte	0x23b
 761 0234 13       		.uleb128 0x13
 762 0235 BC000000 		.4byte	0xbc
 763 0239 2F       		.byte	0x2f
 764 023a 00       		.byte	0
 765 023b 14       		.uleb128 0x14
 766 023c 07010000 		.4byte	.LASF37
 767 0240 01       		.byte	0x1
 768 0241 23       		.byte	0x23
 769 0242 2B020000 		.4byte	0x22b
 770 0246 00       		.byte	0
 771              		.section	.debug_abbrev,"",%progbits
 772              	.Ldebug_abbrev0:
 773 0000 01       		.uleb128 0x1
 774 0001 11       		.uleb128 0x11
 775 0002 01       		.byte	0x1
 776 0003 25       		.uleb128 0x25
 777 0004 0E       		.uleb128 0xe
 778 0005 13       		.uleb128 0x13
 779 0006 0B       		.uleb128 0xb
 780 0007 03       		.uleb128 0x3
 781 0008 0E       		.uleb128 0xe
 782 0009 1B       		.uleb128 0x1b
 783 000a 0E       		.uleb128 0xe
 784 000b 55       		.uleb128 0x55
 785 000c 17       		.uleb128 0x17
 786 000d 11       		.uleb128 0x11
 787 000e 01       		.uleb128 0x1
 788 000f 10       		.uleb128 0x10
 789 0010 17       		.uleb128 0x17
 790 0011 00       		.byte	0
 791 0012 00       		.byte	0
ARM GAS  C:\Users\kylep\AppData\Local\Temp\cct59PEg.s 			page 22


 792 0013 02       		.uleb128 0x2
 793 0014 24       		.uleb128 0x24
 794 0015 00       		.byte	0
 795 0016 0B       		.uleb128 0xb
 796 0017 0B       		.uleb128 0xb
 797 0018 3E       		.uleb128 0x3e
 798 0019 0B       		.uleb128 0xb
 799 001a 03       		.uleb128 0x3
 800 001b 0E       		.uleb128 0xe
 801 001c 00       		.byte	0
 802 001d 00       		.byte	0
 803 001e 03       		.uleb128 0x3
 804 001f 24       		.uleb128 0x24
 805 0020 00       		.byte	0
 806 0021 0B       		.uleb128 0xb
 807 0022 0B       		.uleb128 0xb
 808 0023 3E       		.uleb128 0x3e
 809 0024 0B       		.uleb128 0xb
 810 0025 03       		.uleb128 0x3
 811 0026 08       		.uleb128 0x8
 812 0027 00       		.byte	0
 813 0028 00       		.byte	0
 814 0029 04       		.uleb128 0x4
 815 002a 16       		.uleb128 0x16
 816 002b 00       		.byte	0
 817 002c 03       		.uleb128 0x3
 818 002d 0E       		.uleb128 0xe
 819 002e 3A       		.uleb128 0x3a
 820 002f 0B       		.uleb128 0xb
 821 0030 3B       		.uleb128 0x3b
 822 0031 05       		.uleb128 0x5
 823 0032 49       		.uleb128 0x49
 824 0033 13       		.uleb128 0x13
 825 0034 00       		.byte	0
 826 0035 00       		.byte	0
 827 0036 05       		.uleb128 0x5
 828 0037 35       		.uleb128 0x35
 829 0038 00       		.byte	0
 830 0039 49       		.uleb128 0x49
 831 003a 13       		.uleb128 0x13
 832 003b 00       		.byte	0
 833 003c 00       		.byte	0
 834 003d 06       		.uleb128 0x6
 835 003e 0F       		.uleb128 0xf
 836 003f 00       		.byte	0
 837 0040 0B       		.uleb128 0xb
 838 0041 0B       		.uleb128 0xb
 839 0042 49       		.uleb128 0x49
 840 0043 13       		.uleb128 0x13
 841 0044 00       		.byte	0
 842 0045 00       		.byte	0
 843 0046 07       		.uleb128 0x7
 844 0047 15       		.uleb128 0x15
 845 0048 00       		.byte	0
 846 0049 27       		.uleb128 0x27
 847 004a 19       		.uleb128 0x19
 848 004b 00       		.byte	0
ARM GAS  C:\Users\kylep\AppData\Local\Temp\cct59PEg.s 			page 23


 849 004c 00       		.byte	0
 850 004d 08       		.uleb128 0x8
 851 004e 2E       		.uleb128 0x2e
 852 004f 00       		.byte	0
 853 0050 3F       		.uleb128 0x3f
 854 0051 19       		.uleb128 0x19
 855 0052 03       		.uleb128 0x3
 856 0053 0E       		.uleb128 0xe
 857 0054 3A       		.uleb128 0x3a
 858 0055 0B       		.uleb128 0xb
 859 0056 3B       		.uleb128 0x3b
 860 0057 0B       		.uleb128 0xb
 861 0058 27       		.uleb128 0x27
 862 0059 19       		.uleb128 0x19
 863 005a 11       		.uleb128 0x11
 864 005b 01       		.uleb128 0x1
 865 005c 12       		.uleb128 0x12
 866 005d 06       		.uleb128 0x6
 867 005e 40       		.uleb128 0x40
 868 005f 18       		.uleb128 0x18
 869 0060 9642     		.uleb128 0x2116
 870 0062 19       		.uleb128 0x19
 871 0063 00       		.byte	0
 872 0064 00       		.byte	0
 873 0065 09       		.uleb128 0x9
 874 0066 2E       		.uleb128 0x2e
 875 0067 01       		.byte	0x1
 876 0068 3F       		.uleb128 0x3f
 877 0069 19       		.uleb128 0x19
 878 006a 03       		.uleb128 0x3
 879 006b 0E       		.uleb128 0xe
 880 006c 3A       		.uleb128 0x3a
 881 006d 0B       		.uleb128 0xb
 882 006e 3B       		.uleb128 0x3b
 883 006f 0B       		.uleb128 0xb
 884 0070 27       		.uleb128 0x27
 885 0071 19       		.uleb128 0x19
 886 0072 11       		.uleb128 0x11
 887 0073 01       		.uleb128 0x1
 888 0074 12       		.uleb128 0x12
 889 0075 06       		.uleb128 0x6
 890 0076 40       		.uleb128 0x40
 891 0077 18       		.uleb128 0x18
 892 0078 9642     		.uleb128 0x2116
 893 007a 19       		.uleb128 0x19
 894 007b 01       		.uleb128 0x1
 895 007c 13       		.uleb128 0x13
 896 007d 00       		.byte	0
 897 007e 00       		.byte	0
 898 007f 0A       		.uleb128 0xa
 899 0080 05       		.uleb128 0x5
 900 0081 00       		.byte	0
 901 0082 03       		.uleb128 0x3
 902 0083 0E       		.uleb128 0xe
 903 0084 3A       		.uleb128 0x3a
 904 0085 0B       		.uleb128 0xb
 905 0086 3B       		.uleb128 0x3b
ARM GAS  C:\Users\kylep\AppData\Local\Temp\cct59PEg.s 			page 24


 906 0087 0B       		.uleb128 0xb
 907 0088 49       		.uleb128 0x49
 908 0089 13       		.uleb128 0x13
 909 008a 02       		.uleb128 0x2
 910 008b 18       		.uleb128 0x18
 911 008c 00       		.byte	0
 912 008d 00       		.byte	0
 913 008e 0B       		.uleb128 0xb
 914 008f 2E       		.uleb128 0x2e
 915 0090 01       		.byte	0x1
 916 0091 3F       		.uleb128 0x3f
 917 0092 19       		.uleb128 0x19
 918 0093 03       		.uleb128 0x3
 919 0094 0E       		.uleb128 0xe
 920 0095 3A       		.uleb128 0x3a
 921 0096 0B       		.uleb128 0xb
 922 0097 3B       		.uleb128 0x3b
 923 0098 0B       		.uleb128 0xb
 924 0099 27       		.uleb128 0x27
 925 009a 19       		.uleb128 0x19
 926 009b 11       		.uleb128 0x11
 927 009c 01       		.uleb128 0x1
 928 009d 12       		.uleb128 0x12
 929 009e 06       		.uleb128 0x6
 930 009f 40       		.uleb128 0x40
 931 00a0 18       		.uleb128 0x18
 932 00a1 9742     		.uleb128 0x2117
 933 00a3 19       		.uleb128 0x19
 934 00a4 01       		.uleb128 0x1
 935 00a5 13       		.uleb128 0x13
 936 00a6 00       		.byte	0
 937 00a7 00       		.byte	0
 938 00a8 0C       		.uleb128 0xc
 939 00a9 2E       		.uleb128 0x2e
 940 00aa 00       		.byte	0
 941 00ab 3F       		.uleb128 0x3f
 942 00ac 19       		.uleb128 0x19
 943 00ad 03       		.uleb128 0x3
 944 00ae 0E       		.uleb128 0xe
 945 00af 3A       		.uleb128 0x3a
 946 00b0 0B       		.uleb128 0xb
 947 00b1 3B       		.uleb128 0x3b
 948 00b2 0B       		.uleb128 0xb
 949 00b3 27       		.uleb128 0x27
 950 00b4 19       		.uleb128 0x19
 951 00b5 49       		.uleb128 0x49
 952 00b6 13       		.uleb128 0x13
 953 00b7 11       		.uleb128 0x11
 954 00b8 01       		.uleb128 0x1
 955 00b9 12       		.uleb128 0x12
 956 00ba 06       		.uleb128 0x6
 957 00bb 40       		.uleb128 0x40
 958 00bc 18       		.uleb128 0x18
 959 00bd 9742     		.uleb128 0x2117
 960 00bf 19       		.uleb128 0x19
 961 00c0 00       		.byte	0
 962 00c1 00       		.byte	0
ARM GAS  C:\Users\kylep\AppData\Local\Temp\cct59PEg.s 			page 25


 963 00c2 0D       		.uleb128 0xd
 964 00c3 34       		.uleb128 0x34
 965 00c4 00       		.byte	0
 966 00c5 03       		.uleb128 0x3
 967 00c6 0E       		.uleb128 0xe
 968 00c7 3A       		.uleb128 0x3a
 969 00c8 0B       		.uleb128 0xb
 970 00c9 3B       		.uleb128 0x3b
 971 00ca 0B       		.uleb128 0xb
 972 00cb 49       		.uleb128 0x49
 973 00cc 13       		.uleb128 0x13
 974 00cd 02       		.uleb128 0x2
 975 00ce 18       		.uleb128 0x18
 976 00cf 00       		.byte	0
 977 00d0 00       		.byte	0
 978 00d1 0E       		.uleb128 0xe
 979 00d2 34       		.uleb128 0x34
 980 00d3 00       		.byte	0
 981 00d4 03       		.uleb128 0x3
 982 00d5 0E       		.uleb128 0xe
 983 00d6 3A       		.uleb128 0x3a
 984 00d7 0B       		.uleb128 0xb
 985 00d8 3B       		.uleb128 0x3b
 986 00d9 05       		.uleb128 0x5
 987 00da 49       		.uleb128 0x49
 988 00db 13       		.uleb128 0x13
 989 00dc 02       		.uleb128 0x2
 990 00dd 18       		.uleb128 0x18
 991 00de 00       		.byte	0
 992 00df 00       		.byte	0
 993 00e0 0F       		.uleb128 0xf
 994 00e1 2E       		.uleb128 0x2e
 995 00e2 01       		.byte	0x1
 996 00e3 3F       		.uleb128 0x3f
 997 00e4 19       		.uleb128 0x19
 998 00e5 03       		.uleb128 0x3
 999 00e6 0E       		.uleb128 0xe
 1000 00e7 3A       		.uleb128 0x3a
 1001 00e8 0B       		.uleb128 0xb
 1002 00e9 3B       		.uleb128 0x3b
 1003 00ea 05       		.uleb128 0x5
 1004 00eb 27       		.uleb128 0x27
 1005 00ec 19       		.uleb128 0x19
 1006 00ed 49       		.uleb128 0x49
 1007 00ee 13       		.uleb128 0x13
 1008 00ef 11       		.uleb128 0x11
 1009 00f0 01       		.uleb128 0x1
 1010 00f1 12       		.uleb128 0x12
 1011 00f2 06       		.uleb128 0x6
 1012 00f3 40       		.uleb128 0x40
 1013 00f4 18       		.uleb128 0x18
 1014 00f5 9742     		.uleb128 0x2117
 1015 00f7 19       		.uleb128 0x19
 1016 00f8 01       		.uleb128 0x1
 1017 00f9 13       		.uleb128 0x13
 1018 00fa 00       		.byte	0
 1019 00fb 00       		.byte	0
ARM GAS  C:\Users\kylep\AppData\Local\Temp\cct59PEg.s 			page 26


 1020 00fc 10       		.uleb128 0x10
 1021 00fd 2E       		.uleb128 0x2e
 1022 00fe 00       		.byte	0
 1023 00ff 3F       		.uleb128 0x3f
 1024 0100 19       		.uleb128 0x19
 1025 0101 03       		.uleb128 0x3
 1026 0102 0E       		.uleb128 0xe
 1027 0103 3A       		.uleb128 0x3a
 1028 0104 0B       		.uleb128 0xb
 1029 0105 3B       		.uleb128 0x3b
 1030 0106 05       		.uleb128 0x5
 1031 0107 27       		.uleb128 0x27
 1032 0108 19       		.uleb128 0x19
 1033 0109 11       		.uleb128 0x11
 1034 010a 01       		.uleb128 0x1
 1035 010b 12       		.uleb128 0x12
 1036 010c 06       		.uleb128 0x6
 1037 010d 40       		.uleb128 0x40
 1038 010e 18       		.uleb128 0x18
 1039 010f 9742     		.uleb128 0x2117
 1040 0111 19       		.uleb128 0x19
 1041 0112 00       		.byte	0
 1042 0113 00       		.byte	0
 1043 0114 11       		.uleb128 0x11
 1044 0115 2E       		.uleb128 0x2e
 1045 0116 00       		.byte	0
 1046 0117 3F       		.uleb128 0x3f
 1047 0118 19       		.uleb128 0x19
 1048 0119 03       		.uleb128 0x3
 1049 011a 0E       		.uleb128 0xe
 1050 011b 3A       		.uleb128 0x3a
 1051 011c 0B       		.uleb128 0xb
 1052 011d 3B       		.uleb128 0x3b
 1053 011e 05       		.uleb128 0x5
 1054 011f 27       		.uleb128 0x27
 1055 0120 19       		.uleb128 0x19
 1056 0121 49       		.uleb128 0x49
 1057 0122 13       		.uleb128 0x13
 1058 0123 11       		.uleb128 0x11
 1059 0124 01       		.uleb128 0x1
 1060 0125 12       		.uleb128 0x12
 1061 0126 06       		.uleb128 0x6
 1062 0127 40       		.uleb128 0x40
 1063 0128 18       		.uleb128 0x18
 1064 0129 9742     		.uleb128 0x2117
 1065 012b 19       		.uleb128 0x19
 1066 012c 00       		.byte	0
 1067 012d 00       		.byte	0
 1068 012e 12       		.uleb128 0x12
 1069 012f 01       		.uleb128 0x1
 1070 0130 01       		.byte	0x1
 1071 0131 49       		.uleb128 0x49
 1072 0132 13       		.uleb128 0x13
 1073 0133 01       		.uleb128 0x1
 1074 0134 13       		.uleb128 0x13
 1075 0135 00       		.byte	0
 1076 0136 00       		.byte	0
ARM GAS  C:\Users\kylep\AppData\Local\Temp\cct59PEg.s 			page 27


 1077 0137 13       		.uleb128 0x13
 1078 0138 21       		.uleb128 0x21
 1079 0139 00       		.byte	0
 1080 013a 49       		.uleb128 0x49
 1081 013b 13       		.uleb128 0x13
 1082 013c 2F       		.uleb128 0x2f
 1083 013d 0B       		.uleb128 0xb
 1084 013e 00       		.byte	0
 1085 013f 00       		.byte	0
 1086 0140 14       		.uleb128 0x14
 1087 0141 34       		.uleb128 0x34
 1088 0142 00       		.byte	0
 1089 0143 03       		.uleb128 0x3
 1090 0144 0E       		.uleb128 0xe
 1091 0145 3A       		.uleb128 0x3a
 1092 0146 0B       		.uleb128 0xb
 1093 0147 3B       		.uleb128 0x3b
 1094 0148 0B       		.uleb128 0xb
 1095 0149 49       		.uleb128 0x49
 1096 014a 13       		.uleb128 0x13
 1097 014b 3F       		.uleb128 0x3f
 1098 014c 19       		.uleb128 0x19
 1099 014d 3C       		.uleb128 0x3c
 1100 014e 19       		.uleb128 0x19
 1101 014f 00       		.byte	0
 1102 0150 00       		.byte	0
 1103 0151 00       		.byte	0
 1104              		.section	.debug_aranges,"",%progbits
 1105 0000 7C000000 		.4byte	0x7c
 1106 0004 0200     		.2byte	0x2
 1107 0006 00000000 		.4byte	.Ldebug_info0
 1108 000a 04       		.byte	0x4
 1109 000b 00       		.byte	0
 1110 000c 0000     		.2byte	0
 1111 000e 0000     		.2byte	0
 1112 0010 00000000 		.4byte	.LFB34
 1113 0014 24000000 		.4byte	.LFE34-.LFB34
 1114 0018 00000000 		.4byte	.LFB35
 1115 001c 24000000 		.4byte	.LFE35-.LFB35
 1116 0020 00000000 		.4byte	.LFB36
 1117 0024 18000000 		.4byte	.LFE36-.LFB36
 1118 0028 00000000 		.4byte	.LFB37
 1119 002c 0C000000 		.4byte	.LFE37-.LFB37
 1120 0030 00000000 		.4byte	.LFB38
 1121 0034 18000000 		.4byte	.LFE38-.LFB38
 1122 0038 00000000 		.4byte	.LFB39
 1123 003c 14000000 		.4byte	.LFE39-.LFB39
 1124 0040 00000000 		.4byte	.LFB40
 1125 0044 4C000000 		.4byte	.LFE40-.LFB40
 1126 0048 00000000 		.4byte	.LFB41
 1127 004c 2C000000 		.4byte	.LFE41-.LFB41
 1128 0050 00000000 		.4byte	.LFB42
 1129 0054 14000000 		.4byte	.LFE42-.LFB42
 1130 0058 00000000 		.4byte	.LFB43
 1131 005c 1C000000 		.4byte	.LFE43-.LFB43
 1132 0060 00000000 		.4byte	.LFB44
 1133 0064 14000000 		.4byte	.LFE44-.LFB44
ARM GAS  C:\Users\kylep\AppData\Local\Temp\cct59PEg.s 			page 28


 1134 0068 00000000 		.4byte	.LFB45
 1135 006c 14000000 		.4byte	.LFE45-.LFB45
 1136 0070 00000000 		.4byte	.LFB46
 1137 0074 14000000 		.4byte	.LFE46-.LFB46
 1138 0078 00000000 		.4byte	0
 1139 007c 00000000 		.4byte	0
 1140              		.section	.debug_ranges,"",%progbits
 1141              	.Ldebug_ranges0:
 1142 0000 00000000 		.4byte	.LFB34
 1143 0004 24000000 		.4byte	.LFE34
 1144 0008 00000000 		.4byte	.LFB35
 1145 000c 24000000 		.4byte	.LFE35
 1146 0010 00000000 		.4byte	.LFB36
 1147 0014 18000000 		.4byte	.LFE36
 1148 0018 00000000 		.4byte	.LFB37
 1149 001c 0C000000 		.4byte	.LFE37
 1150 0020 00000000 		.4byte	.LFB38
 1151 0024 18000000 		.4byte	.LFE38
 1152 0028 00000000 		.4byte	.LFB39
 1153 002c 14000000 		.4byte	.LFE39
 1154 0030 00000000 		.4byte	.LFB40
 1155 0034 4C000000 		.4byte	.LFE40
 1156 0038 00000000 		.4byte	.LFB41
 1157 003c 2C000000 		.4byte	.LFE41
 1158 0040 00000000 		.4byte	.LFB42
 1159 0044 14000000 		.4byte	.LFE42
 1160 0048 00000000 		.4byte	.LFB43
 1161 004c 1C000000 		.4byte	.LFE43
 1162 0050 00000000 		.4byte	.LFB44
 1163 0054 14000000 		.4byte	.LFE44
 1164 0058 00000000 		.4byte	.LFB45
 1165 005c 14000000 		.4byte	.LFE45
 1166 0060 00000000 		.4byte	.LFB46
 1167 0064 14000000 		.4byte	.LFE46
 1168 0068 00000000 		.4byte	0
 1169 006c 00000000 		.4byte	0
 1170              		.section	.debug_line,"",%progbits
 1171              	.Ldebug_line0:
 1172 0000 60010000 		.section	.debug_str,"MS",%progbits,1
 1172      02006300 
 1172      00000201 
 1172      FB0E0D00 
 1172      01010101 
 1173              	.LASF30:
 1174 0000 41636B54 		.ascii	"AckTimeoutISR_Disable\000"
 1174      696D656F 
 1174      75744953 
 1174      525F4469 
 1174      7361626C 
 1175              	.LASF14:
 1176 0016 72656733 		.ascii	"reg32\000"
 1176      3200
 1177              	.LASF33:
 1178 001c 474E5520 		.ascii	"GNU C 4.9.3 20150303 (release) [ARM/embedded-4_9-br"
 1178      4320342E 
 1178      392E3320 
 1178      32303135 
ARM GAS  C:\Users\kylep\AppData\Local\Temp\cct59PEg.s 			page 29


 1178      30333033 
 1179 004f 616E6368 		.ascii	"anch revision 221220] -mcpu=cortex-m0 -mthumb -g -O"
 1179      20726576 
 1179      6973696F 
 1179      6E203232 
 1179      31323230 
 1180 0082 30202D66 		.ascii	"0 -ffunction-sections -ffat-lto-objects\000"
 1180      66756E63 
 1180      74696F6E 
 1180      2D736563 
 1180      74696F6E 
 1181              	.LASF35:
 1182 00aa 433A5C55 		.ascii	"C:\\Users\\kylep\\Box Sync\\Feniex Firmware Files\\"
 1182      73657273 
 1182      5C6B796C 
 1182      65705C42 
 1182      6F782053 
 1183 00d8 414C4220 		.ascii	"ALB Cube\\81-00024-01 AI Cube\\81-00024-01.cydsn\000"
 1183      43756265 
 1183      5C38312D 
 1183      30303032 
 1183      342D3031 
 1184              	.LASF37:
 1185 0107 43795261 		.ascii	"CyRamVectors\000"
 1185      6D566563 
 1185      746F7273 
 1185      00
 1186              	.LASF3:
 1187 0114 73686F72 		.ascii	"short unsigned int\000"
 1187      7420756E 
 1187      7369676E 
 1187      65642069 
 1187      6E7400
 1188              	.LASF36:
 1189 0127 41636B54 		.ascii	"AckTimeoutISR_GetPriority\000"
 1189      696D656F 
 1189      75744953 
 1189      525F4765 
 1189      74507269 
 1190              	.LASF31:
 1191 0141 41636B54 		.ascii	"AckTimeoutISR_SetPending\000"
 1191      696D656F 
 1191      75744953 
 1191      525F5365 
 1191      7450656E 
 1192              	.LASF11:
 1193 015a 666C6F61 		.ascii	"float\000"
 1193      7400
 1194              	.LASF1:
 1195 0160 756E7369 		.ascii	"unsigned char\000"
 1195      676E6564 
 1195      20636861 
 1195      7200
 1196              	.LASF29:
 1197 016e 41636B54 		.ascii	"AckTimeoutISR_GetState\000"
 1197      696D656F 
 1197      75744953 
ARM GAS  C:\Users\kylep\AppData\Local\Temp\cct59PEg.s 			page 30


 1197      525F4765 
 1197      74537461 
 1198              	.LASF25:
 1199 0185 696E7465 		.ascii	"interruptState\000"
 1199      72727570 
 1199      74537461 
 1199      746500
 1200              	.LASF5:
 1201 0194 6C6F6E67 		.ascii	"long unsigned int\000"
 1201      20756E73 
 1201      69676E65 
 1201      6420696E 
 1201      7400
 1202              	.LASF9:
 1203 01a6 75696E74 		.ascii	"uint8\000"
 1203      3800
 1204              	.LASF34:
 1205 01ac 2E5C4765 		.ascii	".\\Generated_Source\\PSoC4\\AckTimeoutISR.c\000"
 1205      6E657261 
 1205      7465645F 
 1205      536F7572 
 1205      63655C50 
 1206              	.LASF17:
 1207 01d5 41636B54 		.ascii	"AckTimeoutISR_Start\000"
 1207      696D656F 
 1207      75744953 
 1207      525F5374 
 1207      61727400 
 1208              	.LASF12:
 1209 01e9 646F7562 		.ascii	"double\000"
 1209      6C6500
 1210              	.LASF24:
 1211 01f0 7072696F 		.ascii	"priority\000"
 1211      72697479 
 1211      00
 1212              	.LASF10:
 1213 01f9 75696E74 		.ascii	"uint32\000"
 1213      333200
 1214              	.LASF8:
 1215 0200 756E7369 		.ascii	"unsigned int\000"
 1215      676E6564 
 1215      20696E74 
 1215      00
 1216              	.LASF22:
 1217 020d 61646472 		.ascii	"address\000"
 1217      65737300 
 1218              	.LASF7:
 1219 0215 6C6F6E67 		.ascii	"long long unsigned int\000"
 1219      206C6F6E 
 1219      6720756E 
 1219      7369676E 
 1219      65642069 
 1220              	.LASF15:
 1221 022c 63796973 		.ascii	"cyisraddress\000"
 1221      72616464 
 1221      72657373 
 1221      00
ARM GAS  C:\Users\kylep\AppData\Local\Temp\cct59PEg.s 			page 31


 1222              	.LASF16:
 1223 0239 73697A65 		.ascii	"sizetype\000"
 1223      74797065 
 1223      00
 1224              	.LASF6:
 1225 0242 6C6F6E67 		.ascii	"long long int\000"
 1225      206C6F6E 
 1225      6720696E 
 1225      7400
 1226              	.LASF27:
 1227 0250 41636B54 		.ascii	"AckTimeoutISR_Enable\000"
 1227      696D656F 
 1227      75744953 
 1227      525F456E 
 1227      61626C65 
 1228              	.LASF28:
 1229 0265 41636B54 		.ascii	"AckTimeoutISR_GetVector\000"
 1229      696D656F 
 1229      75744953 
 1229      525F4765 
 1229      74566563 
 1230              	.LASF19:
 1231 027d 41636B54 		.ascii	"AckTimeoutISR_Interrupt\000"
 1231      696D656F 
 1231      75744953 
 1231      525F496E 
 1231      74657272 
 1232              	.LASF23:
 1233 0295 41636B54 		.ascii	"AckTimeoutISR_SetPriority\000"
 1233      696D656F 
 1233      75744953 
 1233      525F5365 
 1233      74507269 
 1234              	.LASF2:
 1235 02af 73686F72 		.ascii	"short int\000"
 1235      7420696E 
 1235      7400
 1236              	.LASF18:
 1237 02b9 41636B54 		.ascii	"AckTimeoutISR_Stop\000"
 1237      696D656F 
 1237      75744953 
 1237      525F5374 
 1237      6F7000
 1238              	.LASF20:
 1239 02cc 41636B54 		.ascii	"AckTimeoutISR_StartEx\000"
 1239      696D656F 
 1239      75744953 
 1239      525F5374 
 1239      61727445 
 1240              	.LASF26:
 1241 02e2 7072696F 		.ascii	"priorityOffset\000"
 1241      72697479 
 1241      4F666673 
 1241      657400
 1242              	.LASF4:
 1243 02f1 6C6F6E67 		.ascii	"long int\000"
 1243      20696E74 
ARM GAS  C:\Users\kylep\AppData\Local\Temp\cct59PEg.s 			page 32


 1243      00
 1244              	.LASF13:
 1245 02fa 63686172 		.ascii	"char\000"
 1245      00
 1246              	.LASF0:
 1247 02ff 7369676E 		.ascii	"signed char\000"
 1247      65642063 
 1247      68617200 
 1248              	.LASF32:
 1249 030b 41636B54 		.ascii	"AckTimeoutISR_ClearPending\000"
 1249      696D656F 
 1249      75744953 
 1249      525F436C 
 1249      65617250 
 1250              	.LASF21:
 1251 0326 41636B54 		.ascii	"AckTimeoutISR_SetVector\000"
 1251      696D656F 
 1251      75744953 
 1251      525F5365 
 1251      74566563 
 1252              		.ident	"GCC: (GNU Tools for ARM Embedded Processors) 4.9.3 20150303 (release) [ARM/embedded-4_9-br
