Archive member included because of file (symbol)

.\CortexM0\ARM_GCC_493\Debug\81-00024-01.a(cyfitter_cfg.o)
                              .\CortexM0\ARM_GCC_493\Debug\Cm0Start.o (cyfitter_cfg)
.\CortexM0\ARM_GCC_493\Debug\81-00024-01.a(ADC_SAR_Seq.o)
                              .\CortexM0\ARM_GCC_493\Debug\main.o (ADC_SAR_Seq_Start)
.\CortexM0\ARM_GCC_493\Debug\81-00024-01.a(ADC_SAR_Seq_INT.o)
                              .\CortexM0\ARM_GCC_493\Debug\81-00024-01.a(ADC_SAR_Seq.o) (ADC_SAR_Seq_ISR)
.\CortexM0\ARM_GCC_493\Debug\81-00024-01.a(CyLib.o)
                              .\CortexM0\ARM_GCC_493\Debug\81-00024-01.a(cyfitter_cfg.o) (CyIntEnable)
.\CortexM0\ARM_GCC_493\Debug\81-00024-01.a(cyPm.o)
                              .\CortexM0\ARM_GCC_493\Debug\BrightnessCommManager.o (CySysPmDeepSleep)
.\CortexM0\ARM_GCC_493\Debug\81-00024-01.a(CyLFClk.o)
                              .\CortexM0\ARM_GCC_493\Debug\81-00024-01.a(cyfitter_cfg.o) (CySysWdtIsr)
.\CortexM0\ARM_GCC_493\Debug\81-00024-01.a(TimeoutTimer.o)
                              .\CortexM0\ARM_GCC_493\Debug\BrightnessCommManager.o (TimeoutTimer_Stop)
.\CortexM0\ARM_GCC_493\Debug\81-00024-01.a(CommTimeoutISR.o)
                              .\CortexM0\ARM_GCC_493\Debug\main.o (CommTimeoutISR_Start)
.\CortexM0\ARM_GCC_493\Debug\81-00024-01.a(SamplingTimerISR.o)
                              .\CortexM0\ARM_GCC_493\Debug\main.o (SamplingTimerISR_Start)
.\CortexM0\ARM_GCC_493\Debug\81-00024-01.a(SamplingTimer.o)
                              .\CortexM0\ARM_GCC_493\Debug\BrightnessCommManager.o (SamplingTimer_Stop)
.\CortexM0\ARM_GCC_493\Debug\81-00024-01.a(UART_LED_ISR.o)
                              .\CortexM0\ARM_GCC_493\Debug\main.o (UART_LED_ISR_Start)
.\CortexM0\ARM_GCC_493\Debug\81-00024-01.a(UART_LED.o)
                              .\CortexM0\ARM_GCC_493\Debug\main.o (UART_LED_Start)
.\CortexM0\ARM_GCC_493\Debug\81-00024-01.a(UART_LED_SPI_UART.o)
                              .\CortexM0\ARM_GCC_493\Debug\BrightnessCommManager.o (UART_LED_SpiUartGetRxBufferSize)
.\CortexM0\ARM_GCC_493\Debug\81-00024-01.a(UART_LED_UART.o)
                              .\CortexM0\ARM_GCC_493\Debug\81-00024-01.a(UART_LED.o) (UART_LED_UartInit)
.\CortexM0\ARM_GCC_493\Debug\81-00024-01.a(PWM.o)
                              .\CortexM0\ARM_GCC_493\Debug\BrightnessCommManager.o (PWM_Stop)
.\CortexM0\ARM_GCC_493\Debug\81-00024-01.a(PWM_Enable.o)
                              .\CortexM0\ARM_GCC_493\Debug\main.o (PWM_Enable_Write)
.\CortexM0\ARM_GCC_493\Debug\81-00024-01.a(DieTemp.o)
                              .\CortexM0\ARM_GCC_493\Debug\DriverControl.o (DieTemp_CountsTo_Celsius)
.\CortexM0\ARM_GCC_493\Debug\81-00024-01.a(LED_ISR.o)
                              .\CortexM0\ARM_GCC_493\Debug\main.o (LED_ISR_Start)
.\CortexM0\ARM_GCC_493\Debug\81-00024-01.a(AckTimeoutISR.o)
                              .\CortexM0\ARM_GCC_493\Debug\main.o (AckTimeoutISR_Start)
.\CortexM0\ARM_GCC_493\Debug\81-00024-01.a(AckTimer.o)
                              .\CortexM0\ARM_GCC_493\Debug\TemperatureCommManager.o (AckTimer_Stop)
.\CortexM0\ARM_GCC_493\Debug\81-00024-01.a(LED_Timer.o)
                              .\CortexM0\ARM_GCC_493\Debug\DriverControl.o (LED_Timer_Stop)
.\CortexM0\ARM_GCC_493\Debug\81-00024-01.a(EmEEPROM.o)
                              .\CortexM0\ARM_GCC_493\Debug\main.o (EmEEPROM_Start)
.\CortexM0\ARM_GCC_493\Debug\81-00024-01.a(motorControlPWM.o)
                              .\CortexM0\ARM_GCC_493\Debug\motorControl.o (motorControlPWM_SetCompareMode)
.\CortexM0\ARM_GCC_493\Debug\81-00024-01.a(pwmClock.o)
                              .\CortexM0\ARM_GCC_493\Debug\motorControl.o (pwmClock_Start)
.\CortexM0\ARM_GCC_493\Debug\81-00024-01.a(limitSwitch.o)
                              .\CortexM0\ARM_GCC_493\Debug\motorControl.o (limitSwitch_ClearInterrupt)
.\CortexM0\ARM_GCC_493\Debug\81-00024-01.a(hallEffectISR.o)
                              .\CortexM0\ARM_GCC_493\Debug\motorControl.o (hallEffectISR_StartEx)
.\CortexM0\ARM_GCC_493\Debug\81-00024-01.a(overCurrentTimer.o)
                              .\CortexM0\ARM_GCC_493\Debug\motorControl.o (overCurrentTimer_ReadStatusRegister)
.\CortexM0\ARM_GCC_493\Debug\81-00024-01.a(overCurrentTimerISR.o)
                              .\CortexM0\ARM_GCC_493\Debug\motorControl.o (overCurrentTimerISR_StartEx)
.\CortexM0\ARM_GCC_493\Debug\81-00024-01.a(CyBootAsmGnu.o)
                              .\CortexM0\ARM_GCC_493\Debug\81-00024-01.a(CyLib.o) (CyDelayCycles)
.\CortexM0\ARM_GCC_493\Debug\81-00024-01.a(CyFlash.o)
                              .\CortexM0\ARM_GCC_493\Debug\81-00024-01.a(EmEEPROM.o) (CySysFlashWriteRow)
c:/program files (x86)/cypress/psoc creator/3.3/psoc creator/import/gnu/arm/4.9.3/bin/../lib/gcc/arm-none-eabi/4.9.3/armv6-m\libgcc.a(_udivsi3.o)
                              .\CortexM0\ARM_GCC_493\Debug\81-00024-01.a(CyLib.o) (__aeabi_uidiv)
[...]
Memory Configuration

Name             Origin             Length             Attributes
rom              0x00000000         0x00008000         xr
ram              0x20000000         0x00001000         xrw
*default*        0x00000000         0xffffffff

Linker script and memory map

LOAD c:/program files (x86)/cypress/psoc creator/3.3/psoc creator/import/gnu/arm/4.9.3/bin/../lib/gcc/arm-none-eabi/4.9.3/armv6-m/crti.o
LOAD c:/program files (x86)/cypress/psoc creator/3.3/psoc creator/import/gnu/arm/4.9.3/bin/../lib/gcc/arm-none-eabi/4.9.3/armv6-m/crtbegin.o
LOAD c:/program files (x86)/cypress/psoc creator/3.3/psoc creator/import/gnu/arm/4.9.3/bin/../lib/gcc/arm-none-eabi/4.9.3/../../../../arm-none-eabi/lib/armv6-m/crt0.o
START GROUP
LOAD .\CortexM0\ARM_GCC_493\Debug\main.o
LOAD .\CortexM0\ARM_GCC_493\Debug\TemperatureCommManager.o
LOAD .\CortexM0\ARM_GCC_493\Debug\BrightnessCommManager.o
LOAD .\CortexM0\ARM_GCC_493\Debug\DriverControl.o
LOAD .\CortexM0\ARM_GCC_493\Debug\motorControl.o
LOAD .\CortexM0\ARM_GCC_493\Debug\cymetadata.o
LOAD .\CortexM0\ARM_GCC_493\Debug\Cm0Start.o
LOAD .\CortexM0\ARM_GCC_493\Debug\81-00024-01.a
LOAD C:\Program Files (x86)\Cypress\PSoC Creator\3.3\PSoC Creator\psoc\content\cycomponentlibrary\CyComponentLibrary.cylib\CortexM0\ARM_GCC_493\Debug\CyComponentLibrary.a
END GROUP
START GROUP
LOAD c:/program files (x86)/cypress/psoc creator/3.3/psoc creator/import/gnu/arm/4.9.3/bin/../lib/gcc/arm-none-eabi/4.9.3/armv6-m\libgcc.a
LOAD c:/program files (x86)/cypress/psoc creator/3.3/psoc creator/import/gnu/arm/4.9.3/bin/../lib/gcc/arm-none-eabi/4.9.3/../../../../arm-none-eabi/lib/armv6-m\libg_nano.a
LOAD c:/program files (x86)/cypress/psoc creator/3.3/psoc creator/import/gnu/arm/4.9.3/bin/../lib/gcc/arm-none-eabi/4.9.3/../../../../arm-none-eabi/lib/armv6-m\libc_nano.a
END GROUP
START GROUP
LOAD c:/program files (x86)/cypress/psoc creator/3.3/psoc creator/import/gnu/arm/4.9.3/bin/../lib/gcc/arm-none-eabi/4.9.3/armv6-m\libgcc.a
LOAD c:/program files (x86)/cypress/psoc creator/3.3/psoc creator/import/gnu/arm/4.9.3/bin/../lib/gcc/arm-none-eabi/4.9.3/../../../../arm-none-eabi/lib/armv6-m\libc_nano.a
END GROUP
LOAD c:/program files (x86)/cypress/psoc creator/3.3/psoc creator/import/gnu/arm/4.9.3/bin/../lib/gcc/arm-none-eabi/4.9.3/armv6-m/crtend.o
LOAD c:/program files (x86)/cypress/psoc creator/3.3/psoc creator/import/gnu/arm/4.9.3/bin/../lib/gcc/arm-none-eabi/4.9.3/armv6-m/crtn.o
START GROUP
LOAD c:/program files (x86)/cypress/psoc creator/3.3/psoc creator/import/gnu/arm/4.9.3/bin/../lib/gcc/arm-none-eabi/4.9.3/armv6-m\libgcc.a
LOAD c:/program files (x86)/cypress/psoc creator/3.3/psoc creator/import/gnu/arm/4.9.3/bin/../lib/gcc/arm-none-eabi/4.9.3/../../../../arm-none-eabi/lib/armv6-m\libc.a
LOAD c:/program files (x86)/cypress/psoc creator/3.3/psoc creator/import/gnu/arm/4.9.3/bin/../lib/gcc/arm-none-eabi/4.9.3/../../../../arm-none-eabi/lib/armv6-m\libnosys.a
END GROUP
                0x00000000                CY_APPL_ORIGIN = 0x0
                0x00000080                CY_FLASH_ROW_SIZE = 0x80
                0x00000001                CY_APPL_NUM = 0x1
                0x00000001                CY_APPL_MAX = 0x1
                0x00000040                CY_METADATA_SIZE = 0x40
                0x00000000                CY_APPL_LOADABLE = 0x0
                0x00000000                CY_CHECKSUM_EXCLUDE_SIZE = ALIGN (0x0, CY_FLASH_ROW_SIZE)
                0x00000000                CY_APP_FOR_STACK_AND_COPIER = 0x0
                0x20000288                PROVIDE (__cy_heap_start, _end)
                0x00000001                PROVIDE (__cy_region_num, ((__cy_regions_end - __cy_regions) / 0x10))
                0x20001000                PROVIDE (__cy_stack, (ORIGIN (ram) + 0x1000))
                0x20000c00                PROVIDE (__cy_heap_end, (__cy_stack - 0x400))

.cybootloader   0x00000000        0x0
 *(.cybootloader)
                0x00000000                appl1_start = CY_APPL_ORIGIN?CY_APPL_ORIGIN:ALIGN (CY_FLASH_ROW_SIZE)
                0x00003f80                appl2_start = (appl1_start + ALIGN ((((0x8000 - appl1_start) - (0x2 * CY_FLASH_ROW_SIZE)) / 0x2), CY_FLASH_ROW_SIZE))
                0x00000000                appl_start = (CY_APPL_NUM == 0x1)?appl1_start:appl2_start
                0x00000001                cy_project_type_bootloader = (appl_start == 0x0)?0x1:0x0
                0x00000000                cy_project_type_app_for_stack_and_copier = (CY_APP_FOR_STACK_AND_COPIER == 0x1)?0x1:0x0

.text           0x00000000     0x4136
 CREATE_OBJECT_SYMBOLS
                0x00000000                PROVIDE (__cy_interrupt_vector, RomVectors)
 *(.romvectors)
 .romvectors    0x00000000       0x10 .\CortexM0\ARM_GCC_493\Debug\Cm0Start.o
                0x00000000                RomVectors
                0x00000001                ASSERT ((. != __cy_interrupt_vector), No interrupt vector)
                0x00000001                ASSERT (CY_APPL_ORIGIN?(SIZEOF (.cybootloader) <= CY_APPL_ORIGIN):0x1, Wrong image location)
                0x00000010                PROVIDE (__cy_reset, Reset)
 *(.text.Reset)
 .text.Reset    0x00000010        0x8 .\CortexM0\ARM_GCC_493\Debug\Cm0Start.o
                0x00000010                Reset
                0x00000001                ASSERT ((. != __cy_reset), No reset code)
 *(.psocinit)
 .psocinit      0x00000018      0x264 .\CortexM0\ARM_GCC_493\Debug\81-00024-01.a(cyfitter_cfg.o)
                0x00000138                cyfitter_cfg
                0x0000027c                . = MAX (., 0x100)
 *(.text .text.* .gnu.linkonce.t.*)
 .text          0x0000027c       0x60 c:/program files (x86)/cypress/psoc creator/3.3/psoc creator/import/gnu/arm/4.9.3/bin/../lib/gcc/arm-none-eabi/4.9.3/armv6-m/crtbegin.o
 .text.initializePeripherals
                0x000002dc       0x44 .\CortexM0\ARM_GCC_493\Debug\main.o
 .text.main     0x00000320       0x60 .\CortexM0\ARM_GCC_493\Debug\main.o
                0x00000320                main
 .text.clearInitializeAlreadyEEPROM
                0x00000380       0x1c .\CortexM0\ARM_GCC_493\Debug\main.o
                0x00000380                clearInitializeAlreadyEEPROM
 .text.getNonVolatileBarStateMemory
                0x0000039c        0x8 .\CortexM0\ARM_GCC_493\Debug\main.o
                0x0000039c                getNonVolatileBarStateMemory
 .text.getVolatileBarStateMemory
                0x000003a4        0x8 .\CortexM0\ARM_GCC_493\Debug\main.o
                0x000003a4                getVolatileBarStateMemory
 .text.getHighestTemperature
                0x000003ac       0x3c .\CortexM0\ARM_GCC_493\Debug\TemperatureCommManager.o
 .text.isReadyToSendNextBrightnessPacket
                0x000003e8        0xc .\CortexM0\ARM_GCC_493\Debug\TemperatureCommManager.o
                0x000003e8                isReadyToSendNextBrightnessPacket
 .text.clearIsReadyToSendNextBrightnessPacket
                0x000003f4        0xc .\CortexM0\ARM_GCC_493\Debug\TemperatureCommManager.o
                0x000003f4                clearIsReadyToSendNextBrightnessPacket
 .text.setLastDriverPacket
                0x00000400       0x28 .\CortexM0\ARM_GCC_493\Debug\TemperatureCommManager.o
                0x00000400                setLastDriverPacket
 .text.processAckTimeoutRoutine
                0x00000428       0x3c .\CortexM0\ARM_GCC_493\Debug\TemperatureCommManager.o
                0x00000428                processAckTimeoutRoutine
 .text.processSamplingTimerRoutine
                0x00000464      0x144 .\CortexM0\ARM_GCC_493\Debug\TemperatureCommManager.o
                0x00000464                processSamplingTimerRoutine
 .text.processLowPowerRequest
                0x000005a8       0x1c .\CortexM0\ARM_GCC_493\Debug\BrightnessCommManager.o
 .text.processOutputSelectUart
                0x000005c4        0x8 .\CortexM0\ARM_GCC_493\Debug\BrightnessCommManager.o
 .text.putBarToSleep
                0x000005cc       0x38 .\CortexM0\ARM_GCC_493\Debug\BrightnessCommManager.o
 .text.processDriverCountPacket
                0x00000604       0x74 .\CortexM0\ARM_GCC_493\Debug\BrightnessCommManager.o
 .text.saveStateBar
                0x00000678       0x34 .\CortexM0\ARM_GCC_493\Debug\BrightnessCommManager.o
 .text.processReinitlizationPacket
                0x000006ac        0xc .\CortexM0\ARM_GCC_493\Debug\BrightnessCommManager.o
 .text.processBrightnessPacket
                0x000006b8       0x8c .\CortexM0\ARM_GCC_493\Debug\BrightnessCommManager.o
 .text.getStateOfBar
                0x00000744        0xc .\CortexM0\ARM_GCC_493\Debug\BrightnessCommManager.o
                0x00000744                getStateOfBar
 .text.getDegaultPosition
                0x00000750       0x14 .\CortexM0\ARM_GCC_493\Debug\BrightnessCommManager.o
                0x00000750                getDegaultPosition
 .text.processTimeoutTimerRoutine
                0x00000764       0x6c .\CortexM0\ARM_GCC_493\Debug\BrightnessCommManager.o
                0x00000764                processTimeoutTimerRoutine
 .text.timeoutDefaultBrightness
                0x000007d0       0x30 .\CortexM0\ARM_GCC_493\Debug\BrightnessCommManager.o
                0x000007d0                timeoutDefaultBrightness
 .text.timeOutStateMachine
                0x00000800       0x90 .\CortexM0\ARM_GCC_493\Debug\BrightnessCommManager.o
                0x00000800                timeOutStateMachine
 .text.processCalibrationPacket
                0x00000890       0x1c .\CortexM0\ARM_GCC_493\Debug\BrightnessCommManager.o
                0x00000890                processCalibrationPacket
 .text.detectPacket
                0x000008ac      0x1c0 .\CortexM0\ARM_GCC_493\Debug\BrightnessCommManager.o
 .text.processBrightnessByteReceivedHandler
                0x00000a6c       0x28 .\CortexM0\ARM_GCC_493\Debug\BrightnessCommManager.o
                0x00000a6c                processBrightnessByteReceivedHandler
 .text.getRxPacket
                0x00000a94       0x10 .\CortexM0\ARM_GCC_493\Debug\BrightnessCommManager.o
                0x00000a94                getRxPacket
 .text.getTemperatureStatus
                0x00000aa4       0x5c .\CortexM0\ARM_GCC_493\Debug\DriverControl.o
 .text.getDriverID
                0x00000b00        0xc .\CortexM0\ARM_GCC_493\Debug\DriverControl.o
                0x00000b00                getDriverID
 .text.setIdentityByComm
                0x00000b0c       0x18 .\CortexM0\ARM_GCC_493\Debug\DriverControl.o
                0x00000b0c                setIdentityByComm
 .text.setDriverCount
                0x00000b24       0x18 .\CortexM0\ARM_GCC_493\Debug\DriverControl.o
                0x00000b24                setDriverCount
 .text.processSoftStart
                0x00000b3c       0x24 .\CortexM0\ARM_GCC_493\Debug\DriverControl.o
                0x00000b3c                processSoftStart
 .text.updateBrightnessLevel
                0x00000b60       0x80 .\CortexM0\ARM_GCC_493\Debug\DriverControl.o
                0x00000b60                updateBrightnessLevel
 .text.getMaxTemperature
                0x00000be0       0x18 .\CortexM0\ARM_GCC_493\Debug\DriverControl.o
                0x00000be0                getMaxTemperature
 .text.getTemperatureSample
                0x00000bf8       0x94 .\CortexM0\ARM_GCC_493\Debug\DriverControl.o
                0x00000bf8                getTemperatureSample
 .text.getNewMaxBrightness
                0x00000c8c        0xc .\CortexM0\ARM_GCC_493\Debug\DriverControl.o
                0x00000c8c                getNewMaxBrightness
 .text.regulateBrightness
                0x00000c98      0x118 .\CortexM0\ARM_GCC_493\Debug\DriverControl.o
                0x00000c98                regulateBrightness
 .text.loadLimitSwitchValue
                0x00000db0       0x1c .\CortexM0\ARM_GCC_493\Debug\motorControl.o
                0x00000db0                loadLimitSwitchValue
 .text.setMotorOutputs
                0x00000dcc       0x6c .\CortexM0\ARM_GCC_493\Debug\motorControl.o
                0x00000dcc                setMotorOutputs
 .text.HALL_EFFECT_EDGE_DETECT_INTERRUPT
                0x00000e38       0x3c .\CortexM0\ARM_GCC_493\Debug\motorControl.o
                0x00000e38                HALL_EFFECT_EDGE_DETECT_INTERRUPT
 .text.initializeMotor
                0x00000e74       0x5c .\CortexM0\ARM_GCC_493\Debug\motorControl.o
                0x00000e74                initializeMotor
 .text.motorControlLoop
                0x00000ed0      0x210 .\CortexM0\ARM_GCC_493\Debug\motorControl.o
                0x00000ed0                motorControlLoop
 .text.calibrateMotor
                0x000010e0       0xac .\CortexM0\ARM_GCC_493\Debug\motorControl.o
                0x000010e0                calibrateMotor
 .text.checkMotorCurrent
                0x0000118c        0xc .\CortexM0\ARM_GCC_493\Debug\motorControl.o
                0x0000118c                checkMotorCurrent
 .text.OVER_CURRENT_ISR
                0x00001198      0x120 .\CortexM0\ARM_GCC_493\Debug\motorControl.o
                0x00001198                OVER_CURRENT_ISR
 .text.IntDefaultHandler
                0x000012b8        0x4 .\CortexM0\ARM_GCC_493\Debug\Cm0Start.o
                0x000012b8                IntDefaultHandler
 .text.Start_c  0x000012bc       0x48 .\CortexM0\ARM_GCC_493\Debug\Cm0Start.o
                0x000012bc                Start_c
 .text.initialize_psoc
                0x00001304       0x48 .\CortexM0\ARM_GCC_493\Debug\Cm0Start.o
                0x00001304                initialize_psoc
 .text.cfg_write_bytes32
                0x0000134c       0x34 .\CortexM0\ARM_GCC_493\Debug\81-00024-01.a(cyfitter_cfg.o)
 .text.AnalogSetDefault
                0x00001380       0x18 .\CortexM0\ARM_GCC_493\Debug\81-00024-01.a(cyfitter_cfg.o)
 .text.CYMEMZERO
                0x00001398        0xc .\CortexM0\ARM_GCC_493\Debug\81-00024-01.a(cyfitter_cfg.o)
 .text.ADC_SAR_Seq_Init
                0x000013a4      0x1cc .\CortexM0\ARM_GCC_493\Debug\81-00024-01.a(ADC_SAR_Seq.o)
                0x000013a4                ADC_SAR_Seq_Init
 .text.ADC_SAR_Seq_Enable
                0x00001570       0x24 .\CortexM0\ARM_GCC_493\Debug\81-00024-01.a(ADC_SAR_Seq.o)
                0x00001570                ADC_SAR_Seq_Enable
 .text.ADC_SAR_Seq_Start
                0x00001594       0x20 .\CortexM0\ARM_GCC_493\Debug\81-00024-01.a(ADC_SAR_Seq.o)
                0x00001594                ADC_SAR_Seq_Start
 .text.ADC_SAR_Seq_Stop
                0x000015b4       0x10 .\CortexM0\ARM_GCC_493\Debug\81-00024-01.a(ADC_SAR_Seq.o)
                0x000015b4                ADC_SAR_Seq_Stop
 .text.ADC_SAR_Seq_StartConvert
                0x000015c4       0x14 .\CortexM0\ARM_GCC_493\Debug\81-00024-01.a(ADC_SAR_Seq.o)
                0x000015c4                ADC_SAR_Seq_StartConvert
 .text.ADC_SAR_Seq_StopConvert
                0x000015d8       0x14 .\CortexM0\ARM_GCC_493\Debug\81-00024-01.a(ADC_SAR_Seq.o)
                0x000015d8                ADC_SAR_Seq_StopConvert
 .text.ADC_SAR_Seq_IsEndConversion
                0x000015ec       0x4c .\CortexM0\ARM_GCC_493\Debug\81-00024-01.a(ADC_SAR_Seq.o)
                0x000015ec                ADC_SAR_Seq_IsEndConversion
 .text.ADC_SAR_Seq_GetResult16
                0x00001638       0x38 .\CortexM0\ARM_GCC_493\Debug\81-00024-01.a(ADC_SAR_Seq.o)
                0x00001638                ADC_SAR_Seq_GetResult16
 .text.ADC_SAR_Seq_EnableInjection
                0x00001670       0x14 .\CortexM0\ARM_GCC_493\Debug\81-00024-01.a(ADC_SAR_Seq.o)
                0x00001670                ADC_SAR_Seq_EnableInjection
 .text.ADC_SAR_Seq_ISR
                0x00001684        0xc .\CortexM0\ARM_GCC_493\Debug\81-00024-01.a(ADC_SAR_Seq_INT.o)
                0x00001684                ADC_SAR_Seq_ISR
 .text.CySysClkWriteSysclkDiv
                0x00001690       0x28 .\CortexM0\ARM_GCC_493\Debug\81-00024-01.a(CyLib.o)
                0x00001690                CySysClkWriteSysclkDiv
 .text.CyIntEnable
                0x000016b8       0x14 .\CortexM0\ARM_GCC_493\Debug\81-00024-01.a(CyLib.o)
                0x000016b8                CyIntEnable
 .text.CyHalt   0x000016cc        0x4 .\CortexM0\ARM_GCC_493\Debug\81-00024-01.a(CyLib.o)
                0x000016cc                CyHalt
 .text.CyIntSetVector
                0x000016d0       0x24 .\CortexM0\ARM_GCC_493\Debug\81-00024-01.a(CyLib.o)
                0x000016d0                CyIntSetVector
 .text.CyIntSetPriority
                0x000016f4       0x4c .\CortexM0\ARM_GCC_493\Debug\81-00024-01.a(CyLib.o)
                0x000016f4                CyIntSetPriority
 .text.CySoftwareReset
                0x00001740       0x18 .\CortexM0\ARM_GCC_493\Debug\81-00024-01.a(CyLib.o)
                0x00001740                CySoftwareReset
 .text.CyDelay  0x00001758       0x30 .\CortexM0\ARM_GCC_493\Debug\81-00024-01.a(CyLib.o)
                0x00001758                CyDelay
 .text.CyDelayUs
                0x00001788       0x14 .\CortexM0\ARM_GCC_493\Debug\81-00024-01.a(CyLib.o)
                0x00001788                CyDelayUs
 .text.CySysClkWriteImoFreq
                0x0000179c      0x164 .\CortexM0\ARM_GCC_493\Debug\81-00024-01.a(CyLib.o)
                0x0000179c                CySysClkWriteImoFreq
 .text.CySysPmDeepSleep
                0x00001900       0x6c .\CortexM0\ARM_GCC_493\Debug\81-00024-01.a(cyPm.o)
                0x00001900                CySysPmDeepSleep
 .text.CySysWdtLocked
                0x0000196c       0x14 .\CortexM0\ARM_GCC_493\Debug\81-00024-01.a(CyLFClk.o)
 .text.CySysWdtLock
                0x00001980       0x1c .\CortexM0\ARM_GCC_493\Debug\81-00024-01.a(CyLFClk.o)
                0x00001980                CySysWdtLock
 .text.CySysWdtUnlock
                0x0000199c       0x30 .\CortexM0\ARM_GCC_493\Debug\81-00024-01.a(CyLFClk.o)
                0x0000199c                CySysWdtUnlock
 .text.CySysWdtClearInterrupt
                0x000019cc       0x4c .\CortexM0\ARM_GCC_493\Debug\81-00024-01.a(CyLFClk.o)
                0x000019cc                CySysWdtClearInterrupt
 .text.CySysWdtIsr
                0x00001a18       0xa4 .\CortexM0\ARM_GCC_493\Debug\81-00024-01.a(CyLFClk.o)
                0x00001a18                CySysWdtIsr
 .text.TimeoutTimer_Stop
                0x00001abc       0x1c .\CortexM0\ARM_GCC_493\Debug\81-00024-01.a(TimeoutTimer.o)
                0x00001abc                TimeoutTimer_Stop
 .text.TimeoutTimer_WriteCounter
                0x00001ad8       0x10 .\CortexM0\ARM_GCC_493\Debug\81-00024-01.a(TimeoutTimer.o)
                0x00001ad8                TimeoutTimer_WriteCounter
 .text.TimeoutTimer_WritePeriod
                0x00001ae8       0x10 .\CortexM0\ARM_GCC_493\Debug\81-00024-01.a(TimeoutTimer.o)
                0x00001ae8                TimeoutTimer_WritePeriod
 .text.TimeoutTimer_TriggerCommand
                0x00001af8       0x1c .\CortexM0\ARM_GCC_493\Debug\81-00024-01.a(TimeoutTimer.o)
                0x00001af8                TimeoutTimer_TriggerCommand
 .text.TimeoutTimer_Enable
                0x00001b14       0x24 .\CortexM0\ARM_GCC_493\Debug\81-00024-01.a(TimeoutTimer.o)
                0x00001b14                TimeoutTimer_Enable
 .text.TimeoutTimer_SetInterruptMode
                0x00001b38        0xc .\CortexM0\ARM_GCC_493\Debug\81-00024-01.a(TimeoutTimer.o)
                0x00001b38                TimeoutTimer_SetInterruptMode
 .text.TimeoutTimer_Init
                0x00001b44       0x30 .\CortexM0\ARM_GCC_493\Debug\81-00024-01.a(TimeoutTimer.o)
                0x00001b44                TimeoutTimer_Init
 .text.TimeoutTimer_Start
                0x00001b74       0x20 .\CortexM0\ARM_GCC_493\Debug\81-00024-01.a(TimeoutTimer.o)
                0x00001b74                TimeoutTimer_Start
 .text.TimeoutTimer_ClearInterrupt
                0x00001b94        0xc .\CortexM0\ARM_GCC_493\Debug\81-00024-01.a(TimeoutTimer.o)
                0x00001b94                TimeoutTimer_ClearInterrupt
 .text.CommTimeoutISR_Interrupt
                0x00001ba0        0x8 .\CortexM0\ARM_GCC_493\Debug\81-00024-01.a(CommTimeoutISR.o)
                0x00001ba0                CommTimeoutISR_Interrupt
 .text.CommTimeoutISR_SetVector
                0x00001ba8        0xc .\CortexM0\ARM_GCC_493\Debug\81-00024-01.a(CommTimeoutISR.o)
                0x00001ba8                CommTimeoutISR_SetVector
 .text.CommTimeoutISR_SetPriority
                0x00001bb4       0x24 .\CortexM0\ARM_GCC_493\Debug\81-00024-01.a(CommTimeoutISR.o)
                0x00001bb4                CommTimeoutISR_SetPriority
 .text.CommTimeoutISR_Enable
                0x00001bd8        0xc .\CortexM0\ARM_GCC_493\Debug\81-00024-01.a(CommTimeoutISR.o)
                0x00001bd8                CommTimeoutISR_Enable
 .text.CommTimeoutISR_Disable
                0x00001be4        0xc .\CortexM0\ARM_GCC_493\Debug\81-00024-01.a(CommTimeoutISR.o)
                0x00001be4                CommTimeoutISR_Disable
 .text.CommTimeoutISR_Start
                0x00001bf0       0x1c .\CortexM0\ARM_GCC_493\Debug\81-00024-01.a(CommTimeoutISR.o)
                0x00001bf0                CommTimeoutISR_Start
 .text.CommTimeoutISR_Stop
                0x00001c0c       0x14 .\CortexM0\ARM_GCC_493\Debug\81-00024-01.a(CommTimeoutISR.o)
                0x00001c0c                CommTimeoutISR_Stop
 .text.CommTimeoutISR_ClearPending
                0x00001c20        0xc .\CortexM0\ARM_GCC_493\Debug\81-00024-01.a(CommTimeoutISR.o)
                0x00001c20                CommTimeoutISR_ClearPending
 .text.SamplingTimerISR_Interrupt
                0x00001c2c        0x8 .\CortexM0\ARM_GCC_493\Debug\81-00024-01.a(SamplingTimerISR.o)
                0x00001c2c                SamplingTimerISR_Interrupt
 .text.SamplingTimerISR_SetVector
                0x00001c34        0xc .\CortexM0\ARM_GCC_493\Debug\81-00024-01.a(SamplingTimerISR.o)
                0x00001c34                SamplingTimerISR_SetVector
 .text.SamplingTimerISR_SetPriority
                0x00001c40       0x20 .\CortexM0\ARM_GCC_493\Debug\81-00024-01.a(SamplingTimerISR.o)
                0x00001c40                SamplingTimerISR_SetPriority
 .text.SamplingTimerISR_Enable
                0x00001c60        0xc .\CortexM0\ARM_GCC_493\Debug\81-00024-01.a(SamplingTimerISR.o)
                0x00001c60                SamplingTimerISR_Enable
 .text.SamplingTimerISR_Disable
                0x00001c6c        0xc .\CortexM0\ARM_GCC_493\Debug\81-00024-01.a(SamplingTimerISR.o)
                0x00001c6c                SamplingTimerISR_Disable
 .text.SamplingTimerISR_Start
                0x00001c78       0x1c .\CortexM0\ARM_GCC_493\Debug\81-00024-01.a(SamplingTimerISR.o)
                0x00001c78                SamplingTimerISR_Start
 .text.SamplingTimerISR_Stop
                0x00001c94       0x14 .\CortexM0\ARM_GCC_493\Debug\81-00024-01.a(SamplingTimerISR.o)
                0x00001c94                SamplingTimerISR_Stop
 .text.SamplingTimer_Stop
                0x00001ca8       0x1c .\CortexM0\ARM_GCC_493\Debug\81-00024-01.a(SamplingTimer.o)
                0x00001ca8                SamplingTimer_Stop
 .text.SamplingTimer_WriteCounter
                0x00001cc4       0x10 .\CortexM0\ARM_GCC_493\Debug\81-00024-01.a(SamplingTimer.o)
                0x00001cc4                SamplingTimer_WriteCounter
 .text.SamplingTimer_WritePeriod
                0x00001cd4       0x10 .\CortexM0\ARM_GCC_493\Debug\81-00024-01.a(SamplingTimer.o)
                0x00001cd4                SamplingTimer_WritePeriod
 .text.SamplingTimer_TriggerCommand
                0x00001ce4       0x1c .\CortexM0\ARM_GCC_493\Debug\81-00024-01.a(SamplingTimer.o)
                0x00001ce4                SamplingTimer_TriggerCommand
 .text.SamplingTimer_Enable
                0x00001d00       0x24 .\CortexM0\ARM_GCC_493\Debug\81-00024-01.a(SamplingTimer.o)
                0x00001d00                SamplingTimer_Enable
 .text.SamplingTimer_SetInterruptMode
                0x00001d24        0xc .\CortexM0\ARM_GCC_493\Debug\81-00024-01.a(SamplingTimer.o)
                0x00001d24                SamplingTimer_SetInterruptMode
 .text.SamplingTimer_Init
                0x00001d30       0x2c .\CortexM0\ARM_GCC_493\Debug\81-00024-01.a(SamplingTimer.o)
                0x00001d30                SamplingTimer_Init
 .text.SamplingTimer_Start
                0x00001d5c       0x20 .\CortexM0\ARM_GCC_493\Debug\81-00024-01.a(SamplingTimer.o)
                0x00001d5c                SamplingTimer_Start
 .text.SamplingTimer_ClearInterrupt
                0x00001d7c        0xc .\CortexM0\ARM_GCC_493\Debug\81-00024-01.a(SamplingTimer.o)
                0x00001d7c                SamplingTimer_ClearInterrupt
 .text.UART_LED_ISR_Interrupt
                0x00001d88        0x8 .\CortexM0\ARM_GCC_493\Debug\81-00024-01.a(UART_LED_ISR.o)
                0x00001d88                UART_LED_ISR_Interrupt
 .text.UART_LED_ISR_SetVector
                0x00001d90        0xc .\CortexM0\ARM_GCC_493\Debug\81-00024-01.a(UART_LED_ISR.o)
                0x00001d90                UART_LED_ISR_SetVector
 .text.UART_LED_ISR_SetPriority
                0x00001d9c       0x20 .\CortexM0\ARM_GCC_493\Debug\81-00024-01.a(UART_LED_ISR.o)
                0x00001d9c                UART_LED_ISR_SetPriority
 .text.UART_LED_ISR_Enable
                0x00001dbc       0x10 .\CortexM0\ARM_GCC_493\Debug\81-00024-01.a(UART_LED_ISR.o)
                0x00001dbc                UART_LED_ISR_Enable
 .text.UART_LED_ISR_Disable
                0x00001dcc       0x10 .\CortexM0\ARM_GCC_493\Debug\81-00024-01.a(UART_LED_ISR.o)
                0x00001dcc                UART_LED_ISR_Disable
 .text.UART_LED_ISR_Start
                0x00001ddc       0x1c .\CortexM0\ARM_GCC_493\Debug\81-00024-01.a(UART_LED_ISR.o)
                0x00001ddc                UART_LED_ISR_Start
 .text.UART_LED_ISR_Stop
                0x00001df8       0x14 .\CortexM0\ARM_GCC_493\Debug\81-00024-01.a(UART_LED_ISR.o)
                0x00001df8                UART_LED_ISR_Stop
 .text.UART_LED_ScbModePostEnable
                0x00001e0c        0x8 .\CortexM0\ARM_GCC_493\Debug\81-00024-01.a(UART_LED.o)
 .text.UART_LED_ScbModeStop
                0x00001e14        0x8 .\CortexM0\ARM_GCC_493\Debug\81-00024-01.a(UART_LED.o)
 .text.UART_LED_Init
                0x00001e1c        0x8 .\CortexM0\ARM_GCC_493\Debug\81-00024-01.a(UART_LED.o)
                0x00001e1c                UART_LED_Init
 .text.UART_LED_Enable
                0x00001e24       0x18 .\CortexM0\ARM_GCC_493\Debug\81-00024-01.a(UART_LED.o)
                0x00001e24                UART_LED_Enable
 .text.UART_LED_Start
                0x00001e3c       0x20 .\CortexM0\ARM_GCC_493\Debug\81-00024-01.a(UART_LED.o)
                0x00001e3c                UART_LED_Start
 .text.UART_LED_Stop
                0x00001e5c       0x20 .\CortexM0\ARM_GCC_493\Debug\81-00024-01.a(UART_LED.o)
                0x00001e5c                UART_LED_Stop
 .text.UART_LED_SpiUartReadRxData
                0x00001e7c        0xc .\CortexM0\ARM_GCC_493\Debug\81-00024-01.a(UART_LED_SPI_UART.o)
                0x00001e7c                UART_LED_SpiUartReadRxData
 .text.UART_LED_SpiUartGetRxBufferSize
                0x00001e88       0x10 .\CortexM0\ARM_GCC_493\Debug\81-00024-01.a(UART_LED_SPI_UART.o)
                0x00001e88                UART_LED_SpiUartGetRxBufferSize
 .text.UART_LED_UartInit
                0x00001e98       0x90 .\CortexM0\ARM_GCC_493\Debug\81-00024-01.a(UART_LED_UART.o)
                0x00001e98                UART_LED_UartInit
 .text.UART_LED_UartPostEnable
                0x00001f28       0x14 .\CortexM0\ARM_GCC_493\Debug\81-00024-01.a(UART_LED_UART.o)
                0x00001f28                UART_LED_UartPostEnable
 .text.UART_LED_UartStop
                0x00001f3c       0x10 .\CortexM0\ARM_GCC_493\Debug\81-00024-01.a(UART_LED_UART.o)
                0x00001f3c                UART_LED_UartStop
 .text.UART_LED_UartGetByte
                0x00001f4c       0x30 .\CortexM0\ARM_GCC_493\Debug\81-00024-01.a(UART_LED_UART.o)
                0x00001f4c                UART_LED_UartGetByte
 .text.PWM_Enable
                0x00001f7c       0x10 .\CortexM0\ARM_GCC_493\Debug\81-00024-01.a(PWM.o)
                0x00001f7c                PWM_Enable
 .text.PWM_Stop
                0x00001f8c       0x10 .\CortexM0\ARM_GCC_493\Debug\81-00024-01.a(PWM.o)
                0x00001f8c                PWM_Stop
 .text.PWM_WriteCounter
                0x00001f9c        0xc .\CortexM0\ARM_GCC_493\Debug\81-00024-01.a(PWM.o)
                0x00001f9c                PWM_WriteCounter
 .text.PWM_WritePeriod
                0x00001fa8        0xc .\CortexM0\ARM_GCC_493\Debug\81-00024-01.a(PWM.o)
                0x00001fa8                PWM_WritePeriod
 .text.PWM_WriteCompare
                0x00001fb4        0xc .\CortexM0\ARM_GCC_493\Debug\81-00024-01.a(PWM.o)
                0x00001fb4                PWM_WriteCompare
 .text.PWM_SetInterruptMode
                0x00001fc0        0xc .\CortexM0\ARM_GCC_493\Debug\81-00024-01.a(PWM.o)
                0x00001fc0                PWM_SetInterruptMode
 .text.PWM_ReadStatusRegister
                0x00001fcc        0xc .\CortexM0\ARM_GCC_493\Debug\81-00024-01.a(PWM.o)
                0x00001fcc                PWM_ReadStatusRegister
 .text.PWM_ReadCapture
                0x00001fd8        0xc .\CortexM0\ARM_GCC_493\Debug\81-00024-01.a(PWM.o)
                0x00001fd8                PWM_ReadCapture
 .text.PWM_ClearFIFO
                0x00001fe4       0x14 .\CortexM0\ARM_GCC_493\Debug\81-00024-01.a(PWM.o)
                0x00001fe4                PWM_ClearFIFO
 .text.PWM_Init
                0x00001ff8       0x50 .\CortexM0\ARM_GCC_493\Debug\81-00024-01.a(PWM.o)
                0x00001ff8                PWM_Init
 .text.PWM_Start
                0x00002048       0x20 .\CortexM0\ARM_GCC_493\Debug\81-00024-01.a(PWM.o)
                0x00002048                PWM_Start
 .text.PWM_Enable_Write
                0x00002068        0xc .\CortexM0\ARM_GCC_493\Debug\81-00024-01.a(PWM_Enable.o)
                0x00002068                PWM_Enable_Write
 .text.DieTemp_CountsTo_Celsius
                0x00002074       0x68 .\CortexM0\ARM_GCC_493\Debug\81-00024-01.a(DieTemp.o)
                0x00002074                DieTemp_CountsTo_Celsius
 .text.LED_ISR_Interrupt
                0x000020dc        0x8 .\CortexM0\ARM_GCC_493\Debug\81-00024-01.a(LED_ISR.o)
                0x000020dc                LED_ISR_Interrupt
 .text.LED_ISR_SetVector
                0x000020e4        0xc .\CortexM0\ARM_GCC_493\Debug\81-00024-01.a(LED_ISR.o)
                0x000020e4                LED_ISR_SetVector
 .text.LED_ISR_SetPriority
                0x000020f0       0x20 .\CortexM0\ARM_GCC_493\Debug\81-00024-01.a(LED_ISR.o)
                0x000020f0                LED_ISR_SetPriority
 .text.LED_ISR_Enable
                0x00002110        0xc .\CortexM0\ARM_GCC_493\Debug\81-00024-01.a(LED_ISR.o)
                0x00002110                LED_ISR_Enable
 .text.LED_ISR_Disable
                0x0000211c        0xc .\CortexM0\ARM_GCC_493\Debug\81-00024-01.a(LED_ISR.o)
                0x0000211c                LED_ISR_Disable
 .text.LED_ISR_Start
                0x00002128       0x1c .\CortexM0\ARM_GCC_493\Debug\81-00024-01.a(LED_ISR.o)
                0x00002128                LED_ISR_Start
 .text.LED_ISR_Stop
                0x00002144       0x14 .\CortexM0\ARM_GCC_493\Debug\81-00024-01.a(LED_ISR.o)
                0x00002144                LED_ISR_Stop
 .text.AckTimeoutISR_Interrupt
                0x00002158        0x8 .\CortexM0\ARM_GCC_493\Debug\81-00024-01.a(AckTimeoutISR.o)
                0x00002158                AckTimeoutISR_Interrupt
 .text.AckTimeoutISR_SetVector
                0x00002160        0xc .\CortexM0\ARM_GCC_493\Debug\81-00024-01.a(AckTimeoutISR.o)
                0x00002160                AckTimeoutISR_SetVector
 .text.AckTimeoutISR_SetPriority
                0x0000216c       0x24 .\CortexM0\ARM_GCC_493\Debug\81-00024-01.a(AckTimeoutISR.o)
                0x0000216c                AckTimeoutISR_SetPriority
 .text.AckTimeoutISR_Enable
                0x00002190        0xc .\CortexM0\ARM_GCC_493\Debug\81-00024-01.a(AckTimeoutISR.o)
                0x00002190                AckTimeoutISR_Enable
 .text.AckTimeoutISR_Disable
                0x0000219c        0xc .\CortexM0\ARM_GCC_493\Debug\81-00024-01.a(AckTimeoutISR.o)
                0x0000219c                AckTimeoutISR_Disable
 .text.AckTimeoutISR_Start
                0x000021a8       0x1c .\CortexM0\ARM_GCC_493\Debug\81-00024-01.a(AckTimeoutISR.o)
                0x000021a8                AckTimeoutISR_Start
 .text.AckTimeoutISR_Stop
                0x000021c4       0x14 .\CortexM0\ARM_GCC_493\Debug\81-00024-01.a(AckTimeoutISR.o)
                0x000021c4                AckTimeoutISR_Stop
 .text.AckTimer_Stop
                0x000021d8       0x1c .\CortexM0\ARM_GCC_493\Debug\81-00024-01.a(AckTimer.o)
                0x000021d8                AckTimer_Stop
 .text.AckTimer_WriteCounter
                0x000021f4       0x10 .\CortexM0\ARM_GCC_493\Debug\81-00024-01.a(AckTimer.o)
                0x000021f4                AckTimer_WriteCounter
 .text.AckTimer_WritePeriod
                0x00002204       0x10 .\CortexM0\ARM_GCC_493\Debug\81-00024-01.a(AckTimer.o)
                0x00002204                AckTimer_WritePeriod
 .text.AckTimer_TriggerCommand
                0x00002214       0x1c .\CortexM0\ARM_GCC_493\Debug\81-00024-01.a(AckTimer.o)
                0x00002214                AckTimer_TriggerCommand
 .text.AckTimer_Enable
                0x00002230       0x24 .\CortexM0\ARM_GCC_493\Debug\81-00024-01.a(AckTimer.o)
                0x00002230                AckTimer_Enable
 .text.AckTimer_SetInterruptMode
                0x00002254        0xc .\CortexM0\ARM_GCC_493\Debug\81-00024-01.a(AckTimer.o)
                0x00002254                AckTimer_SetInterruptMode
 .text.AckTimer_Init
                0x00002260       0x30 .\CortexM0\ARM_GCC_493\Debug\81-00024-01.a(AckTimer.o)
                0x00002260                AckTimer_Init
 .text.AckTimer_Start
                0x00002290       0x20 .\CortexM0\ARM_GCC_493\Debug\81-00024-01.a(AckTimer.o)
                0x00002290                AckTimer_Start
 .text.AckTimer_ClearInterrupt
                0x000022b0        0xc .\CortexM0\ARM_GCC_493\Debug\81-00024-01.a(AckTimer.o)
                0x000022b0                AckTimer_ClearInterrupt
 .text.LED_Timer_Stop
                0x000022bc       0x1c .\CortexM0\ARM_GCC_493\Debug\81-00024-01.a(LED_Timer.o)
                0x000022bc                LED_Timer_Stop
 .text.LED_Timer_ClearInterrupt
                0x000022d8        0xc .\CortexM0\ARM_GCC_493\Debug\81-00024-01.a(LED_Timer.o)
                0x000022d8                LED_Timer_ClearInterrupt
 .text.EmEEPROM_Start
                0x000022e4        0x4 .\CortexM0\ARM_GCC_493\Debug\81-00024-01.a(EmEEPROM.o)
                0x000022e4                EmEEPROM_Start
 .text.EmEEPROM_Write
                0x000022e8       0x84 .\CortexM0\ARM_GCC_493\Debug\81-00024-01.a(EmEEPROM.o)
                0x000022e8                EmEEPROM_Write
 .text.motorControlPWM_Enable
                0x0000236c       0x10 .\CortexM0\ARM_GCC_493\Debug\81-00024-01.a(motorControlPWM.o)
                0x0000236c                motorControlPWM_Enable
 .text.motorControlPWM_SetCompareMode
                0x0000237c       0x28 .\CortexM0\ARM_GCC_493\Debug\81-00024-01.a(motorControlPWM.o)
                0x0000237c                motorControlPWM_SetCompareMode
 .text.motorControlPWM_WriteCounter
                0x000023a4        0xc .\CortexM0\ARM_GCC_493\Debug\81-00024-01.a(motorControlPWM.o)
                0x000023a4                motorControlPWM_WriteCounter
 .text.motorControlPWM_WritePeriod
                0x000023b0        0xc .\CortexM0\ARM_GCC_493\Debug\81-00024-01.a(motorControlPWM.o)
                0x000023b0                motorControlPWM_WritePeriod
 .text.motorControlPWM_WriteCompare
                0x000023bc        0xc .\CortexM0\ARM_GCC_493\Debug\81-00024-01.a(motorControlPWM.o)
                0x000023bc                motorControlPWM_WriteCompare
 .text.motorControlPWM_Init
                0x000023c8       0x38 .\CortexM0\ARM_GCC_493\Debug\81-00024-01.a(motorControlPWM.o)
                0x000023c8                motorControlPWM_Init
 .text.motorControlPWM_Start
                0x00002400       0x20 .\CortexM0\ARM_GCC_493\Debug\81-00024-01.a(motorControlPWM.o)
                0x00002400                motorControlPWM_Start
 .text.pwmClock_Start
                0x00002420       0x14 .\CortexM0\ARM_GCC_493\Debug\81-00024-01.a(pwmClock.o)
                0x00002420                pwmClock_Start
 .text.limitSwitch_ClearInterrupt
                0x00002434       0x10 .\CortexM0\ARM_GCC_493\Debug\81-00024-01.a(limitSwitch.o)
                0x00002434                limitSwitch_ClearInterrupt
 .text.hallEffectISR_SetVector
                0x00002444        0xc .\CortexM0\ARM_GCC_493\Debug\81-00024-01.a(hallEffectISR.o)
                0x00002444                hallEffectISR_SetVector
 .text.hallEffectISR_SetPriority
                0x00002450       0x20 .\CortexM0\ARM_GCC_493\Debug\81-00024-01.a(hallEffectISR.o)
                0x00002450                hallEffectISR_SetPriority
 .text.hallEffectISR_Enable
                0x00002470        0xc .\CortexM0\ARM_GCC_493\Debug\81-00024-01.a(hallEffectISR.o)
                0x00002470                hallEffectISR_Enable
 .text.hallEffectISR_Disable
                0x0000247c        0xc .\CortexM0\ARM_GCC_493\Debug\81-00024-01.a(hallEffectISR.o)
                0x0000247c                hallEffectISR_Disable
 .text.hallEffectISR_StartEx
                0x00002488       0x1c .\CortexM0\ARM_GCC_493\Debug\81-00024-01.a(hallEffectISR.o)
                0x00002488                hallEffectISR_StartEx
 .text.hallEffectISR_Stop
                0x000024a4       0x14 .\CortexM0\ARM_GCC_493\Debug\81-00024-01.a(hallEffectISR.o)
                0x000024a4                hallEffectISR_Stop
 .text.overCurrentTimer_Enable
                0x000024b8       0x10 .\CortexM0\ARM_GCC_493\Debug\81-00024-01.a(overCurrentTimer.o)
                0x000024b8                overCurrentTimer_Enable
 .text.overCurrentTimer_SetInterruptMode
                0x000024c8        0xc .\CortexM0\ARM_GCC_493\Debug\81-00024-01.a(overCurrentTimer.o)
                0x000024c8                overCurrentTimer_SetInterruptMode
 .text.overCurrentTimer_ReadStatusRegister
                0x000024d4        0xc .\CortexM0\ARM_GCC_493\Debug\81-00024-01.a(overCurrentTimer.o)
                0x000024d4                overCurrentTimer_ReadStatusRegister
 .text.overCurrentTimer_WritePeriod
                0x000024e0        0xc .\CortexM0\ARM_GCC_493\Debug\81-00024-01.a(overCurrentTimer.o)
                0x000024e0                overCurrentTimer_WritePeriod
 .text.overCurrentTimer_ReadCapture
                0x000024ec        0xc .\CortexM0\ARM_GCC_493\Debug\81-00024-01.a(overCurrentTimer.o)
                0x000024ec                overCurrentTimer_ReadCapture
 .text.overCurrentTimer_WriteCounter
                0x000024f8        0xc .\CortexM0\ARM_GCC_493\Debug\81-00024-01.a(overCurrentTimer.o)
                0x000024f8                overCurrentTimer_WriteCounter
 .text.overCurrentTimer_ClearFIFO
                0x00002504       0x14 .\CortexM0\ARM_GCC_493\Debug\81-00024-01.a(overCurrentTimer.o)
                0x00002504                overCurrentTimer_ClearFIFO
 .text.overCurrentTimer_Init
                0x00002518       0x38 .\CortexM0\ARM_GCC_493\Debug\81-00024-01.a(overCurrentTimer.o)
                0x00002518                overCurrentTimer_Init
 .text.overCurrentTimer_Start
                0x00002550       0x20 .\CortexM0\ARM_GCC_493\Debug\81-00024-01.a(overCurrentTimer.o)
                0x00002550                overCurrentTimer_Start
 .text.overCurrentTimerISR_SetVector
                0x00002570        0xc .\CortexM0\ARM_GCC_493\Debug\81-00024-01.a(overCurrentTimerISR.o)
                0x00002570                overCurrentTimerISR_SetVector
 .text.overCurrentTimerISR_SetPriority
                0x0000257c       0x24 .\CortexM0\ARM_GCC_493\Debug\81-00024-01.a(overCurrentTimerISR.o)
                0x0000257c                overCurrentTimerISR_SetPriority
 .text.overCurrentTimerISR_Enable
                0x000025a0        0xc .\CortexM0\ARM_GCC_493\Debug\81-00024-01.a(overCurrentTimerISR.o)
                0x000025a0                overCurrentTimerISR_Enable
 .text.overCurrentTimerISR_Disable
                0x000025ac        0xc .\CortexM0\ARM_GCC_493\Debug\81-00024-01.a(overCurrentTimerISR.o)
                0x000025ac                overCurrentTimerISR_Disable
 .text.overCurrentTimerISR_StartEx
                0x000025b8       0x1c .\CortexM0\ARM_GCC_493\Debug\81-00024-01.a(overCurrentTimerISR.o)
                0x000025b8                overCurrentTimerISR_StartEx
 .text.overCurrentTimerISR_ClearPending
                0x000025d4        0xc .\CortexM0\ARM_GCC_493\Debug\81-00024-01.a(overCurrentTimerISR.o)
                0x000025d4                overCurrentTimerISR_ClearPending
 .text          0x000025e0       0x28 .\CortexM0\ARM_GCC_493\Debug\81-00024-01.a(CyBootAsmGnu.o)
                0x000025e0                CyDelayCycles
                0x000025f4                CyEnterCriticalSection
                0x000025fc                CyExitCriticalSection
 .text.CySysFlashClockBackup
                0x00002608       0x14 .\CortexM0\ARM_GCC_493\Debug\81-00024-01.a(CyFlash.o)
 .text.CySysFlashClockRestore
                0x0000261c       0x14 .\CortexM0\ARM_GCC_493\Debug\81-00024-01.a(CyFlash.o)
 .text.CySysFlashWriteRow
                0x00002630      0x188 .\CortexM0\ARM_GCC_493\Debug\81-00024-01.a(CyFlash.o)
                0x00002630                CySysFlashWriteRow
 .text          0x000027b8      0x1e0 c:/program files (x86)/cypress/psoc creator/3.3/psoc creator/import/gnu/arm/4.9.3/bin/../lib/gcc/arm-none-eabi/4.9.3/armv6-m\libgcc.a(_divsi3.o)
                0x000027b8                __divsi3
                0x000027b8                __aeabi_idiv
                0x00002984                __aeabi_idivmod
 .text          0x00002998        0x4 c:/program files (x86)/cypress/psoc creator/3.3/psoc creator/import/gnu/arm/4.9.3/bin/../lib/gcc/arm-none-eabi/4.9.3/armv6-m\libgcc.a(_dvmd_tls.o)
                0x00002998                __aeabi_idiv0
                0x00002998                __aeabi_ldiv0
 .text          0x0000299c      0x2f8 c:/program files (x86)/cypress/psoc creator/3.3/psoc creator/import/gnu/arm/4.9.3/bin/../lib/gcc/arm-none-eabi/4.9.3/armv6-m\libgcc.a(addsf3.o)
                0x0000299c                __aeabi_fadd
 .text          0x00002c94      0x270 c:/program files (x86)/cypress/psoc creator/3.3/psoc creator/import/gnu/arm/4.9.3/bin/../lib/gcc/arm-none-eabi/4.9.3/armv6-m\libgcc.a(divsf3.o)
                0x00002c94                __aeabi_fdiv
 .text          0x00002f04      0x264 c:/program files (x86)/cypress/psoc creator/3.3/psoc creator/import/gnu/arm/4.9.3/bin/../lib/gcc/arm-none-eabi/4.9.3/armv6-m\libgcc.a(mulsf3.o)
                0x00002f04                __aeabi_fmul
 .text          0x00003168       0x40 c:/program files (x86)/cypress/psoc creator/3.3/psoc creator/import/gnu/arm/4.9.3/bin/../lib/gcc/arm-none-eabi/4.9.3/armv6-m\libgcc.a(fixsfsi.o)
                0x00003168                __aeabi_f2iz
 .text          0x000031a8       0x90 c:/program files (x86)/cypress/psoc creator/3.3/psoc creator/import/gnu/arm/4.9.3/bin/../lib/gcc/arm-none-eabi/4.9.3/armv6-m\libgcc.a(floatsisf.o)
                0x000031a8                __aeabi_i2f
 .text          0x00003238       0x90 c:/program files (x86)/cypress/psoc creator/3.3/psoc creator/import/gnu/arm/4.9.3/bin/../lib/gcc/arm-none-eabi/4.9.3/armv6-m\libgcc.a(floatunsisf.o)
                0x00003238                __aeabi_ui2f
 .text          0x000032c8      0x650 c:/program files (x86)/cypress/psoc creator/3.3/psoc creator/import/gnu/arm/4.9.3/bin/../lib/gcc/arm-none-eabi/4.9.3/armv6-m\libgcc.a(adddf3.o)
                0x000032c8                __aeabi_dadd
 .text          0x00003918      0x534 c:/program files (x86)/cypress/psoc creator/3.3/psoc creator/import/gnu/arm/4.9.3/bin/../lib/gcc/arm-none-eabi/4.9.3/armv6-m\libgcc.a(muldf3.o)
                0x00003918                __aeabi_dmul
 .text          0x00003e4c       0x78 c:/program files (x86)/cypress/psoc creator/3.3/psoc creator/import/gnu/arm/4.9.3/bin/../lib/gcc/arm-none-eabi/4.9.3/armv6-m\libgcc.a(floatsidf.o)
                0x00003e4c                __aeabi_i2d
 .text          0x00003ec4       0xa8 c:/program files (x86)/cypress/psoc creator/3.3/psoc creator/import/gnu/arm/4.9.3/bin/../lib/gcc/arm-none-eabi/4.9.3/armv6-m\libgcc.a(extendsfdf2.o)
                0x00003ec4                __aeabi_f2d
 .text          0x00003f6c      0x120 c:/program files (x86)/cypress/psoc creator/3.3/psoc creator/import/gnu/arm/4.9.3/bin/../lib/gcc/arm-none-eabi/4.9.3/armv6-m\libgcc.a(truncdfsf2.o)
                0x00003f6c                __aeabi_d2f
 .text          0x0000408c       0x3c c:/program files (x86)/cypress/psoc creator/3.3/psoc creator/import/gnu/arm/4.9.3/bin/../lib/gcc/arm-none-eabi/4.9.3/armv6-m\libgcc.a(_clzsi2.o)
                0x0000408c                __clzsi2
 .text.__libc_init_array
                0x000040c8       0x4c c:/program files (x86)/cypress/psoc creator/3.3/psoc creator/import/gnu/arm/4.9.3/bin/../lib/gcc/arm-none-eabi/4.9.3/../../../../arm-none-eabi/lib/armv6-m\libg_nano.a(lib_a-init.o)
                0x000040c8                __libc_init_array
 .text.memcpy   0x00004114       0x12 c:/program files (x86)/cypress/psoc creator/3.3/psoc creator/import/gnu/arm/4.9.3/bin/../lib/gcc/arm-none-eabi/4.9.3/../../../../arm-none-eabi/lib/armv6-m\libg_nano.a(lib_a-memcpy.o)
                0x00004114                memcpy
 .text.memset   0x00004126       0x10 c:/program files (x86)/cypress/psoc creator/3.3/psoc creator/import/gnu/arm/4.9.3/bin/../lib/gcc/arm-none-eabi/4.9.3/../../../../arm-none-eabi/lib/armv6-m\libg_nano.a(lib_a-memset.o)
                0x00004126                memset
 *(.plt)
 *(.gnu.warning)
 *(.glue_7t)
 .glue_7t       0x00000000        0x0 linker stubs
 *(.glue_7)
 .glue_7        0x00000000        0x0 linker stubs
 *(.vfp11_veneer)
 .vfp11_veneer  0x00000000        0x0 linker stubs
 *(.bootloader)
 *(.ARM.extab* .gnu.linkonce.armextab.*)
 *(.gcc_except_table)

.v4_bx          0x00004138        0x0
 .v4_bx         0x00000000        0x0 linker stubs

.iplt           0x00004138        0x0
 .iplt          0x00000000        0x0 c:/program files (x86)/cypress/psoc creator/3.3/psoc creator/import/gnu/arm/4.9.3/bin/../lib/gcc/arm-none-eabi/4.9.3/armv6-m/crtbegin.o

.eh_frame_hdr
 *(.eh_frame_hdr)

.eh_frame       0x00004138        0x4
 *(.eh_frame)
 .eh_frame      0x00004138        0x0 c:/program files (x86)/cypress/psoc creator/3.3/psoc creator/import/gnu/arm/4.9.3/bin/../lib/gcc/arm-none-eabi/4.9.3/armv6-m/crtbegin.o
 .eh_frame      0x00004138        0x4 c:/program files (x86)/cypress/psoc creator/3.3/psoc creator/import/gnu/arm/4.9.3/bin/../lib/gcc/arm-none-eabi/4.9.3/armv6-m/crtend.o
                0x0000413c                PROVIDE (__exidx_start, .)

.ARM.exidx
 *(.ARM.exidx* .gnu.linkonce.armexidx.*)
                0x0000413c                __exidx_end = .

.rodata         0x0000413c      0x3ec
 *(.rodata .rodata.* .gnu.linkonce.r.*)
 .rodata        0x0000413c        0x8 .\CortexM0\ARM_GCC_493\Debug\main.o
 .rodata        0x00004144       0x20 .\CortexM0\ARM_GCC_493\Debug\TemperatureCommManager.o
 .rodata        0x00004164       0x20 .\CortexM0\ARM_GCC_493\Debug\BrightnessCommManager.o
 .rodata        0x00004184       0x10 .\CortexM0\ARM_GCC_493\Debug\DriverControl.o
 .rodata        0x00004194      0x214 .\CortexM0\ARM_GCC_493\Debug\81-00024-01.a(cyfitter_cfg.o)
 .rodata        0x000043a8       0x1c .\CortexM0\ARM_GCC_493\Debug\81-00024-01.a(ADC_SAR_Seq.o)
 .rodata        0x000043c4       0x30 .\CortexM0\ARM_GCC_493\Debug\81-00024-01.a(CyLib.o)
                0x000043c4                cyImoFreqMhz2Reg
 .rodata        0x000043f4       0x80 c:/program files (x86)/cypress/psoc creator/3.3/psoc creator/import/gnu/arm/4.9.3/bin/../lib/gcc/arm-none-eabi/4.9.3/armv6-m\libgcc.a(divsf3.o)
 .rodata        0x00004474       0x40 c:/program files (x86)/cypress/psoc creator/3.3/psoc creator/import/gnu/arm/4.9.3/bin/../lib/gcc/arm-none-eabi/4.9.3/armv6-m\libgcc.a(mulsf3.o)
 .rodata        0x000044b4       0x40 c:/program files (x86)/cypress/psoc creator/3.3/psoc creator/import/gnu/arm/4.9.3/bin/../lib/gcc/arm-none-eabi/4.9.3/armv6-m\libgcc.a(muldf3.o)
                0x000044f4                . = ALIGN (0x4)
 *(.init)
 .init          0x000044f4        0x4 c:/program files (x86)/cypress/psoc creator/3.3/psoc creator/import/gnu/arm/4.9.3/bin/../lib/gcc/arm-none-eabi/4.9.3/armv6-m/crti.o
                0x000044f4                _init
 .init          0x000044f8        0x8 c:/program files (x86)/cypress/psoc creator/3.3/psoc creator/import/gnu/arm/4.9.3/bin/../lib/gcc/arm-none-eabi/4.9.3/armv6-m/crtn.o
                0x00004500                . = ALIGN (0x4)
                0x00004500                __preinit_array_start = .
 *(.preinit_array)
                0x00004500                __preinit_array_end = .
                0x00004500                . = ALIGN (0x4)
                0x00004500                __init_array_start = .
 *(SORT(.init_array.*))
 *(.init_array)
 .init_array    0x00004500        0x4 c:/program files (x86)/cypress/psoc creator/3.3/psoc creator/import/gnu/arm/4.9.3/bin/../lib/gcc/arm-none-eabi/4.9.3/armv6-m/crtbegin.o
 .init_array    0x00004504        0x4 .\CortexM0\ARM_GCC_493\Debug\Cm0Start.o
                0x00004508                __init_array_end = .
                0x00004508                . = ALIGN (0x4)
 *(.fini)
 .fini          0x00004508        0x4 c:/program files (x86)/cypress/psoc creator/3.3/psoc creator/import/gnu/arm/4.9.3/bin/../lib/gcc/arm-none-eabi/4.9.3/armv6-m/crti.o
                0x00004508                _fini
 .fini          0x0000450c        0x8 c:/program files (x86)/cypress/psoc creator/3.3/psoc creator/import/gnu/arm/4.9.3/bin/../lib/gcc/arm-none-eabi/4.9.3/armv6-m/crtn.o
                0x00004514                . = ALIGN (0x4)
                0x00004514                __fini_array_start = .
 *(.fini_array)
 .fini_array    0x00004514        0x4 c:/program files (x86)/cypress/psoc creator/3.3/psoc creator/import/gnu/arm/4.9.3/bin/../lib/gcc/arm-none-eabi/4.9.3/armv6-m/crtbegin.o
 *(SORT(.fini_array.*))
                0x00004518                __fini_array_end = .
                0x00004518                . = ALIGN (0x4)
 *crtbegin.o(.ctors)
 *(EXCLUDE_FILE(*crtend.o) .ctors)
 *(SORT(.ctors.*))
 *crtend.o(.ctors)
                0x00004518                . = ALIGN (0x4)
 *crtbegin.o(.dtors)
 *(EXCLUDE_FILE(*crtend.o) .dtors)
 *(SORT(.dtors.*))
 *crtend.o(.dtors)
                0x00004518                . = ALIGN (0x4)
                0x00004518                __cy_regions = .
                0x00004518        0x4 LONG 0x4528 __cy_region_init_ram
                0x0000451c        0x4 LONG 0x200000c8 __cy_region_start_data
                0x00004520        0x4 LONG 0x38 __cy_region_init_size_ram
                0x00004524        0x4 LONG 0x188 __cy_region_zero_size_ram
                0x00004528                __cy_regions_end = .
                0x00004528                . = ALIGN (0x8)
                0x00004528                _etext = .

.cy_checksum_exclude
                0x00004528        0x0
 *(.cy_checksum_exclude)

.ramvectors     0x20000000       0xc0
                0x20000000                __cy_region_start_ram = .
 *(.ramvectors)
 .ramvectors    0x20000000       0xc0 .\CortexM0\ARM_GCC_493\Debug\Cm0Start.o
                0x20000000                CyRamVectors

.noinit         0x200000c0        0x4
 *(.noinit)
 .noinit        0x200000c0        0x4 .\CortexM0\ARM_GCC_493\Debug\Cm0Start.o

.data           0x200000c8       0x38 load address 0x00004528
                0x200000c8                __cy_region_start_data = .
 *(.jcr)
 .jcr           0x200000c8        0x0 c:/program files (x86)/cypress/psoc creator/3.3/psoc creator/import/gnu/arm/4.9.3/bin/../lib/gcc/arm-none-eabi/4.9.3/armv6-m/crtbegin.o
 .jcr           0x200000c8        0x4 c:/program files (x86)/cypress/psoc creator/3.3/psoc creator/import/gnu/arm/4.9.3/bin/../lib/gcc/arm-none-eabi/4.9.3/armv6-m/crtend.o
 *(.got.plt)
 *(.got)
 *(.shdata)
 *(.data .data.* .gnu.linkonce.d.*)
 .data          0x200000cc        0x8 .\CortexM0\ARM_GCC_493\Debug\TemperatureCommManager.o
 .data          0x200000d4        0x1 .\CortexM0\ARM_GCC_493\Debug\BrightnessCommManager.o
 *fill*         0x200000d5        0x3 
 .data          0x200000d8       0x10 .\CortexM0\ARM_GCC_493\Debug\DriverControl.o
 .data          0x200000e8       0x10 .\CortexM0\ARM_GCC_493\Debug\81-00024-01.a(CyLib.o)
                0x200000e8                cydelay32kMs
                0x200000ec                cydelayFreqKhz
                0x200000f0                cydelayFreqMhz
                0x200000f4                cydelayFreqHz
 .data          0x200000f8        0x4 .\CortexM0\ARM_GCC_493\Debug\81-00024-01.a(CyLFClk.o)
                0x20000100                . = ALIGN (0x8)
 *fill*         0x200000fc        0x4 
 *(.ram)
                0x20000100                _edata = .

.igot.plt       0x20000100        0x0 load address 0x00004560
 .igot.plt      0x00000000        0x0 c:/program files (x86)/cypress/psoc creator/3.3/psoc creator/import/gnu/arm/4.9.3/bin/../lib/gcc/arm-none-eabi/4.9.3/armv6-m/crtbegin.o

.bss            0x20000100      0x188 load address 0x00004560
                0x20000100                PROVIDE (__bss_start__, .)
 *(.shbss)
 *(.bss .bss.* .gnu.linkonce.b.*)
 .bss           0x20000100       0x1c c:/program files (x86)/cypress/psoc creator/3.3/psoc creator/import/gnu/arm/4.9.3/bin/../lib/gcc/arm-none-eabi/4.9.3/armv6-m/crtbegin.o
 .bss           0x2000011c        0x8 .\CortexM0\ARM_GCC_493\Debug\main.o
 .bss           0x20000124       0x64 .\CortexM0\ARM_GCC_493\Debug\TemperatureCommManager.o
                0x20000124                bReadyToSendNextBrightnessTimeoutPacket
                0x20000138                readyToSendThresholdCounter
                0x2000017e                sendTempPacketBack
 .bss           0x20000188       0x2c .\CortexM0\ARM_GCC_493\Debug\BrightnessCommManager.o
                0x20000194                bIsCommunicationTrigger
                0x20000196                timeOutCounter
                0x20000198                bCommunicationTimeOut
 .bss           0x200001b4        0x1 .\CortexM0\ARM_GCC_493\Debug\DriverControl.o
 *fill*         0x200001b5        0x3 
 .bss           0x200001b8       0x64 .\CortexM0\ARM_GCC_493\Debug\motorControl.o
                0x200001bc                motorStatus
                0x20000214                bDoneMovingCalibrate
 .bss           0x2000021c        0x1 .\CortexM0\ARM_GCC_493\Debug\81-00024-01.a(ADC_SAR_Seq.o)
                0x2000021c                ADC_SAR_Seq_initVar
 *fill*         0x2000021d        0x3 
 .bss           0x20000220       0x1c .\CortexM0\ARM_GCC_493\Debug\81-00024-01.a(CyLFClk.o)
 .bss           0x2000023c        0x1 .\CortexM0\ARM_GCC_493\Debug\81-00024-01.a(TimeoutTimer.o)
                0x2000023c                TimeoutTimer_initVar
 .bss           0x2000023d        0x1 .\CortexM0\ARM_GCC_493\Debug\81-00024-01.a(SamplingTimer.o)
                0x2000023d                SamplingTimer_initVar
 .bss           0x2000023e        0x1 .\CortexM0\ARM_GCC_493\Debug\81-00024-01.a(UART_LED.o)
                0x2000023e                UART_LED_initVar
 .bss           0x2000023f        0x1 .\CortexM0\ARM_GCC_493\Debug\81-00024-01.a(PWM.o)
                0x2000023f                PWM_initVar
 .bss           0x20000240        0x1 .\CortexM0\ARM_GCC_493\Debug\81-00024-01.a(AckTimer.o)
                0x20000240                AckTimer_initVar
 .bss           0x20000241        0x1 .\CortexM0\ARM_GCC_493\Debug\81-00024-01.a(motorControlPWM.o)
                0x20000241                motorControlPWM_initVar
 .bss           0x20000242        0x1 .\CortexM0\ARM_GCC_493\Debug\81-00024-01.a(overCurrentTimer.o)
                0x20000242                overCurrentTimer_initVar
 *fill*         0x20000243        0x1 
 .bss           0x20000244        0x4 .\CortexM0\ARM_GCC_493\Debug\81-00024-01.a(CyFlash.o)
 *(COMMON)
 COMMON         0x20000248       0x14 .\CortexM0\ARM_GCC_493\Debug\BrightnessCommManager.o
                0x20000248                rxPacket
                0x20000258                pRxPacket
 COMMON         0x2000025c        0x8 .\CortexM0\ARM_GCC_493\Debug\motorControl.o
                0x2000025c                rxPacketLocal
                0x20000260                pMotor
 COMMON         0x20000264       0x1e .\CortexM0\ARM_GCC_493\Debug\81-00024-01.a(ADC_SAR_Seq.o)
                0x20000264                ADC_SAR_Seq_countsPer10Volt
                0x20000278                ADC_SAR_Seq_offset
                0x20000288                . = ALIGN (0x8)
 *fill*         0x20000282        0x6 
 *(.ram.b)
                0x20000288                _end = .
                0x20000288                __end = .
                0x20000288                PROVIDE (end, .)
                0x20000288                PROVIDE (__bss_end__, .)
                0x00004528                __cy_region_init_ram = LOADADDR (.data)
                0x00000038                __cy_region_init_size_ram = (_edata - ADDR (.data))
                0x00000188                __cy_region_zero_size_ram = (_end - _edata)

.heap           0x20000288       0x80 load address 0x00004560
                0x20000288                . = _end
                0x20000308                . = (. + 0x80)
 *fill*         0x20000288       0x80 
                0x20000308                __cy_heap_limit = .

.stack          0x20000c00      0x400
                0x20000c00                __cy_stack_limit = .
                0x20001000                . = (. + 0x400)
 *fill*         0x20000c00      0x400 
                0x00000001                ASSERT ((__cy_stack_limit >= __cy_heap_limit), region RAM overflowed with stack)
                0x00000000                cy_checksum_exclude_size = (CY_APPL_LOADABLE == 0x1)?SIZEOF (.cy_checksum_exclude):0x0
                0x00000001                ASSERT ((cy_checksum_exclude_size <= CY_CHECKSUM_EXCLUDE_SIZE), CY_BOOT: Section .cy_checksum_exclude size exceedes specified limit.)
                0x00007fc0                cyloadermeta_start = (cy_project_type_bootloader || cy_project_type_app_for_stack_and_copier)?(0x8000 - CY_METADATA_SIZE):0xf0000000

.cyloadermeta
 *(.cyloadermeta)
                0x00007fc0                cyloadablemeta_start = cy_project_type_app_for_stack_and_copier?((0x8000 - CY_FLASH_ROW_SIZE) - CY_METADATA_SIZE):((0x8000 - (CY_FLASH_ROW_SIZE * (CY_APPL_NUM - 0x1))) - CY_METADATA_SIZE)

.cyloadablemeta
 *(.cyloadablemeta)

.cyflashprotect
                0x90400000       0x20
 *(.cyflashprotect)
 .cyflashprotect
                0x90400000       0x20 .\CortexM0\ARM_GCC_493\Debug\cymetadata.o
                0x90400000                cy_meta_flashprotect

.cymeta         0x90500000        0xc
 *(.cymeta)
 .cymeta        0x90500000        0xc .\CortexM0\ARM_GCC_493\Debug\cymetadata.o
                0x90500000                cy_metadata

.cychipprotect  0x90600000        0x4
 *(.cychipprotect)
 .cychipprotect
                0x90600000        0x4 .\CortexM0\ARM_GCC_493\Debug\cymetadata.o
                0x90600000                cy_meta_chipprotect

.rel.dyn        0x00004560        0x0 load address 0x90600004
 .rel.iplt      0x00000000        0x0 c:/program files (x86)/cypress/psoc creator/3.3/psoc creator/import/gnu/arm/4.9.3/bin/../lib/gcc/arm-none-eabi/4.9.3/armv6-m/crtbegin.o

.stab
 *(.stab)

.stabstr
 *(.stabstr)

.debug
 *(.debug)

.line
 *(.line)

.debug_srcinfo
 *(.debug_srcinfo)

.debug_sfnames
 *(.debug_sfnames)

.debug_aranges  0x00000000     0x13a0
 *(.debug_aranges)
 .debug_aranges
                0x00000000       0x40 .\CortexM0\ARM_GCC_493\Debug\main.o
 .debug_aranges
                0x00000040       0x58 .\CortexM0\ARM_GCC_493\Debug\TemperatureCommManager.o
 .debug_aranges
                0x00000098       0xb8 .\CortexM0\ARM_GCC_493\Debug\BrightnessCommManager.o
 .debug_aranges
                0x00000150       0x88 .\CortexM0\ARM_GCC_493\Debug\DriverControl.o
 .debug_aranges
                0x000001d8       0x58 .\CortexM0\ARM_GCC_493\Debug\motorControl.o
 .debug_aranges
                0x00000230       0x18 .\CortexM0\ARM_GCC_493\Debug\cymetadata.o
 .debug_aranges
                0x00000248       0x48 .\CortexM0\ARM_GCC_493\Debug\Cm0Start.o
 .debug_aranges
                0x00000290       0x48 .\CortexM0\ARM_GCC_493\Debug\81-00024-01.a(cyfitter_cfg.o)
 .debug_aranges
                0x000002d8       0xb0 .\CortexM0\ARM_GCC_493\Debug\81-00024-01.a(ADC_SAR_Seq.o)
 .debug_aranges
                0x00000388       0x20 .\CortexM0\ARM_GCC_493\Debug\81-00024-01.a(ADC_SAR_Seq_INT.o)
 .debug_aranges
                0x000003a8      0x178 .\CortexM0\ARM_GCC_493\Debug\81-00024-01.a(CyLib.o)
 .debug_aranges
                0x00000520       0x58 .\CortexM0\ARM_GCC_493\Debug\81-00024-01.a(cyPm.o)
 .debug_aranges
                0x00000578      0x120 .\CortexM0\ARM_GCC_493\Debug\81-00024-01.a(CyLFClk.o)
 .debug_aranges
                0x00000698      0x158 .\CortexM0\ARM_GCC_493\Debug\81-00024-01.a(TimeoutTimer.o)
 .debug_aranges
                0x000007f0       0x80 .\CortexM0\ARM_GCC_493\Debug\81-00024-01.a(CommTimeoutISR.o)
 .debug_aranges
                0x00000870       0x80 .\CortexM0\ARM_GCC_493\Debug\81-00024-01.a(SamplingTimerISR.o)
 .debug_aranges
                0x000008f0      0x158 .\CortexM0\ARM_GCC_493\Debug\81-00024-01.a(SamplingTimer.o)
 .debug_aranges
                0x00000a48       0x80 .\CortexM0\ARM_GCC_493\Debug\81-00024-01.a(UART_LED_ISR.o)
 .debug_aranges
                0x00000ac8       0x60 .\CortexM0\ARM_GCC_493\Debug\81-00024-01.a(UART_LED.o)
 .debug_aranges
                0x00000b28       0x60 .\CortexM0\ARM_GCC_493\Debug\81-00024-01.a(UART_LED_SPI_UART.o)
 .debug_aranges
                0x00000b88       0x60 .\CortexM0\ARM_GCC_493\Debug\81-00024-01.a(UART_LED_UART.o)
 .debug_aranges
                0x00000be8       0x98 .\CortexM0\ARM_GCC_493\Debug\81-00024-01.a(PWM.o)
 .debug_aranges
                0x00000c80       0x28 .\CortexM0\ARM_GCC_493\Debug\81-00024-01.a(PWM_Enable.o)
 .debug_aranges
                0x00000ca8       0x20 .\CortexM0\ARM_GCC_493\Debug\81-00024-01.a(DieTemp.o)
 .debug_aranges
                0x00000cc8       0x80 .\CortexM0\ARM_GCC_493\Debug\81-00024-01.a(LED_ISR.o)
 .debug_aranges
                0x00000d48       0x80 .\CortexM0\ARM_GCC_493\Debug\81-00024-01.a(AckTimeoutISR.o)
 .debug_aranges
                0x00000dc8      0x158 .\CortexM0\ARM_GCC_493\Debug\81-00024-01.a(AckTimer.o)
 .debug_aranges
                0x00000f20      0x158 .\CortexM0\ARM_GCC_493\Debug\81-00024-01.a(LED_Timer.o)
 .debug_aranges
                0x00001078       0x30 .\CortexM0\ARM_GCC_493\Debug\81-00024-01.a(EmEEPROM.o)
 .debug_aranges
                0x000010a8       0x88 .\CortexM0\ARM_GCC_493\Debug\81-00024-01.a(motorControlPWM.o)
 .debug_aranges
                0x00001130       0x40 .\CortexM0\ARM_GCC_493\Debug\81-00024-01.a(pwmClock.o)
 .debug_aranges
                0x00001170       0x48 .\CortexM0\ARM_GCC_493\Debug\81-00024-01.a(limitSwitch.o)
 .debug_aranges
                0x000011b8       0x80 .\CortexM0\ARM_GCC_493\Debug\81-00024-01.a(hallEffectISR.o)
 .debug_aranges
                0x00001238       0x90 .\CortexM0\ARM_GCC_493\Debug\81-00024-01.a(overCurrentTimer.o)
 .debug_aranges
                0x000012c8       0x80 .\CortexM0\ARM_GCC_493\Debug\81-00024-01.a(overCurrentTimerISR.o)
 .debug_aranges
                0x00001348       0x20 .\CortexM0\ARM_GCC_493\Debug\81-00024-01.a(CyBootAsmGnu.o)
 .debug_aranges
                0x00001368       0x38 .\CortexM0\ARM_GCC_493\Debug\81-00024-01.a(CyFlash.o)

.debug_pubnames
 *(.debug_pubnames)

.debug_info     0x00000000     0xa3ff
 *(.debug_info .gnu.linkonce.wi.*)
 .debug_info    0x00000000      0x556 .\CortexM0\ARM_GCC_493\Debug\main.o
 .debug_info    0x00000556      0x5b0 .\CortexM0\ARM_GCC_493\Debug\TemperatureCommManager.o
 .debug_info    0x00000b06      0xc6c .\CortexM0\ARM_GCC_493\Debug\BrightnessCommManager.o
 .debug_info    0x00001772      0x71b .\CortexM0\ARM_GCC_493\Debug\DriverControl.o
 .debug_info    0x00001e8d      0x8bd .\CortexM0\ARM_GCC_493\Debug\motorControl.o
 .debug_info    0x0000274a       0xfe .\CortexM0\ARM_GCC_493\Debug\cymetadata.o
 .debug_info    0x00002848      0x38e .\CortexM0\ARM_GCC_493\Debug\Cm0Start.o
 .debug_info    0x00002bd6      0x40e .\CortexM0\ARM_GCC_493\Debug\81-00024-01.a(cyfitter_cfg.o)
 .debug_info    0x00002fe4      0x5d1 .\CortexM0\ARM_GCC_493\Debug\81-00024-01.a(ADC_SAR_Seq.o)
 .debug_info    0x000035b5       0xc4 .\CortexM0\ARM_GCC_493\Debug\81-00024-01.a(ADC_SAR_Seq_INT.o)
 .debug_info    0x00003679      0xad1 .\CortexM0\ARM_GCC_493\Debug\81-00024-01.a(CyLib.o)
 .debug_info    0x0000414a      0x2d3 .\CortexM0\ARM_GCC_493\Debug\81-00024-01.a(cyPm.o)
 .debug_info    0x0000441d      0xc23 .\CortexM0\ARM_GCC_493\Debug\81-00024-01.a(CyLFClk.o)
 .debug_info    0x00005040      0x8f1 .\CortexM0\ARM_GCC_493\Debug\81-00024-01.a(TimeoutTimer.o)
 .debug_info    0x00005931      0x316 .\CortexM0\ARM_GCC_493\Debug\81-00024-01.a(CommTimeoutISR.o)
 .debug_info    0x00005c47      0x317 .\CortexM0\ARM_GCC_493\Debug\81-00024-01.a(SamplingTimerISR.o)
 .debug_info    0x00005f5e      0x8ef .\CortexM0\ARM_GCC_493\Debug\81-00024-01.a(SamplingTimer.o)
 .debug_info    0x0000684d      0x315 .\CortexM0\ARM_GCC_493\Debug\81-00024-01.a(UART_LED_ISR.o)
 .debug_info    0x00006b62      0x21c .\CortexM0\ARM_GCC_493\Debug\81-00024-01.a(UART_LED.o)
 .debug_info    0x00006d7e      0x217 .\CortexM0\ARM_GCC_493\Debug\81-00024-01.a(UART_LED_SPI_UART.o)
 .debug_info    0x00006f95      0x2ad .\CortexM0\ARM_GCC_493\Debug\81-00024-01.a(UART_LED_UART.o)
 .debug_info    0x00007242      0x32e .\CortexM0\ARM_GCC_493\Debug\81-00024-01.a(PWM.o)
 .debug_info    0x00007570       0xd6 .\CortexM0\ARM_GCC_493\Debug\81-00024-01.a(PWM_Enable.o)
 .debug_info    0x00007646      0x12b .\CortexM0\ARM_GCC_493\Debug\81-00024-01.a(DieTemp.o)
 .debug_info    0x00007771      0x316 .\CortexM0\ARM_GCC_493\Debug\81-00024-01.a(LED_ISR.o)
 .debug_info    0x00007a87      0x316 .\CortexM0\ARM_GCC_493\Debug\81-00024-01.a(AckTimeoutISR.o)
 .debug_info    0x00007d9d      0x8f1 .\CortexM0\ARM_GCC_493\Debug\81-00024-01.a(AckTimer.o)
 .debug_info    0x0000868e      0x8f1 .\CortexM0\ARM_GCC_493\Debug\81-00024-01.a(LED_Timer.o)
 .debug_info    0x00008f7f      0x1e4 .\CortexM0\ARM_GCC_493\Debug\81-00024-01.a(EmEEPROM.o)
 .debug_info    0x00009163      0x2b7 .\CortexM0\ARM_GCC_493\Debug\81-00024-01.a(motorControlPWM.o)
 .debug_info    0x0000941a      0x14e .\CortexM0\ARM_GCC_493\Debug\81-00024-01.a(pwmClock.o)
 .debug_info    0x00009568      0x19b .\CortexM0\ARM_GCC_493\Debug\81-00024-01.a(limitSwitch.o)
 .debug_info    0x00009703      0x300 .\CortexM0\ARM_GCC_493\Debug\81-00024-01.a(hallEffectISR.o)
 .debug_info    0x00009a03      0x2e9 .\CortexM0\ARM_GCC_493\Debug\81-00024-01.a(overCurrentTimer.o)
 .debug_info    0x00009cec      0x300 .\CortexM0\ARM_GCC_493\Debug\81-00024-01.a(overCurrentTimerISR.o)
 .debug_info    0x00009fec       0xad .\CortexM0\ARM_GCC_493\Debug\81-00024-01.a(CyBootAsmGnu.o)
 .debug_info    0x0000a099      0x366 .\CortexM0\ARM_GCC_493\Debug\81-00024-01.a(CyFlash.o)

.debug_abbrev   0x00000000     0x347d
 *(.debug_abbrev)
 .debug_abbrev  0x00000000      0x1cc .\CortexM0\ARM_GCC_493\Debug\main.o
 .debug_abbrev  0x000001cc      0x24d .\CortexM0\ARM_GCC_493\Debug\TemperatureCommManager.o
 .debug_abbrev  0x00000419      0x304 .\CortexM0\ARM_GCC_493\Debug\BrightnessCommManager.o
 .debug_abbrev  0x0000071d      0x28f .\CortexM0\ARM_GCC_493\Debug\DriverControl.o
 .debug_abbrev  0x000009ac      0x1fd .\CortexM0\ARM_GCC_493\Debug\motorControl.o
 .debug_abbrev  0x00000ba9       0x5d .\CortexM0\ARM_GCC_493\Debug\cymetadata.o
 .debug_abbrev  0x00000c06      0x1d5 .\CortexM0\ARM_GCC_493\Debug\Cm0Start.o
 .debug_abbrev  0x00000ddb      0x209 .\CortexM0\ARM_GCC_493\Debug\81-00024-01.a(cyfitter_cfg.o)
 .debug_abbrev  0x00000fe4      0x1dd .\CortexM0\ARM_GCC_493\Debug\81-00024-01.a(ADC_SAR_Seq.o)
 .debug_abbrev  0x000011c1       0x65 .\CortexM0\ARM_GCC_493\Debug\81-00024-01.a(ADC_SAR_Seq_INT.o)
 .debug_abbrev  0x00001226      0x20d .\CortexM0\ARM_GCC_493\Debug\81-00024-01.a(CyLib.o)
 .debug_abbrev  0x00001433      0x137 .\CortexM0\ARM_GCC_493\Debug\81-00024-01.a(cyPm.o)
 .debug_abbrev  0x0000156a      0x226 .\CortexM0\ARM_GCC_493\Debug\81-00024-01.a(CyLFClk.o)
 .debug_abbrev  0x00001790      0x133 .\CortexM0\ARM_GCC_493\Debug\81-00024-01.a(TimeoutTimer.o)
 .debug_abbrev  0x000018c3      0x19e .\CortexM0\ARM_GCC_493\Debug\81-00024-01.a(CommTimeoutISR.o)
 .debug_abbrev  0x00001a61      0x18f .\CortexM0\ARM_GCC_493\Debug\81-00024-01.a(SamplingTimerISR.o)
 .debug_abbrev  0x00001bf0      0x133 .\CortexM0\ARM_GCC_493\Debug\81-00024-01.a(SamplingTimer.o)
 .debug_abbrev  0x00001d23      0x1ad .\CortexM0\ARM_GCC_493\Debug\81-00024-01.a(UART_LED_ISR.o)
 .debug_abbrev  0x00001ed0       0xed .\CortexM0\ARM_GCC_493\Debug\81-00024-01.a(UART_LED.o)
 .debug_abbrev  0x00001fbd      0x169 .\CortexM0\ARM_GCC_493\Debug\81-00024-01.a(UART_LED_SPI_UART.o)
 .debug_abbrev  0x00002126      0x12c .\CortexM0\ARM_GCC_493\Debug\81-00024-01.a(UART_LED_UART.o)
 .debug_abbrev  0x00002252      0x14d .\CortexM0\ARM_GCC_493\Debug\81-00024-01.a(PWM.o)
 .debug_abbrev  0x0000239f       0x81 .\CortexM0\ARM_GCC_493\Debug\81-00024-01.a(PWM_Enable.o)
 .debug_abbrev  0x00002420       0x85 .\CortexM0\ARM_GCC_493\Debug\81-00024-01.a(DieTemp.o)
 .debug_abbrev  0x000024a5      0x19e .\CortexM0\ARM_GCC_493\Debug\81-00024-01.a(LED_ISR.o)
 .debug_abbrev  0x00002643      0x19e .\CortexM0\ARM_GCC_493\Debug\81-00024-01.a(AckTimeoutISR.o)
 .debug_abbrev  0x000027e1      0x133 .\CortexM0\ARM_GCC_493\Debug\81-00024-01.a(AckTimer.o)
 .debug_abbrev  0x00002914      0x133 .\CortexM0\ARM_GCC_493\Debug\81-00024-01.a(LED_Timer.o)
 .debug_abbrev  0x00002a47      0x101 .\CortexM0\ARM_GCC_493\Debug\81-00024-01.a(EmEEPROM.o)
 .debug_abbrev  0x00002b48      0x14b .\CortexM0\ARM_GCC_493\Debug\81-00024-01.a(motorControlPWM.o)
 .debug_abbrev  0x00002c93       0xb7 .\CortexM0\ARM_GCC_493\Debug\81-00024-01.a(pwmClock.o)
 .debug_abbrev  0x00002d4a       0xc8 .\CortexM0\ARM_GCC_493\Debug\81-00024-01.a(limitSwitch.o)
 .debug_abbrev  0x00002e12      0x1b4 .\CortexM0\ARM_GCC_493\Debug\81-00024-01.a(hallEffectISR.o)
 .debug_abbrev  0x00002fc6      0x145 .\CortexM0\ARM_GCC_493\Debug\81-00024-01.a(overCurrentTimer.o)
 .debug_abbrev  0x0000310b      0x1b4 .\CortexM0\ARM_GCC_493\Debug\81-00024-01.a(overCurrentTimerISR.o)
 .debug_abbrev  0x000032bf       0x14 .\CortexM0\ARM_GCC_493\Debug\81-00024-01.a(CyBootAsmGnu.o)
 .debug_abbrev  0x000032d3      0x1aa .\CortexM0\ARM_GCC_493\Debug\81-00024-01.a(CyFlash.o)

.debug_line     0x00000000     0x448e
 *(.debug_line)
 .debug_line    0x00000000      0x1dd .\CortexM0\ARM_GCC_493\Debug\main.o
 .debug_line    0x000001dd      0x193 .\CortexM0\ARM_GCC_493\Debug\TemperatureCommManager.o
 .debug_line    0x00000370      0x513 .\CortexM0\ARM_GCC_493\Debug\BrightnessCommManager.o
 .debug_line    0x00000883      0x291 .\CortexM0\ARM_GCC_493\Debug\DriverControl.o
 .debug_line    0x00000b14      0x28d .\CortexM0\ARM_GCC_493\Debug\motorControl.o
 .debug_line    0x00000da1       0x53 .\CortexM0\ARM_GCC_493\Debug\cymetadata.o
 .debug_line    0x00000df4      0x248 .\CortexM0\ARM_GCC_493\Debug\Cm0Start.o
 .debug_line    0x0000103c      0x1a8 .\CortexM0\ARM_GCC_493\Debug\81-00024-01.a(cyfitter_cfg.o)
 .debug_line    0x000011e4      0x2c2 .\CortexM0\ARM_GCC_493\Debug\81-00024-01.a(ADC_SAR_Seq.o)
 .debug_line    0x000014a6       0x6c .\CortexM0\ARM_GCC_493\Debug\81-00024-01.a(ADC_SAR_Seq_INT.o)
 .debug_line    0x00001512      0x44b .\CortexM0\ARM_GCC_493\Debug\81-00024-01.a(CyLib.o)
 .debug_line    0x0000195d      0x12d .\CortexM0\ARM_GCC_493\Debug\81-00024-01.a(cyPm.o)
 .debug_line    0x00001a8a      0x3fe .\CortexM0\ARM_GCC_493\Debug\81-00024-01.a(CyLFClk.o)
 .debug_line    0x00001e88      0x382 .\CortexM0\ARM_GCC_493\Debug\81-00024-01.a(TimeoutTimer.o)
 .debug_line    0x0000220a      0x18f .\CortexM0\ARM_GCC_493\Debug\81-00024-01.a(CommTimeoutISR.o)
 .debug_line    0x00002399      0x194 .\CortexM0\ARM_GCC_493\Debug\81-00024-01.a(SamplingTimerISR.o)
 .debug_line    0x0000252d      0x383 .\CortexM0\ARM_GCC_493\Debug\81-00024-01.a(SamplingTimer.o)
 .debug_line    0x000028b0      0x18d .\CortexM0\ARM_GCC_493\Debug\81-00024-01.a(UART_LED_ISR.o)
 .debug_line    0x00002a3d      0x148 .\CortexM0\ARM_GCC_493\Debug\81-00024-01.a(UART_LED.o)
 .debug_line    0x00002b85      0x137 .\CortexM0\ARM_GCC_493\Debug\81-00024-01.a(UART_LED_SPI_UART.o)
 .debug_line    0x00002cbc      0x15c .\CortexM0\ARM_GCC_493\Debug\81-00024-01.a(UART_LED_UART.o)
 .debug_line    0x00002e18      0x190 .\CortexM0\ARM_GCC_493\Debug\81-00024-01.a(PWM.o)
 .debug_line    0x00002fa8       0x75 .\CortexM0\ARM_GCC_493\Debug\81-00024-01.a(PWM_Enable.o)
 .debug_line    0x0000301d       0x6e .\CortexM0\ARM_GCC_493\Debug\81-00024-01.a(DieTemp.o)
 .debug_line    0x0000308b      0x180 .\CortexM0\ARM_GCC_493\Debug\81-00024-01.a(LED_ISR.o)
 .debug_line    0x0000320b      0x18f .\CortexM0\ARM_GCC_493\Debug\81-00024-01.a(AckTimeoutISR.o)
 .debug_line    0x0000339a      0x37e .\CortexM0\ARM_GCC_493\Debug\81-00024-01.a(AckTimer.o)
 .debug_line    0x00003718      0x37f .\CortexM0\ARM_GCC_493\Debug\81-00024-01.a(LED_Timer.o)
 .debug_line    0x00003a97       0xce .\CortexM0\ARM_GCC_493\Debug\81-00024-01.a(EmEEPROM.o)
 .debug_line    0x00003b65      0x169 .\CortexM0\ARM_GCC_493\Debug\81-00024-01.a(motorControlPWM.o)
 .debug_line    0x00003cce       0xc7 .\CortexM0\ARM_GCC_493\Debug\81-00024-01.a(pwmClock.o)
 .debug_line    0x00003d95       0xc4 .\CortexM0\ARM_GCC_493\Debug\81-00024-01.a(limitSwitch.o)
 .debug_line    0x00003e59      0x16e .\CortexM0\ARM_GCC_493\Debug\81-00024-01.a(hallEffectISR.o)
 .debug_line    0x00003fc7      0x186 .\CortexM0\ARM_GCC_493\Debug\81-00024-01.a(overCurrentTimer.o)
 .debug_line    0x0000414d      0x178 .\CortexM0\ARM_GCC_493\Debug\81-00024-01.a(overCurrentTimerISR.o)
 .debug_line    0x000042c5       0x69 .\CortexM0\ARM_GCC_493\Debug\81-00024-01.a(CyBootAsmGnu.o)
 .debug_line    0x0000432e      0x160 .\CortexM0\ARM_GCC_493\Debug\81-00024-01.a(CyFlash.o)

.debug_frame    0x00000000     0x3324
 *(.debug_frame)
 .debug_frame   0x00000000       0x84 .\CortexM0\ARM_GCC_493\Debug\main.o
 .debug_frame   0x00000084       0xdc .\CortexM0\ARM_GCC_493\Debug\TemperatureCommManager.o
 .debug_frame   0x00000160      0x224 .\CortexM0\ARM_GCC_493\Debug\BrightnessCommManager.o
 .debug_frame   0x00000384      0x150 .\CortexM0\ARM_GCC_493\Debug\DriverControl.o
 .debug_frame   0x000004d4      0x110 .\CortexM0\ARM_GCC_493\Debug\motorControl.o
 .debug_frame   0x000005e4       0xb0 .\CortexM0\ARM_GCC_493\Debug\Cm0Start.o
 .debug_frame   0x00000694       0xac .\CortexM0\ARM_GCC_493\Debug\81-00024-01.a(cyfitter_cfg.o)
 .debug_frame   0x00000740      0x1c0 .\CortexM0\ARM_GCC_493\Debug\81-00024-01.a(ADC_SAR_Seq.o)
 .debug_frame   0x00000900       0x20 .\CortexM0\ARM_GCC_493\Debug\81-00024-01.a(ADC_SAR_Seq_INT.o)
 .debug_frame   0x00000920      0x3d0 .\CortexM0\ARM_GCC_493\Debug\81-00024-01.a(CyLib.o)
 .debug_frame   0x00000cf0       0xf0 .\CortexM0\ARM_GCC_493\Debug\81-00024-01.a(cyPm.o)
 .debug_frame   0x00000de0      0x368 .\CortexM0\ARM_GCC_493\Debug\81-00024-01.a(CyLFClk.o)
 .debug_frame   0x00001148      0x390 .\CortexM0\ARM_GCC_493\Debug\81-00024-01.a(TimeoutTimer.o)
 .debug_frame   0x000014d8      0x11c .\CortexM0\ARM_GCC_493\Debug\81-00024-01.a(CommTimeoutISR.o)
 .debug_frame   0x000015f4      0x11c .\CortexM0\ARM_GCC_493\Debug\81-00024-01.a(SamplingTimerISR.o)
 .debug_frame   0x00001710      0x390 .\CortexM0\ARM_GCC_493\Debug\81-00024-01.a(SamplingTimer.o)
 .debug_frame   0x00001aa0      0x11c .\CortexM0\ARM_GCC_493\Debug\81-00024-01.a(UART_LED_ISR.o)
 .debug_frame   0x00001bbc       0xe8 .\CortexM0\ARM_GCC_493\Debug\81-00024-01.a(UART_LED.o)
 .debug_frame   0x00001ca4       0xb0 .\CortexM0\ARM_GCC_493\Debug\81-00024-01.a(UART_LED_SPI_UART.o)
 .debug_frame   0x00001d54       0xe0 .\CortexM0\ARM_GCC_493\Debug\81-00024-01.a(UART_LED_UART.o)
 .debug_frame   0x00001e34      0x134 .\CortexM0\ARM_GCC_493\Debug\81-00024-01.a(PWM.o)
 .debug_frame   0x00001f68       0x30 .\CortexM0\ARM_GCC_493\Debug\81-00024-01.a(PWM_Enable.o)
 .debug_frame   0x00001f98       0x2c .\CortexM0\ARM_GCC_493\Debug\81-00024-01.a(DieTemp.o)
 .debug_frame   0x00001fc4      0x11c .\CortexM0\ARM_GCC_493\Debug\81-00024-01.a(LED_ISR.o)
 .debug_frame   0x000020e0      0x11c .\CortexM0\ARM_GCC_493\Debug\81-00024-01.a(AckTimeoutISR.o)
 .debug_frame   0x000021fc      0x390 .\CortexM0\ARM_GCC_493\Debug\81-00024-01.a(AckTimer.o)
 .debug_frame   0x0000258c      0x390 .\CortexM0\ARM_GCC_493\Debug\81-00024-01.a(LED_Timer.o)
 .debug_frame   0x0000291c       0x60 .\CortexM0\ARM_GCC_493\Debug\81-00024-01.a(EmEEPROM.o)
 .debug_frame   0x0000297c      0x114 .\CortexM0\ARM_GCC_493\Debug\81-00024-01.a(motorControlPWM.o)
 .debug_frame   0x00002a90       0x60 .\CortexM0\ARM_GCC_493\Debug\81-00024-01.a(pwmClock.o)
 .debug_frame   0x00002af0       0x70 .\CortexM0\ARM_GCC_493\Debug\81-00024-01.a(limitSwitch.o)
 .debug_frame   0x00002b60      0x110 .\CortexM0\ARM_GCC_493\Debug\81-00024-01.a(hallEffectISR.o)
 .debug_frame   0x00002c70      0x124 .\CortexM0\ARM_GCC_493\Debug\81-00024-01.a(overCurrentTimer.o)
 .debug_frame   0x00002d94      0x110 .\CortexM0\ARM_GCC_493\Debug\81-00024-01.a(overCurrentTimerISR.o)
 .debug_frame   0x00002ea4       0x74 .\CortexM0\ARM_GCC_493\Debug\81-00024-01.a(CyFlash.o)
 .debug_frame   0x00002f18       0x20 c:/program files (x86)/cypress/psoc creator/3.3/psoc creator/import/gnu/arm/4.9.3/bin/../lib/gcc/arm-none-eabi/4.9.3/armv6-m\libgcc.a(_udivsi3.o)
 .debug_frame   0x00002f38       0x20 c:/program files (x86)/cypress/psoc creator/3.3/psoc creator/import/gnu/arm/4.9.3/bin/../lib/gcc/arm-none-eabi/4.9.3/armv6-m\libgcc.a(_divsi3.o)
 .debug_frame   0x00002f58       0x34 c:/program files (x86)/cypress/psoc creator/3.3/psoc creator/import/gnu/arm/4.9.3/bin/../lib/gcc/arm-none-eabi/4.9.3/armv6-m\libgcc.a(_muldi3.o)
 .debug_frame   0x00002f8c       0x50 c:/program files (x86)/cypress/psoc creator/3.3/psoc creator/import/gnu/arm/4.9.3/bin/../lib/gcc/arm-none-eabi/4.9.3/armv6-m\libgcc.a(bpabi.o)
 .debug_frame   0x00002fdc       0x30 c:/program files (x86)/cypress/psoc creator/3.3/psoc creator/import/gnu/arm/4.9.3/bin/../lib/gcc/arm-none-eabi/4.9.3/armv6-m\libgcc.a(addsf3.o)
 .debug_frame   0x0000300c       0x3c c:/program files (x86)/cypress/psoc creator/3.3/psoc creator/import/gnu/arm/4.9.3/bin/../lib/gcc/arm-none-eabi/4.9.3/armv6-m\libgcc.a(divsf3.o)
 .debug_frame   0x00003048       0x3c c:/program files (x86)/cypress/psoc creator/3.3/psoc creator/import/gnu/arm/4.9.3/bin/../lib/gcc/arm-none-eabi/4.9.3/armv6-m\libgcc.a(mulsf3.o)
 .debug_frame   0x00003084       0x20 c:/program files (x86)/cypress/psoc creator/3.3/psoc creator/import/gnu/arm/4.9.3/bin/../lib/gcc/arm-none-eabi/4.9.3/armv6-m\libgcc.a(fixsfsi.o)
 .debug_frame   0x000030a4       0x2c c:/program files (x86)/cypress/psoc creator/3.3/psoc creator/import/gnu/arm/4.9.3/bin/../lib/gcc/arm-none-eabi/4.9.3/armv6-m\libgcc.a(floatsisf.o)
 .debug_frame   0x000030d0       0x28 c:/program files (x86)/cypress/psoc creator/3.3/psoc creator/import/gnu/arm/4.9.3/bin/../lib/gcc/arm-none-eabi/4.9.3/armv6-m\libgcc.a(floatunsisf.o)
 .debug_frame   0x000030f8       0x38 c:/program files (x86)/cypress/psoc creator/3.3/psoc creator/import/gnu/arm/4.9.3/bin/../lib/gcc/arm-none-eabi/4.9.3/armv6-m\libgcc.a(adddf3.o)
 .debug_frame   0x00003130       0x3c c:/program files (x86)/cypress/psoc creator/3.3/psoc creator/import/gnu/arm/4.9.3/bin/../lib/gcc/arm-none-eabi/4.9.3/armv6-m\libgcc.a(muldf3.o)
 .debug_frame   0x0000316c       0x2c c:/program files (x86)/cypress/psoc creator/3.3/psoc creator/import/gnu/arm/4.9.3/bin/../lib/gcc/arm-none-eabi/4.9.3/armv6-m\libgcc.a(floatsidf.o)
 .debug_frame   0x00003198       0x2c c:/program files (x86)/cypress/psoc creator/3.3/psoc creator/import/gnu/arm/4.9.3/bin/../lib/gcc/arm-none-eabi/4.9.3/armv6-m\libgcc.a(extendsfdf2.o)
 .debug_frame   0x000031c4       0x2c c:/program files (x86)/cypress/psoc creator/3.3/psoc creator/import/gnu/arm/4.9.3/bin/../lib/gcc/arm-none-eabi/4.9.3/armv6-m\libgcc.a(truncdfsf2.o)
 .debug_frame   0x000031f0       0x3c c:/program files (x86)/cypress/psoc creator/3.3/psoc creator/import/gnu/arm/4.9.3/bin/../lib/gcc/arm-none-eabi/4.9.3/armv6-m\libgcc.a(_divdi3.o)
 .debug_frame   0x0000322c       0x3c c:/program files (x86)/cypress/psoc creator/3.3/psoc creator/import/gnu/arm/4.9.3/bin/../lib/gcc/arm-none-eabi/4.9.3/armv6-m\libgcc.a(_udivdi3.o)
 .debug_frame   0x00003268       0x20 c:/program files (x86)/cypress/psoc creator/3.3/psoc creator/import/gnu/arm/4.9.3/bin/../lib/gcc/arm-none-eabi/4.9.3/../../../../arm-none-eabi/lib/armv6-m\libg_nano.a(lib_a-errno.o)
 .debug_frame   0x00003288       0x28 c:/program files (x86)/cypress/psoc creator/3.3/psoc creator/import/gnu/arm/4.9.3/bin/../lib/gcc/arm-none-eabi/4.9.3/../../../../arm-none-eabi/lib/armv6-m\libg_nano.a(lib_a-exit.o)
 .debug_frame   0x000032b0       0x2c c:/program files (x86)/cypress/psoc creator/3.3/psoc creator/import/gnu/arm/4.9.3/bin/../lib/gcc/arm-none-eabi/4.9.3/../../../../arm-none-eabi/lib/armv6-m\libg_nano.a(lib_a-init.o)
 .debug_frame   0x000032dc       0x28 c:/program files (x86)/cypress/psoc creator/3.3/psoc creator/import/gnu/arm/4.9.3/bin/../lib/gcc/arm-none-eabi/4.9.3/../../../../arm-none-eabi/lib/armv6-m\libg_nano.a(lib_a-memcpy.o)
 .debug_frame   0x00003304       0x20 c:/program files (x86)/cypress/psoc creator/3.3/psoc creator/import/gnu/arm/4.9.3/bin/../lib/gcc/arm-none-eabi/4.9.3/../../../../arm-none-eabi/lib/armv6-m\libg_nano.a(lib_a-memset.o)

.debug_str      0x00000000     0x471a
 *(.debug_str)
 .debug_str     0x00000000      0x557 .\CortexM0\ARM_GCC_493\Debug\main.o
                                0x5cb (size before relaxing)
 .debug_str     0x00000557      0x383 .\CortexM0\ARM_GCC_493\Debug\TemperatureCommManager.o
                                0x53a (size before relaxing)
 .debug_str     0x000008da      0x5cb .\CortexM0\ARM_GCC_493\Debug\BrightnessCommManager.o
                                0x929 (size before relaxing)
 .debug_str     0x00000ea5      0x38b .\CortexM0\ARM_GCC_493\Debug\DriverControl.o
                                0x681 (size before relaxing)
 .debug_str     0x00001230      0x357 .\CortexM0\ARM_GCC_493\Debug\motorControl.o
                                0x7ed (size before relaxing)
 .debug_str     0x00001587       0x5b .\CortexM0\ARM_GCC_493\Debug\cymetadata.o
                                0x1eb (size before relaxing)
 .debug_str     0x000015e2      0x142 .\CortexM0\ARM_GCC_493\Debug\Cm0Start.o
                                0x312 (size before relaxing)
 .debug_str     0x00001724      0x11f .\CortexM0\ARM_GCC_493\Debug\81-00024-01.a(cyfitter_cfg.o)
                                0x31b (size before relaxing)
 .debug_str     0x00001843      0x235 .\CortexM0\ARM_GCC_493\Debug\81-00024-01.a(ADC_SAR_Seq.o)
                                0x4d2 (size before relaxing)
 .debug_str     0x00001a78       0x47 .\CortexM0\ARM_GCC_493\Debug\81-00024-01.a(ADC_SAR_Seq_INT.o)
                                0x1de (size before relaxing)
 .debug_str     0x00001abf      0x464 .\CortexM0\ARM_GCC_493\Debug\81-00024-01.a(CyLib.o)
                                0x6a6 (size before relaxing)
 .debug_str     0x00001f23       0xb7 .\CortexM0\ARM_GCC_493\Debug\81-00024-01.a(cyPm.o)
                                0x2c6 (size before relaxing)
 .debug_str     0x00001fda      0x468 .\CortexM0\ARM_GCC_493\Debug\81-00024-01.a(CyLFClk.o)
                                0x670 (size before relaxing)
 .debug_str     0x00002442      0x4cd .\CortexM0\ARM_GCC_493\Debug\81-00024-01.a(TimeoutTimer.o)
                                0x6e8 (size before relaxing)
 .debug_str     0x0000290f      0x130 .\CortexM0\ARM_GCC_493\Debug\81-00024-01.a(CommTimeoutISR.o)
                                0x394 (size before relaxing)
 .debug_str     0x00002a3f      0x155 .\CortexM0\ARM_GCC_493\Debug\81-00024-01.a(SamplingTimerISR.o)
                                0x3b1 (size before relaxing)
 .debug_str     0x00002b94      0x435 .\CortexM0\ARM_GCC_493\Debug\81-00024-01.a(SamplingTimer.o)
                                0x712 (size before relaxing)
 .debug_str     0x00002fc9      0x125 .\CortexM0\ARM_GCC_493\Debug\81-00024-01.a(UART_LED_ISR.o)
                                0x382 (size before relaxing)
 .debug_str     0x000030ee      0x12b .\CortexM0\ARM_GCC_493\Debug\81-00024-01.a(UART_LED.o)
                                0x2e5 (size before relaxing)
 .debug_str     0x00003219      0x138 .\CortexM0\ARM_GCC_493\Debug\81-00024-01.a(UART_LED_SPI_UART.o)
                                0x307 (size before relaxing)
 .debug_str     0x00003351       0xe2 .\CortexM0\ARM_GCC_493\Debug\81-00024-01.a(UART_LED_UART.o)
                                0x330 (size before relaxing)
 .debug_str     0x00003433       0x8f .\CortexM0\ARM_GCC_493\Debug\81-00024-01.a(PWM.o)
                                0x33c (size before relaxing)
 .debug_str     0x000034c2       0x36 .\CortexM0\ARM_GCC_493\Debug\81-00024-01.a(PWM_Enable.o)
                                0x1db (size before relaxing)
 .debug_str     0x000034f8       0x52 .\CortexM0\ARM_GCC_493\Debug\81-00024-01.a(DieTemp.o)
                                0x218 (size before relaxing)
 .debug_str     0x0000354a       0x23 .\CortexM0\ARM_GCC_493\Debug\81-00024-01.a(LED_ISR.o)
                                0x328 (size before relaxing)
 .debug_str     0x0000356d      0x131 .\CortexM0\ARM_GCC_493\Debug\81-00024-01.a(AckTimeoutISR.o)
                                0x384 (size before relaxing)
 .debug_str     0x0000369e      0x372 .\CortexM0\ARM_GCC_493\Debug\81-00024-01.a(AckTimer.o)
                                0x640 (size before relaxing)
 .debug_str     0x00003a10      0x399 .\CortexM0\ARM_GCC_493\Debug\81-00024-01.a(LED_Timer.o)
                                0x66a (size before relaxing)
 .debug_str     0x00003da9       0xa0 .\CortexM0\ARM_GCC_493\Debug\81-00024-01.a(EmEEPROM.o)
                                0x263 (size before relaxing)
 .debug_str     0x00003e49      0x1a7 .\CortexM0\ARM_GCC_493\Debug\81-00024-01.a(motorControlPWM.o)
                                0x3b9 (size before relaxing)
 .debug_str     0x00003ff0       0xc2 .\CortexM0\ARM_GCC_493\Debug\81-00024-01.a(pwmClock.o)
                                0x26c (size before relaxing)
 .debug_str     0x000040b2       0xbc .\CortexM0\ARM_GCC_493\Debug\81-00024-01.a(limitSwitch.o)
                                0x27d (size before relaxing)
 .debug_str     0x0000416e      0x12f .\CortexM0\ARM_GCC_493\Debug\81-00024-01.a(hallEffectISR.o)
                                0x36b (size before relaxing)
 .debug_str     0x0000429d      0x1e3 .\CortexM0\ARM_GCC_493\Debug\81-00024-01.a(overCurrentTimer.o)
                                0x412 (size before relaxing)
 .debug_str     0x00004480      0x16f .\CortexM0\ARM_GCC_493\Debug\81-00024-01.a(overCurrentTimerISR.o)
                                0x3bf (size before relaxing)
 .debug_str     0x000045ef      0x12b .\CortexM0\ARM_GCC_493\Debug\81-00024-01.a(CyFlash.o)
                                0x33f (size before relaxing)

.debug_loc      0x00000000     0x451b
 *(.debug_loc)
 .debug_loc     0x00000000      0x1fa .\CortexM0\ARM_GCC_493\Debug\TemperatureCommManager.o
 .debug_loc     0x000001fa      0x47d .\CortexM0\ARM_GCC_493\Debug\BrightnessCommManager.o
 .debug_loc     0x00000677      0x6b4 .\CortexM0\ARM_GCC_493\Debug\DriverControl.o
 .debug_loc     0x00000d2b       0xe6 .\CortexM0\ARM_GCC_493\Debug\motorControl.o
 .debug_loc     0x00000e11      0x14f .\CortexM0\ARM_GCC_493\Debug\Cm0Start.o
 .debug_loc     0x00000f60      0x136 .\CortexM0\ARM_GCC_493\Debug\81-00024-01.a(cyfitter_cfg.o)
 .debug_loc     0x00001096      0x541 .\CortexM0\ARM_GCC_493\Debug\81-00024-01.a(ADC_SAR_Seq.o)
 .debug_loc     0x000015d7      0x5b5 .\CortexM0\ARM_GCC_493\Debug\81-00024-01.a(CyLib.o)
 .debug_loc     0x00001b8c       0xe1 .\CortexM0\ARM_GCC_493\Debug\81-00024-01.a(cyPm.o)
 .debug_loc     0x00001c6d      0x7df .\CortexM0\ARM_GCC_493\Debug\81-00024-01.a(CyLFClk.o)
 .debug_loc     0x0000244c      0x547 .\CortexM0\ARM_GCC_493\Debug\81-00024-01.a(TimeoutTimer.o)
 .debug_loc     0x00002993       0x82 .\CortexM0\ARM_GCC_493\Debug\81-00024-01.a(CommTimeoutISR.o)
 .debug_loc     0x00002a15       0x82 .\CortexM0\ARM_GCC_493\Debug\81-00024-01.a(SamplingTimerISR.o)
 .debug_loc     0x00002a97      0x547 .\CortexM0\ARM_GCC_493\Debug\81-00024-01.a(SamplingTimer.o)
 .debug_loc     0x00002fde       0x82 .\CortexM0\ARM_GCC_493\Debug\81-00024-01.a(UART_LED_ISR.o)
 .debug_loc     0x00003060       0x7e .\CortexM0\ARM_GCC_493\Debug\81-00024-01.a(UART_LED.o)
 .debug_loc     0x000030de       0x96 .\CortexM0\ARM_GCC_493\Debug\81-00024-01.a(UART_LED_SPI_UART.o)
 .debug_loc     0x00003174      0x173 .\CortexM0\ARM_GCC_493\Debug\81-00024-01.a(UART_LED_UART.o)
 .debug_loc     0x000032e7       0x26 .\CortexM0\ARM_GCC_493\Debug\81-00024-01.a(PWM.o)
 .debug_loc     0x0000330d       0x9a .\CortexM0\ARM_GCC_493\Debug\81-00024-01.a(DieTemp.o)
 .debug_loc     0x000033a7       0x82 .\CortexM0\ARM_GCC_493\Debug\81-00024-01.a(LED_ISR.o)
 .debug_loc     0x00003429       0x82 .\CortexM0\ARM_GCC_493\Debug\81-00024-01.a(AckTimeoutISR.o)
 .debug_loc     0x000034ab      0x547 .\CortexM0\ARM_GCC_493\Debug\81-00024-01.a(AckTimer.o)
 .debug_loc     0x000039f2      0x547 .\CortexM0\ARM_GCC_493\Debug\81-00024-01.a(LED_Timer.o)
 .debug_loc     0x00003f39      0x1c2 .\CortexM0\ARM_GCC_493\Debug\81-00024-01.a(EmEEPROM.o)
 .debug_loc     0x000040fb       0x47 .\CortexM0\ARM_GCC_493\Debug\81-00024-01.a(motorControlPWM.o)
 .debug_loc     0x00004142       0x21 .\CortexM0\ARM_GCC_493\Debug\81-00024-01.a(pwmClock.o)
 .debug_loc     0x00004163       0x81 .\CortexM0\ARM_GCC_493\Debug\81-00024-01.a(limitSwitch.o)
 .debug_loc     0x000041e4       0x82 .\CortexM0\ARM_GCC_493\Debug\81-00024-01.a(hallEffectISR.o)
 .debug_loc     0x00004266       0x13 .\CortexM0\ARM_GCC_493\Debug\81-00024-01.a(overCurrentTimer.o)
 .debug_loc     0x00004279       0x82 .\CortexM0\ARM_GCC_493\Debug\81-00024-01.a(overCurrentTimerISR.o)
 .debug_loc     0x000042fb      0x220 .\CortexM0\ARM_GCC_493\Debug\81-00024-01.a(CyFlash.o)

.debug_macinfo
 *(.debug_macinfo)

.debug_ranges   0x00000000     0x1138
 *(.debug_ranges)
 .debug_ranges  0x00000000       0x30 .\CortexM0\ARM_GCC_493\Debug\main.o
 .debug_ranges  0x00000030       0x48 .\CortexM0\ARM_GCC_493\Debug\TemperatureCommManager.o
 .debug_ranges  0x00000078       0xa8 .\CortexM0\ARM_GCC_493\Debug\BrightnessCommManager.o
 .debug_ranges  0x00000120       0x78 .\CortexM0\ARM_GCC_493\Debug\DriverControl.o
 .debug_ranges  0x00000198       0x48 .\CortexM0\ARM_GCC_493\Debug\motorControl.o
 .debug_ranges  0x000001e0       0x38 .\CortexM0\ARM_GCC_493\Debug\Cm0Start.o
 .debug_ranges  0x00000218       0x38 .\CortexM0\ARM_GCC_493\Debug\81-00024-01.a(cyfitter_cfg.o)
 .debug_ranges  0x00000250       0xa0 .\CortexM0\ARM_GCC_493\Debug\81-00024-01.a(ADC_SAR_Seq.o)
 .debug_ranges  0x000002f0       0x10 .\CortexM0\ARM_GCC_493\Debug\81-00024-01.a(ADC_SAR_Seq_INT.o)
 .debug_ranges  0x00000300      0x168 .\CortexM0\ARM_GCC_493\Debug\81-00024-01.a(CyLib.o)
 .debug_ranges  0x00000468       0x48 .\CortexM0\ARM_GCC_493\Debug\81-00024-01.a(cyPm.o)
 .debug_ranges  0x000004b0      0x110 .\CortexM0\ARM_GCC_493\Debug\81-00024-01.a(CyLFClk.o)
 .debug_ranges  0x000005c0      0x148 .\CortexM0\ARM_GCC_493\Debug\81-00024-01.a(TimeoutTimer.o)
 .debug_ranges  0x00000708       0x70 .\CortexM0\ARM_GCC_493\Debug\81-00024-01.a(CommTimeoutISR.o)
 .debug_ranges  0x00000778       0x70 .\CortexM0\ARM_GCC_493\Debug\81-00024-01.a(SamplingTimerISR.o)
 .debug_ranges  0x000007e8      0x148 .\CortexM0\ARM_GCC_493\Debug\81-00024-01.a(SamplingTimer.o)
 .debug_ranges  0x00000930       0x70 .\CortexM0\ARM_GCC_493\Debug\81-00024-01.a(UART_LED_ISR.o)
 .debug_ranges  0x000009a0       0x50 .\CortexM0\ARM_GCC_493\Debug\81-00024-01.a(UART_LED.o)
 .debug_ranges  0x000009f0       0x50 .\CortexM0\ARM_GCC_493\Debug\81-00024-01.a(UART_LED_SPI_UART.o)
 .debug_ranges  0x00000a40       0x50 .\CortexM0\ARM_GCC_493\Debug\81-00024-01.a(UART_LED_UART.o)
 .debug_ranges  0x00000a90       0x88 .\CortexM0\ARM_GCC_493\Debug\81-00024-01.a(PWM.o)
 .debug_ranges  0x00000b18       0x18 .\CortexM0\ARM_GCC_493\Debug\81-00024-01.a(PWM_Enable.o)
 .debug_ranges  0x00000b30       0x10 .\CortexM0\ARM_GCC_493\Debug\81-00024-01.a(DieTemp.o)
 .debug_ranges  0x00000b40       0x70 .\CortexM0\ARM_GCC_493\Debug\81-00024-01.a(LED_ISR.o)
 .debug_ranges  0x00000bb0       0x70 .\CortexM0\ARM_GCC_493\Debug\81-00024-01.a(AckTimeoutISR.o)
 .debug_ranges  0x00000c20      0x148 .\CortexM0\ARM_GCC_493\Debug\81-00024-01.a(AckTimer.o)
 .debug_ranges  0x00000d68      0x148 .\CortexM0\ARM_GCC_493\Debug\81-00024-01.a(LED_Timer.o)
 .debug_ranges  0x00000eb0       0x20 .\CortexM0\ARM_GCC_493\Debug\81-00024-01.a(EmEEPROM.o)
 .debug_ranges  0x00000ed0       0x78 .\CortexM0\ARM_GCC_493\Debug\81-00024-01.a(motorControlPWM.o)
 .debug_ranges  0x00000f48       0x30 .\CortexM0\ARM_GCC_493\Debug\81-00024-01.a(pwmClock.o)
 .debug_ranges  0x00000f78       0x38 .\CortexM0\ARM_GCC_493\Debug\81-00024-01.a(limitSwitch.o)
 .debug_ranges  0x00000fb0       0x70 .\CortexM0\ARM_GCC_493\Debug\81-00024-01.a(hallEffectISR.o)
 .debug_ranges  0x00001020       0x80 .\CortexM0\ARM_GCC_493\Debug\81-00024-01.a(overCurrentTimer.o)
 .debug_ranges  0x000010a0       0x70 .\CortexM0\ARM_GCC_493\Debug\81-00024-01.a(overCurrentTimerISR.o)
 .debug_ranges  0x00001110       0x28 .\CortexM0\ARM_GCC_493\Debug\81-00024-01.a(CyFlash.o)

.comment        0x00000000       0x70
 .comment       0x00000000       0x70 .\CortexM0\ARM_GCC_493\Debug\main.o
                                 0x71 (size before relaxing)
 .comment       0x00000000       0x71 .\CortexM0\ARM_GCC_493\Debug\TemperatureCommManager.o
 .comment       0x00000000       0x71 .\CortexM0\ARM_GCC_493\Debug\BrightnessCommManager.o