Archive member included because of file (symbol)

.\CortexM0\ARM_GCC_493\Debug\81-00022-01.a(cyfitter_cfg.o)
                              .\CortexM0\ARM_GCC_493\Debug\Cm0Start.o (cyfitter_cfg)
.\CortexM0\ARM_GCC_493\Debug\81-00022-01.a(ADC_SAR_Seq.o)
                              .\CortexM0\ARM_GCC_493\Debug\main.o (ADC_SAR_Seq_Start)
.\CortexM0\ARM_GCC_493\Debug\81-00022-01.a(ADC_SAR_Seq_INT.o)
                              .\CortexM0\ARM_GCC_493\Debug\81-00022-01.a(ADC_SAR_Seq.o) (ADC_SAR_Seq_ISR)
.\CortexM0\ARM_GCC_493\Debug\81-00022-01.a(CyLib.o)
                              .\CortexM0\ARM_GCC_493\Debug\81-00022-01.a(cyfitter_cfg.o) (CyIntEnable)
.\CortexM0\ARM_GCC_493\Debug\81-00022-01.a(CyLFClk.o)
                              .\CortexM0\ARM_GCC_493\Debug\81-00022-01.a(cyfitter_cfg.o) (CySysWdtIsr)
.\CortexM0\ARM_GCC_493\Debug\81-00022-01.a(PrISM.o)
                              .\CortexM0\ARM_GCC_493\Debug\main.o (PrISM_WritePulse0)
.\CortexM0\ARM_GCC_493\Debug\81-00022-01.a(TimeoutTimer.o)
                              .\CortexM0\ARM_GCC_493\Debug\TemperatureCommManager.o (TimeoutTimer_Stop)
.\CortexM0\ARM_GCC_493\Debug\81-00022-01.a(CommTimeoutISR.o)
                              .\CortexM0\ARM_GCC_493\Debug\main.o (CommTimeoutISR_Start)
.\CortexM0\ARM_GCC_493\Debug\81-00022-01.a(SamplingTimerISR.o)
                              .\CortexM0\ARM_GCC_493\Debug\BrightnessCommManager.o (SamplingTimerISR_Start)
.\CortexM0\ARM_GCC_493\Debug\81-00022-01.a(SamplingTimer.o)
                              .\CortexM0\ARM_GCC_493\Debug\BrightnessCommManager.o (SamplingTimer_Start)
.\CortexM0\ARM_GCC_493\Debug\81-00022-01.a(UART_LED_ISR.o)
                              .\CortexM0\ARM_GCC_493\Debug\main.o (UART_LED_ISR_Start)
.\CortexM0\ARM_GCC_493\Debug\81-00022-01.a(UART_Temp_ISR.o)
                              .\CortexM0\ARM_GCC_493\Debug\main.o (UART_Temp_ISR_Start)
.\CortexM0\ARM_GCC_493\Debug\81-00022-01.a(UART_LED.o)
                              .\CortexM0\ARM_GCC_493\Debug\main.o (UART_LED_Start)
.\CortexM0\ARM_GCC_493\Debug\81-00022-01.a(UART_Temperature.o)
                              .\CortexM0\ARM_GCC_493\Debug\main.o (UART_Temperature_Start)
.\CortexM0\ARM_GCC_493\Debug\81-00022-01.a(UART_Temperature_SPI_UART.o)
                              .\CortexM0\ARM_GCC_493\Debug\TemperatureCommManager.o (UART_Temperature_SpiUartGetRxBufferSize)
.\CortexM0\ARM_GCC_493\Debug\81-00022-01.a(UART_Temperature_UART.o)
                              .\CortexM0\ARM_GCC_493\Debug\81-00022-01.a(UART_Temperature.o) (UART_Temperature_UartInit)
.\CortexM0\ARM_GCC_493\Debug\81-00022-01.a(UART_LED_Control.o)
                              .\CortexM0\ARM_GCC_493\Debug\main.o (UART_LED_Control_Write)
.\CortexM0\ARM_GCC_493\Debug\81-00022-01.a(UART_LED_IntClock.o)
                              .\CortexM0\ARM_GCC_493\Debug\81-00022-01.a(UART_LED.o) (UART_LED_IntClock_Start)
.\CortexM0\ARM_GCC_493\Debug\81-00022-01.a(TestPin.o)
                              .\CortexM0\ARM_GCC_493\Debug\TemperatureCommManager.o (TestPin_Write)
.\CortexM0\ARM_GCC_493\Debug\81-00022-01.a(TestPin2.o)
                              .\CortexM0\ARM_GCC_493\Debug\TemperatureCommManager.o (TestPin2_Write)
.\CortexM0\ARM_GCC_493\Debug\81-00022-01.a(CyBootAsmGnu.o)
                              .\CortexM0\ARM_GCC_493\Debug\81-00022-01.a(CyLib.o) (CyDelayCycles)
c:/program files (x86)/cypress/psoc creator/3.3/psoc creator/import/gnu/arm/4.9.3/bin/../lib/gcc/arm-none-eabi/4.9.3/armv6-m\libgcc.a(_udivsi3.o)
                              .\CortexM0\ARM_GCC_493\Debug\81-00022-01.a(CyLib.o) (__aeabi_uidiv)
c:/program files (x86)/cypress/psoc creator/3.3/psoc creator/import/gnu/arm/4.9.3/bin/../lib/gcc/arm-none-eabi/4.9.3/armv6-m\libgcc.a(_divsi3.o)
                              .\CortexM0\ARM_GCC_493\Debug\81-00022-01.a(ADC_SAR_Seq.o) (__aeabi_idiv)
c:/program files (x86)/cypress/psoc creator/3.3/psoc creator/import/gnu/arm/4.9.3/bin/../lib/gcc/arm-none-eabi/4.9.3/armv6-m\libgcc.a(_dvmd_tls.o)
                              c:/program files (x86)/cypress/psoc creator/3.3/psoc creator/import/gnu/arm/4.9.3/bin/../lib/gcc/arm-none-eabi/4.9.3/armv6-m\libgcc.a(_udivsi3.o) (__aeabi_idiv0)
c:/program files (x86)/cypress/psoc creator/3.3/psoc creator/import/gnu/arm/4.9.3/bin/../lib/gcc/arm-none-eabi/4.9.3/armv6-m\libgcc.a(_aeabi_ldivmod.o)
                              .\CortexM0\ARM_GCC_493\Debug\81-00022-01.a(ADC_SAR_Seq.o) (__aeabi_ldivmod)
c:/program files (x86)/cypress/psoc creator/3.3/psoc creator/import/gnu/arm/4.9.3/bin/../lib/gcc/arm-none-eabi/4.9.3/armv6-m\libgcc.a(_muldi3.o)
                              .\CortexM0\ARM_GCC_493\Debug\81-00022-01.a(ADC_SAR_Seq.o) (__aeabi_lmul)
c:/program files (x86)/cypress/psoc creator/3.3/psoc creator/import/gnu/arm/4.9.3/bin/../lib/gcc/arm-none-eabi/4.9.3/armv6-m\libgcc.a(bpabi.o)
[...]
Memory Configuration

Name             Origin             Length             Attributes
rom              0x00000000         0x00008000         xr
ram              0x20000000         0x00001000         xrw
*default*        0x00000000         0xffffffff

Linker script and memory map

LOAD c:/program files (x86)/cypress/psoc creator/3.3/psoc creator/import/gnu/arm/4.9.3/bin/../lib/gcc/arm-none-eabi/4.9.3/armv6-m/crti.o
LOAD c:/program files (x86)/cypress/psoc creator/3.3/psoc creator/import/gnu/arm/4.9.3/bin/../lib/gcc/arm-none-eabi/4.9.3/armv6-m/crtbegin.o
LOAD c:/program files (x86)/cypress/psoc creator/3.3/psoc creator/import/gnu/arm/4.9.3/bin/../lib/gcc/arm-none-eabi/4.9.3/../../../../arm-none-eabi/lib/armv6-m/crt0.o
START GROUP
LOAD .\CortexM0\ARM_GCC_493\Debug\main.o
LOAD .\CortexM0\ARM_GCC_493\Debug\TemperatureCommManager.o
LOAD .\CortexM0\ARM_GCC_493\Debug\BrightnessCommManager.o
LOAD .\CortexM0\ARM_GCC_493\Debug\IO_Control.o
LOAD .\CortexM0\ARM_GCC_493\Debug\cymetadata.o
LOAD .\CortexM0\ARM_GCC_493\Debug\Cm0Start.o
LOAD .\CortexM0\ARM_GCC_493\Debug\81-00022-01.a
LOAD C:\Program Files (x86)\Cypress\PSoC Creator\3.3\PSoC Creator\psoc\content\cycomponentlibrary\CyComponentLibrary.cylib\CortexM0\ARM_GCC_493\Debug\CyComponentLibrary.a
END GROUP
START GROUP
LOAD c:/program files (x86)/cypress/psoc creator/3.3/psoc creator/import/gnu/arm/4.9.3/bin/../lib/gcc/arm-none-eabi/4.9.3/armv6-m\libgcc.a
LOAD c:/program files (x86)/cypress/psoc creator/3.3/psoc creator/import/gnu/arm/4.9.3/bin/../lib/gcc/arm-none-eabi/4.9.3/../../../../arm-none-eabi/lib/armv6-m\libg_nano.a
LOAD c:/program files (x86)/cypress/psoc creator/3.3/psoc creator/import/gnu/arm/4.9.3/bin/../lib/gcc/arm-none-eabi/4.9.3/../../../../arm-none-eabi/lib/armv6-m\libc_nano.a
END GROUP
START GROUP
LOAD c:/program files (x86)/cypress/psoc creator/3.3/psoc creator/import/gnu/arm/4.9.3/bin/../lib/gcc/arm-none-eabi/4.9.3/armv6-m\libgcc.a
LOAD c:/program files (x86)/cypress/psoc creator/3.3/psoc creator/import/gnu/arm/4.9.3/bin/../lib/gcc/arm-none-eabi/4.9.3/../../../../arm-none-eabi/lib/armv6-m\libc_nano.a
END GROUP
LOAD c:/program files (x86)/cypress/psoc creator/3.3/psoc creator/import/gnu/arm/4.9.3/bin/../lib/gcc/arm-none-eabi/4.9.3/armv6-m/crtend.o
LOAD c:/program files (x86)/cypress/psoc creator/3.3/psoc creator/import/gnu/arm/4.9.3/bin/../lib/gcc/arm-none-eabi/4.9.3/armv6-m/crtn.o
START GROUP
LOAD c:/program files (x86)/cypress/psoc creator/3.3/psoc creator/import/gnu/arm/4.9.3/bin/../lib/gcc/arm-none-eabi/4.9.3/armv6-m\libgcc.a
LOAD c:/program files (x86)/cypress/psoc creator/3.3/psoc creator/import/gnu/arm/4.9.3/bin/../lib/gcc/arm-none-eabi/4.9.3/../../../../arm-none-eabi/lib/armv6-m\libc.a
LOAD c:/program files (x86)/cypress/psoc creator/3.3/psoc creator/import/gnu/arm/4.9.3/bin/../lib/gcc/arm-none-eabi/4.9.3/../../../../arm-none-eabi/lib/armv6-m\libnosys.a
END GROUP
                0x00000000                CY_APPL_ORIGIN = 0x0
                0x00000080                CY_FLASH_ROW_SIZE = 0x80
                0x00000001                CY_APPL_NUM = 0x1
                0x00000001                CY_APPL_MAX = 0x1
                0x00000040                CY_METADATA_SIZE = 0x40
                0x00000000                CY_APPL_LOADABLE = 0x0
                0x00000000                CY_CHECKSUM_EXCLUDE_SIZE = ALIGN (0x0, CY_FLASH_ROW_SIZE)
                0x00000000                CY_APP_FOR_STACK_AND_COPIER = 0x0
                0x20000170                PROVIDE (__cy_heap_start, _end)
                0x00000001                PROVIDE (__cy_region_num, ((__cy_regions_end - __cy_regions) / 0x10))
                0x20001000                PROVIDE (__cy_stack, (ORIGIN (ram) + 0x1000))
                0x20000c00                PROVIDE (__cy_heap_end, (__cy_stack - 0x400))

.cybootloader   0x00000000        0x0
 *(.cybootloader)
                0x00000000                appl1_start = CY_APPL_ORIGIN?CY_APPL_ORIGIN:ALIGN (CY_FLASH_ROW_SIZE)
                0x00003f80                appl2_start = (appl1_start + ALIGN ((((0x8000 - appl1_start) - (0x2 * CY_FLASH_ROW_SIZE)) / 0x2), CY_FLASH_ROW_SIZE))
                0x00000000                appl_start = (CY_APPL_NUM == 0x1)?appl1_start:appl2_start
                0x00000001                cy_project_type_bootloader = (appl_start == 0x0)?0x1:0x0
                0x00000000                cy_project_type_app_for_stack_and_copier = (CY_APP_FOR_STACK_AND_COPIER == 0x1)?0x1:0x0

.text           0x00000000     0x1596
 CREATE_OBJECT_SYMBOLS
                0x00000000                PROVIDE (__cy_interrupt_vector, RomVectors)
 *(.romvectors)
 .romvectors    0x00000000       0x10 .\CortexM0\ARM_GCC_493\Debug\Cm0Start.o
                0x00000000                RomVectors
                0x00000001                ASSERT ((. != __cy_interrupt_vector), No interrupt vector)
                0x00000001                ASSERT (CY_APPL_ORIGIN?(SIZEOF (.cybootloader) <= CY_APPL_ORIGIN):0x1, Wrong image location)
                0x00000010                PROVIDE (__cy_reset, Reset)
 *(.text.Reset)
 .text.Reset    0x00000010        0x8 .\CortexM0\ARM_GCC_493\Debug\Cm0Start.o
                0x00000010                Reset
                0x00000001                ASSERT ((. != __cy_reset), No reset code)
 *(.psocinit)
 .psocinit      0x00000018      0x2a4 .\CortexM0\ARM_GCC_493\Debug\81-00022-01.a(cyfitter_cfg.o)
                0x000000f4                cyfitter_cfg
                0x000002bc                . = MAX (., 0x100)
 *(.text .text.* .gnu.linkonce.t.*)
 .text          0x000002bc       0x60 c:/program files (x86)/cypress/psoc creator/3.3/psoc creator/import/gnu/arm/4.9.3/bin/../lib/gcc/arm-none-eabi/4.9.3/armv6-m/crtbegin.o
 .text.initializePeripherals
                0x0000031c       0x38 .\CortexM0\ARM_GCC_493\Debug\main.o
 .text.main     0x00000354       0x18 .\CortexM0\ARM_GCC_493\Debug\main.o
                0x00000354                main
 .text.detectPacket
                0x0000036c      0x16c .\CortexM0\ARM_GCC_493\Debug\TemperatureCommManager.o
 .text.processTemperatureByteReceivedHandler
                0x000004d8       0x28 .\CortexM0\ARM_GCC_493\Debug\TemperatureCommManager.o
                0x000004d8                processTemperatureByteReceivedHandler
 .text.setLastDriverPacket
                0x00000500       0x28 .\CortexM0\ARM_GCC_493\Debug\TemperatureCommManager.o
                0x00000500                setLastDriverPacket
 .text.processTimeoutTimerRoutine
                0x00000528       0x54 .\CortexM0\ARM_GCC_493\Debug\TemperatureCommManager.o
                0x00000528                processTimeoutTimerRoutine
 .text.processSamplingTimerRoutine
                0x0000057c       0x44 .\CortexM0\ARM_GCC_493\Debug\TemperatureCommManager.o
                0x0000057c                processSamplingTimerRoutine
 .text.detectPacket
                0x000005c0      0x1bc .\CortexM0\ARM_GCC_493\Debug\BrightnessCommManager.o
 .text.processBrightnessByteReceivedHandler
                0x0000077c       0x14 .\CortexM0\ARM_GCC_493\Debug\BrightnessCommManager.o
                0x0000077c                processBrightnessByteReceivedHandler
 .text.getDriverID
                0x00000790        0xc .\CortexM0\ARM_GCC_493\Debug\IO_Control.o
                0x00000790                getDriverID
 .text.setIdentityByComm
                0x0000079c       0x18 .\CortexM0\ARM_GCC_493\Debug\IO_Control.o
                0x0000079c                setIdentityByComm
 .text.isLastDriverInChain
                0x000007b4        0xc .\CortexM0\ARM_GCC_493\Debug\IO_Control.o
                0x000007b4                isLastDriverInChain
 .text.setAsNotLastDriverInChain
                0x000007c0        0xc .\CortexM0\ARM_GCC_493\Debug\IO_Control.o
                0x000007c0                setAsNotLastDriverInChain
 .text.updateBrightnessLevel
                0x000007cc       0x14 .\CortexM0\ARM_GCC_493\Debug\IO_Control.o
                0x000007cc                updateBrightnessLevel
 .text.getTemperatureSample
                0x000007e0       0x34 .\CortexM0\ARM_GCC_493\Debug\IO_Control.o
                0x000007e0                getTemperatureSample
 .text.IntDefaultHandler
                0x00000814        0x4 .\CortexM0\ARM_GCC_493\Debug\Cm0Start.o
                0x00000814                IntDefaultHandler
 .text.Start_c  0x00000818       0x48 .\CortexM0\ARM_GCC_493\Debug\Cm0Start.o
                0x00000818                Start_c
 .text.initialize_psoc
                0x00000860       0x48 .\CortexM0\ARM_GCC_493\Debug\Cm0Start.o
                0x00000860                initialize_psoc
 .text.cfg_write_bytes32
                0x000008a8       0x34 .\CortexM0\ARM_GCC_493\Debug\81-00022-01.a(cyfitter_cfg.o)
 .text.CYMEMZERO
                0x000008dc        0xc .\CortexM0\ARM_GCC_493\Debug\81-00022-01.a(cyfitter_cfg.o)
 .text.CYCONFIGCPYCODE
                0x000008e8        0x8 .\CortexM0\ARM_GCC_493\Debug\81-00022-01.a(cyfitter_cfg.o)
 .text.SetAnalogRoutingPumps
                0x000008f0       0x20 .\CortexM0\ARM_GCC_493\Debug\81-00022-01.a(cyfitter_cfg.o)
                0x000008f0                SetAnalogRoutingPumps
 .text.AnalogSetDefault
                0x00000910       0x14 .\CortexM0\ARM_GCC_493\Debug\81-00022-01.a(cyfitter_cfg.o)
 .text.ADC_SAR_Seq_Init
                0x00000924      0x100 .\CortexM0\ARM_GCC_493\Debug\81-00022-01.a(ADC_SAR_Seq.o)
                0x00000924                ADC_SAR_Seq_Init
 .text.ADC_SAR_Seq_Enable
                0x00000a24       0x24 .\CortexM0\ARM_GCC_493\Debug\81-00022-01.a(ADC_SAR_Seq.o)
                0x00000a24                ADC_SAR_Seq_Enable
 .text.ADC_SAR_Seq_Start
                0x00000a48       0x20 .\CortexM0\ARM_GCC_493\Debug\81-00022-01.a(ADC_SAR_Seq.o)
                0x00000a48                ADC_SAR_Seq_Start
 .text.ADC_SAR_Seq_StartConvert
                0x00000a68       0x14 .\CortexM0\ARM_GCC_493\Debug\81-00022-01.a(ADC_SAR_Seq.o)
                0x00000a68                ADC_SAR_Seq_StartConvert
 .text.ADC_SAR_Seq_IsEndConversion
                0x00000a7c       0x28 .\CortexM0\ARM_GCC_493\Debug\81-00022-01.a(ADC_SAR_Seq.o)
                0x00000a7c                ADC_SAR_Seq_IsEndConversion
 .text.ADC_SAR_Seq_GetResult16
                0x00000aa4       0x2c .\CortexM0\ARM_GCC_493\Debug\81-00022-01.a(ADC_SAR_Seq.o)
                0x00000aa4                ADC_SAR_Seq_GetResult16
 .text.ADC_SAR_Seq_ISR
                0x00000ad0        0xc .\CortexM0\ARM_GCC_493\Debug\81-00022-01.a(ADC_SAR_Seq_INT.o)
                0x00000ad0                ADC_SAR_Seq_ISR
 .text.CyIntEnable
                0x00000adc       0x14 .\CortexM0\ARM_GCC_493\Debug\81-00022-01.a(CyLib.o)
                0x00000adc                CyIntEnable
 .text.CyHalt   0x00000af0        0x4 .\CortexM0\ARM_GCC_493\Debug\81-00022-01.a(CyLib.o)
                0x00000af0                CyHalt
 .text.CyIntSetVector
                0x00000af4       0x24 .\CortexM0\ARM_GCC_493\Debug\81-00022-01.a(CyLib.o)
                0x00000af4                CyIntSetVector
 .text.CyIntSetPriority
                0x00000b18       0x4c .\CortexM0\ARM_GCC_493\Debug\81-00022-01.a(CyLib.o)
                0x00000b18                CyIntSetPriority
 .text.CyDelayUs
                0x00000b64       0x14 .\CortexM0\ARM_GCC_493\Debug\81-00022-01.a(CyLib.o)
                0x00000b64                CyDelayUs
 .text.CySysClkWriteImoFreq
                0x00000b78      0x164 .\CortexM0\ARM_GCC_493\Debug\81-00022-01.a(CyLib.o)
                0x00000b78                CySysClkWriteImoFreq
 .text.CySysWdtLocked
                0x00000cdc       0x14 .\CortexM0\ARM_GCC_493\Debug\81-00022-01.a(CyLFClk.o)
 .text.CySysWdtLock
                0x00000cf0       0x1c .\CortexM0\ARM_GCC_493\Debug\81-00022-01.a(CyLFClk.o)
                0x00000cf0                CySysWdtLock
 .text.CySysWdtUnlock
                0x00000d0c       0x30 .\CortexM0\ARM_GCC_493\Debug\81-00022-01.a(CyLFClk.o)
                0x00000d0c                CySysWdtUnlock
 .text.CySysWdtClearInterrupt
                0x00000d3c       0x4c .\CortexM0\ARM_GCC_493\Debug\81-00022-01.a(CyLFClk.o)
                0x00000d3c                CySysWdtClearInterrupt
 .text.CySysWdtIsr
                0x00000d88       0xa4 .\CortexM0\ARM_GCC_493\Debug\81-00022-01.a(CyLFClk.o)
                0x00000d88                CySysWdtIsr
 .text.PrISM_Enable
                0x00000e2c       0x10 .\CortexM0\ARM_GCC_493\Debug\81-00022-01.a(PrISM.o)
                0x00000e2c                PrISM_Enable
 .text.PrISM_WriteSeed
                0x00000e3c       0x18 .\CortexM0\ARM_GCC_493\Debug\81-00022-01.a(PrISM.o)
                0x00000e3c                PrISM_WriteSeed
 .text.PrISM_WritePolynomial
                0x00000e54        0xc .\CortexM0\ARM_GCC_493\Debug\81-00022-01.a(PrISM.o)
                0x00000e54                PrISM_WritePolynomial
 .text.PrISM_WritePulse0
                0x00000e60        0xc .\CortexM0\ARM_GCC_493\Debug\81-00022-01.a(PrISM.o)
                0x00000e60                PrISM_WritePulse0
 .text.PrISM_WritePulse1
                0x00000e6c        0xc .\CortexM0\ARM_GCC_493\Debug\81-00022-01.a(PrISM.o)
                0x00000e6c                PrISM_WritePulse1
 .text.PrISM_Init
                0x00000e78       0x48 .\CortexM0\ARM_GCC_493\Debug\81-00022-01.a(PrISM.o)
                0x00000e78                PrISM_Init
 .text.PrISM_Start
                0x00000ec0       0x20 .\CortexM0\ARM_GCC_493\Debug\81-00022-01.a(PrISM.o)
                0x00000ec0                PrISM_Start
 .text.TimeoutTimer_Stop
                0x00000ee0       0x1c .\CortexM0\ARM_GCC_493\Debug\81-00022-01.a(TimeoutTimer.o)
                0x00000ee0                TimeoutTimer_Stop
 .text.TimeoutTimer_WriteCounter
                0x00000efc       0x10 .\CortexM0\ARM_GCC_493\Debug\81-00022-01.a(TimeoutTimer.o)
                0x00000efc                TimeoutTimer_WriteCounter
 .text.TimeoutTimer_WritePeriod
                0x00000f0c       0x10 .\CortexM0\ARM_GCC_493\Debug\81-00022-01.a(TimeoutTimer.o)
                0x00000f0c                TimeoutTimer_WritePeriod
 .text.TimeoutTimer_TriggerCommand
                0x00000f1c       0x1c .\CortexM0\ARM_GCC_493\Debug\81-00022-01.a(TimeoutTimer.o)
                0x00000f1c                TimeoutTimer_TriggerCommand
 .text.TimeoutTimer_Enable
                0x00000f38       0x24 .\CortexM0\ARM_GCC_493\Debug\81-00022-01.a(TimeoutTimer.o)
                0x00000f38                TimeoutTimer_Enable
 .text.TimeoutTimer_SetInterruptMode
                0x00000f5c        0xc .\CortexM0\ARM_GCC_493\Debug\81-00022-01.a(TimeoutTimer.o)
                0x00000f5c                TimeoutTimer_SetInterruptMode
 .text.TimeoutTimer_Init
                0x00000f68       0x30 .\CortexM0\ARM_GCC_493\Debug\81-00022-01.a(TimeoutTimer.o)
                0x00000f68                TimeoutTimer_Init
 .text.TimeoutTimer_Start
                0x00000f98       0x20 .\CortexM0\ARM_GCC_493\Debug\81-00022-01.a(TimeoutTimer.o)
                0x00000f98                TimeoutTimer_Start
 .text.TimeoutTimer_ClearInterrupt
                0x00000fb8        0xc .\CortexM0\ARM_GCC_493\Debug\81-00022-01.a(TimeoutTimer.o)
                0x00000fb8                TimeoutTimer_ClearInterrupt
 .text.CommTimeoutISR_Interrupt
                0x00000fc4        0x8 .\CortexM0\ARM_GCC_493\Debug\81-00022-01.a(CommTimeoutISR.o)
                0x00000fc4                CommTimeoutISR_Interrupt
 .text.CommTimeoutISR_SetVector
                0x00000fcc        0xc .\CortexM0\ARM_GCC_493\Debug\81-00022-01.a(CommTimeoutISR.o)
                0x00000fcc                CommTimeoutISR_SetVector
 .text.CommTimeoutISR_SetPriority
                0x00000fd8       0x20 .\CortexM0\ARM_GCC_493\Debug\81-00022-01.a(CommTimeoutISR.o)
                0x00000fd8                CommTimeoutISR_SetPriority
 .text.CommTimeoutISR_Enable
                0x00000ff8        0xc .\CortexM0\ARM_GCC_493\Debug\81-00022-01.a(CommTimeoutISR.o)
                0x00000ff8                CommTimeoutISR_Enable
 .text.CommTimeoutISR_Disable
                0x00001004        0xc .\CortexM0\ARM_GCC_493\Debug\81-00022-01.a(CommTimeoutISR.o)
                0x00001004                CommTimeoutISR_Disable
 .text.CommTimeoutISR_Start
                0x00001010       0x1c .\CortexM0\ARM_GCC_493\Debug\81-00022-01.a(CommTimeoutISR.o)
                0x00001010                CommTimeoutISR_Start
 .text.SamplingTimerISR_Interrupt
                0x0000102c        0x8 .\CortexM0\ARM_GCC_493\Debug\81-00022-01.a(SamplingTimerISR.o)
                0x0000102c                SamplingTimerISR_Interrupt
 .text.SamplingTimerISR_SetVector
                0x00001034        0xc .\CortexM0\ARM_GCC_493\Debug\81-00022-01.a(SamplingTimerISR.o)
                0x00001034                SamplingTimerISR_SetVector
 .text.SamplingTimerISR_SetPriority
                0x00001040       0x24 .\CortexM0\ARM_GCC_493\Debug\81-00022-01.a(SamplingTimerISR.o)
                0x00001040                SamplingTimerISR_SetPriority
 .text.SamplingTimerISR_Enable
                0x00001064        0xc .\CortexM0\ARM_GCC_493\Debug\81-00022-01.a(SamplingTimerISR.o)
                0x00001064                SamplingTimerISR_Enable
 .text.SamplingTimerISR_Disable
                0x00001070        0xc .\CortexM0\ARM_GCC_493\Debug\81-00022-01.a(SamplingTimerISR.o)
                0x00001070                SamplingTimerISR_Disable
 .text.SamplingTimerISR_Start
                0x0000107c       0x1c .\CortexM0\ARM_GCC_493\Debug\81-00022-01.a(SamplingTimerISR.o)
                0x0000107c                SamplingTimerISR_Start
 .text.SamplingTimer_WriteCounter
                0x00001098       0x10 .\CortexM0\ARM_GCC_493\Debug\81-00022-01.a(SamplingTimer.o)
                0x00001098                SamplingTimer_WriteCounter
 .text.SamplingTimer_WritePeriod
                0x000010a8       0x10 .\CortexM0\ARM_GCC_493\Debug\81-00022-01.a(SamplingTimer.o)
                0x000010a8                SamplingTimer_WritePeriod
 .text.SamplingTimer_TriggerCommand
                0x000010b8       0x1c .\CortexM0\ARM_GCC_493\Debug\81-00022-01.a(SamplingTimer.o)
                0x000010b8                SamplingTimer_TriggerCommand
 .text.SamplingTimer_Enable
                0x000010d4       0x24 .\CortexM0\ARM_GCC_493\Debug\81-00022-01.a(SamplingTimer.o)
                0x000010d4                SamplingTimer_Enable
 .text.SamplingTimer_SetInterruptMode
                0x000010f8        0xc .\CortexM0\ARM_GCC_493\Debug\81-00022-01.a(SamplingTimer.o)
                0x000010f8                SamplingTimer_SetInterruptMode
 .text.SamplingTimer_Init
                0x00001104       0x30 .\CortexM0\ARM_GCC_493\Debug\81-00022-01.a(SamplingTimer.o)
                0x00001104                SamplingTimer_Init
 .text.SamplingTimer_Start
                0x00001134       0x20 .\CortexM0\ARM_GCC_493\Debug\81-00022-01.a(SamplingTimer.o)
                0x00001134                SamplingTimer_Start
 .text.SamplingTimer_ClearInterrupt
                0x00001154        0xc .\CortexM0\ARM_GCC_493\Debug\81-00022-01.a(SamplingTimer.o)
                0x00001154                SamplingTimer_ClearInterrupt
 .text.UART_LED_ISR_Interrupt
                0x00001160        0x8 .\CortexM0\ARM_GCC_493\Debug\81-00022-01.a(UART_LED_ISR.o)
                0x00001160                UART_LED_ISR_Interrupt
 .text.UART_LED_ISR_SetVector
                0x00001168        0xc .\CortexM0\ARM_GCC_493\Debug\81-00022-01.a(UART_LED_ISR.o)
                0x00001168                UART_LED_ISR_SetVector
 .text.UART_LED_ISR_SetPriority
                0x00001174       0x20 .\CortexM0\ARM_GCC_493\Debug\81-00022-01.a(UART_LED_ISR.o)
                0x00001174                UART_LED_ISR_SetPriority
 .text.UART_LED_ISR_Enable
                0x00001194        0xc .\CortexM0\ARM_GCC_493\Debug\81-00022-01.a(UART_LED_ISR.o)
                0x00001194                UART_LED_ISR_Enable
 .text.UART_LED_ISR_Disable
                0x000011a0        0xc .\CortexM0\ARM_GCC_493\Debug\81-00022-01.a(UART_LED_ISR.o)
                0x000011a0                UART_LED_ISR_Disable
 .text.UART_LED_ISR_Start
                0x000011ac       0x1c .\CortexM0\ARM_GCC_493\Debug\81-00022-01.a(UART_LED_ISR.o)
                0x000011ac                UART_LED_ISR_Start
 .text.UART_Temp_ISR_Interrupt
                0x000011c8        0x8 .\CortexM0\ARM_GCC_493\Debug\81-00022-01.a(UART_Temp_ISR.o)
                0x000011c8                UART_Temp_ISR_Interrupt
 .text.UART_Temp_ISR_SetVector
                0x000011d0        0xc .\CortexM0\ARM_GCC_493\Debug\81-00022-01.a(UART_Temp_ISR.o)
                0x000011d0                UART_Temp_ISR_SetVector
 .text.UART_Temp_ISR_SetPriority
                0x000011dc       0x20 .\CortexM0\ARM_GCC_493\Debug\81-00022-01.a(UART_Temp_ISR.o)
                0x000011dc                UART_Temp_ISR_SetPriority
 .text.UART_Temp_ISR_Enable
                0x000011fc       0x10 .\CortexM0\ARM_GCC_493\Debug\81-00022-01.a(UART_Temp_ISR.o)
                0x000011fc                UART_Temp_ISR_Enable
 .text.UART_Temp_ISR_Disable
                0x0000120c       0x10 .\CortexM0\ARM_GCC_493\Debug\81-00022-01.a(UART_Temp_ISR.o)
                0x0000120c                UART_Temp_ISR_Disable
 .text.UART_Temp_ISR_Start
                0x0000121c       0x1c .\CortexM0\ARM_GCC_493\Debug\81-00022-01.a(UART_Temp_ISR.o)
                0x0000121c                UART_Temp_ISR_Start
 .text.UART_LED_Init
                0x00001238       0x34 .\CortexM0\ARM_GCC_493\Debug\81-00022-01.a(UART_LED.o)
                0x00001238                UART_LED_Init
 .text.UART_LED_Enable
                0x0000126c       0x40 .\CortexM0\ARM_GCC_493\Debug\81-00022-01.a(UART_LED.o)
                0x0000126c                UART_LED_Enable
 .text.UART_LED_Start
                0x000012ac       0x20 .\CortexM0\ARM_GCC_493\Debug\81-00022-01.a(UART_LED.o)
                0x000012ac                UART_LED_Start
 .text.UART_LED_ReadRxStatus
                0x000012cc       0x10 .\CortexM0\ARM_GCC_493\Debug\81-00022-01.a(UART_LED.o)
                0x000012cc                UART_LED_ReadRxStatus
 .text.UART_LED_GetChar
                0x000012dc       0x28 .\CortexM0\ARM_GCC_493\Debug\81-00022-01.a(UART_LED.o)
                0x000012dc                UART_LED_GetChar
 .text.UART_LED_PutChar
                0x00001304       0x18 .\CortexM0\ARM_GCC_493\Debug\81-00022-01.a(UART_LED.o)
                0x00001304                UART_LED_PutChar
 .text.UART_LED_PutArray
                0x0000131c       0x28 .\CortexM0\ARM_GCC_493\Debug\81-00022-01.a(UART_LED.o)
                0x0000131c                UART_LED_PutArray
 .text.UART_Temperature_ScbModePostEnable
                0x00001344        0x8 .\CortexM0\ARM_GCC_493\Debug\81-00022-01.a(UART_Temperature.o)
 .text.UART_Temperature_Init
                0x0000134c        0x8 .\CortexM0\ARM_GCC_493\Debug\81-00022-01.a(UART_Temperature.o)
                0x0000134c                UART_Temperature_Init
 .text.UART_Temperature_Enable
                0x00001354       0x18 .\CortexM0\ARM_GCC_493\Debug\81-00022-01.a(UART_Temperature.o)
                0x00001354                UART_Temperature_Enable
 .text.UART_Temperature_Start
                0x0000136c       0x20 .\CortexM0\ARM_GCC_493\Debug\81-00022-01.a(UART_Temperature.o)
                0x0000136c                UART_Temperature_Start
 .text.UART_Temperature_SpiUartReadRxData
                0x0000138c        0xc .\CortexM0\ARM_GCC_493\Debug\81-00022-01.a(UART_Temperature_SPI_UART.o)
                0x0000138c                UART_Temperature_SpiUartReadRxData
 .text.UART_Temperature_SpiUartGetRxBufferSize
                0x00001398       0x10 .\CortexM0\ARM_GCC_493\Debug\81-00022-01.a(UART_Temperature_SPI_UART.o)
                0x00001398                UART_Temperature_SpiUartGetRxBufferSize
 .text.UART_Temperature_SpiUartWriteTxData
                0x000013a8       0x1c .\CortexM0\ARM_GCC_493\Debug\81-00022-01.a(UART_Temperature_SPI_UART.o)
                0x000013a8                UART_Temperature_SpiUartWriteTxData
 .text.UART_Temperature_SpiUartPutArray
                0x000013c4       0x18 .\CortexM0\ARM_GCC_493\Debug\81-00022-01.a(UART_Temperature_SPI_UART.o)
                0x000013c4                UART_Temperature_SpiUartPutArray
 .text.UART_Temperature_UartInit
                0x000013dc       0x90 .\CortexM0\ARM_GCC_493\Debug\81-00022-01.a(UART_Temperature_UART.o)
                0x000013dc                UART_Temperature_UartInit
 .text.UART_Temperature_UartPostEnable
                0x0000146c       0x14 .\CortexM0\ARM_GCC_493\Debug\81-00022-01.a(UART_Temperature_UART.o)
                0x0000146c                UART_Temperature_UartPostEnable
 .text.UART_Temperature_UartGetByte
                0x00001480       0x30 .\CortexM0\ARM_GCC_493\Debug\81-00022-01.a(UART_Temperature_UART.o)
                0x00001480                UART_Temperature_UartGetByte
 .text.UART_LED_Control_Write
                0x000014b0        0xc .\CortexM0\ARM_GCC_493\Debug\81-00022-01.a(UART_LED_Control.o)
                0x000014b0                UART_LED_Control_Write
 .text.UART_LED_IntClock_Start
                0x000014bc       0x14 .\CortexM0\ARM_GCC_493\Debug\81-00022-01.a(UART_LED_IntClock.o)
                0x000014bc                UART_LED_IntClock_Start
 .text.TestPin_Write
                0x000014d0       0x18 .\CortexM0\ARM_GCC_493\Debug\81-00022-01.a(TestPin.o)
                0x000014d0                TestPin_Write
 .text.TestPin2_Write
                0x000014e8       0x18 .\CortexM0\ARM_GCC_493\Debug\81-00022-01.a(TestPin2.o)
                0x000014e8                TestPin2_Write
 .text          0x00001500       0x28 .\CortexM0\ARM_GCC_493\Debug\81-00022-01.a(CyBootAsmGnu.o)
                0x00001500                CyDelayCycles
                0x00001514                CyEnterCriticalSection
                0x0000151c                CyExitCriticalSection
 .text.__libc_init_array
                0x00001528       0x4c c:/program files (x86)/cypress/psoc creator/3.3/psoc creator/import/gnu/arm/4.9.3/bin/../lib/gcc/arm-none-eabi/4.9.3/../../../../arm-none-eabi/lib/armv6-m\libg_nano.a(lib_a-init.o)
                0x00001528                __libc_init_array
 .text.memcpy   0x00001574       0x12 c:/program files (x86)/cypress/psoc creator/3.3/psoc creator/import/gnu/arm/4.9.3/bin/../lib/gcc/arm-none-eabi/4.9.3/../../../../arm-none-eabi/lib/armv6-m\libg_nano.a(lib_a-memcpy.o)
                0x00001574                memcpy
 .text.memset   0x00001586       0x10 c:/program files (x86)/cypress/psoc creator/3.3/psoc creator/import/gnu/arm/4.9.3/bin/../lib/gcc/arm-none-eabi/4.9.3/../../../../arm-none-eabi/lib/armv6-m\libg_nano.a(lib_a-memset.o)
                0x00001586                memset
 *(.plt)
 *(.gnu.warning)
 *(.glue_7t)
 .glue_7t       0x00000000        0x0 linker stubs
 *(.glue_7)
 .glue_7        0x00000000        0x0 linker stubs
 *(.vfp11_veneer)
 .vfp11_veneer  0x00000000        0x0 linker stubs
 *(.bootloader)
 *(.ARM.extab* .gnu.linkonce.armextab.*)
 *(.gcc_except_table)

.v4_bx          0x00001598        0x0
 .v4_bx         0x00000000        0x0 linker stubs

.iplt           0x00001598        0x0
 .iplt          0x00000000        0x0 c:/program files (x86)/cypress/psoc creator/3.3/psoc creator/import/gnu/arm/4.9.3/bin/../lib/gcc/arm-none-eabi/4.9.3/armv6-m/crtbegin.o

.eh_frame_hdr
 *(.eh_frame_hdr)

.eh_frame       0x00001598        0x4
 *(.eh_frame)
 .eh_frame      0x00001598        0x0 c:/program files (x86)/cypress/psoc creator/3.3/psoc creator/import/gnu/arm/4.9.3/bin/../lib/gcc/arm-none-eabi/4.9.3/armv6-m/crtbegin.o
 .eh_frame      0x00001598        0x4 c:/program files (x86)/cypress/psoc creator/3.3/psoc creator/import/gnu/arm/4.9.3/bin/../lib/gcc/arm-none-eabi/4.9.3/armv6-m/crtend.o
                0x0000159c                PROVIDE (__exidx_start, .)

.ARM.exidx
 *(.ARM.exidx* .gnu.linkonce.armexidx.*)
                0x0000159c                __exidx_end = .

.rodata         0x0000159c      0x3ec
 *(.rodata .rodata.* .gnu.linkonce.r.*)
 .rodata        0x0000159c       0x10 .\CortexM0\ARM_GCC_493\Debug\TemperatureCommManager.o
 .rodata        0x000015ac        0xc .\CortexM0\ARM_GCC_493\Debug\BrightnessCommManager.o
 .rodata        0x000015b8      0x36c .\CortexM0\ARM_GCC_493\Debug\81-00022-01.a(cyfitter_cfg.o)
 .rodata        0x00001924       0x30 .\CortexM0\ARM_GCC_493\Debug\81-00022-01.a(CyLib.o)
                0x00001924                cyImoFreqMhz2Reg
                0x00001954                . = ALIGN (0x4)
 *(.init)
 .init          0x00001954        0x4 c:/program files (x86)/cypress/psoc creator/3.3/psoc creator/import/gnu/arm/4.9.3/bin/../lib/gcc/arm-none-eabi/4.9.3/armv6-m/crti.o
                0x00001954                _init
 .init          0x00001958        0x8 c:/program files (x86)/cypress/psoc creator/3.3/psoc creator/import/gnu/arm/4.9.3/bin/../lib/gcc/arm-none-eabi/4.9.3/armv6-m/crtn.o
                0x00001960                . = ALIGN (0x4)
                0x00001960                __preinit_array_start = .
 *(.preinit_array)
                0x00001960                __preinit_array_end = .
                0x00001960                . = ALIGN (0x4)
                0x00001960                __init_array_start = .
 *(SORT(.init_array.*))
 *(.init_array)
 .init_array    0x00001960        0x4 c:/program files (x86)/cypress/psoc creator/3.3/psoc creator/import/gnu/arm/4.9.3/bin/../lib/gcc/arm-none-eabi/4.9.3/armv6-m/crtbegin.o
 .init_array    0x00001964        0x4 .\CortexM0\ARM_GCC_493\Debug\Cm0Start.o
                0x00001968                __init_array_end = .
                0x00001968                . = ALIGN (0x4)
 *(.fini)
 .fini          0x00001968        0x4 c:/program files (x86)/cypress/psoc creator/3.3/psoc creator/import/gnu/arm/4.9.3/bin/../lib/gcc/arm-none-eabi/4.9.3/armv6-m/crti.o
                0x00001968                _fini
 .fini          0x0000196c        0x8 c:/program files (x86)/cypress/psoc creator/3.3/psoc creator/import/gnu/arm/4.9.3/bin/../lib/gcc/arm-none-eabi/4.9.3/armv6-m/crtn.o
                0x00001974                . = ALIGN (0x4)
                0x00001974                __fini_array_start = .
 *(.fini_array)
 .fini_array    0x00001974        0x4 c:/program files (x86)/cypress/psoc creator/3.3/psoc creator/import/gnu/arm/4.9.3/bin/../lib/gcc/arm-none-eabi/4.9.3/armv6-m/crtbegin.o
 *(SORT(.fini_array.*))
                0x00001978                __fini_array_end = .
                0x00001978                . = ALIGN (0x4)
 *crtbegin.o(.ctors)
 *(EXCLUDE_FILE(*crtend.o) .ctors)
 *(SORT(.ctors.*))
 *crtend.o(.ctors)
                0x00001978                . = ALIGN (0x4)
 *crtbegin.o(.dtors)
 *(EXCLUDE_FILE(*crtend.o) .dtors)
 *(SORT(.dtors.*))
 *crtend.o(.dtors)
                0x00001978                . = ALIGN (0x4)
                0x00001978                __cy_regions = .
                0x00001978        0x4 LONG 0x1988 __cy_region_init_ram
                0x0000197c        0x4 LONG 0x200000c8 __cy_region_start_data
                0x00001980        0x4 LONG 0x20 __cy_region_init_size_ram
                0x00001984        0x4 LONG 0x88 __cy_region_zero_size_ram
                0x00001988                __cy_regions_end = .
                0x00001988                . = ALIGN (0x8)
                0x00001988                _etext = .

.cy_checksum_exclude
                0x00001988        0x0
 *(.cy_checksum_exclude)

.ramvectors     0x20000000       0xc0
                0x20000000                __cy_region_start_ram = .
 *(.ramvectors)
 .ramvectors    0x20000000       0xc0 .\CortexM0\ARM_GCC_493\Debug\Cm0Start.o
                0x20000000                CyRamVectors

.noinit         0x200000c0        0x4
 *(.noinit)
 .noinit        0x200000c0        0x4 .\CortexM0\ARM_GCC_493\Debug\Cm0Start.o

.data           0x200000c8       0x20 load address 0x00001988
                0x200000c8                __cy_region_start_data = .
 *(.jcr)
 .jcr           0x200000c8        0x0 c:/program files (x86)/cypress/psoc creator/3.3/psoc creator/import/gnu/arm/4.9.3/bin/../lib/gcc/arm-none-eabi/4.9.3/armv6-m/crtbegin.o
 .jcr           0x200000c8        0x4 c:/program files (x86)/cypress/psoc creator/3.3/psoc creator/import/gnu/arm/4.9.3/bin/../lib/gcc/arm-none-eabi/4.9.3/armv6-m/crtend.o
 *(.got.plt)
 *(.got)
 *(.shdata)
 *(.data .data.* .gnu.linkonce.d.*)
 .data          0x200000cc        0x1 .\CortexM0\ARM_GCC_493\Debug\BrightnessCommManager.o
 .data          0x200000cd        0x1 .\CortexM0\ARM_GCC_493\Debug\IO_Control.o
 *fill*         0x200000ce        0x2 
 .data          0x200000d0       0x10 .\CortexM0\ARM_GCC_493\Debug\81-00022-01.a(CyLib.o)
                0x200000d0                cydelay32kMs
                0x200000d4                cydelayFreqKhz
                0x200000d8                cydelayFreqMhz
                0x200000dc                cydelayFreqHz
 .data          0x200000e0        0x4 .\CortexM0\ARM_GCC_493\Debug\81-00022-01.a(CyLFClk.o)
                0x200000e8                . = ALIGN (0x8)
 *fill*         0x200000e4        0x4 
 *(.ram)
                0x200000e8                _edata = .

.igot.plt       0x200000e8        0x0 load address 0x000019a8
 .igot.plt      0x00000000        0x0 c:/program files (x86)/cypress/psoc creator/3.3/psoc creator/import/gnu/arm/4.9.3/bin/../lib/gcc/arm-none-eabi/4.9.3/armv6-m/crtbegin.o

.bss            0x200000e8       0x88 load address 0x000019a8
                0x200000e8                PROVIDE (__bss_start__, .)
 *(.shbss)
 *(.bss .bss.* .gnu.linkonce.b.*)
 .bss           0x200000e8       0x1c c:/program files (x86)/cypress/psoc creator/3.3/psoc creator/import/gnu/arm/4.9.3/bin/../lib/gcc/arm-none-eabi/4.9.3/armv6-m/crtbegin.o
 .bss           0x20000104        0x1 .\CortexM0\ARM_GCC_493\Debug\main.o
 *fill*         0x20000105        0x3 
 .bss           0x20000108       0x24 .\CortexM0\ARM_GCC_493\Debug\TemperatureCommManager.o
 .bss           0x2000012c       0x14 .\CortexM0\ARM_GCC_493\Debug\BrightnessCommManager.o
 .bss           0x20000140        0x2 .\CortexM0\ARM_GCC_493\Debug\IO_Control.o
 .bss           0x20000142        0x1 .\CortexM0\ARM_GCC_493\Debug\81-00022-01.a(ADC_SAR_Seq.o)
                0x20000142                ADC_SAR_Seq_initVar
 *fill*         0x20000143        0x1 
 .bss           0x20000144       0x1c .\CortexM0\ARM_GCC_493\Debug\81-00022-01.a(CyLFClk.o)
 .bss           0x20000160        0x1 .\CortexM0\ARM_GCC_493\Debug\81-00022-01.a(PrISM.o)
                0x20000160                PrISM_initVar
 .bss           0x20000161        0x1 .\CortexM0\ARM_GCC_493\Debug\81-00022-01.a(TimeoutTimer.o)
                0x20000161                TimeoutTimer_initVar
 .bss           0x20000162        0x1 .\CortexM0\ARM_GCC_493\Debug\81-00022-01.a(SamplingTimer.o)
                0x20000162                SamplingTimer_initVar
 .bss           0x20000163        0x2 .\CortexM0\ARM_GCC_493\Debug\81-00022-01.a(UART_LED.o)
                0x20000163                UART_LED_initVar
 .bss           0x20000165        0x1 .\CortexM0\ARM_GCC_493\Debug\81-00022-01.a(UART_Temperature.o)
                0x20000165                UART_Temperature_initVar
 *(COMMON)
 *fill*         0x20000166        0x2 
 COMMON         0x20000168        0x6 .\CortexM0\ARM_GCC_493\Debug\81-00022-01.a(ADC_SAR_Seq.o)
                0x20000168                ADC_SAR_Seq_countsPer10Volt
                0x2000016c                ADC_SAR_Seq_offset
                0x20000170                . = ALIGN (0x8)
 *fill*         0x2000016e        0x2 
 *(.ram.b)
                0x20000170                _end = .
                0x20000170                __end = .
                0x20000170                PROVIDE (end, .)
                0x20000170                PROVIDE (__bss_end__, .)
                0x00001988                __cy_region_init_ram = LOADADDR (.data)
                0x00000020                __cy_region_init_size_ram = (_edata - ADDR (.data))
                0x00000088                __cy_region_zero_size_ram = (_end - _edata)

.heap           0x20000170       0x80 load address 0x000019a8
                0x20000170                . = _end
                0x200001f0                . = (. + 0x80)
 *fill*         0x20000170       0x80 
                0x200001f0                __cy_heap_limit = .

.stack          0x20000c00      0x400
                0x20000c00                __cy_stack_limit = .
                0x20001000                . = (. + 0x400)
 *fill*         0x20000c00      0x400 
                0x00000001                ASSERT ((__cy_stack_limit >= __cy_heap_limit), region RAM overflowed with stack)
                0x00000000                cy_checksum_exclude_size = (CY_APPL_LOADABLE == 0x1)?SIZEOF (.cy_checksum_exclude):0x0
                0x00000001                ASSERT ((cy_checksum_exclude_size <= CY_CHECKSUM_EXCLUDE_SIZE), CY_BOOT: Section .cy_checksum_exclude size exceedes specified limit.)
                0x00007fc0                cyloadermeta_start = (cy_project_type_bootloader || cy_project_type_app_for_stack_and_copier)?(0x8000 - CY_METADATA_SIZE):0xf0000000

.cyloadermeta
 *(.cyloadermeta)
                0x00007fc0                cyloadablemeta_start = cy_project_type_app_for_stack_and_copier?((0x8000 - CY_FLASH_ROW_SIZE) - CY_METADATA_SIZE):((0x8000 - (CY_FLASH_ROW_SIZE * (CY_APPL_NUM - 0x1))) - CY_METADATA_SIZE)

.cyloadablemeta
 *(.cyloadablemeta)

.cyflashprotect
                0x90400000       0x20
 *(.cyflashprotect)
 .cyflashprotect
                0x90400000       0x20 .\CortexM0\ARM_GCC_493\Debug\cymetadata.o
                0x90400000                cy_meta_flashprotect

.cymeta         0x90500000        0xc
 *(.cymeta)
 .cymeta        0x90500000        0xc .\CortexM0\ARM_GCC_493\Debug\cymetadata.o
                0x90500000                cy_metadata

.cychipprotect  0x90600000        0x4
 *(.cychipprotect)
 .cychipprotect
                0x90600000        0x4 .\CortexM0\ARM_GCC_493\Debug\cymetadata.o
                0x90600000                cy_meta_chipprotect

.rel.dyn        0x000019a8        0x0 load address 0x90600004
 .rel.iplt      0x00000000        0x0 c:/program files (x86)/cypress/psoc creator/3.3/psoc creator/import/gnu/arm/4.9.3/bin/../lib/gcc/arm-none-eabi/4.9.3/armv6-m/crtbegin.o

.stab
 *(.stab)

.stabstr
 *(.stabstr)

.debug
 *(.debug)

.line
 *(.line)

.debug_srcinfo
 *(.debug_srcinfo)

.debug_sfnames
 *(.debug_sfnames)

.debug_aranges  0x00000000      0xd50
 *(.debug_aranges)
 .debug_aranges
                0x00000000       0x28 .\CortexM0\ARM_GCC_493\Debug\main.o
 .debug_aranges
                0x00000028       0x40 .\CortexM0\ARM_GCC_493\Debug\TemperatureCommManager.o
 .debug_aranges
                0x00000068       0x28 .\CortexM0\ARM_GCC_493\Debug\BrightnessCommManager.o
 .debug_aranges
                0x00000090       0x50 .\CortexM0\ARM_GCC_493\Debug\IO_Control.o
 .debug_aranges
                0x000000e0       0x18 .\CortexM0\ARM_GCC_493\Debug\cymetadata.o
 .debug_aranges
                0x000000f8       0x48 .\CortexM0\ARM_GCC_493\Debug\Cm0Start.o
 .debug_aranges
                0x00000140       0x50 .\CortexM0\ARM_GCC_493\Debug\81-00022-01.a(cyfitter_cfg.o)
 .debug_aranges
                0x00000190       0xa8 .\CortexM0\ARM_GCC_493\Debug\81-00022-01.a(ADC_SAR_Seq.o)
 .debug_aranges
                0x00000238       0x20 .\CortexM0\ARM_GCC_493\Debug\81-00022-01.a(ADC_SAR_Seq_INT.o)
 .debug_aranges
                0x00000258      0x178 .\CortexM0\ARM_GCC_493\Debug\81-00022-01.a(CyLib.o)
 .debug_aranges
                0x000003d0      0x120 .\CortexM0\ARM_GCC_493\Debug\81-00022-01.a(CyLFClk.o)
 .debug_aranges
                0x000004f0       0x88 .\CortexM0\ARM_GCC_493\Debug\81-00022-01.a(PrISM.o)
 .debug_aranges
                0x00000578      0x158 .\CortexM0\ARM_GCC_493\Debug\81-00022-01.a(TimeoutTimer.o)
 .debug_aranges
                0x000006d0       0x80 .\CortexM0\ARM_GCC_493\Debug\81-00022-01.a(CommTimeoutISR.o)
 .debug_aranges
                0x00000750       0x80 .\CortexM0\ARM_GCC_493\Debug\81-00022-01.a(SamplingTimerISR.o)
 .debug_aranges
                0x000007d0      0x158 .\CortexM0\ARM_GCC_493\Debug\81-00022-01.a(SamplingTimer.o)
 .debug_aranges
                0x00000928       0x80 .\CortexM0\ARM_GCC_493\Debug\81-00022-01.a(UART_LED_ISR.o)
 .debug_aranges
                0x000009a8       0x80 .\CortexM0\ARM_GCC_493\Debug\81-00022-01.a(UART_Temp_ISR.o)
 .debug_aranges
                0x00000a28       0xf0 .\CortexM0\ARM_GCC_493\Debug\81-00022-01.a(UART_LED.o)
 .debug_aranges
                0x00000b18       0x60 .\CortexM0\ARM_GCC_493\Debug\81-00022-01.a(UART_Temperature.o)
 .debug_aranges
                0x00000b78       0x60 .\CortexM0\ARM_GCC_493\Debug\81-00022-01.a(UART_Temperature_SPI_UART.o)
 .debug_aranges
                0x00000bd8       0x60 .\CortexM0\ARM_GCC_493\Debug\81-00022-01.a(UART_Temperature_UART.o)
 .debug_aranges
                0x00000c38       0x28 .\CortexM0\ARM_GCC_493\Debug\81-00022-01.a(UART_LED_Control.o)
 .debug_aranges
                0x00000c60       0x40 .\CortexM0\ARM_GCC_493\Debug\81-00022-01.a(UART_LED_IntClock.o)
 .debug_aranges
                0x00000ca0       0x48 .\CortexM0\ARM_GCC_493\Debug\81-00022-01.a(TestPin.o)
 .debug_aranges
                0x00000ce8       0x48 .\CortexM0\ARM_GCC_493\Debug\81-00022-01.a(TestPin2.o)
 .debug_aranges
                0x00000d30       0x20 .\CortexM0\ARM_GCC_493\Debug\81-00022-01.a(CyBootAsmGnu.o)

.debug_pubnames
 *(.debug_pubnames)

.debug_info     0x00000000     0x68db
 *(.debug_info .gnu.linkonce.wi.*)
 .debug_info    0x00000000      0x1e2 .\CortexM0\ARM_GCC_493\Debug\main.o
 .debug_info    0x000001e2      0x4b7 .\CortexM0\ARM_GCC_493\Debug\TemperatureCommManager.o
 .debug_info    0x00000699      0x41e .\CortexM0\ARM_GCC_493\Debug\BrightnessCommManager.o
 .debug_info    0x00000ab7      0x2a8 .\CortexM0\ARM_GCC_493\Debug\IO_Control.o
 .debug_info    0x00000d5f       0xfe .\CortexM0\ARM_GCC_493\Debug\cymetadata.o
 .debug_info    0x00000e5d      0x38e .\CortexM0\ARM_GCC_493\Debug\Cm0Start.o
 .debug_info    0x000011eb      0x5aa .\CortexM0\ARM_GCC_493\Debug\81-00022-01.a(cyfitter_cfg.o)
 .debug_info    0x00001795      0x598 .\CortexM0\ARM_GCC_493\Debug\81-00022-01.a(ADC_SAR_Seq.o)
 .debug_info    0x00001d2d       0xc4 .\CortexM0\ARM_GCC_493\Debug\81-00022-01.a(ADC_SAR_Seq_INT.o)
 .debug_info    0x00001df1      0xad1 .\CortexM0\ARM_GCC_493\Debug\81-00022-01.a(CyLib.o)
 .debug_info    0x000028c2      0xc23 .\CortexM0\ARM_GCC_493\Debug\81-00022-01.a(CyLFClk.o)
 .debug_info    0x000034e5      0x2ce .\CortexM0\ARM_GCC_493\Debug\81-00022-01.a(PrISM.o)
 .debug_info    0x000037b3      0x8f1 .\CortexM0\ARM_GCC_493\Debug\81-00022-01.a(TimeoutTimer.o)
 .debug_info    0x000040a4      0x316 .\CortexM0\ARM_GCC_493\Debug\81-00022-01.a(CommTimeoutISR.o)
 .debug_info    0x000043ba      0x316 .\CortexM0\ARM_GCC_493\Debug\81-00022-01.a(SamplingTimerISR.o)
 .debug_info    0x000046d0      0x8f1 .\CortexM0\ARM_GCC_493\Debug\81-00022-01.a(SamplingTimer.o)
 .debug_info    0x00004fc1      0x316 .\CortexM0\ARM_GCC_493\Debug\81-00022-01.a(UART_LED_ISR.o)
 .debug_info    0x000052d7      0x316 .\CortexM0\ARM_GCC_493\Debug\81-00022-01.a(UART_Temp_ISR.o)
 .debug_info    0x000055ed      0x601 .\CortexM0\ARM_GCC_493\Debug\81-00022-01.a(UART_LED.o)
 .debug_info    0x00005bee      0x21c .\CortexM0\ARM_GCC_493\Debug\81-00022-01.a(UART_Temperature.o)
 .debug_info    0x00005e0a      0x217 .\CortexM0\ARM_GCC_493\Debug\81-00022-01.a(UART_Temperature_SPI_UART.o)
 .debug_info    0x00006021      0x2ad .\CortexM0\ARM_GCC_493\Debug\81-00022-01.a(UART_Temperature_UART.o)
 .debug_info    0x000062ce       0xd6 .\CortexM0\ARM_GCC_493\Debug\81-00022-01.a(UART_LED_Control.o)
 .debug_info    0x000063a4      0x14e .\CortexM0\ARM_GCC_493\Debug\81-00022-01.a(UART_LED_IntClock.o)
 .debug_info    0x000064f2      0x19d .\CortexM0\ARM_GCC_493\Debug\81-00022-01.a(TestPin.o)
 .debug_info    0x0000668f      0x19d .\CortexM0\ARM_GCC_493\Debug\81-00022-01.a(TestPin2.o)
 .debug_info    0x0000682c       0xaf .\CortexM0\ARM_GCC_493\Debug\81-00022-01.a(CyBootAsmGnu.o)

.debug_abbrev   0x00000000     0x2292
 *(.debug_abbrev)
 .debug_abbrev  0x00000000       0xef .\CortexM0\ARM_GCC_493\Debug\main.o
 .debug_abbrev  0x000000ef      0x1f0 .\CortexM0\ARM_GCC_493\Debug\TemperatureCommManager.o
 .debug_abbrev  0x000002df      0x194 .\CortexM0\ARM_GCC_493\Debug\BrightnessCommManager.o
 .debug_abbrev  0x00000473      0x14a .\CortexM0\ARM_GCC_493\Debug\IO_Control.o
 .debug_abbrev  0x000005bd       0x5d .\CortexM0\ARM_GCC_493\Debug\cymetadata.o
 .debug_abbrev  0x0000061a      0x1d5 .\CortexM0\ARM_GCC_493\Debug\Cm0Start.o
 .debug_abbrev  0x000007ef      0x21f .\CortexM0\ARM_GCC_493\Debug\81-00022-01.a(cyfitter_cfg.o)
 .debug_abbrev  0x00000a0e      0x1c3 .\CortexM0\ARM_GCC_493\Debug\81-00022-01.a(ADC_SAR_Seq.o)
 .debug_abbrev  0x00000bd1       0x65 .\CortexM0\ARM_GCC_493\Debug\81-00022-01.a(ADC_SAR_Seq_INT.o)
 .debug_abbrev  0x00000c36      0x20d .\CortexM0\ARM_GCC_493\Debug\81-00022-01.a(CyLib.o)
 .debug_abbrev  0x00000e43      0x226 .\CortexM0\ARM_GCC_493\Debug\81-00022-01.a(CyLFClk.o)
 .debug_abbrev  0x00001069      0x14b .\CortexM0\ARM_GCC_493\Debug\81-00022-01.a(PrISM.o)
 .debug_abbrev  0x000011b4      0x133 .\CortexM0\ARM_GCC_493\Debug\81-00022-01.a(TimeoutTimer.o)
 .debug_abbrev  0x000012e7      0x19e .\CortexM0\ARM_GCC_493\Debug\81-00022-01.a(CommTimeoutISR.o)
 .debug_abbrev  0x00001485      0x19e .\CortexM0\ARM_GCC_493\Debug\81-00022-01.a(SamplingTimerISR.o)
 .debug_abbrev  0x00001623      0x133 .\CortexM0\ARM_GCC_493\Debug\81-00022-01.a(SamplingTimer.o)
 .debug_abbrev  0x00001756      0x19e .\CortexM0\ARM_GCC_493\Debug\81-00022-01.a(UART_LED_ISR.o)
 .debug_abbrev  0x000018f4      0x19e .\CortexM0\ARM_GCC_493\Debug\81-00022-01.a(UART_Temp_ISR.o)
 .debug_abbrev  0x00001a92      0x1a2 .\CortexM0\ARM_GCC_493\Debug\81-00022-01.a(UART_LED.o)
 .debug_abbrev  0x00001c34       0xed .\CortexM0\ARM_GCC_493\Debug\81-00022-01.a(UART_Temperature.o)
 .debug_abbrev  0x00001d21      0x169 .\CortexM0\ARM_GCC_493\Debug\81-00022-01.a(UART_Temperature_SPI_UART.o)
 .debug_abbrev  0x00001e8a      0x12c .\CortexM0\ARM_GCC_493\Debug\81-00022-01.a(UART_Temperature_UART.o)
 .debug_abbrev  0x00001fb6       0x81 .\CortexM0\ARM_GCC_493\Debug\81-00022-01.a(UART_LED_Control.o)
 .debug_abbrev  0x00002037       0xb7 .\CortexM0\ARM_GCC_493\Debug\81-00022-01.a(UART_LED_IntClock.o)
 .debug_abbrev  0x000020ee       0xc8 .\CortexM0\ARM_GCC_493\Debug\81-00022-01.a(TestPin.o)
 .debug_abbrev  0x000021b6       0xc8 .\CortexM0\ARM_GCC_493\Debug\81-00022-01.a(TestPin2.o)
 .debug_abbrev  0x0000227e       0x14 .\CortexM0\ARM_GCC_493\Debug\81-00022-01.a(CyBootAsmGnu.o)

.debug_line     0x00000000     0x2de9
 *(.debug_line)
 .debug_line    0x00000000      0x125 .\CortexM0\ARM_GCC_493\Debug\main.o
 .debug_line    0x00000125      0x1a2 .\CortexM0\ARM_GCC_493\Debug\TemperatureCommManager.o
 .debug_line    0x000002c7      0x1a6 .\CortexM0\ARM_GCC_493\Debug\BrightnessCommManager.o
 .debug_line    0x0000046d      0x10a .\CortexM0\ARM_GCC_493\Debug\IO_Control.o
 .debug_line    0x00000577       0x53 .\CortexM0\ARM_GCC_493\Debug\cymetadata.o
 .debug_line    0x000005ca      0x248 .\CortexM0\ARM_GCC_493\Debug\Cm0Start.o
 .debug_line    0x00000812      0x1db .\CortexM0\ARM_GCC_493\Debug\81-00022-01.a(cyfitter_cfg.o)
 .debug_line    0x000009ed      0x281 .\CortexM0\ARM_GCC_493\Debug\81-00022-01.a(ADC_SAR_Seq.o)
 .debug_line    0x00000c6e       0x6c .\CortexM0\ARM_GCC_493\Debug\81-00022-01.a(ADC_SAR_Seq_INT.o)
 .debug_line    0x00000cda      0x44b .\CortexM0\ARM_GCC_493\Debug\81-00022-01.a(CyLib.o)
 .debug_line    0x00001125      0x3fe .\CortexM0\ARM_GCC_493\Debug\81-00022-01.a(CyLFClk.o)
 .debug_line    0x00001523      0x165 .\CortexM0\ARM_GCC_493\Debug\81-00022-01.a(PrISM.o)
 .debug_line    0x00001688      0x382 .\CortexM0\ARM_GCC_493\Debug\81-00022-01.a(TimeoutTimer.o)
 .debug_line    0x00001a0a      0x18c .\CortexM0\ARM_GCC_493\Debug\81-00022-01.a(CommTimeoutISR.o)
 .debug_line    0x00001b96      0x192 .\CortexM0\ARM_GCC_493\Debug\81-00022-01.a(SamplingTimerISR.o)
 .debug_line    0x00001d28      0x383 .\CortexM0\ARM_GCC_493\Debug\81-00022-01.a(SamplingTimer.o)
 .debug_line    0x000020ab      0x18d .\CortexM0\ARM_GCC_493\Debug\81-00022-01.a(UART_LED_ISR.o)
 .debug_line    0x00002238      0x18f .\CortexM0\ARM_GCC_493\Debug\81-00022-01.a(UART_Temp_ISR.o)
 .debug_line    0x000023c7      0x2e8 .\CortexM0\ARM_GCC_493\Debug\81-00022-01.a(UART_LED.o)
 .debug_line    0x000026af      0x158 .\CortexM0\ARM_GCC_493\Debug\81-00022-01.a(UART_Temperature.o)
 .debug_line    0x00002807      0x13f .\CortexM0\ARM_GCC_493\Debug\81-00022-01.a(UART_Temperature_SPI_UART.o)
 .debug_line    0x00002946      0x16c .\CortexM0\ARM_GCC_493\Debug\81-00022-01.a(UART_Temperature_UART.o)
 .debug_line    0x00002ab2       0x7b .\CortexM0\ARM_GCC_493\Debug\81-00022-01.a(UART_LED_Control.o)
 .debug_line    0x00002b2d       0xd0 .\CortexM0\ARM_GCC_493\Debug\81-00022-01.a(UART_LED_IntClock.o)
 .debug_line    0x00002bfd       0xc1 .\CortexM0\ARM_GCC_493\Debug\81-00022-01.a(TestPin.o)
 .debug_line    0x00002cbe       0xc2 .\CortexM0\ARM_GCC_493\Debug\81-00022-01.a(TestPin2.o)
 .debug_line    0x00002d80       0x69 .\CortexM0\ARM_GCC_493\Debug\81-00022-01.a(CyBootAsmGnu.o)

.debug_frame    0x00000000     0x21b4
 *(.debug_frame)
 .debug_frame   0x00000000       0x48 .\CortexM0\ARM_GCC_493\Debug\main.o
 .debug_frame   0x00000048       0xa4 .\CortexM0\ARM_GCC_493\Debug\TemperatureCommManager.o
 .debug_frame   0x000000ec       0x50 .\CortexM0\ARM_GCC_493\Debug\BrightnessCommManager.o
 .debug_frame   0x0000013c       0x98 .\CortexM0\ARM_GCC_493\Debug\IO_Control.o
 .debug_frame   0x000001d4       0xb0 .\CortexM0\ARM_GCC_493\Debug\Cm0Start.o
 .debug_frame   0x00000284       0xd8 .\CortexM0\ARM_GCC_493\Debug\81-00022-01.a(cyfitter_cfg.o)
 .debug_frame   0x0000035c      0x1b0 .\CortexM0\ARM_GCC_493\Debug\81-00022-01.a(ADC_SAR_Seq.o)
 .debug_frame   0x0000050c       0x20 .\CortexM0\ARM_GCC_493\Debug\81-00022-01.a(ADC_SAR_Seq_INT.o)
 .debug_frame   0x0000052c      0x3d0 .\CortexM0\ARM_GCC_493\Debug\81-00022-01.a(CyLib.o)
 .debug_frame   0x000008fc      0x368 .\CortexM0\ARM_GCC_493\Debug\81-00022-01.a(CyLFClk.o)
 .debug_frame   0x00000c64      0x108 .\CortexM0\ARM_GCC_493\Debug\81-00022-01.a(PrISM.o)
 .debug_frame   0x00000d6c      0x390 .\CortexM0\ARM_GCC_493\Debug\81-00022-01.a(TimeoutTimer.o)
 .debug_frame   0x000010fc      0x11c .\CortexM0\ARM_GCC_493\Debug\81-00022-01.a(CommTimeoutISR.o)
 .debug_frame   0x00001218      0x11c .\CortexM0\ARM_GCC_493\Debug\81-00022-01.a(SamplingTimerISR.o)
 .debug_frame   0x00001334      0x390 .\CortexM0\ARM_GCC_493\Debug\81-00022-01.a(SamplingTimer.o)
 .debug_frame   0x000016c4      0x11c .\CortexM0\ARM_GCC_493\Debug\81-00022-01.a(UART_LED_ISR.o)
 .debug_frame   0x000017e0      0x11c .\CortexM0\ARM_GCC_493\Debug\81-00022-01.a(UART_Temp_ISR.o)
 .debug_frame   0x000018fc      0x234 .\CortexM0\ARM_GCC_493\Debug\81-00022-01.a(UART_LED.o)
 .debug_frame   0x00001b30       0xe8 .\CortexM0\ARM_GCC_493\Debug\81-00022-01.a(UART_Temperature.o)
 .debug_frame   0x00001c18       0xb0 .\CortexM0\ARM_GCC_493\Debug\81-00022-01.a(UART_Temperature_SPI_UART.o)
 .debug_frame   0x00001cc8       0xe0 .\CortexM0\ARM_GCC_493\Debug\81-00022-01.a(UART_Temperature_UART.o)
 .debug_frame   0x00001da8       0x30 .\CortexM0\ARM_GCC_493\Debug\81-00022-01.a(UART_LED_Control.o)
 .debug_frame   0x00001dd8       0x60 .\CortexM0\ARM_GCC_493\Debug\81-00022-01.a(UART_LED_IntClock.o)
 .debug_frame   0x00001e38       0x70 .\CortexM0\ARM_GCC_493\Debug\81-00022-01.a(TestPin.o)
 .debug_frame   0x00001ea8       0x70 .\CortexM0\ARM_GCC_493\Debug\81-00022-01.a(TestPin2.o)
 .debug_frame   0x00001f18       0x20 c:/program files (x86)/cypress/psoc creator/3.3/psoc creator/import/gnu/arm/4.9.3/bin/../lib/gcc/arm-none-eabi/4.9.3/armv6-m\libgcc.a(_udivsi3.o)
 .debug_frame   0x00001f38       0x20 c:/program files (x86)/cypress/psoc creator/3.3/psoc creator/import/gnu/arm/4.9.3/bin/../lib/gcc/arm-none-eabi/4.9.3/armv6-m\libgcc.a(_divsi3.o)
 .debug_frame   0x00001f58       0x34 c:/program files (x86)/cypress/psoc creator/3.3/psoc creator/import/gnu/arm/4.9.3/bin/../lib/gcc/arm-none-eabi/4.9.3/armv6-m\libgcc.a(_muldi3.o)
 .debug_frame   0x00001f8c       0x50 c:/program files (x86)/cypress/psoc creator/3.3/psoc creator/import/gnu/arm/4.9.3/bin/../lib/gcc/arm-none-eabi/4.9.3/armv6-m\libgcc.a(bpabi.o)
 .debug_frame   0x00001fdc       0x3c c:/program files (x86)/cypress/psoc creator/3.3/psoc creator/import/gnu/arm/4.9.3/bin/../lib/gcc/arm-none-eabi/4.9.3/armv6-m\libgcc.a(divsf3.o)
 .debug_frame   0x00002018       0x3c c:/program files (x86)/cypress/psoc creator/3.3/psoc creator/import/gnu/arm/4.9.3/bin/../lib/gcc/arm-none-eabi/4.9.3/armv6-m\libgcc.a(mulsf3.o)
 .debug_frame   0x00002054       0x2c c:/program files (x86)/cypress/psoc creator/3.3/psoc creator/import/gnu/arm/4.9.3/bin/../lib/gcc/arm-none-eabi/4.9.3/armv6-m\libgcc.a(floatsisf.o)
 .debug_frame   0x00002080       0x3c c:/program files (x86)/cypress/psoc creator/3.3/psoc creator/import/gnu/arm/4.9.3/bin/../lib/gcc/arm-none-eabi/4.9.3/armv6-m\libgcc.a(_divdi3.o)
 .debug_frame   0x000020bc       0x3c c:/program files (x86)/cypress/psoc creator/3.3/psoc creator/import/gnu/arm/4.9.3/bin/../lib/gcc/arm-none-eabi/4.9.3/armv6-m\libgcc.a(_udivdi3.o)
 .debug_frame   0x000020f8       0x20 c:/program files (x86)/cypress/psoc creator/3.3/psoc creator/import/gnu/arm/4.9.3/bin/../lib/gcc/arm-none-eabi/4.9.3/../../../../arm-none-eabi/lib/armv6-m\libg_nano.a(lib_a-errno.o)
 .debug_frame   0x00002118       0x28 c:/program files (x86)/cypress/psoc creator/3.3/psoc creator/import/gnu/arm/4.9.3/bin/../lib/gcc/arm-none-eabi/4.9.3/../../../../arm-none-eabi/lib/armv6-m\libg_nano.a(lib_a-exit.o)
 .debug_frame   0x00002140       0x2c c:/program files (x86)/cypress/psoc creator/3.3/psoc creator/import/gnu/arm/4.9.3/bin/../lib/gcc/arm-none-eabi/4.9.3/../../../../arm-none-eabi/lib/armv6-m\libg_nano.a(lib_a-init.o)
 .debug_frame   0x0000216c       0x28 c:/program files (x86)/cypress/psoc creator/3.3/psoc creator/import/gnu/arm/4.9.3/bin/../lib/gcc/arm-none-eabi/4.9.3/../../../../arm-none-eabi/lib/armv6-m\libg_nano.a(lib_a-memcpy.o)
 .debug_frame   0x00002194       0x20 c:/program files (x86)/cypress/psoc creator/3.3/psoc creator/import/gnu/arm/4.9.3/bin/../lib/gcc/arm-none-eabi/4.9.3/../../../../arm-none-eabi/lib/armv6-m\libg_nano.a(lib_a-memset.o)

.debug_str      0x00000000     0x2f1c
 *(.debug_str)
 .debug_str     0x00000000      0x271 .\CortexM0\ARM_GCC_493\Debug\main.o
                                0x2aa (size before relaxing)
 .debug_str     0x00000271      0x2df .\CortexM0\ARM_GCC_493\Debug\TemperatureCommManager.o
                                0x48d (size before relaxing)
 .debug_str     0x00000550      0x10e .\CortexM0\ARM_GCC_493\Debug\BrightnessCommManager.o
                                0x417 (size before relaxing)
 .debug_str     0x0000065e      0x15e .\CortexM0\ARM_GCC_493\Debug\IO_Control.o
                                0x3a5 (size before relaxing)
 .debug_str     0x000007bc       0x5b .\CortexM0\ARM_GCC_493\Debug\cymetadata.o
                                0x1ed (size before relaxing)
 .debug_str     0x00000817      0x156 .\CortexM0\ARM_GCC_493\Debug\Cm0Start.o
                                0x314 (size before relaxing)
 .debug_str     0x0000096d      0x18e .\CortexM0\ARM_GCC_493\Debug\81-00022-01.a(cyfitter_cfg.o)
                                0x38c (size before relaxing)
 .debug_str     0x00000afb      0x242 .\CortexM0\ARM_GCC_493\Debug\81-00022-01.a(ADC_SAR_Seq.o)
                                0x49c (size before relaxing)
 .debug_str     0x00000d3d       0x47 .\CortexM0\ARM_GCC_493\Debug\81-00022-01.a(ADC_SAR_Seq_INT.o)
                                0x1e0 (size before relaxing)
 .debug_str     0x00000d84      0x48b .\CortexM0\ARM_GCC_493\Debug\81-00022-01.a(CyLib.o)
                                0x6a8 (size before relaxing)
 .debug_str     0x0000120f      0x46d .\CortexM0\ARM_GCC_493\Debug\81-00022-01.a(CyLFClk.o)
                                0x672 (size before relaxing)
 .debug_str     0x0000167c      0x14b .\CortexM0\ARM_GCC_493\Debug\81-00022-01.a(PrISM.o)
                                0x32d (size before relaxing)
 .debug_str     0x000017c7      0x4bc .\CortexM0\ARM_GCC_493\Debug\81-00022-01.a(TimeoutTimer.o)
                                0x6ea (size before relaxing)
 .debug_str     0x00001c83      0x160 .\CortexM0\ARM_GCC_493\Debug\81-00022-01.a(CommTimeoutISR.o)
                                0x396 (size before relaxing)
 .debug_str     0x00001de3      0x16b .\CortexM0\ARM_GCC_493\Debug\81-00022-01.a(SamplingTimerISR.o)
                                0x3b3 (size before relaxing)
 .debug_str     0x00001f4e      0x448 .\CortexM0\ARM_GCC_493\Debug\81-00022-01.a(SamplingTimer.o)
                                0x714 (size before relaxing)
 .debug_str     0x00002396      0x137 .\CortexM0\ARM_GCC_493\Debug\81-00022-01.a(UART_LED_ISR.o)
                                0x384 (size before relaxing)
 .debug_str     0x000024cd      0x144 .\CortexM0\ARM_GCC_493\Debug\81-00022-01.a(UART_Temp_ISR.o)
                                0x393 (size before relaxing)
 .debug_str     0x00002611      0x2c4 .\CortexM0\ARM_GCC_493\Debug\81-00022-01.a(UART_LED.o)
                                0x504 (size before relaxing)
 .debug_str     0x000028d5      0x1a1 .\CortexM0\ARM_GCC_493\Debug\81-00022-01.a(UART_Temperature.o)
                                0x357 (size before relaxing)
 .debug_str     0x00002a76      0x15f .\CortexM0\ARM_GCC_493\Debug\81-00022-01.a(UART_Temperature_SPI_UART.o)
                                0x359 (size before relaxing)
 .debug_str     0x00002bd5       0xf1 .\CortexM0\ARM_GCC_493\Debug\81-00022-01.a(UART_Temperature_UART.o)
                                0x39a (size before relaxing)
 .debug_str     0x00002cc6       0x42 .\CortexM0\ARM_GCC_493\Debug\81-00022-01.a(UART_LED_Control.o)
                                0x1ef (size before relaxing)
 .debug_str     0x00002d08       0xd8 .\CortexM0\ARM_GCC_493\Debug\81-00022-01.a(UART_LED_IntClock.o)
                                0x2a4 (size before relaxing)
 .debug_str     0x00002de0       0xad .\CortexM0\ARM_GCC_493\Debug\81-00022-01.a(TestPin.o)
                                0x263 (size before relaxing)
 .debug_str     0x00002e8d       0x8f .\CortexM0\ARM_GCC_493\Debug\81-00022-01.a(TestPin2.o)
                                0x26a (size before relaxing)

.debug_loc      0x00000000     0x2aec
 *(.debug_loc)
 .debug_loc     0x00000000      0x16d .\CortexM0\ARM_GCC_493\Debug\TemperatureCommManager.o
 .debug_loc     0x0000016d      0x12f .\CortexM0\ARM_GCC_493\Debug\BrightnessCommManager.o
 .debug_loc     0x0000029c       0xbc .\CortexM0\ARM_GCC_493\Debug\IO_Control.o
 .debug_loc     0x00000358      0x14f .\CortexM0\ARM_GCC_493\Debug\Cm0Start.o
 .debug_loc     0x000004a7      0x21c .\CortexM0\ARM_GCC_493\Debug\81-00022-01.a(cyfitter_cfg.o)
 .debug_loc     0x000006c3      0x3b5 .\CortexM0\ARM_GCC_493\Debug\81-00022-01.a(ADC_SAR_Seq.o)
 .debug_loc     0x00000a78      0x5b5 .\CortexM0\ARM_GCC_493\Debug\81-00022-01.a(CyLib.o)
 .debug_loc     0x0000102d      0x7df .\CortexM0\ARM_GCC_493\Debug\81-00022-01.a(CyLFClk.o)
 .debug_loc     0x0000180c       0x13 .\CortexM0\ARM_GCC_493\Debug\81-00022-01.a(PrISM.o)
 .debug_loc     0x0000181f      0x547 .\CortexM0\ARM_GCC_493\Debug\81-00022-01.a(TimeoutTimer.o)
 .debug_loc     0x00001d66       0x82 .\CortexM0\ARM_GCC_493\Debug\81-00022-01.a(CommTimeoutISR.o)
 .debug_loc     0x00001de8       0x82 .\CortexM0\ARM_GCC_493\Debug\81-00022-01.a(SamplingTimerISR.o)
 .debug_loc     0x00001e6a      0x547 .\CortexM0\ARM_GCC_493\Debug\81-00022-01.a(SamplingTimer.o)
 .debug_loc     0x000023b1       0x82 .\CortexM0\ARM_GCC_493\Debug\81-00022-01.a(UART_LED_ISR.o)
 .debug_loc     0x00002433       0x82 .\CortexM0\ARM_GCC_493\Debug\81-00022-01.a(UART_Temp_ISR.o)
 .debug_loc     0x000024b5      0x24b .\CortexM0\ARM_GCC_493\Debug\81-00022-01.a(UART_LED.o)
 .debug_loc     0x00002700       0x7e .\CortexM0\ARM_GCC_493\Debug\81-00022-01.a(UART_Temperature.o)
 .debug_loc     0x0000277e       0x96 .\CortexM0\ARM_GCC_493\Debug\81-00022-01.a(UART_Temperature_SPI_UART.o)
 .debug_loc     0x00002814      0x173 .\CortexM0\ARM_GCC_493\Debug\81-00022-01.a(UART_Temperature_UART.o)
 .debug_loc     0x00002987       0x21 .\CortexM0\ARM_GCC_493\Debug\81-00022-01.a(UART_LED_IntClock.o)
 .debug_loc     0x000029a8       0xa2 .\CortexM0\ARM_GCC_493\Debug\81-00022-01.a(TestPin.o)
 .debug_loc     0x00002a4a       0xa2 .\CortexM0\ARM_GCC_493\Debug\81-00022-01.a(TestPin2.o)

.debug_macinfo
 *(.debug_macinfo)

.debug_ranges   0x00000000      0xb88
 *(.debug_ranges)
 .debug_ranges  0x00000000       0x18 .\CortexM0\ARM_GCC_493\Debug\main.o
 .debug_ranges  0x00000018       0x30 .\CortexM0\ARM_GCC_493\Debug\TemperatureCommManager.o
 .debug_ranges  0x00000048       0x18 .\CortexM0\ARM_GCC_493\Debug\BrightnessCommManager.o
 .debug_ranges  0x00000060       0x40 .\CortexM0\ARM_GCC_493\Debug\IO_Control.o
 .debug_ranges  0x000000a0       0x38 .\CortexM0\ARM_GCC_493\Debug\Cm0Start.o
 .debug_ranges  0x000000d8       0x40 .\CortexM0\ARM_GCC_493\Debug\81-00022-01.a(cyfitter_cfg.o)
 .debug_ranges  0x00000118       0x98 .\CortexM0\ARM_GCC_493\Debug\81-00022-01.a(ADC_SAR_Seq.o)
 .debug_ranges  0x000001b0       0x10 .\CortexM0\ARM_GCC_493\Debug\81-00022-01.a(ADC_SAR_Seq_INT.o)
 .debug_ranges  0x000001c0      0x168 .\CortexM0\ARM_GCC_493\Debug\81-00022-01.a(CyLib.o)
 .debug_ranges  0x00000328      0x110 .\CortexM0\ARM_GCC_493\Debug\81-00022-01.a(CyLFClk.o)
 .debug_ranges  0x00000438       0x78 .\CortexM0\ARM_GCC_493\Debug\81-00022-01.a(PrISM.o)
 .debug_ranges  0x000004b0      0x148 .\CortexM0\ARM_GCC_493\Debug\81-00022-01.a(TimeoutTimer.o)
 .debug_ranges  0x000005f8       0x70 .\CortexM0\ARM_GCC_493\Debug\81-00022-01.a(CommTimeoutISR.o)
 .debug_ranges  0x00000668       0x70 .\CortexM0\ARM_GCC_493\Debug\81-00022-01.a(SamplingTimerISR.o)
 .debug_ranges  0x000006d8      0x148 .\CortexM0\ARM_GCC_493\Debug\81-00022-01.a(SamplingTimer.o)
 .debug_ranges  0x00000820       0x70 .\CortexM0\ARM_GCC_493\Debug\81-00022-01.a(UART_LED_ISR.o)
 .debug_ranges  0x00000890       0x70 .\CortexM0\ARM_GCC_493\Debug\81-00022-01.a(UART_Temp_ISR.o)
 .debug_ranges  0x00000900       0xe0 .\CortexM0\ARM_GCC_493\Debug\81-00022-01.a(UART_LED.o)
 .debug_ranges  0x000009e0       0x50 .\CortexM0\ARM_GCC_493\Debug\81-00022-01.a(UART_Temperature.o)
 .debug_ranges  0x00000a30       0x50 .\CortexM0\ARM_GCC_493\Debug\81-00022-01.a(UART_Temperature_SPI_UART.o)
 .debug_ranges  0x00000a80       0x50 .\CortexM0\ARM_GCC_493\Debug\81-00022-01.a(UART_Temperature_UART.o)
 .debug_ranges  0x00000ad0       0x18 .\CortexM0\ARM_GCC_493\Debug\81-00022-01.a(UART_LED_Control.o)
 .debug_ranges  0x00000ae8       0x30 .\CortexM0\ARM_GCC_493\Debug\81-00022-01.a(UART_LED_IntClock.o)
 .debug_ranges  0x00000b18       0x38 .\CortexM0\ARM_GCC_493\Debug\81-00022-01.a(TestPin.o)
 .debug_ranges  0x00000b50       0x38 .\CortexM0\ARM_GCC_493\Debug\81-00022-01.a(TestPin2.o)

.comment        0x00000000       0x70
 .comment       0x00000000       0x70 .\CortexM0\ARM_GCC_493\Debug\main.o
                                 0x71 (size before relaxing)
 .comment       0x00000000       0x71 .\CortexM0\ARM_GCC_493\Debug\TemperatureCommManager.o
 .comment       0x00000000       0x71 .\CortexM0\ARM_GCC_493\Debug\BrightnessCommManager.o
 .comment       0x00000000       0x71 .\CortexM0\ARM_GCC_493\Debug\IO_Control.o
 .comment       0x00000000       0x71 .\CortexM0\ARM_GCC_493\Debug\cymetadata.o
 .comment       0x00000000       0x71 .\CortexM0\ARM_GCC_493\Debug\Cm0Start.o
 .comment       0x00000000       0x71 .\CortexM0\ARM_GCC_493\Debug\81-00022-01.a(cyfitter_cfg.o)
 .comment       0x00000000       0x71 .\CortexM0\ARM_GCC_493\Debug\81-00022-01.a(ADC_SAR_Seq.o)
 .comment       0x00000000       0x71 .\CortexM0\ARM_GCC_493\Debug\81-00022-01.a(ADC_SAR_Seq_INT.o)
 .comment       0x00000000       0x71 .\CortexM0\ARM_GCC_493\Debug\81-00022-01.a(CyLib.o)
 .comment       0x00000000       0x71 .\CortexM0\ARM_GCC_493\Debug\81-00022-01.a(CyLFClk.o)
 .comment       0x00000000       0x71 .\CortexM0\ARM_GCC_493\Debug\81-00022-01.a(PrISM.o)
 .comment       0x00000000       0x71 .\CortexM0\ARM_GCC_493\Debug\81-00022-01.a(TimeoutTimer.o)
 .comment       0x00000000       0x71 .\CortexM0\ARM_GCC_493\Debug\81-00022-01.a(CommTimeoutISR.o)
 .comment       0x00000000       0x71 .\CortexM0\ARM_GCC_493\Debug\81-00022-01.a(SamplingTimerISR.o)
 .comment       0x00000000       0x71 .\CortexM0\ARM_GCC_493\Debug\81-00022-01.a(SamplingTimer.o)
 .comment       0x00000000       0x71 .\CortexM0\ARM_GCC_493\Debug\81-00022-01.a(UART_LED_ISR.o)
 .comment       0x00000000       0x71 .\CortexM0\ARM_GCC_493\Debug\81-00022-01.a(UART_Temp_ISR.o)
 .comment       0x00000000       0x71 .\CortexM0\ARM_GCC_493\Debug\81-00022-01.a(UART_LED.o)
 .comment       0x00000000       0x71 .\CortexM0\ARM_GCC_493\Debug\81-00022-01.a(UART_Temperature.o)
 .comment       0x00000000       0x71 .\CortexM0\ARM_GCC_493\Debug\81-00022-01.a(UART_Temperature_SPI_UART.o)
 .comment       0x00000000       0x71 .\CortexM0\ARM_GCC_493\Debug\81-00022-01.a(UART_Temperature_UART.o)
 .comment       0x00000000       0x71 .\CortexM0\ARM_GCC_493\Debug\81-00022-01.a(UART_LED_Control.o)
 .comment       0x00000000       0x71 .\CortexM0\ARM_GCC_493\Debug\81-00022-01.a(UART_LED_IntClock.o)
 .comment       0x00000000       0x71 .\CortexM0\ARM_GCC_493\Debug\81-00022-01.a(TestPin.o)
 .comment       0x00000000       0x71 .\CortexM0\ARM_GCC_493\Debug\81-00022-01.a(TestPin2.o)

.debug_weaknames
 *(.debug_weaknames)

.debug_funcnames
 *(.debug_funcnames)

.debug_typenames
 *(.debug_typenames)

.debug_varnames
 *(.debug_varnames)

.note.gnu.arm.ident
 *(.note.gnu.arm.ident)

.ARM.attributes
                0x00000000       0x28
 *(.ARM.attributes)
 .ARM.attributes
                0x00000000       0x1e c:/program files (x86)/cypress/psoc creator/3.3/psoc creator/import/gnu/arm/4.9.3/bin/../lib/gcc/arm-none-eabi/4.9.3/armv6-m/crti.o
 .ARM.attributes
                0x0000001e       0x2c c:/program files (x86)/cypress/psoc creator/3.3/psoc creator/import/gnu/arm/4.9.3/bin/../lib/gcc/arm-none-eabi/4.9.3/armv6-m/crtbegin.o
 .ARM.attributes
                0x0000004a       0x1b c:/program files (x86)/cypress/psoc creator/3.3/psoc creator/import/gnu/arm/4.9.3/bin/../lib/gcc/arm-none-eabi/4.9.3/../../../../arm-none-eabi/lib/armv6-m/crt0.o
 .ARM.attributes
                0x00000065       0x31 .\CortexM0\ARM_GCC_493\Debug\main.o
 .ARM.attributes
                0x00000096       0x31 .\CortexM0\ARM_GCC_493\Debug\TemperatureCommManager.o
 .ARM.attributes
                0x000000c7       0x31 .\CortexM0\ARM_GCC_493\Debug\BrightnessCommManager.o
 .ARM.attributes
                0x000000f8       0x31 .\CortexM0\ARM_GCC_493\Debug\IO_Control.o
 .ARM.attributes
                0x00000129       0x31 .\CortexM0\ARM_GCC_493\Debug\cymetadata.o
 .ARM.attributes
                0x0000015a       0x31 .\CortexM0\ARM_GCC_493\Debug\Cm0Start.o
 .ARM.attributes
                0x0000018b       0x31 .\CortexM0\ARM_GCC_493\Debug\81-00022-01.a(cyfitter_cfg.o)
 .ARM.attributes
                0x000001bc       0x31 .\CortexM0\ARM_GCC_493\Debug\81-00022-01.a(ADC_SAR_Seq.o)
 .ARM.attributes
                0x000001ed       0x31 .\CortexM0\ARM_GCC_493\Debug\81-00022-01.a(ADC_SAR_Seq_INT.o)
 .ARM.attributes
                0x0000021e       0x31 .\CortexM0\ARM_GCC_493\Debug\81-00022-01.a(CyLib.o)
 .ARM.attributes
                0x0000024f       0x31 .\CortexM0\ARM_GCC_493\Debug\81-00022-01.a(CyLFClk.o)
 .ARM.attributes
                0x00000280       0x31 .\CortexM0\ARM_GCC_493\Debug\81-00022-01.a(PrISM.o)
 .ARM.attributes
                0x000002b1       0x31 .\CortexM0\ARM_GCC_493\Debug\81-00022-01.a(TimeoutTimer.o)
 .ARM.attributes
                0x000002e2       0x31 .\CortexM0\ARM_GCC_493\Debug\81-00022-01.a(CommTimeoutISR.o)
 .ARM.attributes
                0x00000313       0x31 .\CortexM0\ARM_GCC_493\Debug\81-00022-01.a(SamplingTimerISR.o)
 .ARM.attributes
                0x00000344       0x31 .\CortexM0\ARM_GCC_493\Debug\81-00022-01.a(SamplingTimer.o)
 .ARM.attributes
                0x00000375       0x31 .\CortexM0\ARM_GCC_493\Debug\81-00022-01.a(UART_LED_ISR.o)
 .ARM.attributes
                0x000003a6       0x31 .\CortexM0\ARM_GCC_493\Debug\81-00022-01.a(UART_Temp_ISR.o)
 .ARM.attributes
                0x000003d7       0x31 .\CortexM0\ARM_GCC_493\Debug\81-00022-01.a(UART_LED.o)
 .ARM.attributes
                0x00000408       0x31 .\CortexM0\ARM_GCC_493\Debug\81-00022-01.a(UART_Temperature.o)
 .ARM.attributes
                0x00000439       0x31 .\CortexM0\ARM_GCC_493\Debug\81-00022-01.a(UART_Temperature_SPI_UART.o)
 .ARM.attributes
                0x0000046a       0x31 .\CortexM0\ARM_GCC_493\Debug\81-00022-01.a(UART_Temperature_UART.o)
 .ARM.attributes
                0x0000049b       0x31 .\CortexM0\ARM_GCC_493\Debug\81-00022-01.a(UART_LED_Control.o)
 .ARM.attributes
                0x000004cc       0x31 .\CortexM0\ARM_GCC_493\Debug\81-00022-01.a(UART_LED_IntClock.o)
 .ARM.attributes
                0x000004fd       0x31 .\CortexM0\ARM_GCC_493\Debug\81-00022-01.a(TestPin.o)
 .ARM.attributes
                0x0000052e       0x31 .\CortexM0\ARM_GCC_493\Debug\81-00022-01.a(TestPin2.o)
 .ARM.attributes
                0x0000055f       0x21 .\CortexM0\ARM_GCC_493\Debug\81-00022-01.a(CyBootAsmGnu.o)
 .ARM.attributes
                0x00000580       0x1e c:/program files (x86)/cypress/psoc creator/3.3/psoc creator/import/gnu/arm/4.9.3/bin/../lib/gcc/arm-none-eabi/4.9.3/armv6-m\libgcc.a(_udivsi3.o)
 .ARM.attributes
                0x0000059e       0x1e c:/program files (x86)/cypress/psoc creator/3.3/psoc creator/import/gnu/arm/4.9.3/bin/../lib/gcc/arm-none-eabi/4.9.3/armv6-m\libgcc.a(_divsi3.o)
 .ARM.attributes
                0x000005bc       0x1e c:/program files (x86)/cypress/psoc creator/3.3/psoc creator/import/gnu/arm/4.9.3/bin/../lib/gcc/arm-none-eabi/4.9.3/armv6-m\libgcc.a(_dvmd_tls.o)
 .ARM.attributes
                0x000005da       0x1e c:/program files (x86)/cypress/psoc creator/3.3/psoc creator/import/gnu/arm/4.9.3/bin/../lib/gcc/arm-none-eabi/4.9.3/armv6-m\libgcc.a(_aeabi_ldivmod.o)
 .ARM.attributes
                0x000005f8       0x2c c:/program files (x86)/cypress/psoc creator/3.3/psoc creator/import/gnu/arm/4.9.3/bin/../lib/gcc/arm-none-eabi/4.9.3/armv6-m\libgcc.a(_muldi3.o)
 .ARM.attributes
                0x00000624       0x2c c:/program files (x86)/cypress/psoc creator/3.3/psoc creator/import/gnu/arm/4.9.3/bin/../lib/gcc/arm-none-eabi/4.9.3/armv6-m\libgcc.a(bpabi.o)
 .ARM.attributes
                0x00000650       0x2c c:/program files (x86)/cypress/psoc creator/3.3/psoc creator/import/gnu/arm/4.9.3/bin/../lib/gcc/arm-none-eabi/4.9.3/armv6-m\libgcc.a(divsf3.o)
 .ARM.attributes
                0x0000067c       0x2c c:/program files (x86)/cypress/psoc creator/3.3/psoc creator/import/gnu/arm/4.9.3/bin/../lib/gcc/arm-none-eabi/4.9.3/armv6-m\libgcc.a(mulsf3.o)
 .ARM.attributes
                0x000006a8       0x2c c:/program files (x86)/cypress/psoc creator/3.3/psoc creator/import/gnu/arm/4.9.3/bin/../lib/gcc/arm-none-eabi/4.9.3/armv6-m\libgcc.a(floatsisf.o)
 .ARM.attributes
                0x000006d4       0x1e c:/program files (x86)/cypress/psoc creator/3.3/psoc creator/import/gnu/arm/4.9.3/bin/../lib/gcc/arm-none-eabi/4.9.3/armv6-m\libgcc.a(_clzsi2.o)
 .ARM.attributes
                0x000006f2       0x2c c:/program files (x86)/cypress/psoc creator/3.3/psoc creator/import/gnu/arm/4.9.3/bin/../lib/gcc/arm-none-eabi/4.9.3/armv6-m\libgcc.a(_divdi3.o)
 .ARM.attributes
                0x0000071e       0x2c c:/program files (x86)/cypress/psoc creator/3.3/psoc creator/import/gnu/arm/4.9.3/bin/../lib/gcc/arm-none-eabi/4.9.3/armv6-m\libgcc.a(_udivdi3.o)
 .ARM.attributes
                0x0000074a       0x1e c:/program files (x86)/cypress/psoc creator/3.3/psoc creator/import/gnu/arm/4.9.3/bin/../lib/gcc/arm-none-eabi/4.9.3/armv6-m\libgcc.a(_clzdi2.o)
 .ARM.attributes
                0x00000768       0x2c c:/program files (x86)/cypress/psoc creator/3.3/psoc creator/import/gnu/arm/4.9.3/bin/../lib/gcc/arm-none-eabi/4.9.3/../../../../arm-none-eabi/lib/armv6-m\libg_nano.a(lib_a-errno.o)
 .ARM.attributes
                0x00000794       0x2c c:/program files (x86)/cypress/psoc creator/3.3/psoc creator/import/gnu/arm/4.9.3/bin/../lib/gcc/arm-none-eabi/4.9.3/../../../../arm-none-eabi/lib/armv6-m\libg_nano.a(lib_a-exit.o)
 .ARM.attributes
                0x000007c0       0x2c c:/program files (x86)/cypress/psoc creator/3.3/psoc creator/import/gnu/arm/4.9.3/bin/../lib/gcc/arm-none-eabi/4.9.3/../../../../arm-none-eabi/lib/armv6-m\libg_nano.a(lib_a-impure.o)
 .ARM.attributes
                0x000007ec       0x2c c:/program files (x86)/cypress/psoc creator/3.3/psoc creator/import/gnu/arm/4.9.3/bin/../lib/gcc/arm-none-eabi/4.9.3/../../../../arm-none-eabi/lib/armv6-m\libg_nano.a(lib_a-init.o)
 .ARM.attributes
                0x00000818       0x2c c:/program files (x86)/cypress/psoc creator/3.3/psoc creator/import/gnu/arm/4.9.3/bin/../lib/gcc/arm-none-eabi/4.9.3/../../../../arm-none-eabi/lib/armv6-m\libg_nano.a(lib_a-memcpy.o)
 .ARM.attributes
                0x00000844       0x2c c:/program files (x86)/cypress/psoc creator/3.3/psoc creator/import/gnu/arm/4.9.3/bin/../lib/gcc/arm-none-eabi/4.9.3/../../../../arm-none-eabi/lib/armv6-m\libg_nano.a(lib_a-memset.o)
 .ARM.attributes
                0x00000870       0x2c c:/program files (x86)/cypress/psoc creator/3.3/psoc creator/import/gnu/arm/4.9.3/bin/../lib/gcc/arm-none-eabi/4.9.3/armv6-m/crtend.o
 .ARM.attributes
                0x0000089c       0x1e c:/program files (x86)/cypress/psoc creator/3.3/psoc creator/import/gnu/arm/4.9.3/bin/../lib/gcc/arm-none-eabi/4.9.3/armv6-m/crtn.o

/DISCARD/
 *(.note.GNU-stack)
OUTPUT(.\CortexM0\ARM_GCC_493\Debug\81-00022-01.elf elf32-littlearm)
