ARM GAS  C:\Users\kylep\AppData\Local\Temp\ccuKpP6g.s 			page 1


   1              		.cpu cortex-m0
   2              		.fpu softvfp
   3              		.eabi_attribute 20, 1
   4              		.eabi_attribute 21, 1
   5              		.eabi_attribute 23, 3
   6              		.eabi_attribute 24, 1
   7              		.eabi_attribute 25, 1
   8              		.eabi_attribute 26, 1
   9              		.eabi_attribute 30, 1
  10              		.eabi_attribute 34, 0
  11              		.eabi_attribute 18, 4
  12              		.code	16
  13              		.file	"UART_Temp_ISR.c"
  14              		.text
  15              	.Ltext0:
  16              		.cfi_sections	.debug_frame
  17              		.section	.text.UART_Temp_ISR_Interrupt,"ax",%progbits
  18              		.align	2
  19              		.global	UART_Temp_ISR_Interrupt
  20              		.code	16
  21              		.thumb_func
  22              		.type	UART_Temp_ISR_Interrupt, %function
  23              	UART_Temp_ISR_Interrupt:
  24              	.LFB37:
  25              		.file 1 ".\\Generated_Source\\PSoC4\\UART_Temp_ISR.c"
   1:.\Generated_Source\PSoC4/UART_Temp_ISR.c **** /*******************************************************************************
   2:.\Generated_Source\PSoC4/UART_Temp_ISR.c **** * File Name: UART_Temp_ISR.c  
   3:.\Generated_Source\PSoC4/UART_Temp_ISR.c **** * Version 1.70
   4:.\Generated_Source\PSoC4/UART_Temp_ISR.c **** *
   5:.\Generated_Source\PSoC4/UART_Temp_ISR.c **** *  Description:
   6:.\Generated_Source\PSoC4/UART_Temp_ISR.c **** *   API for controlling the state of an interrupt.
   7:.\Generated_Source\PSoC4/UART_Temp_ISR.c **** *
   8:.\Generated_Source\PSoC4/UART_Temp_ISR.c **** *
   9:.\Generated_Source\PSoC4/UART_Temp_ISR.c **** *  Note:
  10:.\Generated_Source\PSoC4/UART_Temp_ISR.c **** *
  11:.\Generated_Source\PSoC4/UART_Temp_ISR.c **** ********************************************************************************
  12:.\Generated_Source\PSoC4/UART_Temp_ISR.c **** * Copyright 2008-2015, Cypress Semiconductor Corporation.  All rights reserved.
  13:.\Generated_Source\PSoC4/UART_Temp_ISR.c **** * You may use this file only in accordance with the license, terms, conditions, 
  14:.\Generated_Source\PSoC4/UART_Temp_ISR.c **** * disclaimers, and limitations in the end user license agreement accompanying 
  15:.\Generated_Source\PSoC4/UART_Temp_ISR.c **** * the software package with which this file was provided.
  16:.\Generated_Source\PSoC4/UART_Temp_ISR.c **** *******************************************************************************/
  17:.\Generated_Source\PSoC4/UART_Temp_ISR.c **** 
  18:.\Generated_Source\PSoC4/UART_Temp_ISR.c **** 
  19:.\Generated_Source\PSoC4/UART_Temp_ISR.c **** #include <cydevice_trm.h>
  20:.\Generated_Source\PSoC4/UART_Temp_ISR.c **** #include <CyLib.h>
  21:.\Generated_Source\PSoC4/UART_Temp_ISR.c **** #include <UART_Temp_ISR.h>
  22:.\Generated_Source\PSoC4/UART_Temp_ISR.c **** 
  23:.\Generated_Source\PSoC4/UART_Temp_ISR.c **** 
  24:.\Generated_Source\PSoC4/UART_Temp_ISR.c **** #if !defined(UART_Temp_ISR__REMOVED) /* Check for removal by optimization */
  25:.\Generated_Source\PSoC4/UART_Temp_ISR.c **** 
  26:.\Generated_Source\PSoC4/UART_Temp_ISR.c **** /*******************************************************************************
  27:.\Generated_Source\PSoC4/UART_Temp_ISR.c **** *  Place your includes, defines and code here 
  28:.\Generated_Source\PSoC4/UART_Temp_ISR.c **** ********************************************************************************/
  29:.\Generated_Source\PSoC4/UART_Temp_ISR.c **** /* `#START UART_Temp_ISR_intc` */
  30:.\Generated_Source\PSoC4/UART_Temp_ISR.c **** 
  31:.\Generated_Source\PSoC4/UART_Temp_ISR.c **** #include "TemperatureCommManager.h"
  32:.\Generated_Source\PSoC4/UART_Temp_ISR.c ****     
ARM GAS  C:\Users\kylep\AppData\Local\Temp\ccuKpP6g.s 			page 2


  33:.\Generated_Source\PSoC4/UART_Temp_ISR.c **** /* `#END` */
  34:.\Generated_Source\PSoC4/UART_Temp_ISR.c **** 
  35:.\Generated_Source\PSoC4/UART_Temp_ISR.c **** extern cyisraddress CyRamVectors[CYINT_IRQ_BASE + CY_NUM_INTERRUPTS];
  36:.\Generated_Source\PSoC4/UART_Temp_ISR.c **** 
  37:.\Generated_Source\PSoC4/UART_Temp_ISR.c **** /* Declared in startup, used to set unused interrupts to. */
  38:.\Generated_Source\PSoC4/UART_Temp_ISR.c **** CY_ISR_PROTO(IntDefaultHandler);
  39:.\Generated_Source\PSoC4/UART_Temp_ISR.c **** 
  40:.\Generated_Source\PSoC4/UART_Temp_ISR.c **** 
  41:.\Generated_Source\PSoC4/UART_Temp_ISR.c **** /*******************************************************************************
  42:.\Generated_Source\PSoC4/UART_Temp_ISR.c **** * Function Name: UART_Temp_ISR_Start
  43:.\Generated_Source\PSoC4/UART_Temp_ISR.c **** ********************************************************************************
  44:.\Generated_Source\PSoC4/UART_Temp_ISR.c **** *
  45:.\Generated_Source\PSoC4/UART_Temp_ISR.c **** * Summary:
  46:.\Generated_Source\PSoC4/UART_Temp_ISR.c **** *  Set up the interrupt and enable it. This function disables the interrupt, 
  47:.\Generated_Source\PSoC4/UART_Temp_ISR.c **** *  sets the default interrupt vector, sets the priority from the value in the
  48:.\Generated_Source\PSoC4/UART_Temp_ISR.c **** *  Design Wide Resources Interrupt Editor, then enables the interrupt to the 
  49:.\Generated_Source\PSoC4/UART_Temp_ISR.c **** *  interrupt controller.
  50:.\Generated_Source\PSoC4/UART_Temp_ISR.c **** *
  51:.\Generated_Source\PSoC4/UART_Temp_ISR.c **** * Parameters:  
  52:.\Generated_Source\PSoC4/UART_Temp_ISR.c **** *   None
  53:.\Generated_Source\PSoC4/UART_Temp_ISR.c **** *
  54:.\Generated_Source\PSoC4/UART_Temp_ISR.c **** * Return:
  55:.\Generated_Source\PSoC4/UART_Temp_ISR.c **** *   None
  56:.\Generated_Source\PSoC4/UART_Temp_ISR.c **** *
  57:.\Generated_Source\PSoC4/UART_Temp_ISR.c **** *******************************************************************************/
  58:.\Generated_Source\PSoC4/UART_Temp_ISR.c **** void UART_Temp_ISR_Start(void)
  59:.\Generated_Source\PSoC4/UART_Temp_ISR.c **** {
  60:.\Generated_Source\PSoC4/UART_Temp_ISR.c ****     /* For all we know the interrupt is active. */
  61:.\Generated_Source\PSoC4/UART_Temp_ISR.c ****     UART_Temp_ISR_Disable();
  62:.\Generated_Source\PSoC4/UART_Temp_ISR.c **** 
  63:.\Generated_Source\PSoC4/UART_Temp_ISR.c ****     /* Set the ISR to point to the UART_Temp_ISR Interrupt. */
  64:.\Generated_Source\PSoC4/UART_Temp_ISR.c ****     UART_Temp_ISR_SetVector(&UART_Temp_ISR_Interrupt);
  65:.\Generated_Source\PSoC4/UART_Temp_ISR.c **** 
  66:.\Generated_Source\PSoC4/UART_Temp_ISR.c ****     /* Set the priority. */
  67:.\Generated_Source\PSoC4/UART_Temp_ISR.c ****     UART_Temp_ISR_SetPriority((uint8)UART_Temp_ISR_INTC_PRIOR_NUMBER);
  68:.\Generated_Source\PSoC4/UART_Temp_ISR.c **** 
  69:.\Generated_Source\PSoC4/UART_Temp_ISR.c ****     /* Enable it. */
  70:.\Generated_Source\PSoC4/UART_Temp_ISR.c ****     UART_Temp_ISR_Enable();
  71:.\Generated_Source\PSoC4/UART_Temp_ISR.c **** }
  72:.\Generated_Source\PSoC4/UART_Temp_ISR.c **** 
  73:.\Generated_Source\PSoC4/UART_Temp_ISR.c **** 
  74:.\Generated_Source\PSoC4/UART_Temp_ISR.c **** /*******************************************************************************
  75:.\Generated_Source\PSoC4/UART_Temp_ISR.c **** * Function Name: UART_Temp_ISR_StartEx
  76:.\Generated_Source\PSoC4/UART_Temp_ISR.c **** ********************************************************************************
  77:.\Generated_Source\PSoC4/UART_Temp_ISR.c **** *
  78:.\Generated_Source\PSoC4/UART_Temp_ISR.c **** * Summary:
  79:.\Generated_Source\PSoC4/UART_Temp_ISR.c **** *  Sets up the interrupt and enables it. This function disables the interrupt,
  80:.\Generated_Source\PSoC4/UART_Temp_ISR.c **** *  sets the interrupt vector based on the address passed in, sets the priority 
  81:.\Generated_Source\PSoC4/UART_Temp_ISR.c **** *  from the value in the Design Wide Resources Interrupt Editor, then enables 
  82:.\Generated_Source\PSoC4/UART_Temp_ISR.c **** *  the interrupt to the interrupt controller.
  83:.\Generated_Source\PSoC4/UART_Temp_ISR.c **** *  
  84:.\Generated_Source\PSoC4/UART_Temp_ISR.c **** *  When defining ISR functions, the CY_ISR and CY_ISR_PROTO macros should be 
  85:.\Generated_Source\PSoC4/UART_Temp_ISR.c **** *  used to provide consistent definition across compilers:
  86:.\Generated_Source\PSoC4/UART_Temp_ISR.c **** *  
  87:.\Generated_Source\PSoC4/UART_Temp_ISR.c **** *  Function definition example:
  88:.\Generated_Source\PSoC4/UART_Temp_ISR.c **** *   CY_ISR(MyISR)
  89:.\Generated_Source\PSoC4/UART_Temp_ISR.c **** *   {
ARM GAS  C:\Users\kylep\AppData\Local\Temp\ccuKpP6g.s 			page 3


  90:.\Generated_Source\PSoC4/UART_Temp_ISR.c **** *   }
  91:.\Generated_Source\PSoC4/UART_Temp_ISR.c **** *   Function prototype example:
  92:.\Generated_Source\PSoC4/UART_Temp_ISR.c **** *   CY_ISR_PROTO(MyISR);
  93:.\Generated_Source\PSoC4/UART_Temp_ISR.c **** *
  94:.\Generated_Source\PSoC4/UART_Temp_ISR.c **** * Parameters:  
  95:.\Generated_Source\PSoC4/UART_Temp_ISR.c **** *   address: Address of the ISR to set in the interrupt vector table.
  96:.\Generated_Source\PSoC4/UART_Temp_ISR.c **** *
  97:.\Generated_Source\PSoC4/UART_Temp_ISR.c **** * Return:
  98:.\Generated_Source\PSoC4/UART_Temp_ISR.c **** *   None
  99:.\Generated_Source\PSoC4/UART_Temp_ISR.c **** *
 100:.\Generated_Source\PSoC4/UART_Temp_ISR.c **** *******************************************************************************/
 101:.\Generated_Source\PSoC4/UART_Temp_ISR.c **** void UART_Temp_ISR_StartEx(cyisraddress address)
 102:.\Generated_Source\PSoC4/UART_Temp_ISR.c **** {
 103:.\Generated_Source\PSoC4/UART_Temp_ISR.c ****     /* For all we know the interrupt is active. */
 104:.\Generated_Source\PSoC4/UART_Temp_ISR.c ****     UART_Temp_ISR_Disable();
 105:.\Generated_Source\PSoC4/UART_Temp_ISR.c **** 
 106:.\Generated_Source\PSoC4/UART_Temp_ISR.c ****     /* Set the ISR to point to the UART_Temp_ISR Interrupt. */
 107:.\Generated_Source\PSoC4/UART_Temp_ISR.c ****     UART_Temp_ISR_SetVector(address);
 108:.\Generated_Source\PSoC4/UART_Temp_ISR.c **** 
 109:.\Generated_Source\PSoC4/UART_Temp_ISR.c ****     /* Set the priority. */
 110:.\Generated_Source\PSoC4/UART_Temp_ISR.c ****     UART_Temp_ISR_SetPriority((uint8)UART_Temp_ISR_INTC_PRIOR_NUMBER);
 111:.\Generated_Source\PSoC4/UART_Temp_ISR.c **** 
 112:.\Generated_Source\PSoC4/UART_Temp_ISR.c ****     /* Enable it. */
 113:.\Generated_Source\PSoC4/UART_Temp_ISR.c ****     UART_Temp_ISR_Enable();
 114:.\Generated_Source\PSoC4/UART_Temp_ISR.c **** }
 115:.\Generated_Source\PSoC4/UART_Temp_ISR.c **** 
 116:.\Generated_Source\PSoC4/UART_Temp_ISR.c **** 
 117:.\Generated_Source\PSoC4/UART_Temp_ISR.c **** /*******************************************************************************
 118:.\Generated_Source\PSoC4/UART_Temp_ISR.c **** * Function Name: UART_Temp_ISR_Stop
 119:.\Generated_Source\PSoC4/UART_Temp_ISR.c **** ********************************************************************************
 120:.\Generated_Source\PSoC4/UART_Temp_ISR.c **** *
 121:.\Generated_Source\PSoC4/UART_Temp_ISR.c **** * Summary:
 122:.\Generated_Source\PSoC4/UART_Temp_ISR.c **** *   Disables and removes the interrupt.
 123:.\Generated_Source\PSoC4/UART_Temp_ISR.c **** *
 124:.\Generated_Source\PSoC4/UART_Temp_ISR.c **** * Parameters:  
 125:.\Generated_Source\PSoC4/UART_Temp_ISR.c **** *   None
 126:.\Generated_Source\PSoC4/UART_Temp_ISR.c **** *
 127:.\Generated_Source\PSoC4/UART_Temp_ISR.c **** * Return:
 128:.\Generated_Source\PSoC4/UART_Temp_ISR.c **** *   None
 129:.\Generated_Source\PSoC4/UART_Temp_ISR.c **** *
 130:.\Generated_Source\PSoC4/UART_Temp_ISR.c **** *******************************************************************************/
 131:.\Generated_Source\PSoC4/UART_Temp_ISR.c **** void UART_Temp_ISR_Stop(void)
 132:.\Generated_Source\PSoC4/UART_Temp_ISR.c **** {
 133:.\Generated_Source\PSoC4/UART_Temp_ISR.c ****     /* Disable this interrupt. */
 134:.\Generated_Source\PSoC4/UART_Temp_ISR.c ****     UART_Temp_ISR_Disable();
 135:.\Generated_Source\PSoC4/UART_Temp_ISR.c **** 
 136:.\Generated_Source\PSoC4/UART_Temp_ISR.c ****     /* Set the ISR to point to the passive one. */
 137:.\Generated_Source\PSoC4/UART_Temp_ISR.c ****     UART_Temp_ISR_SetVector(&IntDefaultHandler);
 138:.\Generated_Source\PSoC4/UART_Temp_ISR.c **** }
 139:.\Generated_Source\PSoC4/UART_Temp_ISR.c **** 
 140:.\Generated_Source\PSoC4/UART_Temp_ISR.c **** 
 141:.\Generated_Source\PSoC4/UART_Temp_ISR.c **** /*******************************************************************************
 142:.\Generated_Source\PSoC4/UART_Temp_ISR.c **** * Function Name: UART_Temp_ISR_Interrupt
 143:.\Generated_Source\PSoC4/UART_Temp_ISR.c **** ********************************************************************************
 144:.\Generated_Source\PSoC4/UART_Temp_ISR.c **** *
 145:.\Generated_Source\PSoC4/UART_Temp_ISR.c **** * Summary:
 146:.\Generated_Source\PSoC4/UART_Temp_ISR.c **** *   The default Interrupt Service Routine for UART_Temp_ISR.
ARM GAS  C:\Users\kylep\AppData\Local\Temp\ccuKpP6g.s 			page 4


 147:.\Generated_Source\PSoC4/UART_Temp_ISR.c **** *
 148:.\Generated_Source\PSoC4/UART_Temp_ISR.c **** *   Add custom code between the START and END comments to keep the next version
 149:.\Generated_Source\PSoC4/UART_Temp_ISR.c **** *   of this file from over-writing your code.
 150:.\Generated_Source\PSoC4/UART_Temp_ISR.c **** *
 151:.\Generated_Source\PSoC4/UART_Temp_ISR.c **** *   Note You may use either the default ISR by using this API, or you may define
 152:.\Generated_Source\PSoC4/UART_Temp_ISR.c **** *   your own separate ISR through ISR_StartEx().
 153:.\Generated_Source\PSoC4/UART_Temp_ISR.c **** *
 154:.\Generated_Source\PSoC4/UART_Temp_ISR.c **** * Parameters:  
 155:.\Generated_Source\PSoC4/UART_Temp_ISR.c **** *   None
 156:.\Generated_Source\PSoC4/UART_Temp_ISR.c **** *
 157:.\Generated_Source\PSoC4/UART_Temp_ISR.c **** * Return:
 158:.\Generated_Source\PSoC4/UART_Temp_ISR.c **** *   None
 159:.\Generated_Source\PSoC4/UART_Temp_ISR.c **** *
 160:.\Generated_Source\PSoC4/UART_Temp_ISR.c **** *******************************************************************************/
 161:.\Generated_Source\PSoC4/UART_Temp_ISR.c **** CY_ISR(UART_Temp_ISR_Interrupt)
 162:.\Generated_Source\PSoC4/UART_Temp_ISR.c **** {
  26              		.loc 1 162 0
  27              		.cfi_startproc
  28 0000 08B5     		push	{r3, lr}
  29              		.cfi_def_cfa_offset 8
  30              		.cfi_offset 3, -8
  31              		.cfi_offset 14, -4
 163:.\Generated_Source\PSoC4/UART_Temp_ISR.c ****     #ifdef UART_Temp_ISR_INTERRUPT_INTERRUPT_CALLBACK
 164:.\Generated_Source\PSoC4/UART_Temp_ISR.c ****         UART_Temp_ISR_Interrupt_InterruptCallback();
 165:.\Generated_Source\PSoC4/UART_Temp_ISR.c ****     #endif /* UART_Temp_ISR_INTERRUPT_INTERRUPT_CALLBACK */ 
 166:.\Generated_Source\PSoC4/UART_Temp_ISR.c **** 
 167:.\Generated_Source\PSoC4/UART_Temp_ISR.c ****     /*  Place your Interrupt code here. */
 168:.\Generated_Source\PSoC4/UART_Temp_ISR.c ****     /* `#START UART_Temp_ISR_Interrupt` */
 169:.\Generated_Source\PSoC4/UART_Temp_ISR.c **** 
 170:.\Generated_Source\PSoC4/UART_Temp_ISR.c ****     processTemperatureByteReceivedHandler();
  32              		.loc 1 170 0
  33 0002 FFF7FEFF 		bl	processTemperatureByteReceivedHandler
  34              	.LVL0:
 171:.\Generated_Source\PSoC4/UART_Temp_ISR.c ****     
 172:.\Generated_Source\PSoC4/UART_Temp_ISR.c ****     /* `#END` */
 173:.\Generated_Source\PSoC4/UART_Temp_ISR.c **** }
  35              		.loc 1 173 0
  36              		@ sp needed
  37 0006 08BD     		pop	{r3, pc}
  38              		.cfi_endproc
  39              	.LFE37:
  40              		.size	UART_Temp_ISR_Interrupt, .-UART_Temp_ISR_Interrupt
  41              		.section	.text.UART_Temp_ISR_SetVector,"ax",%progbits
  42              		.align	2
  43              		.global	UART_Temp_ISR_SetVector
  44              		.code	16
  45              		.thumb_func
  46              		.type	UART_Temp_ISR_SetVector, %function
  47              	UART_Temp_ISR_SetVector:
  48              	.LFB38:
 174:.\Generated_Source\PSoC4/UART_Temp_ISR.c **** 
 175:.\Generated_Source\PSoC4/UART_Temp_ISR.c **** 
 176:.\Generated_Source\PSoC4/UART_Temp_ISR.c **** /*******************************************************************************
 177:.\Generated_Source\PSoC4/UART_Temp_ISR.c **** * Function Name: UART_Temp_ISR_SetVector
 178:.\Generated_Source\PSoC4/UART_Temp_ISR.c **** ********************************************************************************
 179:.\Generated_Source\PSoC4/UART_Temp_ISR.c **** *
 180:.\Generated_Source\PSoC4/UART_Temp_ISR.c **** * Summary:
ARM GAS  C:\Users\kylep\AppData\Local\Temp\ccuKpP6g.s 			page 5


 181:.\Generated_Source\PSoC4/UART_Temp_ISR.c **** *   Change the ISR vector for the Interrupt. Note calling UART_Temp_ISR_Start
 182:.\Generated_Source\PSoC4/UART_Temp_ISR.c **** *   will override any effect this method would have had. To set the vector 
 183:.\Generated_Source\PSoC4/UART_Temp_ISR.c **** *   before the component has been started use UART_Temp_ISR_StartEx instead.
 184:.\Generated_Source\PSoC4/UART_Temp_ISR.c **** * 
 185:.\Generated_Source\PSoC4/UART_Temp_ISR.c **** *   When defining ISR functions, the CY_ISR and CY_ISR_PROTO macros should be 
 186:.\Generated_Source\PSoC4/UART_Temp_ISR.c **** *   used to provide consistent definition across compilers:
 187:.\Generated_Source\PSoC4/UART_Temp_ISR.c **** *
 188:.\Generated_Source\PSoC4/UART_Temp_ISR.c **** *   Function definition example:
 189:.\Generated_Source\PSoC4/UART_Temp_ISR.c **** *   CY_ISR(MyISR)
 190:.\Generated_Source\PSoC4/UART_Temp_ISR.c **** *   {
 191:.\Generated_Source\PSoC4/UART_Temp_ISR.c **** *   }
 192:.\Generated_Source\PSoC4/UART_Temp_ISR.c **** *
 193:.\Generated_Source\PSoC4/UART_Temp_ISR.c **** *   Function prototype example:
 194:.\Generated_Source\PSoC4/UART_Temp_ISR.c **** *     CY_ISR_PROTO(MyISR);
 195:.\Generated_Source\PSoC4/UART_Temp_ISR.c **** *
 196:.\Generated_Source\PSoC4/UART_Temp_ISR.c **** * Parameters:
 197:.\Generated_Source\PSoC4/UART_Temp_ISR.c **** *   address: Address of the ISR to set in the interrupt vector table.
 198:.\Generated_Source\PSoC4/UART_Temp_ISR.c **** *
 199:.\Generated_Source\PSoC4/UART_Temp_ISR.c **** * Return:
 200:.\Generated_Source\PSoC4/UART_Temp_ISR.c **** *   None
 201:.\Generated_Source\PSoC4/UART_Temp_ISR.c **** *
 202:.\Generated_Source\PSoC4/UART_Temp_ISR.c **** *******************************************************************************/
 203:.\Generated_Source\PSoC4/UART_Temp_ISR.c **** void UART_Temp_ISR_SetVector(cyisraddress address)
 204:.\Generated_Source\PSoC4/UART_Temp_ISR.c **** {
  49              		.loc 1 204 0
  50              		.cfi_startproc
  51              	.LVL1:
 205:.\Generated_Source\PSoC4/UART_Temp_ISR.c ****     CyRamVectors[CYINT_IRQ_BASE + UART_Temp_ISR__INTC_NUMBER] = address;
  52              		.loc 1 205 0
  53 0000 014B     		ldr	r3, .L3
  54 0002 D866     		str	r0, [r3, #108]
 206:.\Generated_Source\PSoC4/UART_Temp_ISR.c **** }
  55              		.loc 1 206 0
  56              		@ sp needed
  57 0004 7047     		bx	lr
  58              	.L4:
  59 0006 C046     		.align	2
  60              	.L3:
  61 0008 00000000 		.word	CyRamVectors
  62              		.cfi_endproc
  63              	.LFE38:
  64              		.size	UART_Temp_ISR_SetVector, .-UART_Temp_ISR_SetVector
  65              		.section	.text.UART_Temp_ISR_GetVector,"ax",%progbits
  66              		.align	2
  67              		.global	UART_Temp_ISR_GetVector
  68              		.code	16
  69              		.thumb_func
  70              		.type	UART_Temp_ISR_GetVector, %function
  71              	UART_Temp_ISR_GetVector:
  72              	.LFB39:
 207:.\Generated_Source\PSoC4/UART_Temp_ISR.c **** 
 208:.\Generated_Source\PSoC4/UART_Temp_ISR.c **** 
 209:.\Generated_Source\PSoC4/UART_Temp_ISR.c **** /*******************************************************************************
 210:.\Generated_Source\PSoC4/UART_Temp_ISR.c **** * Function Name: UART_Temp_ISR_GetVector
 211:.\Generated_Source\PSoC4/UART_Temp_ISR.c **** ********************************************************************************
 212:.\Generated_Source\PSoC4/UART_Temp_ISR.c **** *
 213:.\Generated_Source\PSoC4/UART_Temp_ISR.c **** * Summary:
ARM GAS  C:\Users\kylep\AppData\Local\Temp\ccuKpP6g.s 			page 6


 214:.\Generated_Source\PSoC4/UART_Temp_ISR.c **** *   Gets the "address" of the current ISR vector for the Interrupt.
 215:.\Generated_Source\PSoC4/UART_Temp_ISR.c **** *
 216:.\Generated_Source\PSoC4/UART_Temp_ISR.c **** * Parameters:
 217:.\Generated_Source\PSoC4/UART_Temp_ISR.c **** *   None
 218:.\Generated_Source\PSoC4/UART_Temp_ISR.c **** *
 219:.\Generated_Source\PSoC4/UART_Temp_ISR.c **** * Return:
 220:.\Generated_Source\PSoC4/UART_Temp_ISR.c **** *   Address of the ISR in the interrupt vector table.
 221:.\Generated_Source\PSoC4/UART_Temp_ISR.c **** *
 222:.\Generated_Source\PSoC4/UART_Temp_ISR.c **** *******************************************************************************/
 223:.\Generated_Source\PSoC4/UART_Temp_ISR.c **** cyisraddress UART_Temp_ISR_GetVector(void)
 224:.\Generated_Source\PSoC4/UART_Temp_ISR.c **** {
  73              		.loc 1 224 0
  74              		.cfi_startproc
 225:.\Generated_Source\PSoC4/UART_Temp_ISR.c ****     return CyRamVectors[CYINT_IRQ_BASE + UART_Temp_ISR__INTC_NUMBER];
  75              		.loc 1 225 0
  76 0000 014B     		ldr	r3, .L6
  77 0002 D86E     		ldr	r0, [r3, #108]
 226:.\Generated_Source\PSoC4/UART_Temp_ISR.c **** }
  78              		.loc 1 226 0
  79              		@ sp needed
  80 0004 7047     		bx	lr
  81              	.L7:
  82 0006 C046     		.align	2
  83              	.L6:
  84 0008 00000000 		.word	CyRamVectors
  85              		.cfi_endproc
  86              	.LFE39:
  87              		.size	UART_Temp_ISR_GetVector, .-UART_Temp_ISR_GetVector
  88              		.section	.text.UART_Temp_ISR_SetPriority,"ax",%progbits
  89              		.align	2
  90              		.global	UART_Temp_ISR_SetPriority
  91              		.code	16
  92              		.thumb_func
  93              		.type	UART_Temp_ISR_SetPriority, %function
  94              	UART_Temp_ISR_SetPriority:
  95              	.LFB40:
 227:.\Generated_Source\PSoC4/UART_Temp_ISR.c **** 
 228:.\Generated_Source\PSoC4/UART_Temp_ISR.c **** 
 229:.\Generated_Source\PSoC4/UART_Temp_ISR.c **** /*******************************************************************************
 230:.\Generated_Source\PSoC4/UART_Temp_ISR.c **** * Function Name: UART_Temp_ISR_SetPriority
 231:.\Generated_Source\PSoC4/UART_Temp_ISR.c **** ********************************************************************************
 232:.\Generated_Source\PSoC4/UART_Temp_ISR.c **** *
 233:.\Generated_Source\PSoC4/UART_Temp_ISR.c **** * Summary:
 234:.\Generated_Source\PSoC4/UART_Temp_ISR.c **** *   Sets the Priority of the Interrupt. 
 235:.\Generated_Source\PSoC4/UART_Temp_ISR.c **** *
 236:.\Generated_Source\PSoC4/UART_Temp_ISR.c **** *   Note calling UART_Temp_ISR_Start or UART_Temp_ISR_StartEx will 
 237:.\Generated_Source\PSoC4/UART_Temp_ISR.c **** *   override any effect this API would have had. This API should only be called
 238:.\Generated_Source\PSoC4/UART_Temp_ISR.c **** *   after UART_Temp_ISR_Start or UART_Temp_ISR_StartEx has been called. 
 239:.\Generated_Source\PSoC4/UART_Temp_ISR.c **** *   To set the initial priority for the component, use the Design-Wide Resources
 240:.\Generated_Source\PSoC4/UART_Temp_ISR.c **** *   Interrupt Editor.
 241:.\Generated_Source\PSoC4/UART_Temp_ISR.c **** *
 242:.\Generated_Source\PSoC4/UART_Temp_ISR.c **** *   Note This API has no effect on Non-maskable interrupt NMI).
 243:.\Generated_Source\PSoC4/UART_Temp_ISR.c **** *
 244:.\Generated_Source\PSoC4/UART_Temp_ISR.c **** * Parameters:
 245:.\Generated_Source\PSoC4/UART_Temp_ISR.c **** *   priority: Priority of the interrupt, 0 being the highest priority
 246:.\Generated_Source\PSoC4/UART_Temp_ISR.c **** *             PSoC 3 and PSoC 5LP: Priority is from 0 to 7.
 247:.\Generated_Source\PSoC4/UART_Temp_ISR.c **** *             PSoC 4: Priority is from 0 to 3.
ARM GAS  C:\Users\kylep\AppData\Local\Temp\ccuKpP6g.s 			page 7


 248:.\Generated_Source\PSoC4/UART_Temp_ISR.c **** *
 249:.\Generated_Source\PSoC4/UART_Temp_ISR.c **** * Return:
 250:.\Generated_Source\PSoC4/UART_Temp_ISR.c **** *   None
 251:.\Generated_Source\PSoC4/UART_Temp_ISR.c **** *
 252:.\Generated_Source\PSoC4/UART_Temp_ISR.c **** *******************************************************************************/
 253:.\Generated_Source\PSoC4/UART_Temp_ISR.c **** void UART_Temp_ISR_SetPriority(uint8 priority)
 254:.\Generated_Source\PSoC4/UART_Temp_ISR.c **** {
  96              		.loc 1 254 0
  97              		.cfi_startproc
  98              	.LVL2:
  99 0000 10B5     		push	{r4, lr}
 100              		.cfi_def_cfa_offset 8
 101              		.cfi_offset 4, -8
 102              		.cfi_offset 14, -4
 103 0002 041C     		mov	r4, r0
 104              	.LVL3:
 255:.\Generated_Source\PSoC4/UART_Temp_ISR.c **** 	uint8 interruptState;
 256:.\Generated_Source\PSoC4/UART_Temp_ISR.c ****     uint32 priorityOffset = ((UART_Temp_ISR__INTC_NUMBER % 4u) * 8u) + 6u;
 257:.\Generated_Source\PSoC4/UART_Temp_ISR.c ****     
 258:.\Generated_Source\PSoC4/UART_Temp_ISR.c **** 	interruptState = CyEnterCriticalSection();
 105              		.loc 1 258 0
 106 0004 FFF7FEFF 		bl	CyEnterCriticalSection
 107              	.LVL4:
 259:.\Generated_Source\PSoC4/UART_Temp_ISR.c ****     *UART_Temp_ISR_INTC_PRIOR = (*UART_Temp_ISR_INTC_PRIOR & (uint32)(~UART_Temp_ISR__INTC_PRIOR_MA
 108              		.loc 1 259 0
 109 0008 044A     		ldr	r2, .L9
 110 000a 1368     		ldr	r3, [r2]
 111 000c 9B00     		lsl	r3, r3, #2
 112 000e 9B08     		lsr	r3, r3, #2
 260:.\Generated_Source\PSoC4/UART_Temp_ISR.c ****                                     ((uint32)priority << priorityOffset);
 113              		.loc 1 260 0
 114 0010 A407     		lsl	r4, r4, #30
 259:.\Generated_Source\PSoC4/UART_Temp_ISR.c ****     *UART_Temp_ISR_INTC_PRIOR = (*UART_Temp_ISR_INTC_PRIOR & (uint32)(~UART_Temp_ISR__INTC_PRIOR_MA
 115              		.loc 1 259 0
 116 0012 1C43     		orr	r4, r3
 117 0014 1460     		str	r4, [r2]
 261:.\Generated_Source\PSoC4/UART_Temp_ISR.c **** 	CyExitCriticalSection(interruptState);
 118              		.loc 1 261 0
 119 0016 FFF7FEFF 		bl	CyExitCriticalSection
 120              	.LVL5:
 262:.\Generated_Source\PSoC4/UART_Temp_ISR.c **** }
 121              		.loc 1 262 0
 122              		@ sp needed
 123 001a 10BD     		pop	{r4, pc}
 124              	.L10:
 125              		.align	2
 126              	.L9:
 127 001c 08E400E0 		.word	-536812536
 128              		.cfi_endproc
 129              	.LFE40:
 130              		.size	UART_Temp_ISR_SetPriority, .-UART_Temp_ISR_SetPriority
 131              		.section	.text.UART_Temp_ISR_GetPriority,"ax",%progbits
 132              		.align	2
 133              		.global	UART_Temp_ISR_GetPriority
 134              		.code	16
 135              		.thumb_func
 136              		.type	UART_Temp_ISR_GetPriority, %function
ARM GAS  C:\Users\kylep\AppData\Local\Temp\ccuKpP6g.s 			page 8


 137              	UART_Temp_ISR_GetPriority:
 138              	.LFB41:
 263:.\Generated_Source\PSoC4/UART_Temp_ISR.c **** 
 264:.\Generated_Source\PSoC4/UART_Temp_ISR.c **** 
 265:.\Generated_Source\PSoC4/UART_Temp_ISR.c **** /*******************************************************************************
 266:.\Generated_Source\PSoC4/UART_Temp_ISR.c **** * Function Name: UART_Temp_ISR_GetPriority
 267:.\Generated_Source\PSoC4/UART_Temp_ISR.c **** ********************************************************************************
 268:.\Generated_Source\PSoC4/UART_Temp_ISR.c **** *
 269:.\Generated_Source\PSoC4/UART_Temp_ISR.c **** * Summary:
 270:.\Generated_Source\PSoC4/UART_Temp_ISR.c **** *   Gets the Priority of the Interrupt.
 271:.\Generated_Source\PSoC4/UART_Temp_ISR.c **** *
 272:.\Generated_Source\PSoC4/UART_Temp_ISR.c **** * Parameters:
 273:.\Generated_Source\PSoC4/UART_Temp_ISR.c **** *   None
 274:.\Generated_Source\PSoC4/UART_Temp_ISR.c **** *
 275:.\Generated_Source\PSoC4/UART_Temp_ISR.c **** * Return:
 276:.\Generated_Source\PSoC4/UART_Temp_ISR.c **** *   Priority of the interrupt, 0 being the highest priority
 277:.\Generated_Source\PSoC4/UART_Temp_ISR.c **** *    PSoC 3 and PSoC 5LP: Priority is from 0 to 7.
 278:.\Generated_Source\PSoC4/UART_Temp_ISR.c **** *    PSoC 4: Priority is from 0 to 3.
 279:.\Generated_Source\PSoC4/UART_Temp_ISR.c **** *
 280:.\Generated_Source\PSoC4/UART_Temp_ISR.c **** *******************************************************************************/
 281:.\Generated_Source\PSoC4/UART_Temp_ISR.c **** uint8 UART_Temp_ISR_GetPriority(void)
 282:.\Generated_Source\PSoC4/UART_Temp_ISR.c **** {
 139              		.loc 1 282 0
 140              		.cfi_startproc
 141              	.LVL6:
 283:.\Generated_Source\PSoC4/UART_Temp_ISR.c ****     uint32 priority;
 284:.\Generated_Source\PSoC4/UART_Temp_ISR.c **** 	uint32 priorityOffset = ((UART_Temp_ISR__INTC_NUMBER % 4u) * 8u) + 6u;
 285:.\Generated_Source\PSoC4/UART_Temp_ISR.c **** 
 286:.\Generated_Source\PSoC4/UART_Temp_ISR.c ****     priority = (*UART_Temp_ISR_INTC_PRIOR & UART_Temp_ISR__INTC_PRIOR_MASK) >> priorityOffset;
 142              		.loc 1 286 0
 143 0000 014B     		ldr	r3, .L12
 144 0002 1868     		ldr	r0, [r3]
 145              	.LVL7:
 287:.\Generated_Source\PSoC4/UART_Temp_ISR.c **** 
 288:.\Generated_Source\PSoC4/UART_Temp_ISR.c ****     return (uint8)priority;
 146              		.loc 1 288 0
 147 0004 800F     		lsr	r0, r0, #30
 148              	.LVL8:
 289:.\Generated_Source\PSoC4/UART_Temp_ISR.c **** }
 149              		.loc 1 289 0
 150              		@ sp needed
 151 0006 7047     		bx	lr
 152              	.L13:
 153              		.align	2
 154              	.L12:
 155 0008 08E400E0 		.word	-536812536
 156              		.cfi_endproc
 157              	.LFE41:
 158              		.size	UART_Temp_ISR_GetPriority, .-UART_Temp_ISR_GetPriority
 159              		.section	.text.UART_Temp_ISR_Enable,"ax",%progbits
 160              		.align	2
 161              		.global	UART_Temp_ISR_Enable
 162              		.code	16
 163              		.thumb_func
 164              		.type	UART_Temp_ISR_Enable, %function
 165              	UART_Temp_ISR_Enable:
 166              	.LFB42:
ARM GAS  C:\Users\kylep\AppData\Local\Temp\ccuKpP6g.s 			page 9


 290:.\Generated_Source\PSoC4/UART_Temp_ISR.c **** 
 291:.\Generated_Source\PSoC4/UART_Temp_ISR.c **** 
 292:.\Generated_Source\PSoC4/UART_Temp_ISR.c **** /*******************************************************************************
 293:.\Generated_Source\PSoC4/UART_Temp_ISR.c **** * Function Name: UART_Temp_ISR_Enable
 294:.\Generated_Source\PSoC4/UART_Temp_ISR.c **** ********************************************************************************
 295:.\Generated_Source\PSoC4/UART_Temp_ISR.c **** *
 296:.\Generated_Source\PSoC4/UART_Temp_ISR.c **** * Summary:
 297:.\Generated_Source\PSoC4/UART_Temp_ISR.c **** *   Enables the interrupt to the interrupt controller. Do not call this function
 298:.\Generated_Source\PSoC4/UART_Temp_ISR.c **** *   unless ISR_Start() has been called or the functionality of the ISR_Start() 
 299:.\Generated_Source\PSoC4/UART_Temp_ISR.c **** *   function, which sets the vector and the priority, has been called.
 300:.\Generated_Source\PSoC4/UART_Temp_ISR.c **** *
 301:.\Generated_Source\PSoC4/UART_Temp_ISR.c **** * Parameters:
 302:.\Generated_Source\PSoC4/UART_Temp_ISR.c **** *   None
 303:.\Generated_Source\PSoC4/UART_Temp_ISR.c **** *
 304:.\Generated_Source\PSoC4/UART_Temp_ISR.c **** * Return:
 305:.\Generated_Source\PSoC4/UART_Temp_ISR.c **** *   None
 306:.\Generated_Source\PSoC4/UART_Temp_ISR.c **** *
 307:.\Generated_Source\PSoC4/UART_Temp_ISR.c **** *******************************************************************************/
 308:.\Generated_Source\PSoC4/UART_Temp_ISR.c **** void UART_Temp_ISR_Enable(void)
 309:.\Generated_Source\PSoC4/UART_Temp_ISR.c **** {
 167              		.loc 1 309 0
 168              		.cfi_startproc
 310:.\Generated_Source\PSoC4/UART_Temp_ISR.c ****     /* Enable the general interrupt. */
 311:.\Generated_Source\PSoC4/UART_Temp_ISR.c ****     *UART_Temp_ISR_INTC_SET_EN = UART_Temp_ISR__INTC_MASK;
 169              		.loc 1 311 0
 170 0000 8022     		mov	r2, #128
 171 0002 1201     		lsl	r2, r2, #4
 172 0004 014B     		ldr	r3, .L15
 173 0006 1A60     		str	r2, [r3]
 312:.\Generated_Source\PSoC4/UART_Temp_ISR.c **** }
 174              		.loc 1 312 0
 175              		@ sp needed
 176 0008 7047     		bx	lr
 177              	.L16:
 178 000a C046     		.align	2
 179              	.L15:
 180 000c 00E100E0 		.word	-536813312
 181              		.cfi_endproc
 182              	.LFE42:
 183              		.size	UART_Temp_ISR_Enable, .-UART_Temp_ISR_Enable
 184              		.section	.text.UART_Temp_ISR_GetState,"ax",%progbits
 185              		.align	2
 186              		.global	UART_Temp_ISR_GetState
 187              		.code	16
 188              		.thumb_func
 189              		.type	UART_Temp_ISR_GetState, %function
 190              	UART_Temp_ISR_GetState:
 191              	.LFB43:
 313:.\Generated_Source\PSoC4/UART_Temp_ISR.c **** 
 314:.\Generated_Source\PSoC4/UART_Temp_ISR.c **** 
 315:.\Generated_Source\PSoC4/UART_Temp_ISR.c **** /*******************************************************************************
 316:.\Generated_Source\PSoC4/UART_Temp_ISR.c **** * Function Name: UART_Temp_ISR_GetState
 317:.\Generated_Source\PSoC4/UART_Temp_ISR.c **** ********************************************************************************
 318:.\Generated_Source\PSoC4/UART_Temp_ISR.c **** *
 319:.\Generated_Source\PSoC4/UART_Temp_ISR.c **** * Summary:
 320:.\Generated_Source\PSoC4/UART_Temp_ISR.c **** *   Gets the state (enabled, disabled) of the Interrupt.
 321:.\Generated_Source\PSoC4/UART_Temp_ISR.c **** *
ARM GAS  C:\Users\kylep\AppData\Local\Temp\ccuKpP6g.s 			page 10


 322:.\Generated_Source\PSoC4/UART_Temp_ISR.c **** * Parameters:
 323:.\Generated_Source\PSoC4/UART_Temp_ISR.c **** *   None
 324:.\Generated_Source\PSoC4/UART_Temp_ISR.c **** *
 325:.\Generated_Source\PSoC4/UART_Temp_ISR.c **** * Return:
 326:.\Generated_Source\PSoC4/UART_Temp_ISR.c **** *   1 if enabled, 0 if disabled.
 327:.\Generated_Source\PSoC4/UART_Temp_ISR.c **** *
 328:.\Generated_Source\PSoC4/UART_Temp_ISR.c **** *******************************************************************************/
 329:.\Generated_Source\PSoC4/UART_Temp_ISR.c **** uint8 UART_Temp_ISR_GetState(void)
 330:.\Generated_Source\PSoC4/UART_Temp_ISR.c **** {
 192              		.loc 1 330 0
 193              		.cfi_startproc
 331:.\Generated_Source\PSoC4/UART_Temp_ISR.c ****     /* Get the state of the general interrupt. */
 332:.\Generated_Source\PSoC4/UART_Temp_ISR.c ****     return ((*UART_Temp_ISR_INTC_SET_EN & (uint32)UART_Temp_ISR__INTC_MASK) != 0u) ? 1u:0u;
 194              		.loc 1 332 0
 195 0000 034B     		ldr	r3, .L20
 196 0002 1B68     		ldr	r3, [r3]
 197 0004 1B05     		lsl	r3, r3, #20
 198 0006 01D5     		bpl	.L19
 199 0008 0120     		mov	r0, #1
 200 000a 00E0     		b	.L18
 201              	.L19:
 202 000c 0020     		mov	r0, #0
 203              	.L18:
 333:.\Generated_Source\PSoC4/UART_Temp_ISR.c **** }
 204              		.loc 1 333 0 discriminator 4
 205              		@ sp needed
 206 000e 7047     		bx	lr
 207              	.L21:
 208              		.align	2
 209              	.L20:
 210 0010 00E100E0 		.word	-536813312
 211              		.cfi_endproc
 212              	.LFE43:
 213              		.size	UART_Temp_ISR_GetState, .-UART_Temp_ISR_GetState
 214              		.section	.text.UART_Temp_ISR_Disable,"ax",%progbits
 215              		.align	2
 216              		.global	UART_Temp_ISR_Disable
 217              		.code	16
 218              		.thumb_func
 219              		.type	UART_Temp_ISR_Disable, %function
 220              	UART_Temp_ISR_Disable:
 221              	.LFB44:
 334:.\Generated_Source\PSoC4/UART_Temp_ISR.c **** 
 335:.\Generated_Source\PSoC4/UART_Temp_ISR.c **** 
 336:.\Generated_Source\PSoC4/UART_Temp_ISR.c **** /*******************************************************************************
 337:.\Generated_Source\PSoC4/UART_Temp_ISR.c **** * Function Name: UART_Temp_ISR_Disable
 338:.\Generated_Source\PSoC4/UART_Temp_ISR.c **** ********************************************************************************
 339:.\Generated_Source\PSoC4/UART_Temp_ISR.c **** *
 340:.\Generated_Source\PSoC4/UART_Temp_ISR.c **** * Summary:
 341:.\Generated_Source\PSoC4/UART_Temp_ISR.c **** *   Disables the Interrupt in the interrupt controller.
 342:.\Generated_Source\PSoC4/UART_Temp_ISR.c **** *
 343:.\Generated_Source\PSoC4/UART_Temp_ISR.c **** * Parameters:
 344:.\Generated_Source\PSoC4/UART_Temp_ISR.c **** *   None
 345:.\Generated_Source\PSoC4/UART_Temp_ISR.c **** *
 346:.\Generated_Source\PSoC4/UART_Temp_ISR.c **** * Return:
 347:.\Generated_Source\PSoC4/UART_Temp_ISR.c **** *   None
 348:.\Generated_Source\PSoC4/UART_Temp_ISR.c **** *
ARM GAS  C:\Users\kylep\AppData\Local\Temp\ccuKpP6g.s 			page 11


 349:.\Generated_Source\PSoC4/UART_Temp_ISR.c **** *******************************************************************************/
 350:.\Generated_Source\PSoC4/UART_Temp_ISR.c **** void UART_Temp_ISR_Disable(void)
 351:.\Generated_Source\PSoC4/UART_Temp_ISR.c **** {
 222              		.loc 1 351 0
 223              		.cfi_startproc
 352:.\Generated_Source\PSoC4/UART_Temp_ISR.c ****     /* Disable the general interrupt. */
 353:.\Generated_Source\PSoC4/UART_Temp_ISR.c ****     *UART_Temp_ISR_INTC_CLR_EN = UART_Temp_ISR__INTC_MASK;
 224              		.loc 1 353 0
 225 0000 8022     		mov	r2, #128
 226 0002 1201     		lsl	r2, r2, #4
 227 0004 014B     		ldr	r3, .L23
 228 0006 1A60     		str	r2, [r3]
 354:.\Generated_Source\PSoC4/UART_Temp_ISR.c **** }
 229              		.loc 1 354 0
 230              		@ sp needed
 231 0008 7047     		bx	lr
 232              	.L24:
 233 000a C046     		.align	2
 234              	.L23:
 235 000c 80E100E0 		.word	-536813184
 236              		.cfi_endproc
 237              	.LFE44:
 238              		.size	UART_Temp_ISR_Disable, .-UART_Temp_ISR_Disable
 239              		.section	.text.UART_Temp_ISR_Start,"ax",%progbits
 240              		.align	2
 241              		.global	UART_Temp_ISR_Start
 242              		.code	16
 243              		.thumb_func
 244              		.type	UART_Temp_ISR_Start, %function
 245              	UART_Temp_ISR_Start:
 246              	.LFB34:
  59:.\Generated_Source\PSoC4/UART_Temp_ISR.c ****     /* For all we know the interrupt is active. */
 247              		.loc 1 59 0
 248              		.cfi_startproc
 249 0000 08B5     		push	{r3, lr}
 250              		.cfi_def_cfa_offset 8
 251              		.cfi_offset 3, -8
 252              		.cfi_offset 14, -4
  61:.\Generated_Source\PSoC4/UART_Temp_ISR.c **** 
 253              		.loc 1 61 0
 254 0002 FFF7FEFF 		bl	UART_Temp_ISR_Disable
 255              	.LVL9:
  64:.\Generated_Source\PSoC4/UART_Temp_ISR.c **** 
 256              		.loc 1 64 0
 257 0006 0448     		ldr	r0, .L26
 258 0008 FFF7FEFF 		bl	UART_Temp_ISR_SetVector
 259              	.LVL10:
  67:.\Generated_Source\PSoC4/UART_Temp_ISR.c **** 
 260              		.loc 1 67 0
 261 000c 0320     		mov	r0, #3
 262 000e FFF7FEFF 		bl	UART_Temp_ISR_SetPriority
 263              	.LVL11:
  70:.\Generated_Source\PSoC4/UART_Temp_ISR.c **** }
 264              		.loc 1 70 0
 265 0012 FFF7FEFF 		bl	UART_Temp_ISR_Enable
 266              	.LVL12:
  71:.\Generated_Source\PSoC4/UART_Temp_ISR.c **** 
ARM GAS  C:\Users\kylep\AppData\Local\Temp\ccuKpP6g.s 			page 12


 267              		.loc 1 71 0
 268              		@ sp needed
 269 0016 08BD     		pop	{r3, pc}
 270              	.L27:
 271              		.align	2
 272              	.L26:
 273 0018 00000000 		.word	UART_Temp_ISR_Interrupt
 274              		.cfi_endproc
 275              	.LFE34:
 276              		.size	UART_Temp_ISR_Start, .-UART_Temp_ISR_Start
 277              		.section	.text.UART_Temp_ISR_StartEx,"ax",%progbits
 278              		.align	2
 279              		.global	UART_Temp_ISR_StartEx
 280              		.code	16
 281              		.thumb_func
 282              		.type	UART_Temp_ISR_StartEx, %function
 283              	UART_Temp_ISR_StartEx:
 284              	.LFB35:
 102:.\Generated_Source\PSoC4/UART_Temp_ISR.c ****     /* For all we know the interrupt is active. */
 285              		.loc 1 102 0
 286              		.cfi_startproc
 287              	.LVL13:
 288 0000 10B5     		push	{r4, lr}
 289              		.cfi_def_cfa_offset 8
 290              		.cfi_offset 4, -8
 291              		.cfi_offset 14, -4
 292 0002 041C     		mov	r4, r0
 104:.\Generated_Source\PSoC4/UART_Temp_ISR.c **** 
 293              		.loc 1 104 0
 294 0004 FFF7FEFF 		bl	UART_Temp_ISR_Disable
 295              	.LVL14:
 107:.\Generated_Source\PSoC4/UART_Temp_ISR.c **** 
 296              		.loc 1 107 0
 297 0008 201C     		mov	r0, r4
 298 000a FFF7FEFF 		bl	UART_Temp_ISR_SetVector
 299              	.LVL15:
 110:.\Generated_Source\PSoC4/UART_Temp_ISR.c **** 
 300              		.loc 1 110 0
 301 000e 0320     		mov	r0, #3
 302 0010 FFF7FEFF 		bl	UART_Temp_ISR_SetPriority
 303              	.LVL16:
 113:.\Generated_Source\PSoC4/UART_Temp_ISR.c **** }
 304              		.loc 1 113 0
 305 0014 FFF7FEFF 		bl	UART_Temp_ISR_Enable
 306              	.LVL17:
 114:.\Generated_Source\PSoC4/UART_Temp_ISR.c **** 
 307              		.loc 1 114 0
 308              		@ sp needed
 309              	.LVL18:
 310 0018 10BD     		pop	{r4, pc}
 311              		.cfi_endproc
 312              	.LFE35:
 313              		.size	UART_Temp_ISR_StartEx, .-UART_Temp_ISR_StartEx
 314 001a C046     		.section	.text.UART_Temp_ISR_Stop,"ax",%progbits
 315              		.align	2
 316              		.global	UART_Temp_ISR_Stop
 317              		.code	16
ARM GAS  C:\Users\kylep\AppData\Local\Temp\ccuKpP6g.s 			page 13


 318              		.thumb_func
 319              		.type	UART_Temp_ISR_Stop, %function
 320              	UART_Temp_ISR_Stop:
 321              	.LFB36:
 132:.\Generated_Source\PSoC4/UART_Temp_ISR.c ****     /* Disable this interrupt. */
 322              		.loc 1 132 0
 323              		.cfi_startproc
 324 0000 08B5     		push	{r3, lr}
 325              		.cfi_def_cfa_offset 8
 326              		.cfi_offset 3, -8
 327              		.cfi_offset 14, -4
 134:.\Generated_Source\PSoC4/UART_Temp_ISR.c **** 
 328              		.loc 1 134 0
 329 0002 FFF7FEFF 		bl	UART_Temp_ISR_Disable
 330              	.LVL19:
 137:.\Generated_Source\PSoC4/UART_Temp_ISR.c **** }
 331              		.loc 1 137 0
 332 0006 0248     		ldr	r0, .L30
 333 0008 FFF7FEFF 		bl	UART_Temp_ISR_SetVector
 334              	.LVL20:
 138:.\Generated_Source\PSoC4/UART_Temp_ISR.c **** 
 335              		.loc 1 138 0
 336              		@ sp needed
 337 000c 08BD     		pop	{r3, pc}
 338              	.L31:
 339 000e C046     		.align	2
 340              	.L30:
 341 0010 00000000 		.word	IntDefaultHandler
 342              		.cfi_endproc
 343              	.LFE36:
 344              		.size	UART_Temp_ISR_Stop, .-UART_Temp_ISR_Stop
 345              		.section	.text.UART_Temp_ISR_SetPending,"ax",%progbits
 346              		.align	2
 347              		.global	UART_Temp_ISR_SetPending
 348              		.code	16
 349              		.thumb_func
 350              		.type	UART_Temp_ISR_SetPending, %function
 351              	UART_Temp_ISR_SetPending:
 352              	.LFB45:
 355:.\Generated_Source\PSoC4/UART_Temp_ISR.c **** 
 356:.\Generated_Source\PSoC4/UART_Temp_ISR.c **** 
 357:.\Generated_Source\PSoC4/UART_Temp_ISR.c **** /*******************************************************************************
 358:.\Generated_Source\PSoC4/UART_Temp_ISR.c **** * Function Name: UART_Temp_ISR_SetPending
 359:.\Generated_Source\PSoC4/UART_Temp_ISR.c **** ********************************************************************************
 360:.\Generated_Source\PSoC4/UART_Temp_ISR.c **** *
 361:.\Generated_Source\PSoC4/UART_Temp_ISR.c **** * Summary:
 362:.\Generated_Source\PSoC4/UART_Temp_ISR.c **** *   Causes the Interrupt to enter the pending state, a software method of
 363:.\Generated_Source\PSoC4/UART_Temp_ISR.c **** *   generating the interrupt.
 364:.\Generated_Source\PSoC4/UART_Temp_ISR.c **** *
 365:.\Generated_Source\PSoC4/UART_Temp_ISR.c **** * Parameters:
 366:.\Generated_Source\PSoC4/UART_Temp_ISR.c **** *   None
 367:.\Generated_Source\PSoC4/UART_Temp_ISR.c **** *
 368:.\Generated_Source\PSoC4/UART_Temp_ISR.c **** * Return:
 369:.\Generated_Source\PSoC4/UART_Temp_ISR.c **** *   None
 370:.\Generated_Source\PSoC4/UART_Temp_ISR.c **** *
 371:.\Generated_Source\PSoC4/UART_Temp_ISR.c **** * Side Effects:
 372:.\Generated_Source\PSoC4/UART_Temp_ISR.c **** *   If interrupts are enabled and the interrupt is set up properly, the ISR is
ARM GAS  C:\Users\kylep\AppData\Local\Temp\ccuKpP6g.s 			page 14


 373:.\Generated_Source\PSoC4/UART_Temp_ISR.c **** *   entered (depending on the priority of this interrupt and other pending 
 374:.\Generated_Source\PSoC4/UART_Temp_ISR.c **** *   interrupts).
 375:.\Generated_Source\PSoC4/UART_Temp_ISR.c **** *
 376:.\Generated_Source\PSoC4/UART_Temp_ISR.c **** *******************************************************************************/
 377:.\Generated_Source\PSoC4/UART_Temp_ISR.c **** void UART_Temp_ISR_SetPending(void)
 378:.\Generated_Source\PSoC4/UART_Temp_ISR.c **** {
 353              		.loc 1 378 0
 354              		.cfi_startproc
 379:.\Generated_Source\PSoC4/UART_Temp_ISR.c ****     *UART_Temp_ISR_INTC_SET_PD = UART_Temp_ISR__INTC_MASK;
 355              		.loc 1 379 0
 356 0000 8022     		mov	r2, #128
 357 0002 1201     		lsl	r2, r2, #4
 358 0004 014B     		ldr	r3, .L33
 359 0006 1A60     		str	r2, [r3]
 380:.\Generated_Source\PSoC4/UART_Temp_ISR.c **** }
 360              		.loc 1 380 0
 361              		@ sp needed
 362 0008 7047     		bx	lr
 363              	.L34:
 364 000a C046     		.align	2
 365              	.L33:
 366 000c 00E200E0 		.word	-536813056
 367              		.cfi_endproc
 368              	.LFE45:
 369              		.size	UART_Temp_ISR_SetPending, .-UART_Temp_ISR_SetPending
 370              		.section	.text.UART_Temp_ISR_ClearPending,"ax",%progbits
 371              		.align	2
 372              		.global	UART_Temp_ISR_ClearPending
 373              		.code	16
 374              		.thumb_func
 375              		.type	UART_Temp_ISR_ClearPending, %function
 376              	UART_Temp_ISR_ClearPending:
 377              	.LFB46:
 381:.\Generated_Source\PSoC4/UART_Temp_ISR.c **** 
 382:.\Generated_Source\PSoC4/UART_Temp_ISR.c **** 
 383:.\Generated_Source\PSoC4/UART_Temp_ISR.c **** /*******************************************************************************
 384:.\Generated_Source\PSoC4/UART_Temp_ISR.c **** * Function Name: UART_Temp_ISR_ClearPending
 385:.\Generated_Source\PSoC4/UART_Temp_ISR.c **** ********************************************************************************
 386:.\Generated_Source\PSoC4/UART_Temp_ISR.c **** *
 387:.\Generated_Source\PSoC4/UART_Temp_ISR.c **** * Summary:
 388:.\Generated_Source\PSoC4/UART_Temp_ISR.c **** *   Clears a pending interrupt in the interrupt controller.
 389:.\Generated_Source\PSoC4/UART_Temp_ISR.c **** *
 390:.\Generated_Source\PSoC4/UART_Temp_ISR.c **** *   Note Some interrupt sources are clear-on-read and require the block 
 391:.\Generated_Source\PSoC4/UART_Temp_ISR.c **** *   interrupt/status register to be read/cleared with the appropriate block API 
 392:.\Generated_Source\PSoC4/UART_Temp_ISR.c **** *   (GPIO, UART, and so on). Otherwise the ISR will continue to remain in 
 393:.\Generated_Source\PSoC4/UART_Temp_ISR.c **** *   pending state even though the interrupt itself is cleared using this API.
 394:.\Generated_Source\PSoC4/UART_Temp_ISR.c **** *
 395:.\Generated_Source\PSoC4/UART_Temp_ISR.c **** * Parameters:
 396:.\Generated_Source\PSoC4/UART_Temp_ISR.c **** *   None
 397:.\Generated_Source\PSoC4/UART_Temp_ISR.c **** *
 398:.\Generated_Source\PSoC4/UART_Temp_ISR.c **** * Return:
 399:.\Generated_Source\PSoC4/UART_Temp_ISR.c **** *   None
 400:.\Generated_Source\PSoC4/UART_Temp_ISR.c **** *
 401:.\Generated_Source\PSoC4/UART_Temp_ISR.c **** *******************************************************************************/
 402:.\Generated_Source\PSoC4/UART_Temp_ISR.c **** void UART_Temp_ISR_ClearPending(void)
 403:.\Generated_Source\PSoC4/UART_Temp_ISR.c **** {
 378              		.loc 1 403 0
ARM GAS  C:\Users\kylep\AppData\Local\Temp\ccuKpP6g.s 			page 15


 379              		.cfi_startproc
 404:.\Generated_Source\PSoC4/UART_Temp_ISR.c ****     *UART_Temp_ISR_INTC_CLR_PD = UART_Temp_ISR__INTC_MASK;
 380              		.loc 1 404 0
 381 0000 8022     		mov	r2, #128
 382 0002 1201     		lsl	r2, r2, #4
 383 0004 014B     		ldr	r3, .L36
 384 0006 1A60     		str	r2, [r3]
 405:.\Generated_Source\PSoC4/UART_Temp_ISR.c **** }
 385              		.loc 1 405 0
 386              		@ sp needed
 387 0008 7047     		bx	lr
 388              	.L37:
 389 000a C046     		.align	2
 390              	.L36:
 391 000c 80E200E0 		.word	-536812928
 392              		.cfi_endproc
 393              	.LFE46:
 394              		.size	UART_Temp_ISR_ClearPending, .-UART_Temp_ISR_ClearPending
 395              		.text
 396              	.Letext0:
 397              		.file 2 "Generated_Source\\PSoC4/cytypes.h"
 398              		.file 3 "./TemperatureCommManager.h"
 399              		.file 4 "Generated_Source\\PSoC4/CyLib.h"
 400              		.section	.debug_info,"",%progbits
 401              	.Ldebug_info0:
 402 0000 12030000 		.4byte	0x312
 403 0004 0400     		.2byte	0x4
 404 0006 00000000 		.4byte	.Ldebug_abbrev0
 405 000a 04       		.byte	0x4
 406 000b 01       		.uleb128 0x1
 407 000c A7020000 		.4byte	.LASF33
 408 0010 01       		.byte	0x1
 409 0011 19000000 		.4byte	.LASF34
 410 0015 2B010000 		.4byte	.LASF35
 411 0019 00000000 		.4byte	.Ldebug_ranges0+0
 412 001d 00000000 		.4byte	0
 413 0021 00000000 		.4byte	.Ldebug_line0
 414 0025 02       		.uleb128 0x2
 415 0026 01       		.byte	0x1
 416 0027 06       		.byte	0x6
 417 0028 57030000 		.4byte	.LASF0
 418 002c 02       		.uleb128 0x2
 419 002d 01       		.byte	0x1
 420 002e 08       		.byte	0x8
 421 002f F7000000 		.4byte	.LASF1
 422 0033 02       		.uleb128 0x2
 423 0034 02       		.byte	0x2
 424 0035 05       		.byte	0x5
 425 0036 35030000 		.4byte	.LASF2
 426 003a 02       		.uleb128 0x2
 427 003b 02       		.byte	0x2
 428 003c 07       		.byte	0x7
 429 003d 65000000 		.4byte	.LASF3
 430 0041 02       		.uleb128 0x2
 431 0042 04       		.byte	0x4
 432 0043 05       		.byte	0x5
 433 0044 4E030000 		.4byte	.LASF4
ARM GAS  C:\Users\kylep\AppData\Local\Temp\ccuKpP6g.s 			page 16


 434 0048 02       		.uleb128 0x2
 435 0049 04       		.byte	0x4
 436 004a 07       		.byte	0x7
 437 004b 99010000 		.4byte	.LASF5
 438 004f 02       		.uleb128 0x2
 439 0050 08       		.byte	0x8
 440 0051 05       		.byte	0x5
 441 0052 94020000 		.4byte	.LASF6
 442 0056 02       		.uleb128 0x2
 443 0057 08       		.byte	0x8
 444 0058 07       		.byte	0x7
 445 0059 E0000000 		.4byte	.LASF7
 446 005d 03       		.uleb128 0x3
 447 005e 04       		.byte	0x4
 448 005f 05       		.byte	0x5
 449 0060 696E7400 		.ascii	"int\000"
 450 0064 02       		.uleb128 0x2
 451 0065 04       		.byte	0x4
 452 0066 07       		.byte	0x7
 453 0067 3C020000 		.4byte	.LASF8
 454 006b 04       		.uleb128 0x4
 455 006c AB010000 		.4byte	.LASF9
 456 0070 02       		.byte	0x2
 457 0071 3801     		.2byte	0x138
 458 0073 2C000000 		.4byte	0x2c
 459 0077 04       		.uleb128 0x4
 460 0078 06020000 		.4byte	.LASF10
 461 007c 02       		.byte	0x2
 462 007d 3A01     		.2byte	0x13a
 463 007f 48000000 		.4byte	0x48
 464 0083 02       		.uleb128 0x2
 465 0084 04       		.byte	0x4
 466 0085 04       		.byte	0x4
 467 0086 BF000000 		.4byte	.LASF11
 468 008a 02       		.uleb128 0x2
 469 008b 08       		.byte	0x8
 470 008c 04       		.byte	0x4
 471 008d BA010000 		.4byte	.LASF12
 472 0091 02       		.uleb128 0x2
 473 0092 01       		.byte	0x1
 474 0093 08       		.byte	0x8
 475 0094 A2020000 		.4byte	.LASF13
 476 0098 04       		.uleb128 0x4
 477 0099 13000000 		.4byte	.LASF14
 478 009d 02       		.byte	0x2
 479 009e E401     		.2byte	0x1e4
 480 00a0 A4000000 		.4byte	0xa4
 481 00a4 05       		.uleb128 0x5
 482 00a5 77000000 		.4byte	0x77
 483 00a9 04       		.uleb128 0x4
 484 00aa 7E020000 		.4byte	.LASF15
 485 00ae 02       		.byte	0x2
 486 00af F401     		.2byte	0x1f4
 487 00b1 B5000000 		.4byte	0xb5
 488 00b5 06       		.uleb128 0x6
 489 00b6 04       		.byte	0x4
 490 00b7 BB000000 		.4byte	0xbb
ARM GAS  C:\Users\kylep\AppData\Local\Temp\ccuKpP6g.s 			page 17


 491 00bb 07       		.uleb128 0x7
 492 00bc 02       		.uleb128 0x2
 493 00bd 04       		.byte	0x4
 494 00be 07       		.byte	0x7
 495 00bf 8B020000 		.4byte	.LASF16
 496 00c3 08       		.uleb128 0x8
 497 00c4 24020000 		.4byte	.LASF17
 498 00c8 01       		.byte	0x1
 499 00c9 A1       		.byte	0xa1
 500 00ca 00000000 		.4byte	.LFB37
 501 00ce 08000000 		.4byte	.LFE37-.LFB37
 502 00d2 01       		.uleb128 0x1
 503 00d3 9C       		.byte	0x9c
 504 00d4 E2000000 		.4byte	0xe2
 505 00d8 09       		.uleb128 0x9
 506 00d9 06000000 		.4byte	.LVL0
 507 00dd F6020000 		.4byte	0x2f6
 508 00e1 00       		.byte	0
 509 00e2 08       		.uleb128 0x8
 510 00e3 78000000 		.4byte	.LASF18
 511 00e7 01       		.byte	0x1
 512 00e8 CB       		.byte	0xcb
 513 00e9 00000000 		.4byte	.LFB38
 514 00ed 0C000000 		.4byte	.LFE38-.LFB38
 515 00f1 01       		.uleb128 0x1
 516 00f2 9C       		.byte	0x9c
 517 00f3 05010000 		.4byte	0x105
 518 00f7 0A       		.uleb128 0xa
 519 00f8 49020000 		.4byte	.LASF20
 520 00fc 01       		.byte	0x1
 521 00fd CB       		.byte	0xcb
 522 00fe A9000000 		.4byte	0xa9
 523 0102 01       		.uleb128 0x1
 524 0103 50       		.byte	0x50
 525 0104 00       		.byte	0
 526 0105 0B       		.uleb128 0xb
 527 0106 EE010000 		.4byte	.LASF24
 528 010a 01       		.byte	0x1
 529 010b DF       		.byte	0xdf
 530 010c A9000000 		.4byte	0xa9
 531 0110 00000000 		.4byte	.LFB39
 532 0114 0C000000 		.4byte	.LFE39-.LFB39
 533 0118 01       		.uleb128 0x1
 534 0119 9C       		.byte	0x9c
 535 011a 08       		.uleb128 0x8
 536 011b A5000000 		.4byte	.LASF19
 537 011f 01       		.byte	0x1
 538 0120 FD       		.byte	0xfd
 539 0121 00000000 		.4byte	.LFB40
 540 0125 20000000 		.4byte	.LFE40-.LFB40
 541 0129 01       		.uleb128 0x1
 542 012a 9C       		.byte	0x9c
 543 012b 6D010000 		.4byte	0x16d
 544 012f 0C       		.uleb128 0xc
 545 0130 B1010000 		.4byte	.LASF21
 546 0134 01       		.byte	0x1
 547 0135 FD       		.byte	0xfd
ARM GAS  C:\Users\kylep\AppData\Local\Temp\ccuKpP6g.s 			page 18


 548 0136 6B000000 		.4byte	0x6b
 549 013a 00000000 		.4byte	.LLST0
 550 013e 0D       		.uleb128 0xd
 551 013f 8A010000 		.4byte	.LASF22
 552 0143 01       		.byte	0x1
 553 0144 FF       		.byte	0xff
 554 0145 6B000000 		.4byte	0x6b
 555 0149 21000000 		.4byte	.LLST1
 556 014d 0E       		.uleb128 0xe
 557 014e 3F030000 		.4byte	.LASF23
 558 0152 01       		.byte	0x1
 559 0153 0001     		.2byte	0x100
 560 0155 77000000 		.4byte	0x77
 561 0159 1E       		.byte	0x1e
 562 015a 09       		.uleb128 0x9
 563 015b 08000000 		.4byte	.LVL4
 564 015f FD020000 		.4byte	0x2fd
 565 0163 09       		.uleb128 0x9
 566 0164 1A000000 		.4byte	.LVL5
 567 0168 08030000 		.4byte	0x308
 568 016c 00       		.byte	0
 569 016d 0F       		.uleb128 0xf
 570 016e 63030000 		.4byte	.LASF36
 571 0172 01       		.byte	0x1
 572 0173 1901     		.2byte	0x119
 573 0175 6B000000 		.4byte	0x6b
 574 0179 00000000 		.4byte	.LFB41
 575 017d 0C000000 		.4byte	.LFE41-.LFB41
 576 0181 01       		.uleb128 0x1
 577 0182 9C       		.byte	0x9c
 578 0183 A5010000 		.4byte	0x1a5
 579 0187 10       		.uleb128 0x10
 580 0188 B1010000 		.4byte	.LASF21
 581 018c 01       		.byte	0x1
 582 018d 1B01     		.2byte	0x11b
 583 018f 77000000 		.4byte	0x77
 584 0193 34000000 		.4byte	.LLST2
 585 0197 0E       		.uleb128 0xe
 586 0198 3F030000 		.4byte	.LASF23
 587 019c 01       		.byte	0x1
 588 019d 1C01     		.2byte	0x11c
 589 019f 77000000 		.4byte	0x77
 590 01a3 1E       		.byte	0x1e
 591 01a4 00       		.byte	0
 592 01a5 11       		.uleb128 0x11
 593 01a6 90000000 		.4byte	.LASF26
 594 01aa 01       		.byte	0x1
 595 01ab 3401     		.2byte	0x134
 596 01ad 00000000 		.4byte	.LFB42
 597 01b1 10000000 		.4byte	.LFE42-.LFB42
 598 01b5 01       		.uleb128 0x1
 599 01b6 9C       		.byte	0x9c
 600 01b7 12       		.uleb128 0x12
 601 01b8 67020000 		.4byte	.LASF25
 602 01bc 01       		.byte	0x1
 603 01bd 4901     		.2byte	0x149
 604 01bf 6B000000 		.4byte	0x6b
ARM GAS  C:\Users\kylep\AppData\Local\Temp\ccuKpP6g.s 			page 19


 605 01c3 00000000 		.4byte	.LFB43
 606 01c7 14000000 		.4byte	.LFE43-.LFB43
 607 01cb 01       		.uleb128 0x1
 608 01cc 9C       		.byte	0x9c
 609 01cd 11       		.uleb128 0x11
 610 01ce 4F000000 		.4byte	.LASF27
 611 01d2 01       		.byte	0x1
 612 01d3 5E01     		.2byte	0x15e
 613 01d5 00000000 		.4byte	.LFB44
 614 01d9 10000000 		.4byte	.LFE44-.LFB44
 615 01dd 01       		.uleb128 0x1
 616 01de 9C       		.byte	0x9c
 617 01df 08       		.uleb128 0x8
 618 01e0 DA010000 		.4byte	.LASF28
 619 01e4 01       		.byte	0x1
 620 01e5 3A       		.byte	0x3a
 621 01e6 00000000 		.4byte	.LFB34
 622 01ea 1C000000 		.4byte	.LFE34-.LFB34
 623 01ee 01       		.uleb128 0x1
 624 01ef 9C       		.byte	0x9c
 625 01f0 31020000 		.4byte	0x231
 626 01f4 09       		.uleb128 0x9
 627 01f5 06000000 		.4byte	.LVL9
 628 01f9 CD010000 		.4byte	0x1cd
 629 01fd 13       		.uleb128 0x13
 630 01fe 0C000000 		.4byte	.LVL10
 631 0202 E2000000 		.4byte	0xe2
 632 0206 14020000 		.4byte	0x214
 633 020a 14       		.uleb128 0x14
 634 020b 01       		.uleb128 0x1
 635 020c 50       		.byte	0x50
 636 020d 05       		.uleb128 0x5
 637 020e 03       		.byte	0x3
 638 020f 00000000 		.4byte	UART_Temp_ISR_Interrupt
 639 0213 00       		.byte	0
 640 0214 13       		.uleb128 0x13
 641 0215 12000000 		.4byte	.LVL11
 642 0219 1A010000 		.4byte	0x11a
 643 021d 27020000 		.4byte	0x227
 644 0221 14       		.uleb128 0x14
 645 0222 01       		.uleb128 0x1
 646 0223 50       		.byte	0x50
 647 0224 01       		.uleb128 0x1
 648 0225 33       		.byte	0x33
 649 0226 00       		.byte	0
 650 0227 09       		.uleb128 0x9
 651 0228 16000000 		.4byte	.LVL12
 652 022c A5010000 		.4byte	0x1a5
 653 0230 00       		.byte	0
 654 0231 08       		.uleb128 0x8
 655 0232 7D030000 		.4byte	.LASF29
 656 0236 01       		.byte	0x1
 657 0237 65       		.byte	0x65
 658 0238 00000000 		.4byte	.LFB35
 659 023c 1A000000 		.4byte	.LFE35-.LFB35
 660 0240 01       		.uleb128 0x1
 661 0241 9C       		.byte	0x9c
ARM GAS  C:\Users\kylep\AppData\Local\Temp\ccuKpP6g.s 			page 20


 662 0242 8F020000 		.4byte	0x28f
 663 0246 0C       		.uleb128 0xc
 664 0247 49020000 		.4byte	.LASF20
 665 024b 01       		.byte	0x1
 666 024c 65       		.byte	0x65
 667 024d A9000000 		.4byte	0xa9
 668 0251 56000000 		.4byte	.LLST3
 669 0255 09       		.uleb128 0x9
 670 0256 08000000 		.4byte	.LVL14
 671 025a CD010000 		.4byte	0x1cd
 672 025e 13       		.uleb128 0x13
 673 025f 0E000000 		.4byte	.LVL15
 674 0263 E2000000 		.4byte	0xe2
 675 0267 72020000 		.4byte	0x272
 676 026b 14       		.uleb128 0x14
 677 026c 01       		.uleb128 0x1
 678 026d 50       		.byte	0x50
 679 026e 02       		.uleb128 0x2
 680 026f 74       		.byte	0x74
 681 0270 00       		.sleb128 0
 682 0271 00       		.byte	0
 683 0272 13       		.uleb128 0x13
 684 0273 14000000 		.4byte	.LVL16
 685 0277 1A010000 		.4byte	0x11a
 686 027b 85020000 		.4byte	0x285
 687 027f 14       		.uleb128 0x14
 688 0280 01       		.uleb128 0x1
 689 0281 50       		.byte	0x50
 690 0282 01       		.uleb128 0x1
 691 0283 33       		.byte	0x33
 692 0284 00       		.byte	0
 693 0285 09       		.uleb128 0x9
 694 0286 18000000 		.4byte	.LVL17
 695 028a A5010000 		.4byte	0x1a5
 696 028e 00       		.byte	0
 697 028f 08       		.uleb128 0x8
 698 0290 00000000 		.4byte	.LASF30
 699 0294 01       		.byte	0x1
 700 0295 83       		.byte	0x83
 701 0296 00000000 		.4byte	.LFB36
 702 029a 14000000 		.4byte	.LFE36-.LFB36
 703 029e 01       		.uleb128 0x1
 704 029f 9C       		.byte	0x9c
 705 02a0 B7020000 		.4byte	0x2b7
 706 02a4 09       		.uleb128 0x9
 707 02a5 06000000 		.4byte	.LVL19
 708 02a9 CD010000 		.4byte	0x1cd
 709 02ad 09       		.uleb128 0x9
 710 02ae 0C000000 		.4byte	.LVL20
 711 02b2 E2000000 		.4byte	0xe2
 712 02b6 00       		.byte	0
 713 02b7 11       		.uleb128 0x11
 714 02b8 C1010000 		.4byte	.LASF31
 715 02bc 01       		.byte	0x1
 716 02bd 7901     		.2byte	0x179
 717 02bf 00000000 		.4byte	.LFB45
 718 02c3 10000000 		.4byte	.LFE45-.LFB45
ARM GAS  C:\Users\kylep\AppData\Local\Temp\ccuKpP6g.s 			page 21


 719 02c7 01       		.uleb128 0x1
 720 02c8 9C       		.byte	0x9c
 721 02c9 11       		.uleb128 0x11
 722 02ca C5000000 		.4byte	.LASF32
 723 02ce 01       		.byte	0x1
 724 02cf 9201     		.2byte	0x192
 725 02d1 00000000 		.4byte	.LFB46
 726 02d5 10000000 		.4byte	.LFE46-.LFB46
 727 02d9 01       		.uleb128 0x1
 728 02da 9C       		.byte	0x9c
 729 02db 15       		.uleb128 0x15
 730 02dc A9000000 		.4byte	0xa9
 731 02e0 EB020000 		.4byte	0x2eb
 732 02e4 16       		.uleb128 0x16
 733 02e5 BC000000 		.4byte	0xbc
 734 02e9 2F       		.byte	0x2f
 735 02ea 00       		.byte	0
 736 02eb 17       		.uleb128 0x17
 737 02ec 42000000 		.4byte	.LASF37
 738 02f0 01       		.byte	0x1
 739 02f1 23       		.byte	0x23
 740 02f2 DB020000 		.4byte	0x2db
 741 02f6 18       		.uleb128 0x18
 742 02f7 05010000 		.4byte	.LASF38
 743 02fb 03       		.byte	0x3
 744 02fc 1E       		.byte	0x1e
 745 02fd 19       		.uleb128 0x19
 746 02fe 0D020000 		.4byte	.LASF39
 747 0302 04       		.byte	0x4
 748 0303 61       		.byte	0x61
 749 0304 6B000000 		.4byte	0x6b
 750 0308 1A       		.uleb128 0x1a
 751 0309 51020000 		.4byte	.LASF40
 752 030d 04       		.byte	0x4
 753 030e 62       		.byte	0x62
 754 030f 1B       		.uleb128 0x1b
 755 0310 6B000000 		.4byte	0x6b
 756 0314 00       		.byte	0
 757 0315 00       		.byte	0
 758              		.section	.debug_abbrev,"",%progbits
 759              	.Ldebug_abbrev0:
 760 0000 01       		.uleb128 0x1
 761 0001 11       		.uleb128 0x11
 762 0002 01       		.byte	0x1
 763 0003 25       		.uleb128 0x25
 764 0004 0E       		.uleb128 0xe
 765 0005 13       		.uleb128 0x13
 766 0006 0B       		.uleb128 0xb
 767 0007 03       		.uleb128 0x3
 768 0008 0E       		.uleb128 0xe
 769 0009 1B       		.uleb128 0x1b
 770 000a 0E       		.uleb128 0xe
 771 000b 55       		.uleb128 0x55
 772 000c 17       		.uleb128 0x17
 773 000d 11       		.uleb128 0x11
 774 000e 01       		.uleb128 0x1
 775 000f 10       		.uleb128 0x10
ARM GAS  C:\Users\kylep\AppData\Local\Temp\ccuKpP6g.s 			page 22


 776 0010 17       		.uleb128 0x17
 777 0011 00       		.byte	0
 778 0012 00       		.byte	0
 779 0013 02       		.uleb128 0x2
 780 0014 24       		.uleb128 0x24
 781 0015 00       		.byte	0
 782 0016 0B       		.uleb128 0xb
 783 0017 0B       		.uleb128 0xb
 784 0018 3E       		.uleb128 0x3e
 785 0019 0B       		.uleb128 0xb
 786 001a 03       		.uleb128 0x3
 787 001b 0E       		.uleb128 0xe
 788 001c 00       		.byte	0
 789 001d 00       		.byte	0
 790 001e 03       		.uleb128 0x3
 791 001f 24       		.uleb128 0x24
 792 0020 00       		.byte	0
 793 0021 0B       		.uleb128 0xb
 794 0022 0B       		.uleb128 0xb
 795 0023 3E       		.uleb128 0x3e
 796 0024 0B       		.uleb128 0xb
 797 0025 03       		.uleb128 0x3
 798 0026 08       		.uleb128 0x8
 799 0027 00       		.byte	0
 800 0028 00       		.byte	0
 801 0029 04       		.uleb128 0x4
 802 002a 16       		.uleb128 0x16
 803 002b 00       		.byte	0
 804 002c 03       		.uleb128 0x3
 805 002d 0E       		.uleb128 0xe
 806 002e 3A       		.uleb128 0x3a
 807 002f 0B       		.uleb128 0xb
 808 0030 3B       		.uleb128 0x3b
 809 0031 05       		.uleb128 0x5
 810 0032 49       		.uleb128 0x49
 811 0033 13       		.uleb128 0x13
 812 0034 00       		.byte	0
 813 0035 00       		.byte	0
 814 0036 05       		.uleb128 0x5
 815 0037 35       		.uleb128 0x35
 816 0038 00       		.byte	0
 817 0039 49       		.uleb128 0x49
 818 003a 13       		.uleb128 0x13
 819 003b 00       		.byte	0
 820 003c 00       		.byte	0
 821 003d 06       		.uleb128 0x6
 822 003e 0F       		.uleb128 0xf
 823 003f 00       		.byte	0
 824 0040 0B       		.uleb128 0xb
 825 0041 0B       		.uleb128 0xb
 826 0042 49       		.uleb128 0x49
 827 0043 13       		.uleb128 0x13
 828 0044 00       		.byte	0
 829 0045 00       		.byte	0
 830 0046 07       		.uleb128 0x7
 831 0047 15       		.uleb128 0x15
 832 0048 00       		.byte	0
ARM GAS  C:\Users\kylep\AppData\Local\Temp\ccuKpP6g.s 			page 23


 833 0049 27       		.uleb128 0x27
 834 004a 19       		.uleb128 0x19
 835 004b 00       		.byte	0
 836 004c 00       		.byte	0
 837 004d 08       		.uleb128 0x8
 838 004e 2E       		.uleb128 0x2e
 839 004f 01       		.byte	0x1
 840 0050 3F       		.uleb128 0x3f
 841 0051 19       		.uleb128 0x19
 842 0052 03       		.uleb128 0x3
 843 0053 0E       		.uleb128 0xe
 844 0054 3A       		.uleb128 0x3a
 845 0055 0B       		.uleb128 0xb
 846 0056 3B       		.uleb128 0x3b
 847 0057 0B       		.uleb128 0xb
 848 0058 27       		.uleb128 0x27
 849 0059 19       		.uleb128 0x19
 850 005a 11       		.uleb128 0x11
 851 005b 01       		.uleb128 0x1
 852 005c 12       		.uleb128 0x12
 853 005d 06       		.uleb128 0x6
 854 005e 40       		.uleb128 0x40
 855 005f 18       		.uleb128 0x18
 856 0060 9742     		.uleb128 0x2117
 857 0062 19       		.uleb128 0x19
 858 0063 01       		.uleb128 0x1
 859 0064 13       		.uleb128 0x13
 860 0065 00       		.byte	0
 861 0066 00       		.byte	0
 862 0067 09       		.uleb128 0x9
 863 0068 898201   		.uleb128 0x4109
 864 006b 00       		.byte	0
 865 006c 11       		.uleb128 0x11
 866 006d 01       		.uleb128 0x1
 867 006e 31       		.uleb128 0x31
 868 006f 13       		.uleb128 0x13
 869 0070 00       		.byte	0
 870 0071 00       		.byte	0
 871 0072 0A       		.uleb128 0xa
 872 0073 05       		.uleb128 0x5
 873 0074 00       		.byte	0
 874 0075 03       		.uleb128 0x3
 875 0076 0E       		.uleb128 0xe
 876 0077 3A       		.uleb128 0x3a
 877 0078 0B       		.uleb128 0xb
 878 0079 3B       		.uleb128 0x3b
 879 007a 0B       		.uleb128 0xb
 880 007b 49       		.uleb128 0x49
 881 007c 13       		.uleb128 0x13
 882 007d 02       		.uleb128 0x2
 883 007e 18       		.uleb128 0x18
 884 007f 00       		.byte	0
 885 0080 00       		.byte	0
 886 0081 0B       		.uleb128 0xb
 887 0082 2E       		.uleb128 0x2e
 888 0083 00       		.byte	0
 889 0084 3F       		.uleb128 0x3f
ARM GAS  C:\Users\kylep\AppData\Local\Temp\ccuKpP6g.s 			page 24


 890 0085 19       		.uleb128 0x19
 891 0086 03       		.uleb128 0x3
 892 0087 0E       		.uleb128 0xe
 893 0088 3A       		.uleb128 0x3a
 894 0089 0B       		.uleb128 0xb
 895 008a 3B       		.uleb128 0x3b
 896 008b 0B       		.uleb128 0xb
 897 008c 27       		.uleb128 0x27
 898 008d 19       		.uleb128 0x19
 899 008e 49       		.uleb128 0x49
 900 008f 13       		.uleb128 0x13
 901 0090 11       		.uleb128 0x11
 902 0091 01       		.uleb128 0x1
 903 0092 12       		.uleb128 0x12
 904 0093 06       		.uleb128 0x6
 905 0094 40       		.uleb128 0x40
 906 0095 18       		.uleb128 0x18
 907 0096 9742     		.uleb128 0x2117
 908 0098 19       		.uleb128 0x19
 909 0099 00       		.byte	0
 910 009a 00       		.byte	0
 911 009b 0C       		.uleb128 0xc
 912 009c 05       		.uleb128 0x5
 913 009d 00       		.byte	0
 914 009e 03       		.uleb128 0x3
 915 009f 0E       		.uleb128 0xe
 916 00a0 3A       		.uleb128 0x3a
 917 00a1 0B       		.uleb128 0xb
 918 00a2 3B       		.uleb128 0x3b
 919 00a3 0B       		.uleb128 0xb
 920 00a4 49       		.uleb128 0x49
 921 00a5 13       		.uleb128 0x13
 922 00a6 02       		.uleb128 0x2
 923 00a7 17       		.uleb128 0x17
 924 00a8 00       		.byte	0
 925 00a9 00       		.byte	0
 926 00aa 0D       		.uleb128 0xd
 927 00ab 34       		.uleb128 0x34
 928 00ac 00       		.byte	0
 929 00ad 03       		.uleb128 0x3
 930 00ae 0E       		.uleb128 0xe
 931 00af 3A       		.uleb128 0x3a
 932 00b0 0B       		.uleb128 0xb
 933 00b1 3B       		.uleb128 0x3b
 934 00b2 0B       		.uleb128 0xb
 935 00b3 49       		.uleb128 0x49
 936 00b4 13       		.uleb128 0x13
 937 00b5 02       		.uleb128 0x2
 938 00b6 17       		.uleb128 0x17
 939 00b7 00       		.byte	0
 940 00b8 00       		.byte	0
 941 00b9 0E       		.uleb128 0xe
 942 00ba 34       		.uleb128 0x34
 943 00bb 00       		.byte	0
 944 00bc 03       		.uleb128 0x3
 945 00bd 0E       		.uleb128 0xe
 946 00be 3A       		.uleb128 0x3a
ARM GAS  C:\Users\kylep\AppData\Local\Temp\ccuKpP6g.s 			page 25


 947 00bf 0B       		.uleb128 0xb
 948 00c0 3B       		.uleb128 0x3b
 949 00c1 05       		.uleb128 0x5
 950 00c2 49       		.uleb128 0x49
 951 00c3 13       		.uleb128 0x13
 952 00c4 1C       		.uleb128 0x1c
 953 00c5 0B       		.uleb128 0xb
 954 00c6 00       		.byte	0
 955 00c7 00       		.byte	0
 956 00c8 0F       		.uleb128 0xf
 957 00c9 2E       		.uleb128 0x2e
 958 00ca 01       		.byte	0x1
 959 00cb 3F       		.uleb128 0x3f
 960 00cc 19       		.uleb128 0x19
 961 00cd 03       		.uleb128 0x3
 962 00ce 0E       		.uleb128 0xe
 963 00cf 3A       		.uleb128 0x3a
 964 00d0 0B       		.uleb128 0xb
 965 00d1 3B       		.uleb128 0x3b
 966 00d2 05       		.uleb128 0x5
 967 00d3 27       		.uleb128 0x27
 968 00d4 19       		.uleb128 0x19
 969 00d5 49       		.uleb128 0x49
 970 00d6 13       		.uleb128 0x13
 971 00d7 11       		.uleb128 0x11
 972 00d8 01       		.uleb128 0x1
 973 00d9 12       		.uleb128 0x12
 974 00da 06       		.uleb128 0x6
 975 00db 40       		.uleb128 0x40
 976 00dc 18       		.uleb128 0x18
 977 00dd 9742     		.uleb128 0x2117
 978 00df 19       		.uleb128 0x19
 979 00e0 01       		.uleb128 0x1
 980 00e1 13       		.uleb128 0x13
 981 00e2 00       		.byte	0
 982 00e3 00       		.byte	0
 983 00e4 10       		.uleb128 0x10
 984 00e5 34       		.uleb128 0x34
 985 00e6 00       		.byte	0
 986 00e7 03       		.uleb128 0x3
 987 00e8 0E       		.uleb128 0xe
 988 00e9 3A       		.uleb128 0x3a
 989 00ea 0B       		.uleb128 0xb
 990 00eb 3B       		.uleb128 0x3b
 991 00ec 05       		.uleb128 0x5
 992 00ed 49       		.uleb128 0x49
 993 00ee 13       		.uleb128 0x13
 994 00ef 02       		.uleb128 0x2
 995 00f0 17       		.uleb128 0x17
 996 00f1 00       		.byte	0
 997 00f2 00       		.byte	0
 998 00f3 11       		.uleb128 0x11
 999 00f4 2E       		.uleb128 0x2e
 1000 00f5 00       		.byte	0
 1001 00f6 3F       		.uleb128 0x3f
 1002 00f7 19       		.uleb128 0x19
 1003 00f8 03       		.uleb128 0x3
ARM GAS  C:\Users\kylep\AppData\Local\Temp\ccuKpP6g.s 			page 26


 1004 00f9 0E       		.uleb128 0xe
 1005 00fa 3A       		.uleb128 0x3a
 1006 00fb 0B       		.uleb128 0xb
 1007 00fc 3B       		.uleb128 0x3b
 1008 00fd 05       		.uleb128 0x5
 1009 00fe 27       		.uleb128 0x27
 1010 00ff 19       		.uleb128 0x19
 1011 0100 11       		.uleb128 0x11
 1012 0101 01       		.uleb128 0x1
 1013 0102 12       		.uleb128 0x12
 1014 0103 06       		.uleb128 0x6
 1015 0104 40       		.uleb128 0x40
 1016 0105 18       		.uleb128 0x18
 1017 0106 9742     		.uleb128 0x2117
 1018 0108 19       		.uleb128 0x19
 1019 0109 00       		.byte	0
 1020 010a 00       		.byte	0
 1021 010b 12       		.uleb128 0x12
 1022 010c 2E       		.uleb128 0x2e
 1023 010d 00       		.byte	0
 1024 010e 3F       		.uleb128 0x3f
 1025 010f 19       		.uleb128 0x19
 1026 0110 03       		.uleb128 0x3
 1027 0111 0E       		.uleb128 0xe
 1028 0112 3A       		.uleb128 0x3a
 1029 0113 0B       		.uleb128 0xb
 1030 0114 3B       		.uleb128 0x3b
 1031 0115 05       		.uleb128 0x5
 1032 0116 27       		.uleb128 0x27
 1033 0117 19       		.uleb128 0x19
 1034 0118 49       		.uleb128 0x49
 1035 0119 13       		.uleb128 0x13
 1036 011a 11       		.uleb128 0x11
 1037 011b 01       		.uleb128 0x1
 1038 011c 12       		.uleb128 0x12
 1039 011d 06       		.uleb128 0x6
 1040 011e 40       		.uleb128 0x40
 1041 011f 18       		.uleb128 0x18
 1042 0120 9742     		.uleb128 0x2117
 1043 0122 19       		.uleb128 0x19
 1044 0123 00       		.byte	0
 1045 0124 00       		.byte	0
 1046 0125 13       		.uleb128 0x13
 1047 0126 898201   		.uleb128 0x4109
 1048 0129 01       		.byte	0x1
 1049 012a 11       		.uleb128 0x11
 1050 012b 01       		.uleb128 0x1
 1051 012c 31       		.uleb128 0x31
 1052 012d 13       		.uleb128 0x13
 1053 012e 01       		.uleb128 0x1
 1054 012f 13       		.uleb128 0x13
 1055 0130 00       		.byte	0
 1056 0131 00       		.byte	0
 1057 0132 14       		.uleb128 0x14
 1058 0133 8A8201   		.uleb128 0x410a
 1059 0136 00       		.byte	0
 1060 0137 02       		.uleb128 0x2
ARM GAS  C:\Users\kylep\AppData\Local\Temp\ccuKpP6g.s 			page 27


 1061 0138 18       		.uleb128 0x18
 1062 0139 9142     		.uleb128 0x2111
 1063 013b 18       		.uleb128 0x18
 1064 013c 00       		.byte	0
 1065 013d 00       		.byte	0
 1066 013e 15       		.uleb128 0x15
 1067 013f 01       		.uleb128 0x1
 1068 0140 01       		.byte	0x1
 1069 0141 49       		.uleb128 0x49
 1070 0142 13       		.uleb128 0x13
 1071 0143 01       		.uleb128 0x1
 1072 0144 13       		.uleb128 0x13
 1073 0145 00       		.byte	0
 1074 0146 00       		.byte	0
 1075 0147 16       		.uleb128 0x16
 1076 0148 21       		.uleb128 0x21
 1077 0149 00       		.byte	0
 1078 014a 49       		.uleb128 0x49
 1079 014b 13       		.uleb128 0x13
 1080 014c 2F       		.uleb128 0x2f
 1081 014d 0B       		.uleb128 0xb
 1082 014e 00       		.byte	0
 1083 014f 00       		.byte	0
 1084 0150 17       		.uleb128 0x17
 1085 0151 34       		.uleb128 0x34
 1086 0152 00       		.byte	0
 1087 0153 03       		.uleb128 0x3
 1088 0154 0E       		.uleb128 0xe
 1089 0155 3A       		.uleb128 0x3a
 1090 0156 0B       		.uleb128 0xb
 1091 0157 3B       		.uleb128 0x3b
 1092 0158 0B       		.uleb128 0xb
 1093 0159 49       		.uleb128 0x49
 1094 015a 13       		.uleb128 0x13
 1095 015b 3F       		.uleb128 0x3f
 1096 015c 19       		.uleb128 0x19
 1097 015d 3C       		.uleb128 0x3c
 1098 015e 19       		.uleb128 0x19
 1099 015f 00       		.byte	0
 1100 0160 00       		.byte	0
 1101 0161 18       		.uleb128 0x18
 1102 0162 2E       		.uleb128 0x2e
 1103 0163 00       		.byte	0
 1104 0164 3F       		.uleb128 0x3f
 1105 0165 19       		.uleb128 0x19
 1106 0166 03       		.uleb128 0x3
 1107 0167 0E       		.uleb128 0xe
 1108 0168 3A       		.uleb128 0x3a
 1109 0169 0B       		.uleb128 0xb
 1110 016a 3B       		.uleb128 0x3b
 1111 016b 0B       		.uleb128 0xb
 1112 016c 27       		.uleb128 0x27
 1113 016d 19       		.uleb128 0x19
 1114 016e 3C       		.uleb128 0x3c
 1115 016f 19       		.uleb128 0x19
 1116 0170 00       		.byte	0
 1117 0171 00       		.byte	0
ARM GAS  C:\Users\kylep\AppData\Local\Temp\ccuKpP6g.s 			page 28


 1118 0172 19       		.uleb128 0x19
 1119 0173 2E       		.uleb128 0x2e
 1120 0174 00       		.byte	0
 1121 0175 3F       		.uleb128 0x3f
 1122 0176 19       		.uleb128 0x19
 1123 0177 03       		.uleb128 0x3
 1124 0178 0E       		.uleb128 0xe
 1125 0179 3A       		.uleb128 0x3a
 1126 017a 0B       		.uleb128 0xb
 1127 017b 3B       		.uleb128 0x3b
 1128 017c 0B       		.uleb128 0xb
 1129 017d 27       		.uleb128 0x27
 1130 017e 19       		.uleb128 0x19
 1131 017f 49       		.uleb128 0x49
 1132 0180 13       		.uleb128 0x13
 1133 0181 3C       		.uleb128 0x3c
 1134 0182 19       		.uleb128 0x19
 1135 0183 00       		.byte	0
 1136 0184 00       		.byte	0
 1137 0185 1A       		.uleb128 0x1a
 1138 0186 2E       		.uleb128 0x2e
 1139 0187 01       		.byte	0x1
 1140 0188 3F       		.uleb128 0x3f
 1141 0189 19       		.uleb128 0x19
 1142 018a 03       		.uleb128 0x3
 1143 018b 0E       		.uleb128 0xe
 1144 018c 3A       		.uleb128 0x3a
 1145 018d 0B       		.uleb128 0xb
 1146 018e 3B       		.uleb128 0x3b
 1147 018f 0B       		.uleb128 0xb
 1148 0190 27       		.uleb128 0x27
 1149 0191 19       		.uleb128 0x19
 1150 0192 3C       		.uleb128 0x3c
 1151 0193 19       		.uleb128 0x19
 1152 0194 00       		.byte	0
 1153 0195 00       		.byte	0
 1154 0196 1B       		.uleb128 0x1b
 1155 0197 05       		.uleb128 0x5
 1156 0198 00       		.byte	0
 1157 0199 49       		.uleb128 0x49
 1158 019a 13       		.uleb128 0x13
 1159 019b 00       		.byte	0
 1160 019c 00       		.byte	0
 1161 019d 00       		.byte	0
 1162              		.section	.debug_loc,"",%progbits
 1163              	.Ldebug_loc0:
 1164              	.LLST0:
 1165 0000 00000000 		.4byte	.LVL2
 1166 0004 07000000 		.4byte	.LVL4-1
 1167 0008 0100     		.2byte	0x1
 1168 000a 50       		.byte	0x50
 1169 000b 07000000 		.4byte	.LVL4-1
 1170 000f 20000000 		.4byte	.LFE40
 1171 0013 0400     		.2byte	0x4
 1172 0015 F3       		.byte	0xf3
 1173 0016 01       		.uleb128 0x1
 1174 0017 50       		.byte	0x50
ARM GAS  C:\Users\kylep\AppData\Local\Temp\ccuKpP6g.s 			page 29


 1175 0018 9F       		.byte	0x9f
 1176 0019 00000000 		.4byte	0
 1177 001d 00000000 		.4byte	0
 1178              	.LLST1:
 1179 0021 08000000 		.4byte	.LVL4
 1180 0025 19000000 		.4byte	.LVL5-1
 1181 0029 0100     		.2byte	0x1
 1182 002b 50       		.byte	0x50
 1183 002c 00000000 		.4byte	0
 1184 0030 00000000 		.4byte	0
 1185              	.LLST2:
 1186 0034 04000000 		.4byte	.LVL7
 1187 0038 06000000 		.4byte	.LVL8
 1188 003c 0500     		.2byte	0x5
 1189 003e 70       		.byte	0x70
 1190 003f 00       		.sleb128 0
 1191 0040 4E       		.byte	0x4e
 1192 0041 25       		.byte	0x25
 1193 0042 9F       		.byte	0x9f
 1194 0043 06000000 		.4byte	.LVL8
 1195 0047 0C000000 		.4byte	.LFE41
 1196 004b 0100     		.2byte	0x1
 1197 004d 50       		.byte	0x50
 1198 004e 00000000 		.4byte	0
 1199 0052 00000000 		.4byte	0
 1200              	.LLST3:
 1201 0056 00000000 		.4byte	.LVL13
 1202 005a 07000000 		.4byte	.LVL14-1
 1203 005e 0100     		.2byte	0x1
 1204 0060 50       		.byte	0x50
 1205 0061 07000000 		.4byte	.LVL14-1
 1206 0065 18000000 		.4byte	.LVL18
 1207 0069 0100     		.2byte	0x1
 1208 006b 54       		.byte	0x54
 1209 006c 18000000 		.4byte	.LVL18
 1210 0070 1A000000 		.4byte	.LFE35
 1211 0074 0400     		.2byte	0x4
 1212 0076 F3       		.byte	0xf3
 1213 0077 01       		.uleb128 0x1
 1214 0078 50       		.byte	0x50
 1215 0079 9F       		.byte	0x9f
 1216 007a 00000000 		.4byte	0
 1217 007e 00000000 		.4byte	0
 1218              		.section	.debug_aranges,"",%progbits
 1219 0000 7C000000 		.4byte	0x7c
 1220 0004 0200     		.2byte	0x2
 1221 0006 00000000 		.4byte	.Ldebug_info0
 1222 000a 04       		.byte	0x4
 1223 000b 00       		.byte	0
 1224 000c 0000     		.2byte	0
 1225 000e 0000     		.2byte	0
 1226 0010 00000000 		.4byte	.LFB37
 1227 0014 08000000 		.4byte	.LFE37-.LFB37
 1228 0018 00000000 		.4byte	.LFB38
 1229 001c 0C000000 		.4byte	.LFE38-.LFB38
 1230 0020 00000000 		.4byte	.LFB39
 1231 0024 0C000000 		.4byte	.LFE39-.LFB39
ARM GAS  C:\Users\kylep\AppData\Local\Temp\ccuKpP6g.s 			page 30


 1232 0028 00000000 		.4byte	.LFB40
 1233 002c 20000000 		.4byte	.LFE40-.LFB40
 1234 0030 00000000 		.4byte	.LFB41
 1235 0034 0C000000 		.4byte	.LFE41-.LFB41
 1236 0038 00000000 		.4byte	.LFB42
 1237 003c 10000000 		.4byte	.LFE42-.LFB42
 1238 0040 00000000 		.4byte	.LFB43
 1239 0044 14000000 		.4byte	.LFE43-.LFB43
 1240 0048 00000000 		.4byte	.LFB44
 1241 004c 10000000 		.4byte	.LFE44-.LFB44
 1242 0050 00000000 		.4byte	.LFB34
 1243 0054 1C000000 		.4byte	.LFE34-.LFB34
 1244 0058 00000000 		.4byte	.LFB35
 1245 005c 1A000000 		.4byte	.LFE35-.LFB35
 1246 0060 00000000 		.4byte	.LFB36
 1247 0064 14000000 		.4byte	.LFE36-.LFB36
 1248 0068 00000000 		.4byte	.LFB45
 1249 006c 10000000 		.4byte	.LFE45-.LFB45
 1250 0070 00000000 		.4byte	.LFB46
 1251 0074 10000000 		.4byte	.LFE46-.LFB46
 1252 0078 00000000 		.4byte	0
 1253 007c 00000000 		.4byte	0
 1254              		.section	.debug_ranges,"",%progbits
 1255              	.Ldebug_ranges0:
 1256 0000 00000000 		.4byte	.LFB37
 1257 0004 08000000 		.4byte	.LFE37
 1258 0008 00000000 		.4byte	.LFB38
 1259 000c 0C000000 		.4byte	.LFE38
 1260 0010 00000000 		.4byte	.LFB39
 1261 0014 0C000000 		.4byte	.LFE39
 1262 0018 00000000 		.4byte	.LFB40
 1263 001c 20000000 		.4byte	.LFE40
 1264 0020 00000000 		.4byte	.LFB41
 1265 0024 0C000000 		.4byte	.LFE41
 1266 0028 00000000 		.4byte	.LFB42
 1267 002c 10000000 		.4byte	.LFE42
 1268 0030 00000000 		.4byte	.LFB43
 1269 0034 14000000 		.4byte	.LFE43
 1270 0038 00000000 		.4byte	.LFB44
 1271 003c 10000000 		.4byte	.LFE44
 1272 0040 00000000 		.4byte	.LFB34
 1273 0044 1C000000 		.4byte	.LFE34
 1274 0048 00000000 		.4byte	.LFB35
 1275 004c 1A000000 		.4byte	.LFE35
 1276 0050 00000000 		.4byte	.LFB36
 1277 0054 14000000 		.4byte	.LFE36
 1278 0058 00000000 		.4byte	.LFB45
 1279 005c 10000000 		.4byte	.LFE45
 1280 0060 00000000 		.4byte	.LFB46
 1281 0064 10000000 		.4byte	.LFE46
 1282 0068 00000000 		.4byte	0
 1283 006c 00000000 		.4byte	0
 1284              		.section	.debug_line,"",%progbits
 1285              	.Ldebug_line0:
 1286 0000 8B010000 		.section	.debug_str,"MS",%progbits,1
 1286      02008C00 
 1286      00000201 
ARM GAS  C:\Users\kylep\AppData\Local\Temp\ccuKpP6g.s 			page 31


 1286      FB0E0D00 
 1286      01010101 
 1287              	.LASF30:
 1288 0000 55415254 		.ascii	"UART_Temp_ISR_Stop\000"
 1288      5F54656D 
 1288      705F4953 
 1288      525F5374 
 1288      6F7000
 1289              	.LASF14:
 1290 0013 72656733 		.ascii	"reg32\000"
 1290      3200
 1291              	.LASF34:
 1292 0019 2E5C4765 		.ascii	".\\Generated_Source\\PSoC4\\UART_Temp_ISR.c\000"
 1292      6E657261 
 1292      7465645F 
 1292      536F7572 
 1292      63655C50 
 1293              	.LASF37:
 1294 0042 43795261 		.ascii	"CyRamVectors\000"
 1294      6D566563 
 1294      746F7273 
 1294      00
 1295              	.LASF27:
 1296 004f 55415254 		.ascii	"UART_Temp_ISR_Disable\000"
 1296      5F54656D 
 1296      705F4953 
 1296      525F4469 
 1296      7361626C 
 1297              	.LASF3:
 1298 0065 73686F72 		.ascii	"short unsigned int\000"
 1298      7420756E 
 1298      7369676E 
 1298      65642069 
 1298      6E7400
 1299              	.LASF18:
 1300 0078 55415254 		.ascii	"UART_Temp_ISR_SetVector\000"
 1300      5F54656D 
 1300      705F4953 
 1300      525F5365 
 1300      74566563 
 1301              	.LASF26:
 1302 0090 55415254 		.ascii	"UART_Temp_ISR_Enable\000"
 1302      5F54656D 
 1302      705F4953 
 1302      525F456E 
 1302      61626C65 
 1303              	.LASF19:
 1304 00a5 55415254 		.ascii	"UART_Temp_ISR_SetPriority\000"
 1304      5F54656D 
 1304      705F4953 
 1304      525F5365 
 1304      74507269 
 1305              	.LASF11:
 1306 00bf 666C6F61 		.ascii	"float\000"
 1306      7400
 1307              	.LASF32:
 1308 00c5 55415254 		.ascii	"UART_Temp_ISR_ClearPending\000"
ARM GAS  C:\Users\kylep\AppData\Local\Temp\ccuKpP6g.s 			page 32


 1308      5F54656D 
 1308      705F4953 
 1308      525F436C 
 1308      65617250 
 1309              	.LASF7:
 1310 00e0 6C6F6E67 		.ascii	"long long unsigned int\000"
 1310      206C6F6E 
 1310      6720756E 
 1310      7369676E 
 1310      65642069 
 1311              	.LASF1:
 1312 00f7 756E7369 		.ascii	"unsigned char\000"
 1312      676E6564 
 1312      20636861 
 1312      7200
 1313              	.LASF38:
 1314 0105 70726F63 		.ascii	"processTemperatureByteReceivedHandler\000"
 1314      65737354 
 1314      656D7065 
 1314      72617475 
 1314      72654279 
 1315              	.LASF35:
 1316 012b 433A5C55 		.ascii	"C:\\Users\\kylep\\Box Sync\\Feniex Firmware Files\\"
 1316      73657273 
 1316      5C6B796C 
 1316      65705C42 
 1316      6F782053 
 1317 0159 414C425C 		.ascii	"ALB\\81-00022-01 ALB LED Driver\\81-00022-01.cydsn\000"
 1317      38312D30 
 1317      30303232 
 1317      2D303120 
 1317      414C4220 
 1318              	.LASF22:
 1319 018a 696E7465 		.ascii	"interruptState\000"
 1319      72727570 
 1319      74537461 
 1319      746500
 1320              	.LASF5:
 1321 0199 6C6F6E67 		.ascii	"long unsigned int\000"
 1321      20756E73 
 1321      69676E65 
 1321      6420696E 
 1321      7400
 1322              	.LASF9:
 1323 01ab 75696E74 		.ascii	"uint8\000"
 1323      3800
 1324              	.LASF21:
 1325 01b1 7072696F 		.ascii	"priority\000"
 1325      72697479 
 1325      00
 1326              	.LASF12:
 1327 01ba 646F7562 		.ascii	"double\000"
 1327      6C6500
 1328              	.LASF31:
 1329 01c1 55415254 		.ascii	"UART_Temp_ISR_SetPending\000"
 1329      5F54656D 
 1329      705F4953 
ARM GAS  C:\Users\kylep\AppData\Local\Temp\ccuKpP6g.s 			page 33


 1329      525F5365 
 1329      7450656E 
 1330              	.LASF28:
 1331 01da 55415254 		.ascii	"UART_Temp_ISR_Start\000"
 1331      5F54656D 
 1331      705F4953 
 1331      525F5374 
 1331      61727400 
 1332              	.LASF24:
 1333 01ee 55415254 		.ascii	"UART_Temp_ISR_GetVector\000"
 1333      5F54656D 
 1333      705F4953 
 1333      525F4765 
 1333      74566563 
 1334              	.LASF10:
 1335 0206 75696E74 		.ascii	"uint32\000"
 1335      333200
 1336              	.LASF39:
 1337 020d 4379456E 		.ascii	"CyEnterCriticalSection\000"
 1337      74657243 
 1337      72697469 
 1337      63616C53 
 1337      65637469 
 1338              	.LASF17:
 1339 0224 55415254 		.ascii	"UART_Temp_ISR_Interrupt\000"
 1339      5F54656D 
 1339      705F4953 
 1339      525F496E 
 1339      74657272 
 1340              	.LASF8:
 1341 023c 756E7369 		.ascii	"unsigned int\000"
 1341      676E6564 
 1341      20696E74 
 1341      00
 1342              	.LASF20:
 1343 0249 61646472 		.ascii	"address\000"
 1343      65737300 
 1344              	.LASF40:
 1345 0251 43794578 		.ascii	"CyExitCriticalSection\000"
 1345      69744372 
 1345      69746963 
 1345      616C5365 
 1345      6374696F 
 1346              	.LASF25:
 1347 0267 55415254 		.ascii	"UART_Temp_ISR_GetState\000"
 1347      5F54656D 
 1347      705F4953 
 1347      525F4765 
 1347      74537461 
 1348              	.LASF15:
 1349 027e 63796973 		.ascii	"cyisraddress\000"
 1349      72616464 
 1349      72657373 
 1349      00
 1350              	.LASF16:
 1351 028b 73697A65 		.ascii	"sizetype\000"
 1351      74797065 
ARM GAS  C:\Users\kylep\AppData\Local\Temp\ccuKpP6g.s 			page 34


 1351      00
 1352              	.LASF6:
 1353 0294 6C6F6E67 		.ascii	"long long int\000"
 1353      206C6F6E 
 1353      6720696E 
 1353      7400
 1354              	.LASF13:
 1355 02a2 63686172 		.ascii	"char\000"
 1355      00
 1356              	.LASF33:
 1357 02a7 474E5520 		.ascii	"GNU C 4.9.3 20150303 (release) [ARM/embedded-4_9-br"
 1357      4320342E 
 1357      392E3320 
 1357      32303135 
 1357      30333033 
 1358 02da 616E6368 		.ascii	"anch revision 221220] -mcpu=cortex-m0 -mthumb -g -O"
 1358      20726576 
 1358      6973696F 
 1358      6E203232 
 1358      31323230 
 1359 030d 67202D66 		.ascii	"g -ffunction-sections -ffat-lto-objects\000"
 1359      66756E63 
 1359      74696F6E 
 1359      2D736563 
 1359      74696F6E 
 1360              	.LASF2:
 1361 0335 73686F72 		.ascii	"short int\000"
 1361      7420696E 
 1361      7400
 1362              	.LASF23:
 1363 033f 7072696F 		.ascii	"priorityOffset\000"
 1363      72697479 
 1363      4F666673 
 1363      657400
 1364              	.LASF4:
 1365 034e 6C6F6E67 		.ascii	"long int\000"
 1365      20696E74 
 1365      00
 1366              	.LASF0:
 1367 0357 7369676E 		.ascii	"signed char\000"
 1367      65642063 
 1367      68617200 
 1368              	.LASF36:
 1369 0363 55415254 		.ascii	"UART_Temp_ISR_GetPriority\000"
 1369      5F54656D 
 1369      705F4953 
 1369      525F4765 
 1369      74507269 
 1370              	.LASF29:
 1371 037d 55415254 		.ascii	"UART_Temp_ISR_StartEx\000"
 1371      5F54656D 
 1371      705F4953 
 1371      525F5374 
 1371      61727445 
 1372              		.ident	"GCC: (GNU Tools for ARM Embedded Processors) 4.9.3 20150303 (release) [ARM/embedded-4_9-br
