ARM GAS  C:\Users\kylep\AppData\Local\Temp\ccjdzy7r.s 			page 1


   1              		.cpu cortex-m0
   2              		.fpu softvfp
   3              		.eabi_attribute 20, 1
   4              		.eabi_attribute 21, 1
   5              		.eabi_attribute 23, 3
   6              		.eabi_attribute 24, 1
   7              		.eabi_attribute 25, 1
   8              		.eabi_attribute 26, 1
   9              		.eabi_attribute 30, 1
  10              		.eabi_attribute 34, 0
  11              		.eabi_attribute 18, 4
  12              		.code	16
  13              		.file	"UART_LED_ISR.c"
  14              		.text
  15              	.Ltext0:
  16              		.cfi_sections	.debug_frame
  17              		.section	.text.UART_LED_ISR_Interrupt,"ax",%progbits
  18              		.align	2
  19              		.global	UART_LED_ISR_Interrupt
  20              		.code	16
  21              		.thumb_func
  22              		.type	UART_LED_ISR_Interrupt, %function
  23              	UART_LED_ISR_Interrupt:
  24              	.LFB37:
  25              		.file 1 ".\\Generated_Source\\PSoC4\\UART_LED_ISR.c"
   1:.\Generated_Source\PSoC4/UART_LED_ISR.c **** /*******************************************************************************
   2:.\Generated_Source\PSoC4/UART_LED_ISR.c **** * File Name: UART_LED_ISR.c  
   3:.\Generated_Source\PSoC4/UART_LED_ISR.c **** * Version 1.70
   4:.\Generated_Source\PSoC4/UART_LED_ISR.c **** *
   5:.\Generated_Source\PSoC4/UART_LED_ISR.c **** *  Description:
   6:.\Generated_Source\PSoC4/UART_LED_ISR.c **** *   API for controlling the state of an interrupt.
   7:.\Generated_Source\PSoC4/UART_LED_ISR.c **** *
   8:.\Generated_Source\PSoC4/UART_LED_ISR.c **** *
   9:.\Generated_Source\PSoC4/UART_LED_ISR.c **** *  Note:
  10:.\Generated_Source\PSoC4/UART_LED_ISR.c **** *
  11:.\Generated_Source\PSoC4/UART_LED_ISR.c **** ********************************************************************************
  12:.\Generated_Source\PSoC4/UART_LED_ISR.c **** * Copyright 2008-2015, Cypress Semiconductor Corporation.  All rights reserved.
  13:.\Generated_Source\PSoC4/UART_LED_ISR.c **** * You may use this file only in accordance with the license, terms, conditions, 
  14:.\Generated_Source\PSoC4/UART_LED_ISR.c **** * disclaimers, and limitations in the end user license agreement accompanying 
  15:.\Generated_Source\PSoC4/UART_LED_ISR.c **** * the software package with which this file was provided.
  16:.\Generated_Source\PSoC4/UART_LED_ISR.c **** *******************************************************************************/
  17:.\Generated_Source\PSoC4/UART_LED_ISR.c **** 
  18:.\Generated_Source\PSoC4/UART_LED_ISR.c **** 
  19:.\Generated_Source\PSoC4/UART_LED_ISR.c **** #include <cydevice_trm.h>
  20:.\Generated_Source\PSoC4/UART_LED_ISR.c **** #include <CyLib.h>
  21:.\Generated_Source\PSoC4/UART_LED_ISR.c **** #include <UART_LED_ISR.h>
  22:.\Generated_Source\PSoC4/UART_LED_ISR.c **** 
  23:.\Generated_Source\PSoC4/UART_LED_ISR.c **** 
  24:.\Generated_Source\PSoC4/UART_LED_ISR.c **** #if !defined(UART_LED_ISR__REMOVED) /* Check for removal by optimization */
  25:.\Generated_Source\PSoC4/UART_LED_ISR.c **** 
  26:.\Generated_Source\PSoC4/UART_LED_ISR.c **** /*******************************************************************************
  27:.\Generated_Source\PSoC4/UART_LED_ISR.c **** *  Place your includes, defines and code here 
  28:.\Generated_Source\PSoC4/UART_LED_ISR.c **** ********************************************************************************/
  29:.\Generated_Source\PSoC4/UART_LED_ISR.c **** /* `#START UART_LED_ISR_intc` */
  30:.\Generated_Source\PSoC4/UART_LED_ISR.c **** #include "BrightnessCommManager.h"
  31:.\Generated_Source\PSoC4/UART_LED_ISR.c **** /* `#END` */
  32:.\Generated_Source\PSoC4/UART_LED_ISR.c **** 
ARM GAS  C:\Users\kylep\AppData\Local\Temp\ccjdzy7r.s 			page 2


  33:.\Generated_Source\PSoC4/UART_LED_ISR.c **** extern cyisraddress CyRamVectors[CYINT_IRQ_BASE + CY_NUM_INTERRUPTS];
  34:.\Generated_Source\PSoC4/UART_LED_ISR.c **** 
  35:.\Generated_Source\PSoC4/UART_LED_ISR.c **** /* Declared in startup, used to set unused interrupts to. */
  36:.\Generated_Source\PSoC4/UART_LED_ISR.c **** CY_ISR_PROTO(IntDefaultHandler);
  37:.\Generated_Source\PSoC4/UART_LED_ISR.c **** 
  38:.\Generated_Source\PSoC4/UART_LED_ISR.c **** 
  39:.\Generated_Source\PSoC4/UART_LED_ISR.c **** /*******************************************************************************
  40:.\Generated_Source\PSoC4/UART_LED_ISR.c **** * Function Name: UART_LED_ISR_Start
  41:.\Generated_Source\PSoC4/UART_LED_ISR.c **** ********************************************************************************
  42:.\Generated_Source\PSoC4/UART_LED_ISR.c **** *
  43:.\Generated_Source\PSoC4/UART_LED_ISR.c **** * Summary:
  44:.\Generated_Source\PSoC4/UART_LED_ISR.c **** *  Set up the interrupt and enable it. This function disables the interrupt, 
  45:.\Generated_Source\PSoC4/UART_LED_ISR.c **** *  sets the default interrupt vector, sets the priority from the value in the
  46:.\Generated_Source\PSoC4/UART_LED_ISR.c **** *  Design Wide Resources Interrupt Editor, then enables the interrupt to the 
  47:.\Generated_Source\PSoC4/UART_LED_ISR.c **** *  interrupt controller.
  48:.\Generated_Source\PSoC4/UART_LED_ISR.c **** *
  49:.\Generated_Source\PSoC4/UART_LED_ISR.c **** * Parameters:  
  50:.\Generated_Source\PSoC4/UART_LED_ISR.c **** *   None
  51:.\Generated_Source\PSoC4/UART_LED_ISR.c **** *
  52:.\Generated_Source\PSoC4/UART_LED_ISR.c **** * Return:
  53:.\Generated_Source\PSoC4/UART_LED_ISR.c **** *   None
  54:.\Generated_Source\PSoC4/UART_LED_ISR.c **** *
  55:.\Generated_Source\PSoC4/UART_LED_ISR.c **** *******************************************************************************/
  56:.\Generated_Source\PSoC4/UART_LED_ISR.c **** void UART_LED_ISR_Start(void)
  57:.\Generated_Source\PSoC4/UART_LED_ISR.c **** {
  58:.\Generated_Source\PSoC4/UART_LED_ISR.c ****     /* For all we know the interrupt is active. */
  59:.\Generated_Source\PSoC4/UART_LED_ISR.c ****     UART_LED_ISR_Disable();
  60:.\Generated_Source\PSoC4/UART_LED_ISR.c **** 
  61:.\Generated_Source\PSoC4/UART_LED_ISR.c ****     /* Set the ISR to point to the UART_LED_ISR Interrupt. */
  62:.\Generated_Source\PSoC4/UART_LED_ISR.c ****     UART_LED_ISR_SetVector(&UART_LED_ISR_Interrupt);
  63:.\Generated_Source\PSoC4/UART_LED_ISR.c **** 
  64:.\Generated_Source\PSoC4/UART_LED_ISR.c ****     /* Set the priority. */
  65:.\Generated_Source\PSoC4/UART_LED_ISR.c ****     UART_LED_ISR_SetPriority((uint8)UART_LED_ISR_INTC_PRIOR_NUMBER);
  66:.\Generated_Source\PSoC4/UART_LED_ISR.c **** 
  67:.\Generated_Source\PSoC4/UART_LED_ISR.c ****     /* Enable it. */
  68:.\Generated_Source\PSoC4/UART_LED_ISR.c ****     UART_LED_ISR_Enable();
  69:.\Generated_Source\PSoC4/UART_LED_ISR.c **** }
  70:.\Generated_Source\PSoC4/UART_LED_ISR.c **** 
  71:.\Generated_Source\PSoC4/UART_LED_ISR.c **** 
  72:.\Generated_Source\PSoC4/UART_LED_ISR.c **** /*******************************************************************************
  73:.\Generated_Source\PSoC4/UART_LED_ISR.c **** * Function Name: UART_LED_ISR_StartEx
  74:.\Generated_Source\PSoC4/UART_LED_ISR.c **** ********************************************************************************
  75:.\Generated_Source\PSoC4/UART_LED_ISR.c **** *
  76:.\Generated_Source\PSoC4/UART_LED_ISR.c **** * Summary:
  77:.\Generated_Source\PSoC4/UART_LED_ISR.c **** *  Sets up the interrupt and enables it. This function disables the interrupt,
  78:.\Generated_Source\PSoC4/UART_LED_ISR.c **** *  sets the interrupt vector based on the address passed in, sets the priority 
  79:.\Generated_Source\PSoC4/UART_LED_ISR.c **** *  from the value in the Design Wide Resources Interrupt Editor, then enables 
  80:.\Generated_Source\PSoC4/UART_LED_ISR.c **** *  the interrupt to the interrupt controller.
  81:.\Generated_Source\PSoC4/UART_LED_ISR.c **** *  
  82:.\Generated_Source\PSoC4/UART_LED_ISR.c **** *  When defining ISR functions, the CY_ISR and CY_ISR_PROTO macros should be 
  83:.\Generated_Source\PSoC4/UART_LED_ISR.c **** *  used to provide consistent definition across compilers:
  84:.\Generated_Source\PSoC4/UART_LED_ISR.c **** *  
  85:.\Generated_Source\PSoC4/UART_LED_ISR.c **** *  Function definition example:
  86:.\Generated_Source\PSoC4/UART_LED_ISR.c **** *   CY_ISR(MyISR)
  87:.\Generated_Source\PSoC4/UART_LED_ISR.c **** *   {
  88:.\Generated_Source\PSoC4/UART_LED_ISR.c **** *   }
  89:.\Generated_Source\PSoC4/UART_LED_ISR.c **** *   Function prototype example:
ARM GAS  C:\Users\kylep\AppData\Local\Temp\ccjdzy7r.s 			page 3


  90:.\Generated_Source\PSoC4/UART_LED_ISR.c **** *   CY_ISR_PROTO(MyISR);
  91:.\Generated_Source\PSoC4/UART_LED_ISR.c **** *
  92:.\Generated_Source\PSoC4/UART_LED_ISR.c **** * Parameters:  
  93:.\Generated_Source\PSoC4/UART_LED_ISR.c **** *   address: Address of the ISR to set in the interrupt vector table.
  94:.\Generated_Source\PSoC4/UART_LED_ISR.c **** *
  95:.\Generated_Source\PSoC4/UART_LED_ISR.c **** * Return:
  96:.\Generated_Source\PSoC4/UART_LED_ISR.c **** *   None
  97:.\Generated_Source\PSoC4/UART_LED_ISR.c **** *
  98:.\Generated_Source\PSoC4/UART_LED_ISR.c **** *******************************************************************************/
  99:.\Generated_Source\PSoC4/UART_LED_ISR.c **** void UART_LED_ISR_StartEx(cyisraddress address)
 100:.\Generated_Source\PSoC4/UART_LED_ISR.c **** {
 101:.\Generated_Source\PSoC4/UART_LED_ISR.c ****     /* For all we know the interrupt is active. */
 102:.\Generated_Source\PSoC4/UART_LED_ISR.c ****     UART_LED_ISR_Disable();
 103:.\Generated_Source\PSoC4/UART_LED_ISR.c **** 
 104:.\Generated_Source\PSoC4/UART_LED_ISR.c ****     /* Set the ISR to point to the UART_LED_ISR Interrupt. */
 105:.\Generated_Source\PSoC4/UART_LED_ISR.c ****     UART_LED_ISR_SetVector(address);
 106:.\Generated_Source\PSoC4/UART_LED_ISR.c **** 
 107:.\Generated_Source\PSoC4/UART_LED_ISR.c ****     /* Set the priority. */
 108:.\Generated_Source\PSoC4/UART_LED_ISR.c ****     UART_LED_ISR_SetPriority((uint8)UART_LED_ISR_INTC_PRIOR_NUMBER);
 109:.\Generated_Source\PSoC4/UART_LED_ISR.c **** 
 110:.\Generated_Source\PSoC4/UART_LED_ISR.c ****     /* Enable it. */
 111:.\Generated_Source\PSoC4/UART_LED_ISR.c ****     UART_LED_ISR_Enable();
 112:.\Generated_Source\PSoC4/UART_LED_ISR.c **** }
 113:.\Generated_Source\PSoC4/UART_LED_ISR.c **** 
 114:.\Generated_Source\PSoC4/UART_LED_ISR.c **** 
 115:.\Generated_Source\PSoC4/UART_LED_ISR.c **** /*******************************************************************************
 116:.\Generated_Source\PSoC4/UART_LED_ISR.c **** * Function Name: UART_LED_ISR_Stop
 117:.\Generated_Source\PSoC4/UART_LED_ISR.c **** ********************************************************************************
 118:.\Generated_Source\PSoC4/UART_LED_ISR.c **** *
 119:.\Generated_Source\PSoC4/UART_LED_ISR.c **** * Summary:
 120:.\Generated_Source\PSoC4/UART_LED_ISR.c **** *   Disables and removes the interrupt.
 121:.\Generated_Source\PSoC4/UART_LED_ISR.c **** *
 122:.\Generated_Source\PSoC4/UART_LED_ISR.c **** * Parameters:  
 123:.\Generated_Source\PSoC4/UART_LED_ISR.c **** *   None
 124:.\Generated_Source\PSoC4/UART_LED_ISR.c **** *
 125:.\Generated_Source\PSoC4/UART_LED_ISR.c **** * Return:
 126:.\Generated_Source\PSoC4/UART_LED_ISR.c **** *   None
 127:.\Generated_Source\PSoC4/UART_LED_ISR.c **** *
 128:.\Generated_Source\PSoC4/UART_LED_ISR.c **** *******************************************************************************/
 129:.\Generated_Source\PSoC4/UART_LED_ISR.c **** void UART_LED_ISR_Stop(void)
 130:.\Generated_Source\PSoC4/UART_LED_ISR.c **** {
 131:.\Generated_Source\PSoC4/UART_LED_ISR.c ****     /* Disable this interrupt. */
 132:.\Generated_Source\PSoC4/UART_LED_ISR.c ****     UART_LED_ISR_Disable();
 133:.\Generated_Source\PSoC4/UART_LED_ISR.c **** 
 134:.\Generated_Source\PSoC4/UART_LED_ISR.c ****     /* Set the ISR to point to the passive one. */
 135:.\Generated_Source\PSoC4/UART_LED_ISR.c ****     UART_LED_ISR_SetVector(&IntDefaultHandler);
 136:.\Generated_Source\PSoC4/UART_LED_ISR.c **** }
 137:.\Generated_Source\PSoC4/UART_LED_ISR.c **** 
 138:.\Generated_Source\PSoC4/UART_LED_ISR.c **** 
 139:.\Generated_Source\PSoC4/UART_LED_ISR.c **** /*******************************************************************************
 140:.\Generated_Source\PSoC4/UART_LED_ISR.c **** * Function Name: UART_LED_ISR_Interrupt
 141:.\Generated_Source\PSoC4/UART_LED_ISR.c **** ********************************************************************************
 142:.\Generated_Source\PSoC4/UART_LED_ISR.c **** *
 143:.\Generated_Source\PSoC4/UART_LED_ISR.c **** * Summary:
 144:.\Generated_Source\PSoC4/UART_LED_ISR.c **** *   The default Interrupt Service Routine for UART_LED_ISR.
 145:.\Generated_Source\PSoC4/UART_LED_ISR.c **** *
 146:.\Generated_Source\PSoC4/UART_LED_ISR.c **** *   Add custom code between the START and END comments to keep the next version
ARM GAS  C:\Users\kylep\AppData\Local\Temp\ccjdzy7r.s 			page 4


 147:.\Generated_Source\PSoC4/UART_LED_ISR.c **** *   of this file from over-writing your code.
 148:.\Generated_Source\PSoC4/UART_LED_ISR.c **** *
 149:.\Generated_Source\PSoC4/UART_LED_ISR.c **** *   Note You may use either the default ISR by using this API, or you may define
 150:.\Generated_Source\PSoC4/UART_LED_ISR.c **** *   your own separate ISR through ISR_StartEx().
 151:.\Generated_Source\PSoC4/UART_LED_ISR.c **** *
 152:.\Generated_Source\PSoC4/UART_LED_ISR.c **** * Parameters:  
 153:.\Generated_Source\PSoC4/UART_LED_ISR.c **** *   None
 154:.\Generated_Source\PSoC4/UART_LED_ISR.c **** *
 155:.\Generated_Source\PSoC4/UART_LED_ISR.c **** * Return:
 156:.\Generated_Source\PSoC4/UART_LED_ISR.c **** *   None
 157:.\Generated_Source\PSoC4/UART_LED_ISR.c **** *
 158:.\Generated_Source\PSoC4/UART_LED_ISR.c **** *******************************************************************************/
 159:.\Generated_Source\PSoC4/UART_LED_ISR.c **** CY_ISR(UART_LED_ISR_Interrupt)
 160:.\Generated_Source\PSoC4/UART_LED_ISR.c **** {
  26              		.loc 1 160 0
  27              		.cfi_startproc
  28 0000 08B5     		push	{r3, lr}
  29              		.cfi_def_cfa_offset 8
  30              		.cfi_offset 3, -8
  31              		.cfi_offset 14, -4
 161:.\Generated_Source\PSoC4/UART_LED_ISR.c ****     #ifdef UART_LED_ISR_INTERRUPT_INTERRUPT_CALLBACK
 162:.\Generated_Source\PSoC4/UART_LED_ISR.c ****         UART_LED_ISR_Interrupt_InterruptCallback();
 163:.\Generated_Source\PSoC4/UART_LED_ISR.c ****     #endif /* UART_LED_ISR_INTERRUPT_INTERRUPT_CALLBACK */ 
 164:.\Generated_Source\PSoC4/UART_LED_ISR.c **** 
 165:.\Generated_Source\PSoC4/UART_LED_ISR.c ****     /*  Place your Interrupt code here. */
 166:.\Generated_Source\PSoC4/UART_LED_ISR.c ****     /* `#START UART_LED_ISR_Interrupt` */
 167:.\Generated_Source\PSoC4/UART_LED_ISR.c ****     processBrightnessByteReceivedHandler();
  32              		.loc 1 167 0
  33 0002 FFF7FEFF 		bl	processBrightnessByteReceivedHandler
  34              	.LVL0:
 168:.\Generated_Source\PSoC4/UART_LED_ISR.c ****     /* `#END` */
 169:.\Generated_Source\PSoC4/UART_LED_ISR.c **** }
  35              		.loc 1 169 0
  36              		@ sp needed
  37 0006 08BD     		pop	{r3, pc}
  38              		.cfi_endproc
  39              	.LFE37:
  40              		.size	UART_LED_ISR_Interrupt, .-UART_LED_ISR_Interrupt
  41              		.section	.text.UART_LED_ISR_SetVector,"ax",%progbits
  42              		.align	2
  43              		.global	UART_LED_ISR_SetVector
  44              		.code	16
  45              		.thumb_func
  46              		.type	UART_LED_ISR_SetVector, %function
  47              	UART_LED_ISR_SetVector:
  48              	.LFB38:
 170:.\Generated_Source\PSoC4/UART_LED_ISR.c **** 
 171:.\Generated_Source\PSoC4/UART_LED_ISR.c **** 
 172:.\Generated_Source\PSoC4/UART_LED_ISR.c **** /*******************************************************************************
 173:.\Generated_Source\PSoC4/UART_LED_ISR.c **** * Function Name: UART_LED_ISR_SetVector
 174:.\Generated_Source\PSoC4/UART_LED_ISR.c **** ********************************************************************************
 175:.\Generated_Source\PSoC4/UART_LED_ISR.c **** *
 176:.\Generated_Source\PSoC4/UART_LED_ISR.c **** * Summary:
 177:.\Generated_Source\PSoC4/UART_LED_ISR.c **** *   Change the ISR vector for the Interrupt. Note calling UART_LED_ISR_Start
 178:.\Generated_Source\PSoC4/UART_LED_ISR.c **** *   will override any effect this method would have had. To set the vector 
 179:.\Generated_Source\PSoC4/UART_LED_ISR.c **** *   before the component has been started use UART_LED_ISR_StartEx instead.
 180:.\Generated_Source\PSoC4/UART_LED_ISR.c **** * 
ARM GAS  C:\Users\kylep\AppData\Local\Temp\ccjdzy7r.s 			page 5


 181:.\Generated_Source\PSoC4/UART_LED_ISR.c **** *   When defining ISR functions, the CY_ISR and CY_ISR_PROTO macros should be 
 182:.\Generated_Source\PSoC4/UART_LED_ISR.c **** *   used to provide consistent definition across compilers:
 183:.\Generated_Source\PSoC4/UART_LED_ISR.c **** *
 184:.\Generated_Source\PSoC4/UART_LED_ISR.c **** *   Function definition example:
 185:.\Generated_Source\PSoC4/UART_LED_ISR.c **** *   CY_ISR(MyISR)
 186:.\Generated_Source\PSoC4/UART_LED_ISR.c **** *   {
 187:.\Generated_Source\PSoC4/UART_LED_ISR.c **** *   }
 188:.\Generated_Source\PSoC4/UART_LED_ISR.c **** *
 189:.\Generated_Source\PSoC4/UART_LED_ISR.c **** *   Function prototype example:
 190:.\Generated_Source\PSoC4/UART_LED_ISR.c **** *     CY_ISR_PROTO(MyISR);
 191:.\Generated_Source\PSoC4/UART_LED_ISR.c **** *
 192:.\Generated_Source\PSoC4/UART_LED_ISR.c **** * Parameters:
 193:.\Generated_Source\PSoC4/UART_LED_ISR.c **** *   address: Address of the ISR to set in the interrupt vector table.
 194:.\Generated_Source\PSoC4/UART_LED_ISR.c **** *
 195:.\Generated_Source\PSoC4/UART_LED_ISR.c **** * Return:
 196:.\Generated_Source\PSoC4/UART_LED_ISR.c **** *   None
 197:.\Generated_Source\PSoC4/UART_LED_ISR.c **** *
 198:.\Generated_Source\PSoC4/UART_LED_ISR.c **** *******************************************************************************/
 199:.\Generated_Source\PSoC4/UART_LED_ISR.c **** void UART_LED_ISR_SetVector(cyisraddress address)
 200:.\Generated_Source\PSoC4/UART_LED_ISR.c **** {
  49              		.loc 1 200 0
  50              		.cfi_startproc
  51              	.LVL1:
 201:.\Generated_Source\PSoC4/UART_LED_ISR.c ****     CyRamVectors[CYINT_IRQ_BASE + UART_LED_ISR__INTC_NUMBER] = address;
  52              		.loc 1 201 0
  53 0000 014B     		ldr	r3, .L3
  54 0002 D866     		str	r0, [r3, #108]
 202:.\Generated_Source\PSoC4/UART_LED_ISR.c **** }
  55              		.loc 1 202 0
  56              		@ sp needed
  57 0004 7047     		bx	lr
  58              	.L4:
  59 0006 C046     		.align	2
  60              	.L3:
  61 0008 00000000 		.word	CyRamVectors
  62              		.cfi_endproc
  63              	.LFE38:
  64              		.size	UART_LED_ISR_SetVector, .-UART_LED_ISR_SetVector
  65              		.section	.text.UART_LED_ISR_GetVector,"ax",%progbits
  66              		.align	2
  67              		.global	UART_LED_ISR_GetVector
  68              		.code	16
  69              		.thumb_func
  70              		.type	UART_LED_ISR_GetVector, %function
  71              	UART_LED_ISR_GetVector:
  72              	.LFB39:
 203:.\Generated_Source\PSoC4/UART_LED_ISR.c **** 
 204:.\Generated_Source\PSoC4/UART_LED_ISR.c **** 
 205:.\Generated_Source\PSoC4/UART_LED_ISR.c **** /*******************************************************************************
 206:.\Generated_Source\PSoC4/UART_LED_ISR.c **** * Function Name: UART_LED_ISR_GetVector
 207:.\Generated_Source\PSoC4/UART_LED_ISR.c **** ********************************************************************************
 208:.\Generated_Source\PSoC4/UART_LED_ISR.c **** *
 209:.\Generated_Source\PSoC4/UART_LED_ISR.c **** * Summary:
 210:.\Generated_Source\PSoC4/UART_LED_ISR.c **** *   Gets the "address" of the current ISR vector for the Interrupt.
 211:.\Generated_Source\PSoC4/UART_LED_ISR.c **** *
 212:.\Generated_Source\PSoC4/UART_LED_ISR.c **** * Parameters:
 213:.\Generated_Source\PSoC4/UART_LED_ISR.c **** *   None
ARM GAS  C:\Users\kylep\AppData\Local\Temp\ccjdzy7r.s 			page 6


 214:.\Generated_Source\PSoC4/UART_LED_ISR.c **** *
 215:.\Generated_Source\PSoC4/UART_LED_ISR.c **** * Return:
 216:.\Generated_Source\PSoC4/UART_LED_ISR.c **** *   Address of the ISR in the interrupt vector table.
 217:.\Generated_Source\PSoC4/UART_LED_ISR.c **** *
 218:.\Generated_Source\PSoC4/UART_LED_ISR.c **** *******************************************************************************/
 219:.\Generated_Source\PSoC4/UART_LED_ISR.c **** cyisraddress UART_LED_ISR_GetVector(void)
 220:.\Generated_Source\PSoC4/UART_LED_ISR.c **** {
  73              		.loc 1 220 0
  74              		.cfi_startproc
 221:.\Generated_Source\PSoC4/UART_LED_ISR.c ****     return CyRamVectors[CYINT_IRQ_BASE + UART_LED_ISR__INTC_NUMBER];
  75              		.loc 1 221 0
  76 0000 014B     		ldr	r3, .L6
  77 0002 D86E     		ldr	r0, [r3, #108]
 222:.\Generated_Source\PSoC4/UART_LED_ISR.c **** }
  78              		.loc 1 222 0
  79              		@ sp needed
  80 0004 7047     		bx	lr
  81              	.L7:
  82 0006 C046     		.align	2
  83              	.L6:
  84 0008 00000000 		.word	CyRamVectors
  85              		.cfi_endproc
  86              	.LFE39:
  87              		.size	UART_LED_ISR_GetVector, .-UART_LED_ISR_GetVector
  88              		.section	.text.UART_LED_ISR_SetPriority,"ax",%progbits
  89              		.align	2
  90              		.global	UART_LED_ISR_SetPriority
  91              		.code	16
  92              		.thumb_func
  93              		.type	UART_LED_ISR_SetPriority, %function
  94              	UART_LED_ISR_SetPriority:
  95              	.LFB40:
 223:.\Generated_Source\PSoC4/UART_LED_ISR.c **** 
 224:.\Generated_Source\PSoC4/UART_LED_ISR.c **** 
 225:.\Generated_Source\PSoC4/UART_LED_ISR.c **** /*******************************************************************************
 226:.\Generated_Source\PSoC4/UART_LED_ISR.c **** * Function Name: UART_LED_ISR_SetPriority
 227:.\Generated_Source\PSoC4/UART_LED_ISR.c **** ********************************************************************************
 228:.\Generated_Source\PSoC4/UART_LED_ISR.c **** *
 229:.\Generated_Source\PSoC4/UART_LED_ISR.c **** * Summary:
 230:.\Generated_Source\PSoC4/UART_LED_ISR.c **** *   Sets the Priority of the Interrupt. 
 231:.\Generated_Source\PSoC4/UART_LED_ISR.c **** *
 232:.\Generated_Source\PSoC4/UART_LED_ISR.c **** *   Note calling UART_LED_ISR_Start or UART_LED_ISR_StartEx will 
 233:.\Generated_Source\PSoC4/UART_LED_ISR.c **** *   override any effect this API would have had. This API should only be called
 234:.\Generated_Source\PSoC4/UART_LED_ISR.c **** *   after UART_LED_ISR_Start or UART_LED_ISR_StartEx has been called. 
 235:.\Generated_Source\PSoC4/UART_LED_ISR.c **** *   To set the initial priority for the component, use the Design-Wide Resources
 236:.\Generated_Source\PSoC4/UART_LED_ISR.c **** *   Interrupt Editor.
 237:.\Generated_Source\PSoC4/UART_LED_ISR.c **** *
 238:.\Generated_Source\PSoC4/UART_LED_ISR.c **** *   Note This API has no effect on Non-maskable interrupt NMI).
 239:.\Generated_Source\PSoC4/UART_LED_ISR.c **** *
 240:.\Generated_Source\PSoC4/UART_LED_ISR.c **** * Parameters:
 241:.\Generated_Source\PSoC4/UART_LED_ISR.c **** *   priority: Priority of the interrupt, 0 being the highest priority
 242:.\Generated_Source\PSoC4/UART_LED_ISR.c **** *             PSoC 3 and PSoC 5LP: Priority is from 0 to 7.
 243:.\Generated_Source\PSoC4/UART_LED_ISR.c **** *             PSoC 4: Priority is from 0 to 3.
 244:.\Generated_Source\PSoC4/UART_LED_ISR.c **** *
 245:.\Generated_Source\PSoC4/UART_LED_ISR.c **** * Return:
 246:.\Generated_Source\PSoC4/UART_LED_ISR.c **** *   None
 247:.\Generated_Source\PSoC4/UART_LED_ISR.c **** *
ARM GAS  C:\Users\kylep\AppData\Local\Temp\ccjdzy7r.s 			page 7


 248:.\Generated_Source\PSoC4/UART_LED_ISR.c **** *******************************************************************************/
 249:.\Generated_Source\PSoC4/UART_LED_ISR.c **** void UART_LED_ISR_SetPriority(uint8 priority)
 250:.\Generated_Source\PSoC4/UART_LED_ISR.c **** {
  96              		.loc 1 250 0
  97              		.cfi_startproc
  98              	.LVL2:
  99 0000 10B5     		push	{r4, lr}
 100              		.cfi_def_cfa_offset 8
 101              		.cfi_offset 4, -8
 102              		.cfi_offset 14, -4
 103 0002 041C     		mov	r4, r0
 104              	.LVL3:
 251:.\Generated_Source\PSoC4/UART_LED_ISR.c **** 	uint8 interruptState;
 252:.\Generated_Source\PSoC4/UART_LED_ISR.c ****     uint32 priorityOffset = ((UART_LED_ISR__INTC_NUMBER % 4u) * 8u) + 6u;
 253:.\Generated_Source\PSoC4/UART_LED_ISR.c ****     
 254:.\Generated_Source\PSoC4/UART_LED_ISR.c **** 	interruptState = CyEnterCriticalSection();
 105              		.loc 1 254 0
 106 0004 FFF7FEFF 		bl	CyEnterCriticalSection
 107              	.LVL4:
 255:.\Generated_Source\PSoC4/UART_LED_ISR.c ****     *UART_LED_ISR_INTC_PRIOR = (*UART_LED_ISR_INTC_PRIOR & (uint32)(~UART_LED_ISR__INTC_PRIOR_MASK)
 108              		.loc 1 255 0
 109 0008 044A     		ldr	r2, .L9
 110 000a 1368     		ldr	r3, [r2]
 111 000c 9B00     		lsl	r3, r3, #2
 112 000e 9B08     		lsr	r3, r3, #2
 256:.\Generated_Source\PSoC4/UART_LED_ISR.c ****                                     ((uint32)priority << priorityOffset);
 113              		.loc 1 256 0
 114 0010 A407     		lsl	r4, r4, #30
 255:.\Generated_Source\PSoC4/UART_LED_ISR.c ****     *UART_LED_ISR_INTC_PRIOR = (*UART_LED_ISR_INTC_PRIOR & (uint32)(~UART_LED_ISR__INTC_PRIOR_MASK)
 115              		.loc 1 255 0
 116 0012 1C43     		orr	r4, r3
 117 0014 1460     		str	r4, [r2]
 257:.\Generated_Source\PSoC4/UART_LED_ISR.c **** 	CyExitCriticalSection(interruptState);
 118              		.loc 1 257 0
 119 0016 FFF7FEFF 		bl	CyExitCriticalSection
 120              	.LVL5:
 258:.\Generated_Source\PSoC4/UART_LED_ISR.c **** }
 121              		.loc 1 258 0
 122              		@ sp needed
 123 001a 10BD     		pop	{r4, pc}
 124              	.L10:
 125              		.align	2
 126              	.L9:
 127 001c 08E400E0 		.word	-536812536
 128              		.cfi_endproc
 129              	.LFE40:
 130              		.size	UART_LED_ISR_SetPriority, .-UART_LED_ISR_SetPriority
 131              		.section	.text.UART_LED_ISR_GetPriority,"ax",%progbits
 132              		.align	2
 133              		.global	UART_LED_ISR_GetPriority
 134              		.code	16
 135              		.thumb_func
 136              		.type	UART_LED_ISR_GetPriority, %function
 137              	UART_LED_ISR_GetPriority:
 138              	.LFB41:
 259:.\Generated_Source\PSoC4/UART_LED_ISR.c **** 
 260:.\Generated_Source\PSoC4/UART_LED_ISR.c **** 
ARM GAS  C:\Users\kylep\AppData\Local\Temp\ccjdzy7r.s 			page 8


 261:.\Generated_Source\PSoC4/UART_LED_ISR.c **** /*******************************************************************************
 262:.\Generated_Source\PSoC4/UART_LED_ISR.c **** * Function Name: UART_LED_ISR_GetPriority
 263:.\Generated_Source\PSoC4/UART_LED_ISR.c **** ********************************************************************************
 264:.\Generated_Source\PSoC4/UART_LED_ISR.c **** *
 265:.\Generated_Source\PSoC4/UART_LED_ISR.c **** * Summary:
 266:.\Generated_Source\PSoC4/UART_LED_ISR.c **** *   Gets the Priority of the Interrupt.
 267:.\Generated_Source\PSoC4/UART_LED_ISR.c **** *
 268:.\Generated_Source\PSoC4/UART_LED_ISR.c **** * Parameters:
 269:.\Generated_Source\PSoC4/UART_LED_ISR.c **** *   None
 270:.\Generated_Source\PSoC4/UART_LED_ISR.c **** *
 271:.\Generated_Source\PSoC4/UART_LED_ISR.c **** * Return:
 272:.\Generated_Source\PSoC4/UART_LED_ISR.c **** *   Priority of the interrupt, 0 being the highest priority
 273:.\Generated_Source\PSoC4/UART_LED_ISR.c **** *    PSoC 3 and PSoC 5LP: Priority is from 0 to 7.
 274:.\Generated_Source\PSoC4/UART_LED_ISR.c **** *    PSoC 4: Priority is from 0 to 3.
 275:.\Generated_Source\PSoC4/UART_LED_ISR.c **** *
 276:.\Generated_Source\PSoC4/UART_LED_ISR.c **** *******************************************************************************/
 277:.\Generated_Source\PSoC4/UART_LED_ISR.c **** uint8 UART_LED_ISR_GetPriority(void)
 278:.\Generated_Source\PSoC4/UART_LED_ISR.c **** {
 139              		.loc 1 278 0
 140              		.cfi_startproc
 141              	.LVL6:
 279:.\Generated_Source\PSoC4/UART_LED_ISR.c ****     uint32 priority;
 280:.\Generated_Source\PSoC4/UART_LED_ISR.c **** 	uint32 priorityOffset = ((UART_LED_ISR__INTC_NUMBER % 4u) * 8u) + 6u;
 281:.\Generated_Source\PSoC4/UART_LED_ISR.c **** 
 282:.\Generated_Source\PSoC4/UART_LED_ISR.c ****     priority = (*UART_LED_ISR_INTC_PRIOR & UART_LED_ISR__INTC_PRIOR_MASK) >> priorityOffset;
 142              		.loc 1 282 0
 143 0000 014B     		ldr	r3, .L12
 144 0002 1868     		ldr	r0, [r3]
 145              	.LVL7:
 283:.\Generated_Source\PSoC4/UART_LED_ISR.c **** 
 284:.\Generated_Source\PSoC4/UART_LED_ISR.c ****     return (uint8)priority;
 146              		.loc 1 284 0
 147 0004 800F     		lsr	r0, r0, #30
 148              	.LVL8:
 285:.\Generated_Source\PSoC4/UART_LED_ISR.c **** }
 149              		.loc 1 285 0
 150              		@ sp needed
 151 0006 7047     		bx	lr
 152              	.L13:
 153              		.align	2
 154              	.L12:
 155 0008 08E400E0 		.word	-536812536
 156              		.cfi_endproc
 157              	.LFE41:
 158              		.size	UART_LED_ISR_GetPriority, .-UART_LED_ISR_GetPriority
 159              		.section	.text.UART_LED_ISR_Enable,"ax",%progbits
 160              		.align	2
 161              		.global	UART_LED_ISR_Enable
 162              		.code	16
 163              		.thumb_func
 164              		.type	UART_LED_ISR_Enable, %function
 165              	UART_LED_ISR_Enable:
 166              	.LFB42:
 286:.\Generated_Source\PSoC4/UART_LED_ISR.c **** 
 287:.\Generated_Source\PSoC4/UART_LED_ISR.c **** 
 288:.\Generated_Source\PSoC4/UART_LED_ISR.c **** /*******************************************************************************
 289:.\Generated_Source\PSoC4/UART_LED_ISR.c **** * Function Name: UART_LED_ISR_Enable
ARM GAS  C:\Users\kylep\AppData\Local\Temp\ccjdzy7r.s 			page 9


 290:.\Generated_Source\PSoC4/UART_LED_ISR.c **** ********************************************************************************
 291:.\Generated_Source\PSoC4/UART_LED_ISR.c **** *
 292:.\Generated_Source\PSoC4/UART_LED_ISR.c **** * Summary:
 293:.\Generated_Source\PSoC4/UART_LED_ISR.c **** *   Enables the interrupt to the interrupt controller. Do not call this function
 294:.\Generated_Source\PSoC4/UART_LED_ISR.c **** *   unless ISR_Start() has been called or the functionality of the ISR_Start() 
 295:.\Generated_Source\PSoC4/UART_LED_ISR.c **** *   function, which sets the vector and the priority, has been called.
 296:.\Generated_Source\PSoC4/UART_LED_ISR.c **** *
 297:.\Generated_Source\PSoC4/UART_LED_ISR.c **** * Parameters:
 298:.\Generated_Source\PSoC4/UART_LED_ISR.c **** *   None
 299:.\Generated_Source\PSoC4/UART_LED_ISR.c **** *
 300:.\Generated_Source\PSoC4/UART_LED_ISR.c **** * Return:
 301:.\Generated_Source\PSoC4/UART_LED_ISR.c **** *   None
 302:.\Generated_Source\PSoC4/UART_LED_ISR.c **** *
 303:.\Generated_Source\PSoC4/UART_LED_ISR.c **** *******************************************************************************/
 304:.\Generated_Source\PSoC4/UART_LED_ISR.c **** void UART_LED_ISR_Enable(void)
 305:.\Generated_Source\PSoC4/UART_LED_ISR.c **** {
 167              		.loc 1 305 0
 168              		.cfi_startproc
 306:.\Generated_Source\PSoC4/UART_LED_ISR.c ****     /* Enable the general interrupt. */
 307:.\Generated_Source\PSoC4/UART_LED_ISR.c ****     *UART_LED_ISR_INTC_SET_EN = UART_LED_ISR__INTC_MASK;
 169              		.loc 1 307 0
 170 0000 8022     		mov	r2, #128
 171 0002 1201     		lsl	r2, r2, #4
 172 0004 014B     		ldr	r3, .L15
 173 0006 1A60     		str	r2, [r3]
 308:.\Generated_Source\PSoC4/UART_LED_ISR.c **** }
 174              		.loc 1 308 0
 175              		@ sp needed
 176 0008 7047     		bx	lr
 177              	.L16:
 178 000a C046     		.align	2
 179              	.L15:
 180 000c 00E100E0 		.word	-536813312
 181              		.cfi_endproc
 182              	.LFE42:
 183              		.size	UART_LED_ISR_Enable, .-UART_LED_ISR_Enable
 184              		.section	.text.UART_LED_ISR_GetState,"ax",%progbits
 185              		.align	2
 186              		.global	UART_LED_ISR_GetState
 187              		.code	16
 188              		.thumb_func
 189              		.type	UART_LED_ISR_GetState, %function
 190              	UART_LED_ISR_GetState:
 191              	.LFB43:
 309:.\Generated_Source\PSoC4/UART_LED_ISR.c **** 
 310:.\Generated_Source\PSoC4/UART_LED_ISR.c **** 
 311:.\Generated_Source\PSoC4/UART_LED_ISR.c **** /*******************************************************************************
 312:.\Generated_Source\PSoC4/UART_LED_ISR.c **** * Function Name: UART_LED_ISR_GetState
 313:.\Generated_Source\PSoC4/UART_LED_ISR.c **** ********************************************************************************
 314:.\Generated_Source\PSoC4/UART_LED_ISR.c **** *
 315:.\Generated_Source\PSoC4/UART_LED_ISR.c **** * Summary:
 316:.\Generated_Source\PSoC4/UART_LED_ISR.c **** *   Gets the state (enabled, disabled) of the Interrupt.
 317:.\Generated_Source\PSoC4/UART_LED_ISR.c **** *
 318:.\Generated_Source\PSoC4/UART_LED_ISR.c **** * Parameters:
 319:.\Generated_Source\PSoC4/UART_LED_ISR.c **** *   None
 320:.\Generated_Source\PSoC4/UART_LED_ISR.c **** *
 321:.\Generated_Source\PSoC4/UART_LED_ISR.c **** * Return:
ARM GAS  C:\Users\kylep\AppData\Local\Temp\ccjdzy7r.s 			page 10


 322:.\Generated_Source\PSoC4/UART_LED_ISR.c **** *   1 if enabled, 0 if disabled.
 323:.\Generated_Source\PSoC4/UART_LED_ISR.c **** *
 324:.\Generated_Source\PSoC4/UART_LED_ISR.c **** *******************************************************************************/
 325:.\Generated_Source\PSoC4/UART_LED_ISR.c **** uint8 UART_LED_ISR_GetState(void)
 326:.\Generated_Source\PSoC4/UART_LED_ISR.c **** {
 192              		.loc 1 326 0
 193              		.cfi_startproc
 327:.\Generated_Source\PSoC4/UART_LED_ISR.c ****     /* Get the state of the general interrupt. */
 328:.\Generated_Source\PSoC4/UART_LED_ISR.c ****     return ((*UART_LED_ISR_INTC_SET_EN & (uint32)UART_LED_ISR__INTC_MASK) != 0u) ? 1u:0u;
 194              		.loc 1 328 0
 195 0000 034B     		ldr	r3, .L20
 196 0002 1B68     		ldr	r3, [r3]
 197 0004 1B05     		lsl	r3, r3, #20
 198 0006 01D5     		bpl	.L19
 199 0008 0120     		mov	r0, #1
 200 000a 00E0     		b	.L18
 201              	.L19:
 202 000c 0020     		mov	r0, #0
 203              	.L18:
 329:.\Generated_Source\PSoC4/UART_LED_ISR.c **** }
 204              		.loc 1 329 0 discriminator 4
 205              		@ sp needed
 206 000e 7047     		bx	lr
 207              	.L21:
 208              		.align	2
 209              	.L20:
 210 0010 00E100E0 		.word	-536813312
 211              		.cfi_endproc
 212              	.LFE43:
 213              		.size	UART_LED_ISR_GetState, .-UART_LED_ISR_GetState
 214              		.section	.text.UART_LED_ISR_Disable,"ax",%progbits
 215              		.align	2
 216              		.global	UART_LED_ISR_Disable
 217              		.code	16
 218              		.thumb_func
 219              		.type	UART_LED_ISR_Disable, %function
 220              	UART_LED_ISR_Disable:
 221              	.LFB44:
 330:.\Generated_Source\PSoC4/UART_LED_ISR.c **** 
 331:.\Generated_Source\PSoC4/UART_LED_ISR.c **** 
 332:.\Generated_Source\PSoC4/UART_LED_ISR.c **** /*******************************************************************************
 333:.\Generated_Source\PSoC4/UART_LED_ISR.c **** * Function Name: UART_LED_ISR_Disable
 334:.\Generated_Source\PSoC4/UART_LED_ISR.c **** ********************************************************************************
 335:.\Generated_Source\PSoC4/UART_LED_ISR.c **** *
 336:.\Generated_Source\PSoC4/UART_LED_ISR.c **** * Summary:
 337:.\Generated_Source\PSoC4/UART_LED_ISR.c **** *   Disables the Interrupt in the interrupt controller.
 338:.\Generated_Source\PSoC4/UART_LED_ISR.c **** *
 339:.\Generated_Source\PSoC4/UART_LED_ISR.c **** * Parameters:
 340:.\Generated_Source\PSoC4/UART_LED_ISR.c **** *   None
 341:.\Generated_Source\PSoC4/UART_LED_ISR.c **** *
 342:.\Generated_Source\PSoC4/UART_LED_ISR.c **** * Return:
 343:.\Generated_Source\PSoC4/UART_LED_ISR.c **** *   None
 344:.\Generated_Source\PSoC4/UART_LED_ISR.c **** *
 345:.\Generated_Source\PSoC4/UART_LED_ISR.c **** *******************************************************************************/
 346:.\Generated_Source\PSoC4/UART_LED_ISR.c **** void UART_LED_ISR_Disable(void)
 347:.\Generated_Source\PSoC4/UART_LED_ISR.c **** {
 222              		.loc 1 347 0
ARM GAS  C:\Users\kylep\AppData\Local\Temp\ccjdzy7r.s 			page 11


 223              		.cfi_startproc
 348:.\Generated_Source\PSoC4/UART_LED_ISR.c ****     /* Disable the general interrupt. */
 349:.\Generated_Source\PSoC4/UART_LED_ISR.c ****     *UART_LED_ISR_INTC_CLR_EN = UART_LED_ISR__INTC_MASK;
 224              		.loc 1 349 0
 225 0000 8022     		mov	r2, #128
 226 0002 1201     		lsl	r2, r2, #4
 227 0004 014B     		ldr	r3, .L23
 228 0006 1A60     		str	r2, [r3]
 350:.\Generated_Source\PSoC4/UART_LED_ISR.c **** }
 229              		.loc 1 350 0
 230              		@ sp needed
 231 0008 7047     		bx	lr
 232              	.L24:
 233 000a C046     		.align	2
 234              	.L23:
 235 000c 80E100E0 		.word	-536813184
 236              		.cfi_endproc
 237              	.LFE44:
 238              		.size	UART_LED_ISR_Disable, .-UART_LED_ISR_Disable
 239              		.section	.text.UART_LED_ISR_Start,"ax",%progbits
 240              		.align	2
 241              		.global	UART_LED_ISR_Start
 242              		.code	16
 243              		.thumb_func
 244              		.type	UART_LED_ISR_Start, %function
 245              	UART_LED_ISR_Start:
 246              	.LFB34:
  57:.\Generated_Source\PSoC4/UART_LED_ISR.c ****     /* For all we know the interrupt is active. */
 247              		.loc 1 57 0
 248              		.cfi_startproc
 249 0000 08B5     		push	{r3, lr}
 250              		.cfi_def_cfa_offset 8
 251              		.cfi_offset 3, -8
 252              		.cfi_offset 14, -4
  59:.\Generated_Source\PSoC4/UART_LED_ISR.c **** 
 253              		.loc 1 59 0
 254 0002 FFF7FEFF 		bl	UART_LED_ISR_Disable
 255              	.LVL9:
  62:.\Generated_Source\PSoC4/UART_LED_ISR.c **** 
 256              		.loc 1 62 0
 257 0006 0448     		ldr	r0, .L26
 258 0008 FFF7FEFF 		bl	UART_LED_ISR_SetVector
 259              	.LVL10:
  65:.\Generated_Source\PSoC4/UART_LED_ISR.c **** 
 260              		.loc 1 65 0
 261 000c 0320     		mov	r0, #3
 262 000e FFF7FEFF 		bl	UART_LED_ISR_SetPriority
 263              	.LVL11:
  68:.\Generated_Source\PSoC4/UART_LED_ISR.c **** }
 264              		.loc 1 68 0
 265 0012 FFF7FEFF 		bl	UART_LED_ISR_Enable
 266              	.LVL12:
  69:.\Generated_Source\PSoC4/UART_LED_ISR.c **** 
 267              		.loc 1 69 0
 268              		@ sp needed
 269 0016 08BD     		pop	{r3, pc}
 270              	.L27:
ARM GAS  C:\Users\kylep\AppData\Local\Temp\ccjdzy7r.s 			page 12


 271              		.align	2
 272              	.L26:
 273 0018 00000000 		.word	UART_LED_ISR_Interrupt
 274              		.cfi_endproc
 275              	.LFE34:
 276              		.size	UART_LED_ISR_Start, .-UART_LED_ISR_Start
 277              		.section	.text.UART_LED_ISR_StartEx,"ax",%progbits
 278              		.align	2
 279              		.global	UART_LED_ISR_StartEx
 280              		.code	16
 281              		.thumb_func
 282              		.type	UART_LED_ISR_StartEx, %function
 283              	UART_LED_ISR_StartEx:
 284              	.LFB35:
 100:.\Generated_Source\PSoC4/UART_LED_ISR.c ****     /* For all we know the interrupt is active. */
 285              		.loc 1 100 0
 286              		.cfi_startproc
 287              	.LVL13:
 288 0000 10B5     		push	{r4, lr}
 289              		.cfi_def_cfa_offset 8
 290              		.cfi_offset 4, -8
 291              		.cfi_offset 14, -4
 292 0002 041C     		mov	r4, r0
 102:.\Generated_Source\PSoC4/UART_LED_ISR.c **** 
 293              		.loc 1 102 0
 294 0004 FFF7FEFF 		bl	UART_LED_ISR_Disable
 295              	.LVL14:
 105:.\Generated_Source\PSoC4/UART_LED_ISR.c **** 
 296              		.loc 1 105 0
 297 0008 201C     		mov	r0, r4
 298 000a FFF7FEFF 		bl	UART_LED_ISR_SetVector
 299              	.LVL15:
 108:.\Generated_Source\PSoC4/UART_LED_ISR.c **** 
 300              		.loc 1 108 0
 301 000e 0320     		mov	r0, #3
 302 0010 FFF7FEFF 		bl	UART_LED_ISR_SetPriority
 303              	.LVL16:
 111:.\Generated_Source\PSoC4/UART_LED_ISR.c **** }
 304              		.loc 1 111 0
 305 0014 FFF7FEFF 		bl	UART_LED_ISR_Enable
 306              	.LVL17:
 112:.\Generated_Source\PSoC4/UART_LED_ISR.c **** 
 307              		.loc 1 112 0
 308              		@ sp needed
 309              	.LVL18:
 310 0018 10BD     		pop	{r4, pc}
 311              		.cfi_endproc
 312              	.LFE35:
 313              		.size	UART_LED_ISR_StartEx, .-UART_LED_ISR_StartEx
 314 001a C046     		.section	.text.UART_LED_ISR_Stop,"ax",%progbits
 315              		.align	2
 316              		.global	UART_LED_ISR_Stop
 317              		.code	16
 318              		.thumb_func
 319              		.type	UART_LED_ISR_Stop, %function
 320              	UART_LED_ISR_Stop:
 321              	.LFB36:
ARM GAS  C:\Users\kylep\AppData\Local\Temp\ccjdzy7r.s 			page 13


 130:.\Generated_Source\PSoC4/UART_LED_ISR.c ****     /* Disable this interrupt. */
 322              		.loc 1 130 0
 323              		.cfi_startproc
 324 0000 08B5     		push	{r3, lr}
 325              		.cfi_def_cfa_offset 8
 326              		.cfi_offset 3, -8
 327              		.cfi_offset 14, -4
 132:.\Generated_Source\PSoC4/UART_LED_ISR.c **** 
 328              		.loc 1 132 0
 329 0002 FFF7FEFF 		bl	UART_LED_ISR_Disable
 330              	.LVL19:
 135:.\Generated_Source\PSoC4/UART_LED_ISR.c **** }
 331              		.loc 1 135 0
 332 0006 0248     		ldr	r0, .L30
 333 0008 FFF7FEFF 		bl	UART_LED_ISR_SetVector
 334              	.LVL20:
 136:.\Generated_Source\PSoC4/UART_LED_ISR.c **** 
 335              		.loc 1 136 0
 336              		@ sp needed
 337 000c 08BD     		pop	{r3, pc}
 338              	.L31:
 339 000e C046     		.align	2
 340              	.L30:
 341 0010 00000000 		.word	IntDefaultHandler
 342              		.cfi_endproc
 343              	.LFE36:
 344              		.size	UART_LED_ISR_Stop, .-UART_LED_ISR_Stop
 345              		.section	.text.UART_LED_ISR_SetPending,"ax",%progbits
 346              		.align	2
 347              		.global	UART_LED_ISR_SetPending
 348              		.code	16
 349              		.thumb_func
 350              		.type	UART_LED_ISR_SetPending, %function
 351              	UART_LED_ISR_SetPending:
 352              	.LFB45:
 351:.\Generated_Source\PSoC4/UART_LED_ISR.c **** 
 352:.\Generated_Source\PSoC4/UART_LED_ISR.c **** 
 353:.\Generated_Source\PSoC4/UART_LED_ISR.c **** /*******************************************************************************
 354:.\Generated_Source\PSoC4/UART_LED_ISR.c **** * Function Name: UART_LED_ISR_SetPending
 355:.\Generated_Source\PSoC4/UART_LED_ISR.c **** ********************************************************************************
 356:.\Generated_Source\PSoC4/UART_LED_ISR.c **** *
 357:.\Generated_Source\PSoC4/UART_LED_ISR.c **** * Summary:
 358:.\Generated_Source\PSoC4/UART_LED_ISR.c **** *   Causes the Interrupt to enter the pending state, a software method of
 359:.\Generated_Source\PSoC4/UART_LED_ISR.c **** *   generating the interrupt.
 360:.\Generated_Source\PSoC4/UART_LED_ISR.c **** *
 361:.\Generated_Source\PSoC4/UART_LED_ISR.c **** * Parameters:
 362:.\Generated_Source\PSoC4/UART_LED_ISR.c **** *   None
 363:.\Generated_Source\PSoC4/UART_LED_ISR.c **** *
 364:.\Generated_Source\PSoC4/UART_LED_ISR.c **** * Return:
 365:.\Generated_Source\PSoC4/UART_LED_ISR.c **** *   None
 366:.\Generated_Source\PSoC4/UART_LED_ISR.c **** *
 367:.\Generated_Source\PSoC4/UART_LED_ISR.c **** * Side Effects:
 368:.\Generated_Source\PSoC4/UART_LED_ISR.c **** *   If interrupts are enabled and the interrupt is set up properly, the ISR is
 369:.\Generated_Source\PSoC4/UART_LED_ISR.c **** *   entered (depending on the priority of this interrupt and other pending 
 370:.\Generated_Source\PSoC4/UART_LED_ISR.c **** *   interrupts).
 371:.\Generated_Source\PSoC4/UART_LED_ISR.c **** *
 372:.\Generated_Source\PSoC4/UART_LED_ISR.c **** *******************************************************************************/
ARM GAS  C:\Users\kylep\AppData\Local\Temp\ccjdzy7r.s 			page 14


 373:.\Generated_Source\PSoC4/UART_LED_ISR.c **** void UART_LED_ISR_SetPending(void)
 374:.\Generated_Source\PSoC4/UART_LED_ISR.c **** {
 353              		.loc 1 374 0
 354              		.cfi_startproc
 375:.\Generated_Source\PSoC4/UART_LED_ISR.c ****     *UART_LED_ISR_INTC_SET_PD = UART_LED_ISR__INTC_MASK;
 355              		.loc 1 375 0
 356 0000 8022     		mov	r2, #128
 357 0002 1201     		lsl	r2, r2, #4
 358 0004 014B     		ldr	r3, .L33
 359 0006 1A60     		str	r2, [r3]
 376:.\Generated_Source\PSoC4/UART_LED_ISR.c **** }
 360              		.loc 1 376 0
 361              		@ sp needed
 362 0008 7047     		bx	lr
 363              	.L34:
 364 000a C046     		.align	2
 365              	.L33:
 366 000c 00E200E0 		.word	-536813056
 367              		.cfi_endproc
 368              	.LFE45:
 369              		.size	UART_LED_ISR_SetPending, .-UART_LED_ISR_SetPending
 370              		.section	.text.UART_LED_ISR_ClearPending,"ax",%progbits
 371              		.align	2
 372              		.global	UART_LED_ISR_ClearPending
 373              		.code	16
 374              		.thumb_func
 375              		.type	UART_LED_ISR_ClearPending, %function
 376              	UART_LED_ISR_ClearPending:
 377              	.LFB46:
 377:.\Generated_Source\PSoC4/UART_LED_ISR.c **** 
 378:.\Generated_Source\PSoC4/UART_LED_ISR.c **** 
 379:.\Generated_Source\PSoC4/UART_LED_ISR.c **** /*******************************************************************************
 380:.\Generated_Source\PSoC4/UART_LED_ISR.c **** * Function Name: UART_LED_ISR_ClearPending
 381:.\Generated_Source\PSoC4/UART_LED_ISR.c **** ********************************************************************************
 382:.\Generated_Source\PSoC4/UART_LED_ISR.c **** *
 383:.\Generated_Source\PSoC4/UART_LED_ISR.c **** * Summary:
 384:.\Generated_Source\PSoC4/UART_LED_ISR.c **** *   Clears a pending interrupt in the interrupt controller.
 385:.\Generated_Source\PSoC4/UART_LED_ISR.c **** *
 386:.\Generated_Source\PSoC4/UART_LED_ISR.c **** *   Note Some interrupt sources are clear-on-read and require the block 
 387:.\Generated_Source\PSoC4/UART_LED_ISR.c **** *   interrupt/status register to be read/cleared with the appropriate block API 
 388:.\Generated_Source\PSoC4/UART_LED_ISR.c **** *   (GPIO, UART, and so on). Otherwise the ISR will continue to remain in 
 389:.\Generated_Source\PSoC4/UART_LED_ISR.c **** *   pending state even though the interrupt itself is cleared using this API.
 390:.\Generated_Source\PSoC4/UART_LED_ISR.c **** *
 391:.\Generated_Source\PSoC4/UART_LED_ISR.c **** * Parameters:
 392:.\Generated_Source\PSoC4/UART_LED_ISR.c **** *   None
 393:.\Generated_Source\PSoC4/UART_LED_ISR.c **** *
 394:.\Generated_Source\PSoC4/UART_LED_ISR.c **** * Return:
 395:.\Generated_Source\PSoC4/UART_LED_ISR.c **** *   None
 396:.\Generated_Source\PSoC4/UART_LED_ISR.c **** *
 397:.\Generated_Source\PSoC4/UART_LED_ISR.c **** *******************************************************************************/
 398:.\Generated_Source\PSoC4/UART_LED_ISR.c **** void UART_LED_ISR_ClearPending(void)
 399:.\Generated_Source\PSoC4/UART_LED_ISR.c **** {
 378              		.loc 1 399 0
 379              		.cfi_startproc
 400:.\Generated_Source\PSoC4/UART_LED_ISR.c ****     *UART_LED_ISR_INTC_CLR_PD = UART_LED_ISR__INTC_MASK;
 380              		.loc 1 400 0
 381 0000 8022     		mov	r2, #128
ARM GAS  C:\Users\kylep\AppData\Local\Temp\ccjdzy7r.s 			page 15


 382 0002 1201     		lsl	r2, r2, #4
 383 0004 014B     		ldr	r3, .L36
 384 0006 1A60     		str	r2, [r3]
 401:.\Generated_Source\PSoC4/UART_LED_ISR.c **** }
 385              		.loc 1 401 0
 386              		@ sp needed
 387 0008 7047     		bx	lr
 388              	.L37:
 389 000a C046     		.align	2
 390              	.L36:
 391 000c 80E200E0 		.word	-536812928
 392              		.cfi_endproc
 393              	.LFE46:
 394              		.size	UART_LED_ISR_ClearPending, .-UART_LED_ISR_ClearPending
 395              		.text
 396              	.Letext0:
 397              		.file 2 "Generated_Source\\PSoC4/cytypes.h"
 398              		.file 3 "./BrightnessCommManager.h"
 399              		.file 4 "Generated_Source\\PSoC4/CyLib.h"
 400              		.section	.debug_info,"",%progbits
 401              	.Ldebug_info0:
 402 0000 11030000 		.4byte	0x311
 403 0004 0400     		.2byte	0x4
 404 0006 00000000 		.4byte	.Ldebug_abbrev0
 405 000a 04       		.byte	0x4
 406 000b 01       		.uleb128 0x1
 407 000c 7F020000 		.4byte	.LASF33
 408 0010 01       		.byte	0x1
 409 0011 88010000 		.4byte	.LASF34
 410 0015 1D020000 		.4byte	.LASF35
 411 0019 00000000 		.4byte	.Ldebug_ranges0+0
 412 001d 00000000 		.4byte	0
 413 0021 00000000 		.4byte	.Ldebug_line0
 414 0025 02       		.uleb128 0x2
 415 0026 01       		.byte	0x1
 416 0027 06       		.byte	0x6
 417 0028 5F030000 		.4byte	.LASF0
 418 002c 02       		.uleb128 0x2
 419 002d 01       		.byte	0x1
 420 002e 08       		.byte	0x8
 421 002f 5A010000 		.4byte	.LASF1
 422 0033 02       		.uleb128 0x2
 423 0034 02       		.byte	0x2
 424 0035 05       		.byte	0x5
 425 0036 0D030000 		.4byte	.LASF2
 426 003a 02       		.uleb128 0x2
 427 003b 02       		.byte	0x2
 428 003c 07       		.byte	0x7
 429 003d 67000000 		.4byte	.LASF3
 430 0041 02       		.uleb128 0x2
 431 0042 04       		.byte	0x4
 432 0043 05       		.byte	0x5
 433 0044 3C030000 		.4byte	.LASF4
 434 0048 02       		.uleb128 0x2
 435 0049 04       		.byte	0x4
 436 004a 07       		.byte	0x7
 437 004b 39010000 		.4byte	.LASF5
ARM GAS  C:\Users\kylep\AppData\Local\Temp\ccjdzy7r.s 			page 16


 438 004f 02       		.uleb128 0x2
 439 0050 08       		.byte	0x8
 440 0051 05       		.byte	0x5
 441 0052 0F020000 		.4byte	.LASF6
 442 0056 02       		.uleb128 0x2
 443 0057 08       		.byte	0x8
 444 0058 07       		.byte	0x7
 445 0059 D0000000 		.4byte	.LASF7
 446 005d 03       		.uleb128 0x3
 447 005e 04       		.byte	0x4
 448 005f 05       		.byte	0x5
 449 0060 696E7400 		.ascii	"int\000"
 450 0064 02       		.uleb128 0x2
 451 0065 04       		.byte	0x4
 452 0066 07       		.byte	0x7
 453 0067 CE010000 		.4byte	.LASF8
 454 006b 04       		.uleb128 0x4
 455 006c 4B010000 		.4byte	.LASF9
 456 0070 02       		.byte	0x2
 457 0071 3801     		.2byte	0x138
 458 0073 2C000000 		.4byte	0x2c
 459 0077 04       		.uleb128 0x4
 460 0078 B0010000 		.4byte	.LASF10
 461 007c 02       		.byte	0x2
 462 007d 3A01     		.2byte	0x13a
 463 007f 48000000 		.4byte	0x48
 464 0083 02       		.uleb128 0x2
 465 0084 04       		.byte	0x4
 466 0085 04       		.byte	0x4
 467 0086 CA000000 		.4byte	.LASF11
 468 008a 02       		.uleb128 0x2
 469 008b 08       		.byte	0x8
 470 008c 04       		.byte	0x4
 471 008d 68010000 		.4byte	.LASF12
 472 0091 02       		.uleb128 0x2
 473 0092 01       		.byte	0x1
 474 0093 08       		.byte	0x8
 475 0094 7A020000 		.4byte	.LASF13
 476 0098 04       		.uleb128 0x4
 477 0099 00000000 		.4byte	.LASF14
 478 009d 02       		.byte	0x2
 479 009e E401     		.2byte	0x1e4
 480 00a0 A4000000 		.4byte	0xa4
 481 00a4 05       		.uleb128 0x5
 482 00a5 77000000 		.4byte	0x77
 483 00a9 04       		.uleb128 0x4
 484 00aa F9010000 		.4byte	.LASF15
 485 00ae 02       		.byte	0x2
 486 00af F401     		.2byte	0x1f4
 487 00b1 B5000000 		.4byte	0xb5
 488 00b5 06       		.uleb128 0x6
 489 00b6 04       		.byte	0x4
 490 00b7 BB000000 		.4byte	0xbb
 491 00bb 07       		.uleb128 0x7
 492 00bc 02       		.uleb128 0x2
 493 00bd 04       		.byte	0x4
 494 00be 07       		.byte	0x7
ARM GAS  C:\Users\kylep\AppData\Local\Temp\ccjdzy7r.s 			page 17


 495 00bf 06020000 		.4byte	.LASF16
 496 00c3 08       		.uleb128 0x8
 497 00c4 13010000 		.4byte	.LASF17
 498 00c8 01       		.byte	0x1
 499 00c9 9F       		.byte	0x9f
 500 00ca 00000000 		.4byte	.LFB37
 501 00ce 08000000 		.4byte	.LFE37-.LFB37
 502 00d2 01       		.uleb128 0x1
 503 00d3 9C       		.byte	0x9c
 504 00d4 E2000000 		.4byte	0xe2
 505 00d8 09       		.uleb128 0x9
 506 00d9 06000000 		.4byte	.LVL0
 507 00dd F5020000 		.4byte	0x2f5
 508 00e1 00       		.byte	0
 509 00e2 08       		.uleb128 0x8
 510 00e3 6B030000 		.4byte	.LASF18
 511 00e7 01       		.byte	0x1
 512 00e8 C7       		.byte	0xc7
 513 00e9 00000000 		.4byte	.LFB38
 514 00ed 0C000000 		.4byte	.LFE38-.LFB38
 515 00f1 01       		.uleb128 0x1
 516 00f2 9C       		.byte	0x9c
 517 00f3 05010000 		.4byte	0x105
 518 00f7 0A       		.uleb128 0xa
 519 00f8 DB010000 		.4byte	.LASF20
 520 00fc 01       		.byte	0x1
 521 00fd C7       		.byte	0xc7
 522 00fe A9000000 		.4byte	0xa9
 523 0102 01       		.uleb128 0x1
 524 0103 50       		.byte	0x50
 525 0104 00       		.byte	0
 526 0105 0B       		.uleb128 0xb
 527 0106 FC000000 		.4byte	.LASF24
 528 010a 01       		.byte	0x1
 529 010b DB       		.byte	0xdb
 530 010c A9000000 		.4byte	0xa9
 531 0110 00000000 		.4byte	.LFB39
 532 0114 0C000000 		.4byte	.LFE39-.LFB39
 533 0118 01       		.uleb128 0x1
 534 0119 9C       		.byte	0x9c
 535 011a 08       		.uleb128 0x8
 536 011b 6F010000 		.4byte	.LASF19
 537 011f 01       		.byte	0x1
 538 0120 F9       		.byte	0xf9
 539 0121 00000000 		.4byte	.LFB40
 540 0125 20000000 		.4byte	.LFE40-.LFB40
 541 0129 01       		.uleb128 0x1
 542 012a 9C       		.byte	0x9c
 543 012b 6C010000 		.4byte	0x16c
 544 012f 0C       		.uleb128 0xc
 545 0130 51010000 		.4byte	.LASF21
 546 0134 01       		.byte	0x1
 547 0135 F9       		.byte	0xf9
 548 0136 6B000000 		.4byte	0x6b
 549 013a 00000000 		.4byte	.LLST0
 550 013e 0D       		.uleb128 0xd
 551 013f 2A010000 		.4byte	.LASF22
ARM GAS  C:\Users\kylep\AppData\Local\Temp\ccjdzy7r.s 			page 18


 552 0143 01       		.byte	0x1
 553 0144 FB       		.byte	0xfb
 554 0145 6B000000 		.4byte	0x6b
 555 0149 21000000 		.4byte	.LLST1
 556 014d 0E       		.uleb128 0xe
 557 014e 2D030000 		.4byte	.LASF23
 558 0152 01       		.byte	0x1
 559 0153 FC       		.byte	0xfc
 560 0154 77000000 		.4byte	0x77
 561 0158 1E       		.byte	0x1e
 562 0159 09       		.uleb128 0x9
 563 015a 08000000 		.4byte	.LVL4
 564 015e FC020000 		.4byte	0x2fc
 565 0162 09       		.uleb128 0x9
 566 0163 1A000000 		.4byte	.LVL5
 567 0167 07030000 		.4byte	0x307
 568 016b 00       		.byte	0
 569 016c 0F       		.uleb128 0xf
 570 016d 9F000000 		.4byte	.LASF36
 571 0171 01       		.byte	0x1
 572 0172 1501     		.2byte	0x115
 573 0174 6B000000 		.4byte	0x6b
 574 0178 00000000 		.4byte	.LFB41
 575 017c 0C000000 		.4byte	.LFE41-.LFB41
 576 0180 01       		.uleb128 0x1
 577 0181 9C       		.byte	0x9c
 578 0182 A4010000 		.4byte	0x1a4
 579 0186 10       		.uleb128 0x10
 580 0187 51010000 		.4byte	.LASF21
 581 018b 01       		.byte	0x1
 582 018c 1701     		.2byte	0x117
 583 018e 77000000 		.4byte	0x77
 584 0192 34000000 		.4byte	.LLST2
 585 0196 11       		.uleb128 0x11
 586 0197 2D030000 		.4byte	.LASF23
 587 019b 01       		.byte	0x1
 588 019c 1801     		.2byte	0x118
 589 019e 77000000 		.4byte	0x77
 590 01a2 1E       		.byte	0x1e
 591 01a3 00       		.byte	0
 592 01a4 12       		.uleb128 0x12
 593 01a5 53000000 		.4byte	.LASF26
 594 01a9 01       		.byte	0x1
 595 01aa 3001     		.2byte	0x130
 596 01ac 00000000 		.4byte	.LFB42
 597 01b0 10000000 		.4byte	.LFE42-.LFB42
 598 01b4 01       		.uleb128 0x1
 599 01b5 9C       		.byte	0x9c
 600 01b6 13       		.uleb128 0x13
 601 01b7 17030000 		.4byte	.LASF25
 602 01bb 01       		.byte	0x1
 603 01bc 4501     		.2byte	0x145
 604 01be 6B000000 		.4byte	0x6b
 605 01c2 00000000 		.4byte	.LFB43
 606 01c6 14000000 		.4byte	.LFE43-.LFB43
 607 01ca 01       		.uleb128 0x1
 608 01cb 9C       		.byte	0x9c
ARM GAS  C:\Users\kylep\AppData\Local\Temp\ccjdzy7r.s 			page 19


 609 01cc 12       		.uleb128 0x12
 610 01cd E7000000 		.4byte	.LASF27
 611 01d1 01       		.byte	0x1
 612 01d2 5A01     		.2byte	0x15a
 613 01d4 00000000 		.4byte	.LFB44
 614 01d8 10000000 		.4byte	.LFE44-.LFB44
 615 01dc 01       		.uleb128 0x1
 616 01dd 9C       		.byte	0x9c
 617 01de 08       		.uleb128 0x8
 618 01df 06000000 		.4byte	.LASF28
 619 01e3 01       		.byte	0x1
 620 01e4 38       		.byte	0x38
 621 01e5 00000000 		.4byte	.LFB34
 622 01e9 1C000000 		.4byte	.LFE34-.LFB34
 623 01ed 01       		.uleb128 0x1
 624 01ee 9C       		.byte	0x9c
 625 01ef 30020000 		.4byte	0x230
 626 01f3 09       		.uleb128 0x9
 627 01f4 06000000 		.4byte	.LVL9
 628 01f8 CC010000 		.4byte	0x1cc
 629 01fc 14       		.uleb128 0x14
 630 01fd 0C000000 		.4byte	.LVL10
 631 0201 E2000000 		.4byte	0xe2
 632 0205 13020000 		.4byte	0x213
 633 0209 15       		.uleb128 0x15
 634 020a 01       		.uleb128 0x1
 635 020b 50       		.byte	0x50
 636 020c 05       		.uleb128 0x5
 637 020d 03       		.byte	0x3
 638 020e 00000000 		.4byte	UART_LED_ISR_Interrupt
 639 0212 00       		.byte	0
 640 0213 14       		.uleb128 0x14
 641 0214 12000000 		.4byte	.LVL11
 642 0218 1A010000 		.4byte	0x11a
 643 021c 26020000 		.4byte	0x226
 644 0220 15       		.uleb128 0x15
 645 0221 01       		.uleb128 0x1
 646 0222 50       		.byte	0x50
 647 0223 01       		.uleb128 0x1
 648 0224 33       		.byte	0x33
 649 0225 00       		.byte	0
 650 0226 09       		.uleb128 0x9
 651 0227 16000000 		.4byte	.LVL12
 652 022b A4010000 		.4byte	0x1a4
 653 022f 00       		.byte	0
 654 0230 08       		.uleb128 0x8
 655 0231 19000000 		.4byte	.LASF29
 656 0235 01       		.byte	0x1
 657 0236 63       		.byte	0x63
 658 0237 00000000 		.4byte	.LFB35
 659 023b 1A000000 		.4byte	.LFE35-.LFB35
 660 023f 01       		.uleb128 0x1
 661 0240 9C       		.byte	0x9c
 662 0241 8E020000 		.4byte	0x28e
 663 0245 0C       		.uleb128 0xc
 664 0246 DB010000 		.4byte	.LASF20
 665 024a 01       		.byte	0x1
ARM GAS  C:\Users\kylep\AppData\Local\Temp\ccjdzy7r.s 			page 20


 666 024b 63       		.byte	0x63
 667 024c A9000000 		.4byte	0xa9
 668 0250 56000000 		.4byte	.LLST3
 669 0254 09       		.uleb128 0x9
 670 0255 08000000 		.4byte	.LVL14
 671 0259 CC010000 		.4byte	0x1cc
 672 025d 14       		.uleb128 0x14
 673 025e 0E000000 		.4byte	.LVL15
 674 0262 E2000000 		.4byte	0xe2
 675 0266 71020000 		.4byte	0x271
 676 026a 15       		.uleb128 0x15
 677 026b 01       		.uleb128 0x1
 678 026c 50       		.byte	0x50
 679 026d 02       		.uleb128 0x2
 680 026e 74       		.byte	0x74
 681 026f 00       		.sleb128 0
 682 0270 00       		.byte	0
 683 0271 14       		.uleb128 0x14
 684 0272 14000000 		.4byte	.LVL16
 685 0276 1A010000 		.4byte	0x11a
 686 027a 84020000 		.4byte	0x284
 687 027e 15       		.uleb128 0x15
 688 027f 01       		.uleb128 0x1
 689 0280 50       		.byte	0x50
 690 0281 01       		.uleb128 0x1
 691 0282 33       		.byte	0x33
 692 0283 00       		.byte	0
 693 0284 09       		.uleb128 0x9
 694 0285 18000000 		.4byte	.LVL17
 695 0289 A4010000 		.4byte	0x1a4
 696 028d 00       		.byte	0
 697 028e 08       		.uleb128 0x8
 698 028f B8000000 		.4byte	.LASF30
 699 0293 01       		.byte	0x1
 700 0294 81       		.byte	0x81
 701 0295 00000000 		.4byte	.LFB36
 702 0299 14000000 		.4byte	.LFE36-.LFB36
 703 029d 01       		.uleb128 0x1
 704 029e 9C       		.byte	0x9c
 705 029f B6020000 		.4byte	0x2b6
 706 02a3 09       		.uleb128 0x9
 707 02a4 06000000 		.4byte	.LVL19
 708 02a8 CC010000 		.4byte	0x1cc
 709 02ac 09       		.uleb128 0x9
 710 02ad 0C000000 		.4byte	.LVL20
 711 02b1 E2000000 		.4byte	0xe2
 712 02b5 00       		.byte	0
 713 02b6 12       		.uleb128 0x12
 714 02b7 3B000000 		.4byte	.LASF31
 715 02bb 01       		.byte	0x1
 716 02bc 7501     		.2byte	0x175
 717 02be 00000000 		.4byte	.LFB45
 718 02c2 10000000 		.4byte	.LFE45-.LFB45
 719 02c6 01       		.uleb128 0x1
 720 02c7 9C       		.byte	0x9c
 721 02c8 12       		.uleb128 0x12
 722 02c9 45030000 		.4byte	.LASF32
ARM GAS  C:\Users\kylep\AppData\Local\Temp\ccjdzy7r.s 			page 21


 723 02cd 01       		.byte	0x1
 724 02ce 8E01     		.2byte	0x18e
 725 02d0 00000000 		.4byte	.LFB46
 726 02d4 10000000 		.4byte	.LFE46-.LFB46
 727 02d8 01       		.uleb128 0x1
 728 02d9 9C       		.byte	0x9c
 729 02da 16       		.uleb128 0x16
 730 02db A9000000 		.4byte	0xa9
 731 02df EA020000 		.4byte	0x2ea
 732 02e3 17       		.uleb128 0x17
 733 02e4 BC000000 		.4byte	0xbc
 734 02e8 2F       		.byte	0x2f
 735 02e9 00       		.byte	0
 736 02ea 18       		.uleb128 0x18
 737 02eb 2E000000 		.4byte	.LASF37
 738 02ef 01       		.byte	0x1
 739 02f0 21       		.byte	0x21
 740 02f1 DA020000 		.4byte	0x2da
 741 02f5 19       		.uleb128 0x19
 742 02f6 7A000000 		.4byte	.LASF38
 743 02fa 03       		.byte	0x3
 744 02fb 34       		.byte	0x34
 745 02fc 1A       		.uleb128 0x1a
 746 02fd B7010000 		.4byte	.LASF39
 747 0301 04       		.byte	0x4
 748 0302 61       		.byte	0x61
 749 0303 6B000000 		.4byte	0x6b
 750 0307 1B       		.uleb128 0x1b
 751 0308 E3010000 		.4byte	.LASF40
 752 030c 04       		.byte	0x4
 753 030d 62       		.byte	0x62
 754 030e 1C       		.uleb128 0x1c
 755 030f 6B000000 		.4byte	0x6b
 756 0313 00       		.byte	0
 757 0314 00       		.byte	0
 758              		.section	.debug_abbrev,"",%progbits
 759              	.Ldebug_abbrev0:
 760 0000 01       		.uleb128 0x1
 761 0001 11       		.uleb128 0x11
 762 0002 01       		.byte	0x1
 763 0003 25       		.uleb128 0x25
 764 0004 0E       		.uleb128 0xe
 765 0005 13       		.uleb128 0x13
 766 0006 0B       		.uleb128 0xb
 767 0007 03       		.uleb128 0x3
 768 0008 0E       		.uleb128 0xe
 769 0009 1B       		.uleb128 0x1b
 770 000a 0E       		.uleb128 0xe
 771 000b 55       		.uleb128 0x55
 772 000c 17       		.uleb128 0x17
 773 000d 11       		.uleb128 0x11
 774 000e 01       		.uleb128 0x1
 775 000f 10       		.uleb128 0x10
 776 0010 17       		.uleb128 0x17
 777 0011 00       		.byte	0
 778 0012 00       		.byte	0
 779 0013 02       		.uleb128 0x2
ARM GAS  C:\Users\kylep\AppData\Local\Temp\ccjdzy7r.s 			page 22


 780 0014 24       		.uleb128 0x24
 781 0015 00       		.byte	0
 782 0016 0B       		.uleb128 0xb
 783 0017 0B       		.uleb128 0xb
 784 0018 3E       		.uleb128 0x3e
 785 0019 0B       		.uleb128 0xb
 786 001a 03       		.uleb128 0x3
 787 001b 0E       		.uleb128 0xe
 788 001c 00       		.byte	0
 789 001d 00       		.byte	0
 790 001e 03       		.uleb128 0x3
 791 001f 24       		.uleb128 0x24
 792 0020 00       		.byte	0
 793 0021 0B       		.uleb128 0xb
 794 0022 0B       		.uleb128 0xb
 795 0023 3E       		.uleb128 0x3e
 796 0024 0B       		.uleb128 0xb
 797 0025 03       		.uleb128 0x3
 798 0026 08       		.uleb128 0x8
 799 0027 00       		.byte	0
 800 0028 00       		.byte	0
 801 0029 04       		.uleb128 0x4
 802 002a 16       		.uleb128 0x16
 803 002b 00       		.byte	0
 804 002c 03       		.uleb128 0x3
 805 002d 0E       		.uleb128 0xe
 806 002e 3A       		.uleb128 0x3a
 807 002f 0B       		.uleb128 0xb
 808 0030 3B       		.uleb128 0x3b
 809 0031 05       		.uleb128 0x5
 810 0032 49       		.uleb128 0x49
 811 0033 13       		.uleb128 0x13
 812 0034 00       		.byte	0
 813 0035 00       		.byte	0
 814 0036 05       		.uleb128 0x5
 815 0037 35       		.uleb128 0x35
 816 0038 00       		.byte	0
 817 0039 49       		.uleb128 0x49
 818 003a 13       		.uleb128 0x13
 819 003b 00       		.byte	0
 820 003c 00       		.byte	0
 821 003d 06       		.uleb128 0x6
 822 003e 0F       		.uleb128 0xf
 823 003f 00       		.byte	0
 824 0040 0B       		.uleb128 0xb
 825 0041 0B       		.uleb128 0xb
 826 0042 49       		.uleb128 0x49
 827 0043 13       		.uleb128 0x13
 828 0044 00       		.byte	0
 829 0045 00       		.byte	0
 830 0046 07       		.uleb128 0x7
 831 0047 15       		.uleb128 0x15
 832 0048 00       		.byte	0
 833 0049 27       		.uleb128 0x27
 834 004a 19       		.uleb128 0x19
 835 004b 00       		.byte	0
 836 004c 00       		.byte	0
ARM GAS  C:\Users\kylep\AppData\Local\Temp\ccjdzy7r.s 			page 23


 837 004d 08       		.uleb128 0x8
 838 004e 2E       		.uleb128 0x2e
 839 004f 01       		.byte	0x1
 840 0050 3F       		.uleb128 0x3f
 841 0051 19       		.uleb128 0x19
 842 0052 03       		.uleb128 0x3
 843 0053 0E       		.uleb128 0xe
 844 0054 3A       		.uleb128 0x3a
 845 0055 0B       		.uleb128 0xb
 846 0056 3B       		.uleb128 0x3b
 847 0057 0B       		.uleb128 0xb
 848 0058 27       		.uleb128 0x27
 849 0059 19       		.uleb128 0x19
 850 005a 11       		.uleb128 0x11
 851 005b 01       		.uleb128 0x1
 852 005c 12       		.uleb128 0x12
 853 005d 06       		.uleb128 0x6
 854 005e 40       		.uleb128 0x40
 855 005f 18       		.uleb128 0x18
 856 0060 9742     		.uleb128 0x2117
 857 0062 19       		.uleb128 0x19
 858 0063 01       		.uleb128 0x1
 859 0064 13       		.uleb128 0x13
 860 0065 00       		.byte	0
 861 0066 00       		.byte	0
 862 0067 09       		.uleb128 0x9
 863 0068 898201   		.uleb128 0x4109
 864 006b 00       		.byte	0
 865 006c 11       		.uleb128 0x11
 866 006d 01       		.uleb128 0x1
 867 006e 31       		.uleb128 0x31
 868 006f 13       		.uleb128 0x13
 869 0070 00       		.byte	0
 870 0071 00       		.byte	0
 871 0072 0A       		.uleb128 0xa
 872 0073 05       		.uleb128 0x5
 873 0074 00       		.byte	0
 874 0075 03       		.uleb128 0x3
 875 0076 0E       		.uleb128 0xe
 876 0077 3A       		.uleb128 0x3a
 877 0078 0B       		.uleb128 0xb
 878 0079 3B       		.uleb128 0x3b
 879 007a 0B       		.uleb128 0xb
 880 007b 49       		.uleb128 0x49
 881 007c 13       		.uleb128 0x13
 882 007d 02       		.uleb128 0x2
 883 007e 18       		.uleb128 0x18
 884 007f 00       		.byte	0
 885 0080 00       		.byte	0
 886 0081 0B       		.uleb128 0xb
 887 0082 2E       		.uleb128 0x2e
 888 0083 00       		.byte	0
 889 0084 3F       		.uleb128 0x3f
 890 0085 19       		.uleb128 0x19
 891 0086 03       		.uleb128 0x3
 892 0087 0E       		.uleb128 0xe
 893 0088 3A       		.uleb128 0x3a
ARM GAS  C:\Users\kylep\AppData\Local\Temp\ccjdzy7r.s 			page 24


 894 0089 0B       		.uleb128 0xb
 895 008a 3B       		.uleb128 0x3b
 896 008b 0B       		.uleb128 0xb
 897 008c 27       		.uleb128 0x27
 898 008d 19       		.uleb128 0x19
 899 008e 49       		.uleb128 0x49
 900 008f 13       		.uleb128 0x13
 901 0090 11       		.uleb128 0x11
 902 0091 01       		.uleb128 0x1
 903 0092 12       		.uleb128 0x12
 904 0093 06       		.uleb128 0x6
 905 0094 40       		.uleb128 0x40
 906 0095 18       		.uleb128 0x18
 907 0096 9742     		.uleb128 0x2117
 908 0098 19       		.uleb128 0x19
 909 0099 00       		.byte	0
 910 009a 00       		.byte	0
 911 009b 0C       		.uleb128 0xc
 912 009c 05       		.uleb128 0x5
 913 009d 00       		.byte	0
 914 009e 03       		.uleb128 0x3
 915 009f 0E       		.uleb128 0xe
 916 00a0 3A       		.uleb128 0x3a
 917 00a1 0B       		.uleb128 0xb
 918 00a2 3B       		.uleb128 0x3b
 919 00a3 0B       		.uleb128 0xb
 920 00a4 49       		.uleb128 0x49
 921 00a5 13       		.uleb128 0x13
 922 00a6 02       		.uleb128 0x2
 923 00a7 17       		.uleb128 0x17
 924 00a8 00       		.byte	0
 925 00a9 00       		.byte	0
 926 00aa 0D       		.uleb128 0xd
 927 00ab 34       		.uleb128 0x34
 928 00ac 00       		.byte	0
 929 00ad 03       		.uleb128 0x3
 930 00ae 0E       		.uleb128 0xe
 931 00af 3A       		.uleb128 0x3a
 932 00b0 0B       		.uleb128 0xb
 933 00b1 3B       		.uleb128 0x3b
 934 00b2 0B       		.uleb128 0xb
 935 00b3 49       		.uleb128 0x49
 936 00b4 13       		.uleb128 0x13
 937 00b5 02       		.uleb128 0x2
 938 00b6 17       		.uleb128 0x17
 939 00b7 00       		.byte	0
 940 00b8 00       		.byte	0
 941 00b9 0E       		.uleb128 0xe
 942 00ba 34       		.uleb128 0x34
 943 00bb 00       		.byte	0
 944 00bc 03       		.uleb128 0x3
 945 00bd 0E       		.uleb128 0xe
 946 00be 3A       		.uleb128 0x3a
 947 00bf 0B       		.uleb128 0xb
 948 00c0 3B       		.uleb128 0x3b
 949 00c1 0B       		.uleb128 0xb
 950 00c2 49       		.uleb128 0x49
ARM GAS  C:\Users\kylep\AppData\Local\Temp\ccjdzy7r.s 			page 25


 951 00c3 13       		.uleb128 0x13
 952 00c4 1C       		.uleb128 0x1c
 953 00c5 0B       		.uleb128 0xb
 954 00c6 00       		.byte	0
 955 00c7 00       		.byte	0
 956 00c8 0F       		.uleb128 0xf
 957 00c9 2E       		.uleb128 0x2e
 958 00ca 01       		.byte	0x1
 959 00cb 3F       		.uleb128 0x3f
 960 00cc 19       		.uleb128 0x19
 961 00cd 03       		.uleb128 0x3
 962 00ce 0E       		.uleb128 0xe
 963 00cf 3A       		.uleb128 0x3a
 964 00d0 0B       		.uleb128 0xb
 965 00d1 3B       		.uleb128 0x3b
 966 00d2 05       		.uleb128 0x5
 967 00d3 27       		.uleb128 0x27
 968 00d4 19       		.uleb128 0x19
 969 00d5 49       		.uleb128 0x49
 970 00d6 13       		.uleb128 0x13
 971 00d7 11       		.uleb128 0x11
 972 00d8 01       		.uleb128 0x1
 973 00d9 12       		.uleb128 0x12
 974 00da 06       		.uleb128 0x6
 975 00db 40       		.uleb128 0x40
 976 00dc 18       		.uleb128 0x18
 977 00dd 9742     		.uleb128 0x2117
 978 00df 19       		.uleb128 0x19
 979 00e0 01       		.uleb128 0x1
 980 00e1 13       		.uleb128 0x13
 981 00e2 00       		.byte	0
 982 00e3 00       		.byte	0
 983 00e4 10       		.uleb128 0x10
 984 00e5 34       		.uleb128 0x34
 985 00e6 00       		.byte	0
 986 00e7 03       		.uleb128 0x3
 987 00e8 0E       		.uleb128 0xe
 988 00e9 3A       		.uleb128 0x3a
 989 00ea 0B       		.uleb128 0xb
 990 00eb 3B       		.uleb128 0x3b
 991 00ec 05       		.uleb128 0x5
 992 00ed 49       		.uleb128 0x49
 993 00ee 13       		.uleb128 0x13
 994 00ef 02       		.uleb128 0x2
 995 00f0 17       		.uleb128 0x17
 996 00f1 00       		.byte	0
 997 00f2 00       		.byte	0
 998 00f3 11       		.uleb128 0x11
 999 00f4 34       		.uleb128 0x34
 1000 00f5 00       		.byte	0
 1001 00f6 03       		.uleb128 0x3
 1002 00f7 0E       		.uleb128 0xe
 1003 00f8 3A       		.uleb128 0x3a
 1004 00f9 0B       		.uleb128 0xb
 1005 00fa 3B       		.uleb128 0x3b
 1006 00fb 05       		.uleb128 0x5
 1007 00fc 49       		.uleb128 0x49
ARM GAS  C:\Users\kylep\AppData\Local\Temp\ccjdzy7r.s 			page 26


 1008 00fd 13       		.uleb128 0x13
 1009 00fe 1C       		.uleb128 0x1c
 1010 00ff 0B       		.uleb128 0xb
 1011 0100 00       		.byte	0
 1012 0101 00       		.byte	0
 1013 0102 12       		.uleb128 0x12
 1014 0103 2E       		.uleb128 0x2e
 1015 0104 00       		.byte	0
 1016 0105 3F       		.uleb128 0x3f
 1017 0106 19       		.uleb128 0x19
 1018 0107 03       		.uleb128 0x3
 1019 0108 0E       		.uleb128 0xe
 1020 0109 3A       		.uleb128 0x3a
 1021 010a 0B       		.uleb128 0xb
 1022 010b 3B       		.uleb128 0x3b
 1023 010c 05       		.uleb128 0x5
 1024 010d 27       		.uleb128 0x27
 1025 010e 19       		.uleb128 0x19
 1026 010f 11       		.uleb128 0x11
 1027 0110 01       		.uleb128 0x1
 1028 0111 12       		.uleb128 0x12
 1029 0112 06       		.uleb128 0x6
 1030 0113 40       		.uleb128 0x40
 1031 0114 18       		.uleb128 0x18
 1032 0115 9742     		.uleb128 0x2117
 1033 0117 19       		.uleb128 0x19
 1034 0118 00       		.byte	0
 1035 0119 00       		.byte	0
 1036 011a 13       		.uleb128 0x13
 1037 011b 2E       		.uleb128 0x2e
 1038 011c 00       		.byte	0
 1039 011d 3F       		.uleb128 0x3f
 1040 011e 19       		.uleb128 0x19
 1041 011f 03       		.uleb128 0x3
 1042 0120 0E       		.uleb128 0xe
 1043 0121 3A       		.uleb128 0x3a
 1044 0122 0B       		.uleb128 0xb
 1045 0123 3B       		.uleb128 0x3b
 1046 0124 05       		.uleb128 0x5
 1047 0125 27       		.uleb128 0x27
 1048 0126 19       		.uleb128 0x19
 1049 0127 49       		.uleb128 0x49
 1050 0128 13       		.uleb128 0x13
 1051 0129 11       		.uleb128 0x11
 1052 012a 01       		.uleb128 0x1
 1053 012b 12       		.uleb128 0x12
 1054 012c 06       		.uleb128 0x6
 1055 012d 40       		.uleb128 0x40
 1056 012e 18       		.uleb128 0x18
 1057 012f 9742     		.uleb128 0x2117
 1058 0131 19       		.uleb128 0x19
 1059 0132 00       		.byte	0
 1060 0133 00       		.byte	0
 1061 0134 14       		.uleb128 0x14
 1062 0135 898201   		.uleb128 0x4109
 1063 0138 01       		.byte	0x1
 1064 0139 11       		.uleb128 0x11
ARM GAS  C:\Users\kylep\AppData\Local\Temp\ccjdzy7r.s 			page 27


 1065 013a 01       		.uleb128 0x1
 1066 013b 31       		.uleb128 0x31
 1067 013c 13       		.uleb128 0x13
 1068 013d 01       		.uleb128 0x1
 1069 013e 13       		.uleb128 0x13
 1070 013f 00       		.byte	0
 1071 0140 00       		.byte	0
 1072 0141 15       		.uleb128 0x15
 1073 0142 8A8201   		.uleb128 0x410a
 1074 0145 00       		.byte	0
 1075 0146 02       		.uleb128 0x2
 1076 0147 18       		.uleb128 0x18
 1077 0148 9142     		.uleb128 0x2111
 1078 014a 18       		.uleb128 0x18
 1079 014b 00       		.byte	0
 1080 014c 00       		.byte	0
 1081 014d 16       		.uleb128 0x16
 1082 014e 01       		.uleb128 0x1
 1083 014f 01       		.byte	0x1
 1084 0150 49       		.uleb128 0x49
 1085 0151 13       		.uleb128 0x13
 1086 0152 01       		.uleb128 0x1
 1087 0153 13       		.uleb128 0x13
 1088 0154 00       		.byte	0
 1089 0155 00       		.byte	0
 1090 0156 17       		.uleb128 0x17
 1091 0157 21       		.uleb128 0x21
 1092 0158 00       		.byte	0
 1093 0159 49       		.uleb128 0x49
 1094 015a 13       		.uleb128 0x13
 1095 015b 2F       		.uleb128 0x2f
 1096 015c 0B       		.uleb128 0xb
 1097 015d 00       		.byte	0
 1098 015e 00       		.byte	0
 1099 015f 18       		.uleb128 0x18
 1100 0160 34       		.uleb128 0x34
 1101 0161 00       		.byte	0
 1102 0162 03       		.uleb128 0x3
 1103 0163 0E       		.uleb128 0xe
 1104 0164 3A       		.uleb128 0x3a
 1105 0165 0B       		.uleb128 0xb
 1106 0166 3B       		.uleb128 0x3b
 1107 0167 0B       		.uleb128 0xb
 1108 0168 49       		.uleb128 0x49
 1109 0169 13       		.uleb128 0x13
 1110 016a 3F       		.uleb128 0x3f
 1111 016b 19       		.uleb128 0x19
 1112 016c 3C       		.uleb128 0x3c
 1113 016d 19       		.uleb128 0x19
 1114 016e 00       		.byte	0
 1115 016f 00       		.byte	0
 1116 0170 19       		.uleb128 0x19
 1117 0171 2E       		.uleb128 0x2e
 1118 0172 00       		.byte	0
 1119 0173 3F       		.uleb128 0x3f
 1120 0174 19       		.uleb128 0x19
 1121 0175 03       		.uleb128 0x3
ARM GAS  C:\Users\kylep\AppData\Local\Temp\ccjdzy7r.s 			page 28


 1122 0176 0E       		.uleb128 0xe
 1123 0177 3A       		.uleb128 0x3a
 1124 0178 0B       		.uleb128 0xb
 1125 0179 3B       		.uleb128 0x3b
 1126 017a 0B       		.uleb128 0xb
 1127 017b 27       		.uleb128 0x27
 1128 017c 19       		.uleb128 0x19
 1129 017d 3C       		.uleb128 0x3c
 1130 017e 19       		.uleb128 0x19
 1131 017f 00       		.byte	0
 1132 0180 00       		.byte	0
 1133 0181 1A       		.uleb128 0x1a
 1134 0182 2E       		.uleb128 0x2e
 1135 0183 00       		.byte	0
 1136 0184 3F       		.uleb128 0x3f
 1137 0185 19       		.uleb128 0x19
 1138 0186 03       		.uleb128 0x3
 1139 0187 0E       		.uleb128 0xe
 1140 0188 3A       		.uleb128 0x3a
 1141 0189 0B       		.uleb128 0xb
 1142 018a 3B       		.uleb128 0x3b
 1143 018b 0B       		.uleb128 0xb
 1144 018c 27       		.uleb128 0x27
 1145 018d 19       		.uleb128 0x19
 1146 018e 49       		.uleb128 0x49
 1147 018f 13       		.uleb128 0x13
 1148 0190 3C       		.uleb128 0x3c
 1149 0191 19       		.uleb128 0x19
 1150 0192 00       		.byte	0
 1151 0193 00       		.byte	0
 1152 0194 1B       		.uleb128 0x1b
 1153 0195 2E       		.uleb128 0x2e
 1154 0196 01       		.byte	0x1
 1155 0197 3F       		.uleb128 0x3f
 1156 0198 19       		.uleb128 0x19
 1157 0199 03       		.uleb128 0x3
 1158 019a 0E       		.uleb128 0xe
 1159 019b 3A       		.uleb128 0x3a
 1160 019c 0B       		.uleb128 0xb
 1161 019d 3B       		.uleb128 0x3b
 1162 019e 0B       		.uleb128 0xb
 1163 019f 27       		.uleb128 0x27
 1164 01a0 19       		.uleb128 0x19
 1165 01a1 3C       		.uleb128 0x3c
 1166 01a2 19       		.uleb128 0x19
 1167 01a3 00       		.byte	0
 1168 01a4 00       		.byte	0
 1169 01a5 1C       		.uleb128 0x1c
 1170 01a6 05       		.uleb128 0x5
 1171 01a7 00       		.byte	0
 1172 01a8 49       		.uleb128 0x49
 1173 01a9 13       		.uleb128 0x13
 1174 01aa 00       		.byte	0
 1175 01ab 00       		.byte	0
 1176 01ac 00       		.byte	0
 1177              		.section	.debug_loc,"",%progbits
 1178              	.Ldebug_loc0:
ARM GAS  C:\Users\kylep\AppData\Local\Temp\ccjdzy7r.s 			page 29


 1179              	.LLST0:
 1180 0000 00000000 		.4byte	.LVL2
 1181 0004 07000000 		.4byte	.LVL4-1
 1182 0008 0100     		.2byte	0x1
 1183 000a 50       		.byte	0x50
 1184 000b 07000000 		.4byte	.LVL4-1
 1185 000f 20000000 		.4byte	.LFE40
 1186 0013 0400     		.2byte	0x4
 1187 0015 F3       		.byte	0xf3
 1188 0016 01       		.uleb128 0x1
 1189 0017 50       		.byte	0x50
 1190 0018 9F       		.byte	0x9f
 1191 0019 00000000 		.4byte	0
 1192 001d 00000000 		.4byte	0
 1193              	.LLST1:
 1194 0021 08000000 		.4byte	.LVL4
 1195 0025 19000000 		.4byte	.LVL5-1
 1196 0029 0100     		.2byte	0x1
 1197 002b 50       		.byte	0x50
 1198 002c 00000000 		.4byte	0
 1199 0030 00000000 		.4byte	0
 1200              	.LLST2:
 1201 0034 04000000 		.4byte	.LVL7
 1202 0038 06000000 		.4byte	.LVL8
 1203 003c 0500     		.2byte	0x5
 1204 003e 70       		.byte	0x70
 1205 003f 00       		.sleb128 0
 1206 0040 4E       		.byte	0x4e
 1207 0041 25       		.byte	0x25
 1208 0042 9F       		.byte	0x9f
 1209 0043 06000000 		.4byte	.LVL8
 1210 0047 0C000000 		.4byte	.LFE41
 1211 004b 0100     		.2byte	0x1
 1212 004d 50       		.byte	0x50
 1213 004e 00000000 		.4byte	0
 1214 0052 00000000 		.4byte	0
 1215              	.LLST3:
 1216 0056 00000000 		.4byte	.LVL13
 1217 005a 07000000 		.4byte	.LVL14-1
 1218 005e 0100     		.2byte	0x1
 1219 0060 50       		.byte	0x50
 1220 0061 07000000 		.4byte	.LVL14-1
 1221 0065 18000000 		.4byte	.LVL18
 1222 0069 0100     		.2byte	0x1
 1223 006b 54       		.byte	0x54
 1224 006c 18000000 		.4byte	.LVL18
 1225 0070 1A000000 		.4byte	.LFE35
 1226 0074 0400     		.2byte	0x4
 1227 0076 F3       		.byte	0xf3
 1228 0077 01       		.uleb128 0x1
 1229 0078 50       		.byte	0x50
 1230 0079 9F       		.byte	0x9f
 1231 007a 00000000 		.4byte	0
 1232 007e 00000000 		.4byte	0
 1233              		.section	.debug_aranges,"",%progbits
 1234 0000 7C000000 		.4byte	0x7c
 1235 0004 0200     		.2byte	0x2
ARM GAS  C:\Users\kylep\AppData\Local\Temp\ccjdzy7r.s 			page 30


 1236 0006 00000000 		.4byte	.Ldebug_info0
 1237 000a 04       		.byte	0x4
 1238 000b 00       		.byte	0
 1239 000c 0000     		.2byte	0
 1240 000e 0000     		.2byte	0
 1241 0010 00000000 		.4byte	.LFB37
 1242 0014 08000000 		.4byte	.LFE37-.LFB37
 1243 0018 00000000 		.4byte	.LFB38
 1244 001c 0C000000 		.4byte	.LFE38-.LFB38
 1245 0020 00000000 		.4byte	.LFB39
 1246 0024 0C000000 		.4byte	.LFE39-.LFB39
 1247 0028 00000000 		.4byte	.LFB40
 1248 002c 20000000 		.4byte	.LFE40-.LFB40
 1249 0030 00000000 		.4byte	.LFB41
 1250 0034 0C000000 		.4byte	.LFE41-.LFB41
 1251 0038 00000000 		.4byte	.LFB42
 1252 003c 10000000 		.4byte	.LFE42-.LFB42
 1253 0040 00000000 		.4byte	.LFB43
 1254 0044 14000000 		.4byte	.LFE43-.LFB43
 1255 0048 00000000 		.4byte	.LFB44
 1256 004c 10000000 		.4byte	.LFE44-.LFB44
 1257 0050 00000000 		.4byte	.LFB34
 1258 0054 1C000000 		.4byte	.LFE34-.LFB34
 1259 0058 00000000 		.4byte	.LFB35
 1260 005c 1A000000 		.4byte	.LFE35-.LFB35
 1261 0060 00000000 		.4byte	.LFB36
 1262 0064 14000000 		.4byte	.LFE36-.LFB36
 1263 0068 00000000 		.4byte	.LFB45
 1264 006c 10000000 		.4byte	.LFE45-.LFB45
 1265 0070 00000000 		.4byte	.LFB46
 1266 0074 10000000 		.4byte	.LFE46-.LFB46
 1267 0078 00000000 		.4byte	0
 1268 007c 00000000 		.4byte	0
 1269              		.section	.debug_ranges,"",%progbits
 1270              	.Ldebug_ranges0:
 1271 0000 00000000 		.4byte	.LFB37
 1272 0004 08000000 		.4byte	.LFE37
 1273 0008 00000000 		.4byte	.LFB38
 1274 000c 0C000000 		.4byte	.LFE38
 1275 0010 00000000 		.4byte	.LFB39
 1276 0014 0C000000 		.4byte	.LFE39
 1277 0018 00000000 		.4byte	.LFB40
 1278 001c 20000000 		.4byte	.LFE40
 1279 0020 00000000 		.4byte	.LFB41
 1280 0024 0C000000 		.4byte	.LFE41
 1281 0028 00000000 		.4byte	.LFB42
 1282 002c 10000000 		.4byte	.LFE42
 1283 0030 00000000 		.4byte	.LFB43
 1284 0034 14000000 		.4byte	.LFE43
 1285 0038 00000000 		.4byte	.LFB44
 1286 003c 10000000 		.4byte	.LFE44
 1287 0040 00000000 		.4byte	.LFB34
 1288 0044 1C000000 		.4byte	.LFE34
 1289 0048 00000000 		.4byte	.LFB35
 1290 004c 1A000000 		.4byte	.LFE35
 1291 0050 00000000 		.4byte	.LFB36
 1292 0054 14000000 		.4byte	.LFE36
ARM GAS  C:\Users\kylep\AppData\Local\Temp\ccjdzy7r.s 			page 31


 1293 0058 00000000 		.4byte	.LFB45
 1294 005c 10000000 		.4byte	.LFE45
 1295 0060 00000000 		.4byte	.LFB46
 1296 0064 10000000 		.4byte	.LFE46
 1297 0068 00000000 		.4byte	0
 1298 006c 00000000 		.4byte	0
 1299              		.section	.debug_line,"",%progbits
 1300              	.Ldebug_line0:
 1301 0000 89010000 		.section	.debug_str,"MS",%progbits,1
 1301      02008A00 
 1301      00000201 
 1301      FB0E0D00 
 1301      01010101 
 1302              	.LASF14:
 1303 0000 72656733 		.ascii	"reg32\000"
 1303      3200
 1304              	.LASF28:
 1305 0006 55415254 		.ascii	"UART_LED_ISR_Start\000"
 1305      5F4C4544 
 1305      5F495352 
 1305      5F537461 
 1305      727400
 1306              	.LASF29:
 1307 0019 55415254 		.ascii	"UART_LED_ISR_StartEx\000"
 1307      5F4C4544 
 1307      5F495352 
 1307      5F537461 
 1307      72744578 
 1308              	.LASF37:
 1309 002e 43795261 		.ascii	"CyRamVectors\000"
 1309      6D566563 
 1309      746F7273 
 1309      00
 1310              	.LASF31:
 1311 003b 55415254 		.ascii	"UART_LED_ISR_SetPending\000"
 1311      5F4C4544 
 1311      5F495352 
 1311      5F536574 
 1311      50656E64 
 1312              	.LASF26:
 1313 0053 55415254 		.ascii	"UART_LED_ISR_Enable\000"
 1313      5F4C4544 
 1313      5F495352 
 1313      5F456E61 
 1313      626C6500 
 1314              	.LASF3:
 1315 0067 73686F72 		.ascii	"short unsigned int\000"
 1315      7420756E 
 1315      7369676E 
 1315      65642069 
 1315      6E7400
 1316              	.LASF38:
 1317 007a 70726F63 		.ascii	"processBrightnessByteReceivedHandler\000"
 1317      65737342 
 1317      72696768 
 1317      746E6573 
 1317      73427974 
ARM GAS  C:\Users\kylep\AppData\Local\Temp\ccjdzy7r.s 			page 32


 1318              	.LASF36:
 1319 009f 55415254 		.ascii	"UART_LED_ISR_GetPriority\000"
 1319      5F4C4544 
 1319      5F495352 
 1319      5F476574 
 1319      5072696F 
 1320              	.LASF30:
 1321 00b8 55415254 		.ascii	"UART_LED_ISR_Stop\000"
 1321      5F4C4544 
 1321      5F495352 
 1321      5F53746F 
 1321      7000
 1322              	.LASF11:
 1323 00ca 666C6F61 		.ascii	"float\000"
 1323      7400
 1324              	.LASF7:
 1325 00d0 6C6F6E67 		.ascii	"long long unsigned int\000"
 1325      206C6F6E 
 1325      6720756E 
 1325      7369676E 
 1325      65642069 
 1326              	.LASF27:
 1327 00e7 55415254 		.ascii	"UART_LED_ISR_Disable\000"
 1327      5F4C4544 
 1327      5F495352 
 1327      5F446973 
 1327      61626C65 
 1328              	.LASF24:
 1329 00fc 55415254 		.ascii	"UART_LED_ISR_GetVector\000"
 1329      5F4C4544 
 1329      5F495352 
 1329      5F476574 
 1329      56656374 
 1330              	.LASF17:
 1331 0113 55415254 		.ascii	"UART_LED_ISR_Interrupt\000"
 1331      5F4C4544 
 1331      5F495352 
 1331      5F496E74 
 1331      65727275 
 1332              	.LASF22:
 1333 012a 696E7465 		.ascii	"interruptState\000"
 1333      72727570 
 1333      74537461 
 1333      746500
 1334              	.LASF5:
 1335 0139 6C6F6E67 		.ascii	"long unsigned int\000"
 1335      20756E73 
 1335      69676E65 
 1335      6420696E 
 1335      7400
 1336              	.LASF9:
 1337 014b 75696E74 		.ascii	"uint8\000"
 1337      3800
 1338              	.LASF21:
 1339 0151 7072696F 		.ascii	"priority\000"
 1339      72697479 
 1339      00
ARM GAS  C:\Users\kylep\AppData\Local\Temp\ccjdzy7r.s 			page 33


 1340              	.LASF1:
 1341 015a 756E7369 		.ascii	"unsigned char\000"
 1341      676E6564 
 1341      20636861 
 1341      7200
 1342              	.LASF12:
 1343 0168 646F7562 		.ascii	"double\000"
 1343      6C6500
 1344              	.LASF19:
 1345 016f 55415254 		.ascii	"UART_LED_ISR_SetPriority\000"
 1345      5F4C4544 
 1345      5F495352 
 1345      5F536574 
 1345      5072696F 
 1346              	.LASF34:
 1347 0188 2E5C4765 		.ascii	".\\Generated_Source\\PSoC4\\UART_LED_ISR.c\000"
 1347      6E657261 
 1347      7465645F 
 1347      536F7572 
 1347      63655C50 
 1348              	.LASF10:
 1349 01b0 75696E74 		.ascii	"uint32\000"
 1349      333200
 1350              	.LASF39:
 1351 01b7 4379456E 		.ascii	"CyEnterCriticalSection\000"
 1351      74657243 
 1351      72697469 
 1351      63616C53 
 1351      65637469 
 1352              	.LASF8:
 1353 01ce 756E7369 		.ascii	"unsigned int\000"
 1353      676E6564 
 1353      20696E74 
 1353      00
 1354              	.LASF20:
 1355 01db 61646472 		.ascii	"address\000"
 1355      65737300 
 1356              	.LASF40:
 1357 01e3 43794578 		.ascii	"CyExitCriticalSection\000"
 1357      69744372 
 1357      69746963 
 1357      616C5365 
 1357      6374696F 
 1358              	.LASF15:
 1359 01f9 63796973 		.ascii	"cyisraddress\000"
 1359      72616464 
 1359      72657373 
 1359      00
 1360              	.LASF16:
 1361 0206 73697A65 		.ascii	"sizetype\000"
 1361      74797065 
 1361      00
 1362              	.LASF6:
 1363 020f 6C6F6E67 		.ascii	"long long int\000"
 1363      206C6F6E 
 1363      6720696E 
 1363      7400
ARM GAS  C:\Users\kylep\AppData\Local\Temp\ccjdzy7r.s 			page 34


 1364              	.LASF35:
 1365 021d 433A5C55 		.ascii	"C:\\Users\\kylep\\Box Sync\\Feniex Firmware Files\\"
 1365      73657273 
 1365      5C6B796C 
 1365      65705C42 
 1365      6F782053 
 1366 024b 414C4220 		.ascii	"ALB Cube\\81-00024-01 AI Cube\\81-00024-01.cydsn\000"
 1366      43756265 
 1366      5C38312D 
 1366      30303032 
 1366      342D3031 
 1367              	.LASF13:
 1368 027a 63686172 		.ascii	"char\000"
 1368      00
 1369              	.LASF33:
 1370 027f 474E5520 		.ascii	"GNU C 4.9.3 20150303 (release) [ARM/embedded-4_9-br"
 1370      4320342E 
 1370      392E3320 
 1370      32303135 
 1370      30333033 
 1371 02b2 616E6368 		.ascii	"anch revision 221220] -mcpu=cortex-m0 -mthumb -g -O"
 1371      20726576 
 1371      6973696F 
 1371      6E203232 
 1371      31323230 
 1372 02e5 67202D66 		.ascii	"g -ffunction-sections -ffat-lto-objects\000"
 1372      66756E63 
 1372      74696F6E 
 1372      2D736563 
 1372      74696F6E 
 1373              	.LASF2:
 1374 030d 73686F72 		.ascii	"short int\000"
 1374      7420696E 
 1374      7400
 1375              	.LASF25:
 1376 0317 55415254 		.ascii	"UART_LED_ISR_GetState\000"
 1376      5F4C4544 
 1376      5F495352 
 1376      5F476574 
 1376      53746174 
 1377              	.LASF23:
 1378 032d 7072696F 		.ascii	"priorityOffset\000"
 1378      72697479 
 1378      4F666673 
 1378      657400
 1379              	.LASF4:
 1380 033c 6C6F6E67 		.ascii	"long int\000"
 1380      20696E74 
 1380      00
 1381              	.LASF32:
 1382 0345 55415254 		.ascii	"UART_LED_ISR_ClearPending\000"
 1382      5F4C4544 
 1382      5F495352 
 1382      5F436C65 
 1382      61725065 
 1383              	.LASF0:
 1384 035f 7369676E 		.ascii	"signed char\000"
ARM GAS  C:\Users\kylep\AppData\Local\Temp\ccjdzy7r.s 			page 35


 1384      65642063 
 1384      68617200 
 1385              	.LASF18:
 1386 036b 55415254 		.ascii	"UART_LED_ISR_SetVector\000"
 1386      5F4C4544 
 1386      5F495352 
 1386      5F536574 
 1386      56656374 
 1387              		.ident	"GCC: (GNU Tools for ARM Embedded Processors) 4.9.3 20150303 (release) [ARM/embedded-4_9-br
