Archive member included to satisfy reference by file (symbol)

.\CortexM0\ARM_GCC_541\Debug\81-00024-01.a(ADC_SAR_Seq.o)
                              .\CortexM0\ARM_GCC_541\Debug\main.o (ADC_SAR_Seq_Start)
.\CortexM0\ARM_GCC_541\Debug\81-00024-01.a(ADC_SAR_Seq_INT.o)
                              .\CortexM0\ARM_GCC_541\Debug\81-00024-01.a(ADC_SAR_Seq.o) (ADC_SAR_Seq_ISR)
.\CortexM0\ARM_GCC_541\Debug\81-00024-01.a(CyLib.o)
                              .\CortexM0\ARM_GCC_541\Debug\cyfitter_cfg.o (CyIntEnable)
.\CortexM0\ARM_GCC_541\Debug\81-00024-01.a(cyPm.o)
                              .\CortexM0\ARM_GCC_541\Debug\BrightnessCommManager.o (CySysPmDeepSleep)
.\CortexM0\ARM_GCC_541\Debug\81-00024-01.a(CyLFClk.o)
                              .\CortexM0\ARM_GCC_541\Debug\cyfitter_cfg.o (CySysWdtIsr)
.\CortexM0\ARM_GCC_541\Debug\81-00024-01.a(TimeoutTimer.o)
                              .\CortexM0\ARM_GCC_541\Debug\BrightnessCommManager.o (TimeoutTimer_Stop)
.\CortexM0\ARM_GCC_541\Debug\81-00024-01.a(CommTimeoutISR.o)
                              .\CortexM0\ARM_GCC_541\Debug\main.o (CommTimeoutISR_Start)
.\CortexM0\ARM_GCC_541\Debug\81-00024-01.a(SamplingTimerISR.o)
                              .\CortexM0\ARM_GCC_541\Debug\main.o (SamplingTimerISR_Start)
.\CortexM0\ARM_GCC_541\Debug\81-00024-01.a(SamplingTimer.o)
                              .\CortexM0\ARM_GCC_541\Debug\BrightnessCommManager.o (SamplingTimer_Stop)
.\CortexM0\ARM_GCC_541\Debug\81-00024-01.a(UART_LED_ISR.o)
                              .\CortexM0\ARM_GCC_541\Debug\main.o (UART_LED_ISR_Start)
.\CortexM0\ARM_GCC_541\Debug\81-00024-01.a(UART_LED.o)
                              .\CortexM0\ARM_GCC_541\Debug\main.o (UART_LED_Start)
.\CortexM0\ARM_GCC_541\Debug\81-00024-01.a(UART_LED_SPI_UART.o)
                              .\CortexM0\ARM_GCC_541\Debug\BrightnessCommManager.o (UART_LED_SpiUartGetRxBufferSize)
.\CortexM0\ARM_GCC_541\Debug\81-00024-01.a(UART_LED_UART.o)
                              .\CortexM0\ARM_GCC_541\Debug\81-00024-01.a(UART_LED.o) (UART_LED_UartInit)
.\CortexM0\ARM_GCC_541\Debug\81-00024-01.a(PWM.o)
                              .\CortexM0\ARM_GCC_541\Debug\BrightnessCommManager.o (PWM_Stop)
.\CortexM0\ARM_GCC_541\Debug\81-00024-01.a(PWM_Enable.o)
                              .\CortexM0\ARM_GCC_541\Debug\main.o (PWM_Enable_Write)
.\CortexM0\ARM_GCC_541\Debug\81-00024-01.a(DieTemp.o)
                              .\CortexM0\ARM_GCC_541\Debug\DriverControl.o (DieTemp_CountsTo_Celsius)
.\CortexM0\ARM_GCC_541\Debug\81-00024-01.a(LED_ISR.o)
                              .\CortexM0\ARM_GCC_541\Debug\main.o (LED_ISR_Start)
.\CortexM0\ARM_GCC_541\Debug\81-00024-01.a(AckTimeoutISR.o)
                              .\CortexM0\ARM_GCC_541\Debug\main.o (AckTimeoutISR_Start)
.\CortexM0\ARM_GCC_541\Debug\81-00024-01.a(AckTimer.o)
                              .\CortexM0\ARM_GCC_541\Debug\TemperatureCommManager.o (AckTimer_Stop)
.\CortexM0\ARM_GCC_541\Debug\81-00024-01.a(LED_Timer.o)
                              .\CortexM0\ARM_GCC_541\Debug\DriverControl.o (LED_Timer_Stop)
.\CortexM0\ARM_GCC_541\Debug\81-00024-01.a(EmEEPROM.o)
                              .\CortexM0\ARM_GCC_541\Debug\main.o (EmEEPROM_Start)
.\CortexM0\ARM_GCC_541\Debug\81-00024-01.a(motorControlPWM.o)
                              .\CortexM0\ARM_GCC_541\Debug\motorControl.o (motorControlPWM_SetCompareMode)
.\CortexM0\ARM_GCC_541\Debug\81-00024-01.a(pwmClock.o)
                              .\CortexM0\ARM_GCC_541\Debug\motorControl.o (pwmClock_Start)
.\CortexM0\ARM_GCC_541\Debug\81-00024-01.a(limitSwitch.o)
                              .\CortexM0\ARM_GCC_541\Debug\motorControl.o (limitSwitch_ClearInterrupt)
.\CortexM0\ARM_GCC_541\Debug\81-00024-01.a(hallEffectISR.o)
                              .\CortexM0\ARM_GCC_541\Debug\motorControl.o (hallEffectISR_StartEx)
.\CortexM0\ARM_GCC_541\Debug\81-00024-01.a(overCurrentTimer.o)
                              .\CortexM0\ARM_GCC_541\Debug\motorControl.o (overCurrentTimer_ReadStatusRegister)
.\CortexM0\ARM_GCC_541\Debug\81-00024-01.a(overCurrentTimerISR.o)
                              .\CortexM0\ARM_GCC_541\Debug\motorControl.o (overCurrentTimerISR_StartEx)
.\CortexM0\ARM_GCC_541\Debug\81-00024-01.a(inputs.o)
                              .\CortexM0\ARM_GCC_541\Debug\main.o (inputs_Read)
.\CortexM0\ARM_GCC_541\Debug\81-00024-01.a(modeChangeISR.o)
                              .\CortexM0\ARM_GCC_541\Debug\main.o (modeChangeISR_Start)
.\CortexM0\ARM_GCC_541\Debug\81-00024-01.a(CyBootAsmGnu.o)
                              .\CortexM0\ARM_GCC_541\Debug\81-00024-01.a(CyLib.o) (CyDelayCycles)
.\CortexM0\ARM_GCC_541\Debug\81-00024-01.a(CyFlash.o)
                              .\CortexM0\ARM_GCC_541\Debug\81-00024-01.a(EmEEPROM.o) (CySysFlashWriteRow)
c:/program files (x86)/cypress/psoc creator/4.1/psoc creator/import/gnu/arm/5.4.1/bin/../lib/gcc/arm-none-eabi/5.4.1/armv6-m\libgcc.a(_udivsi3.o)
[...]
Memory Configuration

Name             Origin             Length             Attributes
rom              0x00000000         0x00008000         xr
ram              0x20000000         0x00001000         xrw
*default*        0x00000000         0xffffffff

Linker script and memory map

LOAD c:/program files (x86)/cypress/psoc creator/4.1/psoc creator/import/gnu/arm/5.4.1/bin/../lib/gcc/arm-none-eabi/5.4.1/armv6-m/crti.o
LOAD c:/program files (x86)/cypress/psoc creator/4.1/psoc creator/import/gnu/arm/5.4.1/bin/../lib/gcc/arm-none-eabi/5.4.1/armv6-m/crtbegin.o
LOAD c:/program files (x86)/cypress/psoc creator/4.1/psoc creator/import/gnu/arm/5.4.1/bin/../lib/gcc/arm-none-eabi/5.4.1/../../../../arm-none-eabi/lib/armv6-m/crt0.o
START GROUP
LOAD .\CortexM0\ARM_GCC_541\Debug\main.o
LOAD .\CortexM0\ARM_GCC_541\Debug\TemperatureCommManager.o
LOAD .\CortexM0\ARM_GCC_541\Debug\BrightnessCommManager.o
LOAD .\CortexM0\ARM_GCC_541\Debug\DriverControl.o
LOAD .\CortexM0\ARM_GCC_541\Debug\motorControl.o
LOAD .\CortexM0\ARM_GCC_541\Debug\cyfitter_cfg.o
LOAD .\CortexM0\ARM_GCC_541\Debug\cymetadata.o
LOAD .\CortexM0\ARM_GCC_541\Debug\Cm0Start.o
LOAD .\CortexM0\ARM_GCC_541\Debug\81-00024-01.a
LOAD C:\Program Files (x86)\Cypress\PSoC Creator\4.1\PSoC Creator\psoc\content\cycomponentlibrary\CyComponentLibrary.cylib\CortexM0\ARM_GCC_541\Debug\CyComponentLibrary.a
END GROUP
START GROUP
LOAD c:/program files (x86)/cypress/psoc creator/4.1/psoc creator/import/gnu/arm/5.4.1/bin/../lib/gcc/arm-none-eabi/5.4.1/armv6-m\libgcc.a
LOAD c:/program files (x86)/cypress/psoc creator/4.1/psoc creator/import/gnu/arm/5.4.1/bin/../lib/gcc/arm-none-eabi/5.4.1/../../../../arm-none-eabi/lib/armv6-m\libg_nano.a
LOAD c:/program files (x86)/cypress/psoc creator/4.1/psoc creator/import/gnu/arm/5.4.1/bin/../lib/gcc/arm-none-eabi/5.4.1/../../../../arm-none-eabi/lib/armv6-m\libc_nano.a
END GROUP
START GROUP
LOAD c:/program files (x86)/cypress/psoc creator/4.1/psoc creator/import/gnu/arm/5.4.1/bin/../lib/gcc/arm-none-eabi/5.4.1/armv6-m\libgcc.a
LOAD c:/program files (x86)/cypress/psoc creator/4.1/psoc creator/import/gnu/arm/5.4.1/bin/../lib/gcc/arm-none-eabi/5.4.1/../../../../arm-none-eabi/lib/armv6-m\libc_nano.a
END GROUP
LOAD c:/program files (x86)/cypress/psoc creator/4.1/psoc creator/import/gnu/arm/5.4.1/bin/../lib/gcc/arm-none-eabi/5.4.1/armv6-m/crtend.o
LOAD c:/program files (x86)/cypress/psoc creator/4.1/psoc creator/import/gnu/arm/5.4.1/bin/../lib/gcc/arm-none-eabi/5.4.1/armv6-m/crtn.o
START GROUP
LOAD c:/program files (x86)/cypress/psoc creator/4.1/psoc creator/import/gnu/arm/5.4.1/bin/../lib/gcc/arm-none-eabi/5.4.1/armv6-m\libgcc.a
LOAD c:/program files (x86)/cypress/psoc creator/4.1/psoc creator/import/gnu/arm/5.4.1/bin/../lib/gcc/arm-none-eabi/5.4.1/../../../../arm-none-eabi/lib/armv6-m\libc.a
LOAD c:/program files (x86)/cypress/psoc creator/4.1/psoc creator/import/gnu/arm/5.4.1/bin/../lib/gcc/arm-none-eabi/5.4.1/../../../../arm-none-eabi/lib/armv6-m\libnosys.a
END GROUP
                0x00000000                CY_APPL_ORIGIN = 0x0
                0x00000080                CY_FLASH_ROW_SIZE = 0x80
                0x00000001                CY_APPL_NUM = 0x1
                0x00000001                CY_APPL_MAX = 0x1
                0x00000040                CY_METADATA_SIZE = 0x40
                0x00000000                CY_APPL_LOADABLE = 0x0
                0x00000000                CY_CHECKSUM_EXCLUDE_SIZE = ALIGN (0x0, CY_FLASH_ROW_SIZE)
                0x00000000                CY_APP_FOR_STACK_AND_COPIER = 0x0
                [!provide]                PROVIDE (__cy_heap_start, _end)
                0x00000001                PROVIDE (__cy_region_num, ((__cy_regions_end - __cy_regions) / 0x10))
                0x20001000                PROVIDE (__cy_stack, (ORIGIN (ram) + LENGTH (ram)))
                [!provide]                PROVIDE (__cy_heap_end, (__cy_stack - 0x400))

.cybootloader   0x00000000        0x0
 *(.cybootloader)
                0x00000000                appl1_start = CY_APPL_ORIGIN?CY_APPL_ORIGIN:ALIGN (CY_FLASH_ROW_SIZE)
                0x00003f80                appl2_start = (appl1_start + ALIGN ((((LENGTH (rom) - appl1_start) - (0x2 * CY_FLASH_ROW_SIZE)) / 0x2), CY_FLASH_ROW_SIZE))
                0x00000000                appl_start = (CY_APPL_NUM == 0x1)?appl1_start:appl2_start
                0x00000001                cy_project_type_bootloader = (appl_start == 0x0)?0x1:0x0
                0x00000000                cy_project_type_app_for_stack_and_copier = (CY_APP_FOR_STACK_AND_COPIER == 0x1)?0x1:0x0

.text           0x00000000     0x423e
 CREATE_OBJECT_SYMBOLS
                0x00000000                PROVIDE (__cy_interrupt_vector, RomVectors)
 *(.romvectors)
 .romvectors    0x00000000       0x10 .\CortexM0\ARM_GCC_541\Debug\Cm0Start.o
                0x00000000                RomVectors
                0x00000001                ASSERT ((. != __cy_interrupt_vector), No interrupt vector)
                0x00000001                ASSERT (CY_APPL_ORIGIN?(SIZEOF (.cybootloader) <= CY_APPL_ORIGIN):0x1, Wrong image location)
                0x00000010                PROVIDE (__cy_reset, Reset)
 *(.text.Reset)
 .text.Reset    0x00000010        0x8 .\CortexM0\ARM_GCC_541\Debug\Cm0Start.o
                0x00000010                Reset
                0x00000001                ASSERT ((. != __cy_reset), No reset code)
 *(.psocinit)
 .psocinit      0x00000018      0x27c .\CortexM0\ARM_GCC_541\Debug\cyfitter_cfg.o
                0x00000160                cyfitter_cfg
                0x00000294                . = MAX (., 0x100)
 *(.text .text.* .gnu.linkonce.t.*)
 .text          0x00000294       0x60 c:/program files (x86)/cypress/psoc creator/4.1/psoc creator/import/gnu/arm/5.4.1/bin/../lib/gcc/arm-none-eabi/5.4.1/armv6-m/crtbegin.o
 .text.initializePeripherals
                0x000002f4       0x44 .\CortexM0\ARM_GCC_541\Debug\main.o
 .text.main     0x00000338       0x60 .\CortexM0\ARM_GCC_541\Debug\main.o
                0x00000338                main
 .text.takeInputValues
                0x00000398       0xd8 .\CortexM0\ARM_GCC_541\Debug\main.o
                0x00000398                takeInputValues
 .text.clearInitializeAlreadyEEPROM
                0x00000470       0x14 .\CortexM0\ARM_GCC_541\Debug\main.o
                0x00000470                clearInitializeAlreadyEEPROM
 .text.getNonVolatileBarStateMemory
                0x00000484        0x8 .\CortexM0\ARM_GCC_541\Debug\main.o
                0x00000484                getNonVolatileBarStateMemory
 .text.getVolatileBarStateMemory
                0x0000048c        0x8 .\CortexM0\ARM_GCC_541\Debug\main.o
                0x0000048c                getVolatileBarStateMemory
 .text.getHighestTemperature
                0x00000494       0x38 .\CortexM0\ARM_GCC_541\Debug\TemperatureCommManager.o
 .text.isReadyToSendNextBrightnessPacket
                0x000004cc        0xc .\CortexM0\ARM_GCC_541\Debug\TemperatureCommManager.o
                0x000004cc                isReadyToSendNextBrightnessPacket
 .text.clearIsReadyToSendNextBrightnessPacket
                0x000004d8        0xc .\CortexM0\ARM_GCC_541\Debug\TemperatureCommManager.o
                0x000004d8                clearIsReadyToSendNextBrightnessPacket
 .text.setLastDriverPacket
                0x000004e4       0x28 .\CortexM0\ARM_GCC_541\Debug\TemperatureCommManager.o
                0x000004e4                setLastDriverPacket
 .text.processAckTimeoutRoutine
                0x0000050c       0x3c .\CortexM0\ARM_GCC_541\Debug\TemperatureCommManager.o
                0x0000050c                processAckTimeoutRoutine
 .text.processSamplingTimerRoutine
                0x00000548      0x13c .\CortexM0\ARM_GCC_541\Debug\TemperatureCommManager.o
                0x00000548                processSamplingTimerRoutine
 .text.processLowPowerRequest
                0x00000684       0x14 .\CortexM0\ARM_GCC_541\Debug\BrightnessCommManager.o
 .text.processOutputSelectUart
                0x00000698        0x8 .\CortexM0\ARM_GCC_541\Debug\BrightnessCommManager.o
 .text.putBarToSleep
                0x000006a0       0x38 .\CortexM0\ARM_GCC_541\Debug\BrightnessCommManager.o
 .text.processDriverCountPacket
                0x000006d8       0x74 .\CortexM0\ARM_GCC_541\Debug\BrightnessCommManager.o
 .text.saveStateBar
                0x0000074c       0x2c .\CortexM0\ARM_GCC_541\Debug\BrightnessCommManager.o
 .text.processReinitlizationPacket
                0x00000778        0xc .\CortexM0\ARM_GCC_541\Debug\BrightnessCommManager.o
 .text.processBrightnessPacket
                0x00000784       0x8c .\CortexM0\ARM_GCC_541\Debug\BrightnessCommManager.o
 .text.timeOutStateMachine
                0x00000810       0x90 .\CortexM0\ARM_GCC_541\Debug\BrightnessCommManager.o
                0x00000810                timeOutStateMachine
 .text.processTimeoutTimerRoutine
                0x000008a0       0x6c .\CortexM0\ARM_GCC_541\Debug\BrightnessCommManager.o
                0x000008a0                processTimeoutTimerRoutine
 .text.processCalibrationPacket
                0x0000090c       0x14 .\CortexM0\ARM_GCC_541\Debug\BrightnessCommManager.o
                0x0000090c                processCalibrationPacket
 .text.detectPacket
                0x00000920      0x1c0 .\CortexM0\ARM_GCC_541\Debug\BrightnessCommManager.o
 .text.processBrightnessByteReceivedHandler
                0x00000ae0       0x28 .\CortexM0\ARM_GCC_541\Debug\BrightnessCommManager.o
                0x00000ae0                processBrightnessByteReceivedHandler
 .text.getRxPacket
                0x00000b08       0x10 .\CortexM0\ARM_GCC_541\Debug\BrightnessCommManager.o
                0x00000b08                getRxPacket
 .text.getTemperatureStatus
                0x00000b18       0x5c .\CortexM0\ARM_GCC_541\Debug\DriverControl.o
 .text.getDriverID
                0x00000b74        0xc .\CortexM0\ARM_GCC_541\Debug\DriverControl.o
                0x00000b74                getDriverID
 .text.setIdentityByComm
                0x00000b80       0x18 .\CortexM0\ARM_GCC_541\Debug\DriverControl.o
                0x00000b80                setIdentityByComm
 .text.setDriverCount
                0x00000b98       0x18 .\CortexM0\ARM_GCC_541\Debug\DriverControl.o
                0x00000b98                setDriverCount
 .text.processSoftStart
                0x00000bb0       0x24 .\CortexM0\ARM_GCC_541\Debug\DriverControl.o
                0x00000bb0                processSoftStart
 .text.updateBrightnessLevel
                0x00000bd4       0x9c .\CortexM0\ARM_GCC_541\Debug\DriverControl.o
                0x00000bd4                updateBrightnessLevel
 .text.getMaxTemperature
                0x00000c70       0x14 .\CortexM0\ARM_GCC_541\Debug\DriverControl.o
                0x00000c70                getMaxTemperature
 .text.getTemperatureSample
                0x00000c84       0x98 .\CortexM0\ARM_GCC_541\Debug\DriverControl.o
                0x00000c84                getTemperatureSample
 .text.getNewMaxBrightness
                0x00000d1c        0xc .\CortexM0\ARM_GCC_541\Debug\DriverControl.o
                0x00000d1c                getNewMaxBrightness
 .text.regulateBrightness
                0x00000d28      0x110 .\CortexM0\ARM_GCC_541\Debug\DriverControl.o
                0x00000d28                regulateBrightness
 .text.setBrightness
                0x00000e38       0x2c .\CortexM0\ARM_GCC_541\Debug\DriverControl.o
                0x00000e38                setBrightness
 .text.loadLimitSwitchValue
                0x00000e64       0x1c .\CortexM0\ARM_GCC_541\Debug\motorControl.o
                0x00000e64                loadLimitSwitchValue
 .text.setMotorOutputs
                0x00000e80       0x6c .\CortexM0\ARM_GCC_541\Debug\motorControl.o
                0x00000e80                setMotorOutputs
 .text.HALL_EFFECT_EDGE_DETECT_INTERRUPT
                0x00000eec       0x4c .\CortexM0\ARM_GCC_541\Debug\motorControl.o
                0x00000eec                HALL_EFFECT_EDGE_DETECT_INTERRUPT
 .text.initializeMotor
                0x00000f38       0x58 .\CortexM0\ARM_GCC_541\Debug\motorControl.o
                0x00000f38                initializeMotor
 .text.motorControlLoop
                0x00000f90      0x1c0 .\CortexM0\ARM_GCC_541\Debug\motorControl.o
                0x00000f90                motorControlLoop
 .text.calibrateMotor
                0x00001150       0xa4 .\CortexM0\ARM_GCC_541\Debug\motorControl.o
                0x00001150                calibrateMotor
 .text.setMotorPosition
                0x000011f4        0xc .\CortexM0\ARM_GCC_541\Debug\motorControl.o
                0x000011f4                setMotorPosition
 .text.checkMotorCurrent
                0x00001200        0xc .\CortexM0\ARM_GCC_541\Debug\motorControl.o
                0x00001200                checkMotorCurrent
 .text.OVER_CURRENT_ISR
                0x0000120c      0x128 .\CortexM0\ARM_GCC_541\Debug\motorControl.o
                0x0000120c                OVER_CURRENT_ISR
 .text.cfg_write_bytes32
                0x00001334       0x34 .\CortexM0\ARM_GCC_541\Debug\cyfitter_cfg.o
 .text.AnalogSetDefault
                0x00001368       0x18 .\CortexM0\ARM_GCC_541\Debug\cyfitter_cfg.o
 .text.CYMEMZERO
                0x00001380        0xc .\CortexM0\ARM_GCC_541\Debug\cyfitter_cfg.o
 .text.IntDefaultHandler
                0x0000138c       0x10 .\CortexM0\ARM_GCC_541\Debug\Cm0Start.o
                0x0000138c                IntDefaultHandler
 .text.Start_c  0x0000139c       0x48 .\CortexM0\ARM_GCC_541\Debug\Cm0Start.o
                0x0000139c                Start_c
 .text.initialize_psoc
                0x000013e4       0x40 .\CortexM0\ARM_GCC_541\Debug\Cm0Start.o
                0x000013e4                initialize_psoc
 .text.ADC_SAR_Seq_Init
                0x00001424      0x1c8 .\CortexM0\ARM_GCC_541\Debug\81-00024-01.a(ADC_SAR_Seq.o)
                0x00001424                ADC_SAR_Seq_Init
 .text.ADC_SAR_Seq_Enable
                0x000015ec       0x24 .\CortexM0\ARM_GCC_541\Debug\81-00024-01.a(ADC_SAR_Seq.o)
                0x000015ec                ADC_SAR_Seq_Enable
 .text.ADC_SAR_Seq_Start
                0x00001610       0x20 .\CortexM0\ARM_GCC_541\Debug\81-00024-01.a(ADC_SAR_Seq.o)
                0x00001610                ADC_SAR_Seq_Start
 .text.ADC_SAR_Seq_Stop
                0x00001630       0x10 .\CortexM0\ARM_GCC_541\Debug\81-00024-01.a(ADC_SAR_Seq.o)
                0x00001630                ADC_SAR_Seq_Stop
 .text.ADC_SAR_Seq_StartConvert
                0x00001640       0x14 .\CortexM0\ARM_GCC_541\Debug\81-00024-01.a(ADC_SAR_Seq.o)
                0x00001640                ADC_SAR_Seq_StartConvert
 .text.ADC_SAR_Seq_StopConvert
                0x00001654       0x14 .\CortexM0\ARM_GCC_541\Debug\81-00024-01.a(ADC_SAR_Seq.o)
                0x00001654                ADC_SAR_Seq_StopConvert
 .text.ADC_SAR_Seq_IsEndConversion
                0x00001668       0x4c .\CortexM0\ARM_GCC_541\Debug\81-00024-01.a(ADC_SAR_Seq.o)
                0x00001668                ADC_SAR_Seq_IsEndConversion
 .text.ADC_SAR_Seq_GetResult16
                0x000016b4       0x38 .\CortexM0\ARM_GCC_541\Debug\81-00024-01.a(ADC_SAR_Seq.o)
                0x000016b4                ADC_SAR_Seq_GetResult16
 .text.ADC_SAR_Seq_EnableInjection
                0x000016ec       0x14 .\CortexM0\ARM_GCC_541\Debug\81-00024-01.a(ADC_SAR_Seq.o)
                0x000016ec                ADC_SAR_Seq_EnableInjection
 .text.ADC_SAR_Seq_ISR
                0x00001700        0xc .\CortexM0\ARM_GCC_541\Debug\81-00024-01.a(ADC_SAR_Seq_INT.o)
                0x00001700                ADC_SAR_Seq_ISR
 .text.CySysClkWriteSysclkDiv
                0x0000170c       0x30 .\CortexM0\ARM_GCC_541\Debug\81-00024-01.a(CyLib.o)
                0x0000170c                CySysClkWriteSysclkDiv
 .text.CyIntEnable
                0x0000173c       0x14 .\CortexM0\ARM_GCC_541\Debug\81-00024-01.a(CyLib.o)
                0x0000173c                CyIntEnable
 .text.CyHalt   0x00001750        0x4 .\CortexM0\ARM_GCC_541\Debug\81-00024-01.a(CyLib.o)
                0x00001750                CyHalt
 .text.CyIntSetVector
                0x00001754       0x24 .\CortexM0\ARM_GCC_541\Debug\81-00024-01.a(CyLib.o)
                0x00001754                CyIntSetVector
 .text.CyIntSetPriority
                0x00001778       0x4c .\CortexM0\ARM_GCC_541\Debug\81-00024-01.a(CyLib.o)
                0x00001778                CyIntSetPriority
 .text.CySoftwareReset
                0x000017c4       0x18 .\CortexM0\ARM_GCC_541\Debug\81-00024-01.a(CyLib.o)
                0x000017c4                CySoftwareReset
 .text.CyDelay  0x000017dc       0x30 .\CortexM0\ARM_GCC_541\Debug\81-00024-01.a(CyLib.o)
                0x000017dc                CyDelay
 .text.CyDelayUs
                0x0000180c       0x14 .\CortexM0\ARM_GCC_541\Debug\81-00024-01.a(CyLib.o)
                0x0000180c                CyDelayUs
 .text.CySysClkWriteImoFreq
                0x00001820      0x164 .\CortexM0\ARM_GCC_541\Debug\81-00024-01.a(CyLib.o)
                0x00001820                CySysClkWriteImoFreq
 .text.CySysPmDeepSleep
                0x00001984       0x6c .\CortexM0\ARM_GCC_541\Debug\81-00024-01.a(cyPm.o)
                0x00001984                CySysPmDeepSleep
 .text.CySysWdtLocked
                0x000019f0       0x14 .\CortexM0\ARM_GCC_541\Debug\81-00024-01.a(CyLFClk.o)
 .text.CySysWdtLock
                0x00001a04       0x1c .\CortexM0\ARM_GCC_541\Debug\81-00024-01.a(CyLFClk.o)
                0x00001a04                CySysWdtLock
 .text.CySysWdtUnlock
                0x00001a20       0x30 .\CortexM0\ARM_GCC_541\Debug\81-00024-01.a(CyLFClk.o)
                0x00001a20                CySysWdtUnlock
 .text.CySysWdtClearInterrupt
                0x00001a50       0x4c .\CortexM0\ARM_GCC_541\Debug\81-00024-01.a(CyLFClk.o)
                0x00001a50                CySysWdtClearInterrupt
 .text.CySysWdtIsr
                0x00001a9c       0xa4 .\CortexM0\ARM_GCC_541\Debug\81-00024-01.a(CyLFClk.o)
                0x00001a9c                CySysWdtIsr
 .text.TimeoutTimer_Stop
                0x00001b40       0x1c .\CortexM0\ARM_GCC_541\Debug\81-00024-01.a(TimeoutTimer.o)
                0x00001b40                TimeoutTimer_Stop
 .text.TimeoutTimer_WriteCounter
                0x00001b5c       0x10 .\CortexM0\ARM_GCC_541\Debug\81-00024-01.a(TimeoutTimer.o)
                0x00001b5c                TimeoutTimer_WriteCounter
 .text.TimeoutTimer_WritePeriod
                0x00001b6c       0x10 .\CortexM0\ARM_GCC_541\Debug\81-00024-01.a(TimeoutTimer.o)
                0x00001b6c                TimeoutTimer_WritePeriod
 .text.TimeoutTimer_TriggerCommand
                0x00001b7c       0x1c .\CortexM0\ARM_GCC_541\Debug\81-00024-01.a(TimeoutTimer.o)
                0x00001b7c                TimeoutTimer_TriggerCommand
 .text.TimeoutTimer_Enable
                0x00001b98       0x24 .\CortexM0\ARM_GCC_541\Debug\81-00024-01.a(TimeoutTimer.o)
                0x00001b98                TimeoutTimer_Enable
 .text.TimeoutTimer_SetInterruptMode
                0x00001bbc        0xc .\CortexM0\ARM_GCC_541\Debug\81-00024-01.a(TimeoutTimer.o)
                0x00001bbc                TimeoutTimer_SetInterruptMode
 .text.TimeoutTimer_Init
                0x00001bc8       0x30 .\CortexM0\ARM_GCC_541\Debug\81-00024-01.a(TimeoutTimer.o)
                0x00001bc8                TimeoutTimer_Init
 .text.TimeoutTimer_Start
                0x00001bf8       0x20 .\CortexM0\ARM_GCC_541\Debug\81-00024-01.a(TimeoutTimer.o)
                0x00001bf8                TimeoutTimer_Start
 .text.TimeoutTimer_ClearInterrupt
                0x00001c18        0xc .\CortexM0\ARM_GCC_541\Debug\81-00024-01.a(TimeoutTimer.o)
                0x00001c18                TimeoutTimer_ClearInterrupt
 .text.CommTimeoutISR_Interrupt
                0x00001c24        0x8 .\CortexM0\ARM_GCC_541\Debug\81-00024-01.a(CommTimeoutISR.o)
                0x00001c24                CommTimeoutISR_Interrupt
 .text.CommTimeoutISR_SetVector
                0x00001c2c        0xc .\CortexM0\ARM_GCC_541\Debug\81-00024-01.a(CommTimeoutISR.o)
                0x00001c2c                CommTimeoutISR_SetVector
 .text.CommTimeoutISR_SetPriority
                0x00001c38       0x24 .\CortexM0\ARM_GCC_541\Debug\81-00024-01.a(CommTimeoutISR.o)
                0x00001c38                CommTimeoutISR_SetPriority
 .text.CommTimeoutISR_Enable
                0x00001c5c        0xc .\CortexM0\ARM_GCC_541\Debug\81-00024-01.a(CommTimeoutISR.o)
                0x00001c5c                CommTimeoutISR_Enable
 .text.CommTimeoutISR_Disable
                0x00001c68        0xc .\CortexM0\ARM_GCC_541\Debug\81-00024-01.a(CommTimeoutISR.o)
                0x00001c68                CommTimeoutISR_Disable
 .text.CommTimeoutISR_Start
                0x00001c74       0x1c .\CortexM0\ARM_GCC_541\Debug\81-00024-01.a(CommTimeoutISR.o)
                0x00001c74                CommTimeoutISR_Start
 .text.CommTimeoutISR_Stop
                0x00001c90       0x14 .\CortexM0\ARM_GCC_541\Debug\81-00024-01.a(CommTimeoutISR.o)
                0x00001c90                CommTimeoutISR_Stop
 .text.CommTimeoutISR_ClearPending
                0x00001ca4        0xc .\CortexM0\ARM_GCC_541\Debug\81-00024-01.a(CommTimeoutISR.o)
                0x00001ca4                CommTimeoutISR_ClearPending
 .text.SamplingTimerISR_Interrupt
                0x00001cb0        0x8 .\CortexM0\ARM_GCC_541\Debug\81-00024-01.a(SamplingTimerISR.o)
                0x00001cb0                SamplingTimerISR_Interrupt
 .text.SamplingTimerISR_SetVector
                0x00001cb8        0xc .\CortexM0\ARM_GCC_541\Debug\81-00024-01.a(SamplingTimerISR.o)
                0x00001cb8                SamplingTimerISR_SetVector
 .text.SamplingTimerISR_SetPriority
                0x00001cc4       0x20 .\CortexM0\ARM_GCC_541\Debug\81-00024-01.a(SamplingTimerISR.o)
                0x00001cc4                SamplingTimerISR_SetPriority
 .text.SamplingTimerISR_Enable
                0x00001ce4        0xc .\CortexM0\ARM_GCC_541\Debug\81-00024-01.a(SamplingTimerISR.o)
                0x00001ce4                SamplingTimerISR_Enable
 .text.SamplingTimerISR_Disable
                0x00001cf0        0xc .\CortexM0\ARM_GCC_541\Debug\81-00024-01.a(SamplingTimerISR.o)
                0x00001cf0                SamplingTimerISR_Disable
 .text.SamplingTimerISR_Start
                0x00001cfc       0x1c .\CortexM0\ARM_GCC_541\Debug\81-00024-01.a(SamplingTimerISR.o)
                0x00001cfc                SamplingTimerISR_Start
 .text.SamplingTimerISR_Stop
                0x00001d18       0x14 .\CortexM0\ARM_GCC_541\Debug\81-00024-01.a(SamplingTimerISR.o)
                0x00001d18                SamplingTimerISR_Stop
 .text.SamplingTimer_Stop
                0x00001d2c       0x1c .\CortexM0\ARM_GCC_541\Debug\81-00024-01.a(SamplingTimer.o)
                0x00001d2c                SamplingTimer_Stop
 .text.SamplingTimer_WriteCounter
                0x00001d48       0x10 .\CortexM0\ARM_GCC_541\Debug\81-00024-01.a(SamplingTimer.o)
                0x00001d48                SamplingTimer_WriteCounter
 .text.SamplingTimer_WritePeriod
                0x00001d58       0x10 .\CortexM0\ARM_GCC_541\Debug\81-00024-01.a(SamplingTimer.o)
                0x00001d58                SamplingTimer_WritePeriod
 .text.SamplingTimer_TriggerCommand
                0x00001d68       0x1c .\CortexM0\ARM_GCC_541\Debug\81-00024-01.a(SamplingTimer.o)
                0x00001d68                SamplingTimer_TriggerCommand
 .text.SamplingTimer_Enable
                0x00001d84       0x24 .\CortexM0\ARM_GCC_541\Debug\81-00024-01.a(SamplingTimer.o)
                0x00001d84                SamplingTimer_Enable
 .text.SamplingTimer_SetInterruptMode
                0x00001da8        0xc .\CortexM0\ARM_GCC_541\Debug\81-00024-01.a(SamplingTimer.o)
                0x00001da8                SamplingTimer_SetInterruptMode
 .text.SamplingTimer_Init
                0x00001db4       0x2c .\CortexM0\ARM_GCC_541\Debug\81-00024-01.a(SamplingTimer.o)
                0x00001db4                SamplingTimer_Init
 .text.SamplingTimer_Start
                0x00001de0       0x20 .\CortexM0\ARM_GCC_541\Debug\81-00024-01.a(SamplingTimer.o)
                0x00001de0                SamplingTimer_Start
 .text.SamplingTimer_ClearInterrupt
                0x00001e00        0xc .\CortexM0\ARM_GCC_541\Debug\81-00024-01.a(SamplingTimer.o)
                0x00001e00                SamplingTimer_ClearInterrupt
 .text.UART_LED_ISR_Interrupt
                0x00001e0c        0x8 .\CortexM0\ARM_GCC_541\Debug\81-00024-01.a(UART_LED_ISR.o)
                0x00001e0c                UART_LED_ISR_Interrupt
 .text.UART_LED_ISR_SetVector
                0x00001e14        0xc .\CortexM0\ARM_GCC_541\Debug\81-00024-01.a(UART_LED_ISR.o)
                0x00001e14                UART_LED_ISR_SetVector
 .text.UART_LED_ISR_SetPriority
                0x00001e20       0x20 .\CortexM0\ARM_GCC_541\Debug\81-00024-01.a(UART_LED_ISR.o)
                0x00001e20                UART_LED_ISR_SetPriority
 .text.UART_LED_ISR_Enable
                0x00001e40       0x10 .\CortexM0\ARM_GCC_541\Debug\81-00024-01.a(UART_LED_ISR.o)
                0x00001e40                UART_LED_ISR_Enable
 .text.UART_LED_ISR_Disable
                0x00001e50       0x10 .\CortexM0\ARM_GCC_541\Debug\81-00024-01.a(UART_LED_ISR.o)
                0x00001e50                UART_LED_ISR_Disable
 .text.UART_LED_ISR_Start
                0x00001e60       0x1c .\CortexM0\ARM_GCC_541\Debug\81-00024-01.a(UART_LED_ISR.o)
                0x00001e60                UART_LED_ISR_Start
 .text.UART_LED_ISR_Stop
                0x00001e7c       0x14 .\CortexM0\ARM_GCC_541\Debug\81-00024-01.a(UART_LED_ISR.o)
                0x00001e7c                UART_LED_ISR_Stop
 .text.UART_LED_ScbModePostEnable
                0x00001e90        0x8 .\CortexM0\ARM_GCC_541\Debug\81-00024-01.a(UART_LED.o)
 .text.UART_LED_ScbModeStop
                0x00001e98        0x8 .\CortexM0\ARM_GCC_541\Debug\81-00024-01.a(UART_LED.o)
 .text.UART_LED_Init
                0x00001ea0        0x8 .\CortexM0\ARM_GCC_541\Debug\81-00024-01.a(UART_LED.o)
                0x00001ea0                UART_LED_Init
 .text.UART_LED_Enable
                0x00001ea8       0x18 .\CortexM0\ARM_GCC_541\Debug\81-00024-01.a(UART_LED.o)
                0x00001ea8                UART_LED_Enable
 .text.UART_LED_Start
                0x00001ec0       0x20 .\CortexM0\ARM_GCC_541\Debug\81-00024-01.a(UART_LED.o)
                0x00001ec0                UART_LED_Start
 .text.UART_LED_Stop
                0x00001ee0       0x20 .\CortexM0\ARM_GCC_541\Debug\81-00024-01.a(UART_LED.o)
                0x00001ee0                UART_LED_Stop
 .text.UART_LED_SpiUartReadRxData
                0x00001f00        0xc .\CortexM0\ARM_GCC_541\Debug\81-00024-01.a(UART_LED_SPI_UART.o)
                0x00001f00                UART_LED_SpiUartReadRxData
 .text.UART_LED_SpiUartGetRxBufferSize
                0x00001f0c       0x10 .\CortexM0\ARM_GCC_541\Debug\81-00024-01.a(UART_LED_SPI_UART.o)
                0x00001f0c                UART_LED_SpiUartGetRxBufferSize
 .text.UART_LED_UartInit
                0x00001f1c       0xa0 .\CortexM0\ARM_GCC_541\Debug\81-00024-01.a(UART_LED_UART.o)
                0x00001f1c                UART_LED_UartInit
 .text.UART_LED_UartPostEnable
                0x00001fbc       0x14 .\CortexM0\ARM_GCC_541\Debug\81-00024-01.a(UART_LED_UART.o)
                0x00001fbc                UART_LED_UartPostEnable
 .text.UART_LED_UartStop
                0x00001fd0       0x18 .\CortexM0\ARM_GCC_541\Debug\81-00024-01.a(UART_LED_UART.o)
                0x00001fd0                UART_LED_UartStop
 .text.UART_LED_UartGetByte
                0x00001fe8       0x34 .\CortexM0\ARM_GCC_541\Debug\81-00024-01.a(UART_LED_UART.o)
                0x00001fe8                UART_LED_UartGetByte
 .text.PWM_Enable
                0x0000201c       0x14 .\CortexM0\ARM_GCC_541\Debug\81-00024-01.a(PWM.o)
                0x0000201c                PWM_Enable
 .text.PWM_Stop
                0x00002030       0x10 .\CortexM0\ARM_GCC_541\Debug\81-00024-01.a(PWM.o)
                0x00002030                PWM_Stop
 .text.PWM_WriteCounter
                0x00002040        0xc .\CortexM0\ARM_GCC_541\Debug\81-00024-01.a(PWM.o)
                0x00002040                PWM_WriteCounter
 .text.PWM_WritePeriod
                0x0000204c        0xc .\CortexM0\ARM_GCC_541\Debug\81-00024-01.a(PWM.o)
                0x0000204c                PWM_WritePeriod
 .text.PWM_WriteCompare
                0x00002058        0xc .\CortexM0\ARM_GCC_541\Debug\81-00024-01.a(PWM.o)
                0x00002058                PWM_WriteCompare
 .text.PWM_SetInterruptMode
                0x00002064        0xc .\CortexM0\ARM_GCC_541\Debug\81-00024-01.a(PWM.o)
                0x00002064                PWM_SetInterruptMode
 .text.PWM_ReadStatusRegister
                0x00002070        0xc .\CortexM0\ARM_GCC_541\Debug\81-00024-01.a(PWM.o)
                0x00002070                PWM_ReadStatusRegister
 .text.PWM_ReadCapture
                0x0000207c        0xc .\CortexM0\ARM_GCC_541\Debug\81-00024-01.a(PWM.o)
                0x0000207c                PWM_ReadCapture
 .text.PWM_ClearFIFO
                0x00002088       0x14 .\CortexM0\ARM_GCC_541\Debug\81-00024-01.a(PWM.o)
                0x00002088                PWM_ClearFIFO
 .text.PWM_Init
                0x0000209c       0x58 .\CortexM0\ARM_GCC_541\Debug\81-00024-01.a(PWM.o)
                0x0000209c                PWM_Init
 .text.PWM_Start
                0x000020f4       0x20 .\CortexM0\ARM_GCC_541\Debug\81-00024-01.a(PWM.o)
                0x000020f4                PWM_Start
 .text.PWM_Enable_Write
                0x00002114        0xc .\CortexM0\ARM_GCC_541\Debug\81-00024-01.a(PWM_Enable.o)
                0x00002114                PWM_Enable_Write
 .text.DieTemp_CountsTo_Celsius
                0x00002120       0x70 .\CortexM0\ARM_GCC_541\Debug\81-00024-01.a(DieTemp.o)
                0x00002120                DieTemp_CountsTo_Celsius
 .text.LED_ISR_Interrupt
                0x00002190        0x8 .\CortexM0\ARM_GCC_541\Debug\81-00024-01.a(LED_ISR.o)
                0x00002190                LED_ISR_Interrupt
 .text.LED_ISR_SetVector
                0x00002198        0xc .\CortexM0\ARM_GCC_541\Debug\81-00024-01.a(LED_ISR.o)
                0x00002198                LED_ISR_SetVector
 .text.LED_ISR_SetPriority
                0x000021a4       0x20 .\CortexM0\ARM_GCC_541\Debug\81-00024-01.a(LED_ISR.o)
                0x000021a4                LED_ISR_SetPriority
 .text.LED_ISR_Enable
                0x000021c4        0xc .\CortexM0\ARM_GCC_541\Debug\81-00024-01.a(LED_ISR.o)
                0x000021c4                LED_ISR_Enable
 .text.LED_ISR_Disable
                0x000021d0        0xc .\CortexM0\ARM_GCC_541\Debug\81-00024-01.a(LED_ISR.o)
                0x000021d0                LED_ISR_Disable
 .text.LED_ISR_Start
                0x000021dc       0x1c .\CortexM0\ARM_GCC_541\Debug\81-00024-01.a(LED_ISR.o)
                0x000021dc                LED_ISR_Start
 .text.LED_ISR_Stop
                0x000021f8       0x14 .\CortexM0\ARM_GCC_541\Debug\81-00024-01.a(LED_ISR.o)
                0x000021f8                LED_ISR_Stop
 .text.AckTimeoutISR_Interrupt
                0x0000220c        0x8 .\CortexM0\ARM_GCC_541\Debug\81-00024-01.a(AckTimeoutISR.o)
                0x0000220c                AckTimeoutISR_Interrupt
 .text.AckTimeoutISR_SetVector
                0x00002214        0xc .\CortexM0\ARM_GCC_541\Debug\81-00024-01.a(AckTimeoutISR.o)
                0x00002214                AckTimeoutISR_SetVector
 .text.AckTimeoutISR_SetPriority
                0x00002220       0x24 .\CortexM0\ARM_GCC_541\Debug\81-00024-01.a(AckTimeoutISR.o)
                0x00002220                AckTimeoutISR_SetPriority
 .text.AckTimeoutISR_Enable
                0x00002244        0xc .\CortexM0\ARM_GCC_541\Debug\81-00024-01.a(AckTimeoutISR.o)
                0x00002244                AckTimeoutISR_Enable
 .text.AckTimeoutISR_Disable
                0x00002250        0xc .\CortexM0\ARM_GCC_541\Debug\81-00024-01.a(AckTimeoutISR.o)
                0x00002250                AckTimeoutISR_Disable
 .text.AckTimeoutISR_Start
                0x0000225c       0x1c .\CortexM0\ARM_GCC_541\Debug\81-00024-01.a(AckTimeoutISR.o)
                0x0000225c                AckTimeoutISR_Start
 .text.AckTimeoutISR_Stop
                0x00002278       0x14 .\CortexM0\ARM_GCC_541\Debug\81-00024-01.a(AckTimeoutISR.o)
                0x00002278                AckTimeoutISR_Stop
 .text.AckTimer_Stop
                0x0000228c       0x1c .\CortexM0\ARM_GCC_541\Debug\81-00024-01.a(AckTimer.o)
                0x0000228c                AckTimer_Stop
 .text.AckTimer_WriteCounter
                0x000022a8       0x10 .\CortexM0\ARM_GCC_541\Debug\81-00024-01.a(AckTimer.o)
                0x000022a8                AckTimer_WriteCounter
 .text.AckTimer_WritePeriod
                0x000022b8       0x10 .\CortexM0\ARM_GCC_541\Debug\81-00024-01.a(AckTimer.o)
                0x000022b8                AckTimer_WritePeriod
 .text.AckTimer_TriggerCommand
                0x000022c8       0x1c .\CortexM0\ARM_GCC_541\Debug\81-00024-01.a(AckTimer.o)
                0x000022c8                AckTimer_TriggerCommand
 .text.AckTimer_Enable
                0x000022e4       0x24 .\CortexM0\ARM_GCC_541\Debug\81-00024-01.a(AckTimer.o)
                0x000022e4                AckTimer_Enable
 .text.AckTimer_SetInterruptMode
                0x00002308        0xc .\CortexM0\ARM_GCC_541\Debug\81-00024-01.a(AckTimer.o)
                0x00002308                AckTimer_SetInterruptMode
 .text.AckTimer_Init
                0x00002314       0x30 .\CortexM0\ARM_GCC_541\Debug\81-00024-01.a(AckTimer.o)
                0x00002314                AckTimer_Init
 .text.AckTimer_Start
                0x00002344       0x20 .\CortexM0\ARM_GCC_541\Debug\81-00024-01.a(AckTimer.o)
                0x00002344                AckTimer_Start
 .text.AckTimer_ClearInterrupt
                0x00002364        0xc .\CortexM0\ARM_GCC_541\Debug\81-00024-01.a(AckTimer.o)
                0x00002364                AckTimer_ClearInterrupt
 .text.LED_Timer_Stop
                0x00002370       0x1c .\CortexM0\ARM_GCC_541\Debug\81-00024-01.a(LED_Timer.o)
                0x00002370                LED_Timer_Stop
 .text.LED_Timer_ClearInterrupt
                0x0000238c        0xc .\CortexM0\ARM_GCC_541\Debug\81-00024-01.a(LED_Timer.o)
                0x0000238c                LED_Timer_ClearInterrupt
 .text.EmEEPROM_Start
                0x00002398        0x4 .\CortexM0\ARM_GCC_541\Debug\81-00024-01.a(EmEEPROM.o)
                0x00002398                EmEEPROM_Start
 .text.EmEEPROM_Write
                0x0000239c       0x84 .\CortexM0\ARM_GCC_541\Debug\81-00024-01.a(EmEEPROM.o)
                0x0000239c                EmEEPROM_Write
 .text.motorControlPWM_Enable
                0x00002420       0x14 .\CortexM0\ARM_GCC_541\Debug\81-00024-01.a(motorControlPWM.o)
                0x00002420                motorControlPWM_Enable
 .text.motorControlPWM_SetCompareMode
                0x00002434       0x28 .\CortexM0\ARM_GCC_541\Debug\81-00024-01.a(motorControlPWM.o)
                0x00002434                motorControlPWM_SetCompareMode
 .text.motorControlPWM_WriteCounter
                0x0000245c        0xc .\CortexM0\ARM_GCC_541\Debug\81-00024-01.a(motorControlPWM.o)
                0x0000245c                motorControlPWM_WriteCounter
 .text.motorControlPWM_WritePeriod
                0x00002468        0xc .\CortexM0\ARM_GCC_541\Debug\81-00024-01.a(motorControlPWM.o)
                0x00002468                motorControlPWM_WritePeriod
 .text.motorControlPWM_WriteCompare
                0x00002474        0xc .\CortexM0\ARM_GCC_541\Debug\81-00024-01.a(motorControlPWM.o)
                0x00002474                motorControlPWM_WriteCompare
 .text.motorControlPWM_Init
                0x00002480       0x3c .\CortexM0\ARM_GCC_541\Debug\81-00024-01.a(motorControlPWM.o)
                0x00002480                motorControlPWM_Init
 .text.motorControlPWM_Start
                0x000024bc       0x20 .\CortexM0\ARM_GCC_541\Debug\81-00024-01.a(motorControlPWM.o)
                0x000024bc                motorControlPWM_Start
 .text.pwmClock_Start
                0x000024dc       0x14 .\CortexM0\ARM_GCC_541\Debug\81-00024-01.a(pwmClock.o)
                0x000024dc                pwmClock_Start
 .text.limitSwitch_ClearInterrupt
                0x000024f0       0x10 .\CortexM0\ARM_GCC_541\Debug\81-00024-01.a(limitSwitch.o)
                0x000024f0                limitSwitch_ClearInterrupt
 .text.hallEffectISR_SetVector
                0x00002500        0xc .\CortexM0\ARM_GCC_541\Debug\81-00024-01.a(hallEffectISR.o)
                0x00002500                hallEffectISR_SetVector
 .text.hallEffectISR_SetPriority
                0x0000250c       0x20 .\CortexM0\ARM_GCC_541\Debug\81-00024-01.a(hallEffectISR.o)
                0x0000250c                hallEffectISR_SetPriority
 .text.hallEffectISR_Enable
                0x0000252c        0xc .\CortexM0\ARM_GCC_541\Debug\81-00024-01.a(hallEffectISR.o)
                0x0000252c                hallEffectISR_Enable
 .text.hallEffectISR_Disable
                0x00002538        0xc .\CortexM0\ARM_GCC_541\Debug\81-00024-01.a(hallEffectISR.o)
                0x00002538                hallEffectISR_Disable
 .text.hallEffectISR_StartEx
                0x00002544       0x1c .\CortexM0\ARM_GCC_541\Debug\81-00024-01.a(hallEffectISR.o)
                0x00002544                hallEffectISR_StartEx
 .text.hallEffectISR_Stop
                0x00002560       0x14 .\CortexM0\ARM_GCC_541\Debug\81-00024-01.a(hallEffectISR.o)
                0x00002560                hallEffectISR_Stop
 .text.overCurrentTimer_Enable
                0x00002574       0x14 .\CortexM0\ARM_GCC_541\Debug\81-00024-01.a(overCurrentTimer.o)
                0x00002574                overCurrentTimer_Enable
 .text.overCurrentTimer_SetInterruptMode
                0x00002588        0xc .\CortexM0\ARM_GCC_541\Debug\81-00024-01.a(overCurrentTimer.o)
                0x00002588                overCurrentTimer_SetInterruptMode
 .text.overCurrentTimer_ReadStatusRegister
                0x00002594        0xc .\CortexM0\ARM_GCC_541\Debug\81-00024-01.a(overCurrentTimer.o)
                0x00002594                overCurrentTimer_ReadStatusRegister
 .text.overCurrentTimer_WritePeriod
                0x000025a0        0xc .\CortexM0\ARM_GCC_541\Debug\81-00024-01.a(overCurrentTimer.o)
                0x000025a0                overCurrentTimer_WritePeriod
 .text.overCurrentTimer_ReadCapture
                0x000025ac        0xc .\CortexM0\ARM_GCC_541\Debug\81-00024-01.a(overCurrentTimer.o)
                0x000025ac                overCurrentTimer_ReadCapture
 .text.overCurrentTimer_WriteCounter
                0x000025b8        0xc .\CortexM0\ARM_GCC_541\Debug\81-00024-01.a(overCurrentTimer.o)
                0x000025b8                overCurrentTimer_WriteCounter
 .text.overCurrentTimer_ClearFIFO
                0x000025c4       0x14 .\CortexM0\ARM_GCC_541\Debug\81-00024-01.a(overCurrentTimer.o)
                0x000025c4                overCurrentTimer_ClearFIFO
 .text.overCurrentTimer_Init
                0x000025d8       0x38 .\CortexM0\ARM_GCC_541\Debug\81-00024-01.a(overCurrentTimer.o)
                0x000025d8                overCurrentTimer_Init
 .text.overCurrentTimer_Start
                0x00002610       0x20 .\CortexM0\ARM_GCC_541\Debug\81-00024-01.a(overCurrentTimer.o)
                0x00002610                overCurrentTimer_Start
 .text.overCurrentTimerISR_SetVector
                0x00002630        0xc .\CortexM0\ARM_GCC_541\Debug\81-00024-01.a(overCurrentTimerISR.o)
                0x00002630                overCurrentTimerISR_SetVector
 .text.overCurrentTimerISR_SetPriority
                0x0000263c       0x24 .\CortexM0\ARM_GCC_541\Debug\81-00024-01.a(overCurrentTimerISR.o)
                0x0000263c                overCurrentTimerISR_SetPriority
 .text.overCurrentTimerISR_Enable
                0x00002660        0xc .\CortexM0\ARM_GCC_541\Debug\81-00024-01.a(overCurrentTimerISR.o)
                0x00002660                overCurrentTimerISR_Enable
 .text.overCurrentTimerISR_Disable
                0x0000266c        0xc .\CortexM0\ARM_GCC_541\Debug\81-00024-01.a(overCurrentTimerISR.o)
                0x0000266c                overCurrentTimerISR_Disable
 .text.overCurrentTimerISR_StartEx
                0x00002678       0x1c .\CortexM0\ARM_GCC_541\Debug\81-00024-01.a(overCurrentTimerISR.o)
                0x00002678                overCurrentTimerISR_StartEx
 .text.overCurrentTimerISR_ClearPending
                0x00002694        0xc .\CortexM0\ARM_GCC_541\Debug\81-00024-01.a(overCurrentTimerISR.o)
                0x00002694                overCurrentTimerISR_ClearPending
 .text.inputs_Read
                0x000026a0        0xc .\CortexM0\ARM_GCC_541\Debug\81-00024-01.a(inputs.o)
                0x000026a0                inputs_Read
 .text.modeChangeISR_Interrupt
                0x000026ac        0x4 .\CortexM0\ARM_GCC_541\Debug\81-00024-01.a(modeChangeISR.o)
                0x000026ac                modeChangeISR_Interrupt
 .text.modeChangeISR_SetVector
                0x000026b0        0xc .\CortexM0\ARM_GCC_541\Debug\81-00024-01.a(modeChangeISR.o)
                0x000026b0                modeChangeISR_SetVector
 .text.modeChangeISR_SetPriority
                0x000026bc       0x24 .\CortexM0\ARM_GCC_541\Debug\81-00024-01.a(modeChangeISR.o)
                0x000026bc                modeChangeISR_SetPriority
 .text.modeChangeISR_Enable
                0x000026e0        0xc .\CortexM0\ARM_GCC_541\Debug\81-00024-01.a(modeChangeISR.o)
                0x000026e0                modeChangeISR_Enable
 .text.modeChangeISR_Disable
                0x000026ec        0xc .\CortexM0\ARM_GCC_541\Debug\81-00024-01.a(modeChangeISR.o)
                0x000026ec                modeChangeISR_Disable
 .text.modeChangeISR_Start
                0x000026f8       0x1c .\CortexM0\ARM_GCC_541\Debug\81-00024-01.a(modeChangeISR.o)
                0x000026f8                modeChangeISR_Start
 *fill*         0x00002714        0x4 
 .text          0x00002718       0x24 .\CortexM0\ARM_GCC_541\Debug\81-00024-01.a(CyBootAsmGnu.o)
                0x00002718                CyDelayCycles
                0x0000272c                CyEnterCriticalSection
                0x00002734                CyExitCriticalSection
 .text.CySysFlashClockBackup
                0x0000273c       0x14 .\CortexM0\ARM_GCC_541\Debug\81-00024-01.a(CyFlash.o)
 .text.CySysFlashClockRestore
                0x00002750       0x14 .\CortexM0\ARM_GCC_541\Debug\81-00024-01.a(CyFlash.o)
 .text.CySysFlashWriteRow
                0x00002764      0x224 .\CortexM0\ARM_GCC_541\Debug\81-00024-01.a(CyFlash.o)
                0x00002764                CySysFlashWriteRow
 .text          0x00002988      0x1d4 c:/program files (x86)/cypress/psoc creator/4.1/psoc creator/import/gnu/arm/5.4.1/bin/../lib/gcc/arm-none-eabi/5.4.1/armv6-m\libgcc.a(_divsi3.o)
                0x00002988                __divsi3
                0x00002988                __aeabi_idiv
                0x00002b54                __aeabi_idivmod
 .text          0x00002b5c        0x4 c:/program files (x86)/cypress/psoc creator/4.1/psoc creator/import/gnu/arm/5.4.1/bin/../lib/gcc/arm-none-eabi/5.4.1/armv6-m\libgcc.a(_dvmd_tls.o)
                0x00002b5c                __aeabi_idiv0
                0x00002b5c                __aeabi_ldiv0
 .text          0x00002b60      0x2ec c:/program files (x86)/cypress/psoc creator/4.1/psoc creator/import/gnu/arm/5.4.1/bin/../lib/gcc/arm-none-eabi/5.4.1/armv6-m\libgcc.a(addsf3.o)
                0x00002b60                __aeabi_fadd
 .text          0x00002e4c      0x234 c:/program files (x86)/cypress/psoc creator/4.1/psoc creator/import/gnu/arm/5.4.1/bin/../lib/gcc/arm-none-eabi/5.4.1/armv6-m\libgcc.a(divsf3.o)
                0x00002e4c                __aeabi_fdiv
 .text          0x00003080      0x228 c:/program files (x86)/cypress/psoc creator/4.1/psoc creator/import/gnu/arm/5.4.1/bin/../lib/gcc/arm-none-eabi/5.4.1/armv6-m\libgcc.a(mulsf3.o)
                0x00003080                __aeabi_fmul
 .text          0x000032a8       0x44 c:/program files (x86)/cypress/psoc creator/4.1/psoc creator/import/gnu/arm/5.4.1/bin/../lib/gcc/arm-none-eabi/5.4.1/armv6-m\libgcc.a(fixsfsi.o)
                0x000032a8                __aeabi_f2iz
 .text          0x000032ec       0x90 c:/program files (x86)/cypress/psoc creator/4.1/psoc creator/import/gnu/arm/5.4.1/bin/../lib/gcc/arm-none-eabi/5.4.1/armv6-m\libgcc.a(floatsisf.o)
                0x000032ec                __aeabi_i2f
 .text          0x0000337c       0x7c c:/program files (x86)/cypress/psoc creator/4.1/psoc creator/import/gnu/arm/5.4.1/bin/../lib/gcc/arm-none-eabi/5.4.1/armv6-m\libgcc.a(floatunsisf.o)
                0x0000337c                __aeabi_ui2f
 .text          0x000033f8      0x658 c:/program files (x86)/cypress/psoc creator/4.1/psoc creator/import/gnu/arm/5.4.1/bin/../lib/gcc/arm-none-eabi/5.4.1/armv6-m\libgcc.a(adddf3.o)
                0x000033f8                __aeabi_dadd
 .text          0x00003a50      0x4f4 c:/program files (x86)/cypress/psoc creator/4.1/psoc creator/import/gnu/arm/5.4.1/bin/../lib/gcc/arm-none-eabi/5.4.1/armv6-m\libgcc.a(muldf3.o)
                0x00003a50                __aeabi_dmul
 .text          0x00003f44       0x84 c:/program files (x86)/cypress/psoc creator/4.1/psoc creator/import/gnu/arm/5.4.1/bin/../lib/gcc/arm-none-eabi/5.4.1/armv6-m\libgcc.a(floatsidf.o)
                0x00003f44                __aeabi_i2d
 .text          0x00003fc8       0xa8 c:/program files (x86)/cypress/psoc creator/4.1/psoc creator/import/gnu/arm/5.4.1/bin/../lib/gcc/arm-none-eabi/5.4.1/armv6-m\libgcc.a(extendsfdf2.o)
                0x00003fc8                __aeabi_f2d
 .text          0x00004070      0x118 c:/program files (x86)/cypress/psoc creator/4.1/psoc creator/import/gnu/arm/5.4.1/bin/../lib/gcc/arm-none-eabi/5.4.1/armv6-m\libgcc.a(truncdfsf2.o)
                0x00004070                __aeabi_d2f
 .text          0x00004188       0x3c c:/program files (x86)/cypress/psoc creator/4.1/psoc creator/import/gnu/arm/5.4.1/bin/../lib/gcc/arm-none-eabi/5.4.1/armv6-m\libgcc.a(_clzsi2.o)
                0x00004188                __clzsi2
 .text.__errno  0x000041c4        0xc c:/program files (x86)/cypress/psoc creator/4.1/psoc creator/import/gnu/arm/5.4.1/bin/../lib/gcc/arm-none-eabi/5.4.1/../../../../arm-none-eabi/lib/armv6-m\libg_nano.a(lib_a-errno.o)
                0x000041c4                __errno
 .text.__libc_init_array
                0x000041d0       0x4c c:/program files (x86)/cypress/psoc creator/4.1/psoc creator/import/gnu/arm/5.4.1/bin/../lib/gcc/arm-none-eabi/5.4.1/../../../../arm-none-eabi/lib/armv6-m\libg_nano.a(lib_a-init.o)
                0x000041d0                __libc_init_array
 .text.memcpy   0x0000421c       0x12 c:/program files (x86)/cypress/psoc creator/4.1/psoc creator/import/gnu/arm/5.4.1/bin/../lib/gcc/arm-none-eabi/5.4.1/../../../../arm-none-eabi/lib/armv6-m\libg_nano.a(lib_a-memcpy-stub.o)
                0x0000421c                memcpy
 .text.memset   0x0000422e       0x10 c:/program files (x86)/cypress/psoc creator/4.1/psoc creator/import/gnu/arm/5.4.1/bin/../lib/gcc/arm-none-eabi/5.4.1/../../../../arm-none-eabi/lib/armv6-m\libg_nano.a(lib_a-memset.o)
                0x0000422e                memset
 *(.plt)
 *(.gnu.warning)
 *(.glue_7t)
 .glue_7t       0x0000423e        0x0 linker stubs
 *(.glue_7)
 .glue_7        0x0000423e        0x0 linker stubs
 *(.vfp11_veneer)
 .vfp11_veneer  0x0000423e        0x0 linker stubs
 *(.bootloader)
 *(.ARM.extab* .gnu.linkonce.armextab.*)
 *(.gcc_except_table)

.v4_bx          0x00004240        0x0
 .v4_bx         0x00004240        0x0 linker stubs

.iplt           0x00004240        0x0
 .iplt          0x00004240        0x0 c:/program files (x86)/cypress/psoc creator/4.1/psoc creator/import/gnu/arm/5.4.1/bin/../lib/gcc/arm-none-eabi/5.4.1/armv6-m/crtbegin.o

.eh_frame_hdr
 *(.eh_frame_hdr)

.eh_frame       0x00004240        0x4
 *(.eh_frame)
 .eh_frame      0x00004240        0x0 c:/program files (x86)/cypress/psoc creator/4.1/psoc creator/import/gnu/arm/5.4.1/bin/../lib/gcc/arm-none-eabi/5.4.1/armv6-m/crtbegin.o
 .eh_frame      0x00004240        0x4 c:/program files (x86)/cypress/psoc creator/4.1/psoc creator/import/gnu/arm/5.4.1/bin/../lib/gcc/arm-none-eabi/5.4.1/armv6-m/crtend.o
                [!provide]                PROVIDE (__exidx_start, .)

.ARM.exidx
 *(.ARM.exidx* .gnu.linkonce.armexidx.*)
                0x00004244                __exidx_end = .

.rodata         0x00004244      0x4c4
 *(.rodata .rodata.* .gnu.linkonce.r.*)
 .rodata        0x00004244        0x7 .\CortexM0\ARM_GCC_541\Debug\main.o
 *fill*         0x0000424b        0x1 
 .rodata        0x0000424c       0x1e .\CortexM0\ARM_GCC_541\Debug\TemperatureCommManager.o
 *fill*         0x0000426a        0x2 
 .rodata        0x0000426c       0x1e .\CortexM0\ARM_GCC_541\Debug\BrightnessCommManager.o
 *fill*         0x0000428a        0x2 
 .rodata        0x0000428c       0x10 .\CortexM0\ARM_GCC_541\Debug\DriverControl.o
 .rodata        0x0000429c      0x2e8 .\CortexM0\ARM_GCC_541\Debug\cyfitter_cfg.o
 .rodata        0x00004584       0x19 .\CortexM0\ARM_GCC_541\Debug\81-00024-01.a(ADC_SAR_Seq.o)
 *fill*         0x0000459d        0x3 
 .rodata        0x000045a0       0x2e .\CortexM0\ARM_GCC_541\Debug\81-00024-01.a(CyLib.o)
                0x000045a0                cyImoFreqMhz2Reg
 *fill*         0x000045ce        0x2 
 .rodata        0x000045d0       0x80 c:/program files (x86)/cypress/psoc creator/4.1/psoc creator/import/gnu/arm/5.4.1/bin/../lib/gcc/arm-none-eabi/5.4.1/armv6-m\libgcc.a(divsf3.o)
 .rodata        0x00004650       0x40 c:/program files (x86)/cypress/psoc creator/4.1/psoc creator/import/gnu/arm/5.4.1/bin/../lib/gcc/arm-none-eabi/5.4.1/armv6-m\libgcc.a(mulsf3.o)
 .rodata        0x00004690       0x40 c:/program files (x86)/cypress/psoc creator/4.1/psoc creator/import/gnu/arm/5.4.1/bin/../lib/gcc/arm-none-eabi/5.4.1/armv6-m\libgcc.a(muldf3.o)
 .rodata.str1.1
                0x000046d0        0x2 c:/program files (x86)/cypress/psoc creator/4.1/psoc creator/import/gnu/arm/5.4.1/bin/../lib/gcc/arm-none-eabi/5.4.1/../../../../arm-none-eabi/lib/armv6-m\libg_nano.a(lib_a-impure.o)
                0x000046d4                . = ALIGN (0x4)
 *fill*         0x000046d2        0x2 
 *(.init)
 .init          0x000046d4        0x4 c:/program files (x86)/cypress/psoc creator/4.1/psoc creator/import/gnu/arm/5.4.1/bin/../lib/gcc/arm-none-eabi/5.4.1/armv6-m/crti.o
                0x000046d4                _init
 .init          0x000046d8        0x8 c:/program files (x86)/cypress/psoc creator/4.1/psoc creator/import/gnu/arm/5.4.1/bin/../lib/gcc/arm-none-eabi/5.4.1/armv6-m/crtn.o
                0x000046e0                . = ALIGN (0x4)
                0x000046e0                __preinit_array_start = .
 *(.preinit_array)
                0x000046e0                __preinit_array_end = .
                0x000046e0                . = ALIGN (0x4)
                0x000046e0                __init_array_start = .
 *(SORT(.init_array.*))
 *(.init_array)
 .init_array    0x000046e0        0x4 c:/program files (x86)/cypress/psoc creator/4.1/psoc creator/import/gnu/arm/5.4.1/bin/../lib/gcc/arm-none-eabi/5.4.1/armv6-m/crtbegin.o
 .init_array    0x000046e4        0x4 .\CortexM0\ARM_GCC_541\Debug\Cm0Start.o
                0x000046e8                __init_array_end = .
                0x000046e8                . = ALIGN (0x4)
 *(.fini)
 .fini          0x000046e8        0x4 c:/program files (x86)/cypress/psoc creator/4.1/psoc creator/import/gnu/arm/5.4.1/bin/../lib/gcc/arm-none-eabi/5.4.1/armv6-m/crti.o
                0x000046e8                _fini
 .fini          0x000046ec        0x8 c:/program files (x86)/cypress/psoc creator/4.1/psoc creator/import/gnu/arm/5.4.1/bin/../lib/gcc/arm-none-eabi/5.4.1/armv6-m/crtn.o
                0x000046f4                . = ALIGN (0x4)
                0x000046f4                __fini_array_start = .
 *(.fini_array)
 .fini_array    0x000046f4        0x4 c:/program files (x86)/cypress/psoc creator/4.1/psoc creator/import/gnu/arm/5.4.1/bin/../lib/gcc/arm-none-eabi/5.4.1/armv6-m/crtbegin.o
 *(SORT(.fini_array.*))
                0x000046f8                __fini_array_end = .
                0x000046f8                . = ALIGN (0x4)
 *crtbegin.o(.ctors)
 *(EXCLUDE_FILE(*crtend.o) .ctors)
 *(SORT(.ctors.*))
 *crtend.o(.ctors)
                0x000046f8                . = ALIGN (0x4)
 *crtbegin.o(.dtors)
 *(EXCLUDE_FILE(*crtend.o) .dtors)
 *(SORT(.dtors.*))
 *crtend.o(.dtors)
                0x000046f8                . = ALIGN (0x4)
                0x000046f8                __cy_regions = .
                0x000046f8        0x4 LONG 0x4708 __cy_region_init_ram
                0x000046fc        0x4 LONG 0x200000c0 __cy_region_start_data
                0x00004700        0x4 LONG 0xa0 __cy_region_init_size_ram
                0x00004704        0x4 LONG 0x178 __cy_region_zero_size_ram
                0x00004708                __cy_regions_end = .
                0x00004708                . = ALIGN (0x8)
                0x00004708                _etext = .

.cy_checksum_exclude
                0x00004708        0x0
 *(.cy_checksum_exclude)

.ramvectors     0x20000000       0xc0
                0x20000000                __cy_region_start_ram = .
 *(.ramvectors)
 .ramvectors    0x20000000       0xc0 .\CortexM0\ARM_GCC_541\Debug\Cm0Start.o
                0x20000000                CyRamVectors

.noinit
 *(.noinit)

.data           0x200000c0       0xa0 load address 0x00004708
                0x200000c0                __cy_region_start_data = .
 *(.jcr)
 .jcr           0x200000c0        0x0 c:/program files (x86)/cypress/psoc creator/4.1/psoc creator/import/gnu/arm/5.4.1/bin/../lib/gcc/arm-none-eabi/5.4.1/armv6-m/crtbegin.o
 .jcr           0x200000c0        0x4 c:/program files (x86)/cypress/psoc creator/4.1/psoc creator/import/gnu/arm/5.4.1/bin/../lib/gcc/arm-none-eabi/5.4.1/armv6-m/crtend.o
 *(.got.plt)
 *(.got)
 *(.shdata)
 *(.data .data.* .gnu.linkonce.d.*)
 .data          0x200000c4        0x2 .\CortexM0\ARM_GCC_541\Debug\BrightnessCommManager.o
 *fill*         0x200000c6        0x2 
 .data          0x200000c8       0x15 .\CortexM0\ARM_GCC_541\Debug\DriverControl.o
 *fill*         0x200000dd        0x3 
 .data          0x200000e0       0x14 .\CortexM0\ARM_GCC_541\Debug\81-00024-01.a(CyLib.o)
                0x200000e0                CySysClkPumpConfig
                0x200000e4                cydelay32kMs
                0x200000e8                cydelayFreqKhz
                0x200000ec                cydelayFreqMhz
                0x200000f0                cydelayFreqHz
 .data          0x200000f4        0x4 .\CortexM0\ARM_GCC_541\Debug\81-00024-01.a(CyLFClk.o)
 .data.impure_data
                0x200000f8       0x60 c:/program files (x86)/cypress/psoc creator/4.1/psoc creator/import/gnu/arm/5.4.1/bin/../lib/gcc/arm-none-eabi/5.4.1/../../../../arm-none-eabi/lib/armv6-m\libg_nano.a(lib_a-impure.o)
 .data._impure_ptr
                0x20000158        0x4 c:/program files (x86)/cypress/psoc creator/4.1/psoc creator/import/gnu/arm/5.4.1/bin/../lib/gcc/arm-none-eabi/5.4.1/../../../../arm-none-eabi/lib/armv6-m\libg_nano.a(lib_a-impure.o)
                0x20000158                _impure_ptr
                0x20000160                . = ALIGN (0x8)
 *fill*         0x2000015c        0x4 
 *(.ram)
                0x20000160                _edata = .

.igot.plt       0x20000160        0x0 load address 0x000047a8
 .igot.plt      0x20000160        0x0 c:/program files (x86)/cypress/psoc creator/4.1/psoc creator/import/gnu/arm/5.4.1/bin/../lib/gcc/arm-none-eabi/5.4.1/armv6-m/crtbegin.o

.bss            0x20000160      0x178 load address 0x000047a8
                0x20000160                PROVIDE (__bss_start__, .)
 *(.shbss)
 *(.bss .bss.* .gnu.linkonce.b.*)
 .bss           0x20000160       0x1c c:/program files (x86)/cypress/psoc creator/4.1/psoc creator/import/gnu/arm/5.4.1/bin/../lib/gcc/arm-none-eabi/5.4.1/armv6-m/crtbegin.o
 .bss           0x2000017c        0xa .\CortexM0\ARM_GCC_541\Debug\main.o
 *fill*         0x20000186        0x2 
 .bss           0x20000188       0x62 .\CortexM0\ARM_GCC_541\Debug\TemperatureCommManager.o
                0x20000188                bReadyToSendNextBrightnessTimeoutPacket
                0x2000019c                readyToSendThresholdCounter
                0x200001e2                sendTempPacketBack
 *fill*         0x200001ea        0x2 
 .bss           0x200001ec       0x19 .\CortexM0\ARM_GCC_541\Debug\BrightnessCommManager.o
                0x200001ee                bCommunicationTimeOut
                0x200001ef                bIsCommunicationTrigger
                0x200001f0                timeOutCounter
 .bss           0x20000205        0x2 .\CortexM0\ARM_GCC_541\Debug\DriverControl.o
 *fill*         0x20000207        0x1 
 .bss           0x20000208       0x5c .\CortexM0\ARM_GCC_541\Debug\motorControl.o
                0x20000208                motorStatus
                0x2000025c                bDoneMovingCalibrate
 .bss           0x20000264        0x1 .\CortexM0\ARM_GCC_541\Debug\81-00024-01.a(ADC_SAR_Seq.o)
                0x20000264                ADC_SAR_Seq_initVar
 *fill*         0x20000265        0x3 
 .bss           0x20000268       0x20 .\CortexM0\ARM_GCC_541\Debug\81-00024-01.a(CyLFClk.o)
 .bss           0x20000288        0x1 .\CortexM0\ARM_GCC_541\Debug\81-00024-01.a(TimeoutTimer.o)
                0x20000288                TimeoutTimer_initVar
 .bss           0x20000289        0x1 .\CortexM0\ARM_GCC_541\Debug\81-00024-01.a(SamplingTimer.o)
                0x20000289                SamplingTimer_initVar
 .bss           0x2000028a        0x4 .\CortexM0\ARM_GCC_541\Debug\81-00024-01.a(UART_LED.o)
                0x2000028a                UART_LED_initVar
                0x2000028c                UART_LED_IntrTxMask
 .bss           0x2000028e        0x1 .\CortexM0\ARM_GCC_541\Debug\81-00024-01.a(PWM.o)
                0x2000028e                PWM_initVar
 .bss           0x2000028f        0x1 .\CortexM0\ARM_GCC_541\Debug\81-00024-01.a(AckTimer.o)
                0x2000028f                AckTimer_initVar
 .bss           0x20000290        0x1 .\CortexM0\ARM_GCC_541\Debug\81-00024-01.a(motorControlPWM.o)
                0x20000290                motorControlPWM_initVar
 .bss           0x20000291        0x1 .\CortexM0\ARM_GCC_541\Debug\81-00024-01.a(overCurrentTimer.o)
                0x20000291                overCurrentTimer_initVar
 *fill*         0x20000292        0x2 
 .bss           0x20000294        0x4 .\CortexM0\ARM_GCC_541\Debug\81-00024-01.a(CyFlash.o)
 *(COMMON)
 COMMON         0x20000298        0x1 .\CortexM0\ARM_GCC_541\Debug\main.o
                0x20000298                timerForInputs
 *fill*         0x20000299        0x3 
 COMMON         0x2000029c       0x14 .\CortexM0\ARM_GCC_541\Debug\BrightnessCommManager.o
                0x2000029c                rxPacket
                0x200002ac                pRxPacket
 COMMON         0x200002b0        0x8 .\CortexM0\ARM_GCC_541\Debug\motorControl.o
                0x200002b0                rxPacketLocal
                0x200002b4                pMotor
 COMMON         0x200002b8       0x1e .\CortexM0\ARM_GCC_541\Debug\81-00024-01.a(ADC_SAR_Seq.o)
                0x200002b8                ADC_SAR_Seq_countsPer10Volt
                0x200002cc                ADC_SAR_Seq_offset
                0x200002d8                . = ALIGN (0x8)
 *fill*         0x200002d6        0x2 
 *(.ram.b)
                0x200002d8                _end = .
                0x200002d8                __end = .
                0x200002d8                PROVIDE (end, .)
                0x200002d8                PROVIDE (__bss_end__, .)
                0x00004708                __cy_region_init_ram = LOADADDR (.data)
                0x000000a0                __cy_region_init_size_ram = (_edata - ADDR (.data))
                0x00000178                __cy_region_zero_size_ram = (_end - _edata)

.heap           0x200002d8       0x80 load address 0x000047a8
                0x200002d8                . = _end
                0x20000358                . = (. + 0x80)
 *fill*         0x200002d8       0x80 
                0x20000358                __cy_heap_limit = .

.stack          0x20000c00      0x400
                0x20000c00                __cy_stack_limit = .
                0x20001000                . = (. + 0x400)
 *fill*         0x20000c00      0x400 
                0x00000001                ASSERT ((__cy_stack_limit >= __cy_heap_limit), region RAM overflowed with stack)
                0x00000000                cy_checksum_exclude_size = (CY_APPL_LOADABLE == 0x1)?SIZEOF (.cy_checksum_exclude):0x0
                0x00000001                ASSERT ((cy_checksum_exclude_size <= CY_CHECKSUM_EXCLUDE_SIZE), CY_BOOT: Section .cy_checksum_exclude size exceedes specified limit.)
                0x00007fc0                cyloadermeta_start = (cy_project_type_bootloader || cy_project_type_app_for_stack_and_copier)?(LENGTH (rom) - CY_METADATA_SIZE):0xf0000000

.cyloadermeta
 *(.cyloadermeta)
                0x00007fc0                cyloadablemeta_start = cy_project_type_app_for_stack_and_copier?((LENGTH (rom) - CY_FLASH_ROW_SIZE) - CY_METADATA_SIZE):((LENGTH (rom) - (CY_FLASH_ROW_SIZE * (CY_APPL_NUM - 0x1))) - CY_METADATA_SIZE)

.cyloadablemeta
 *(.cyloadablemeta)

.cyflashprotect
                0x90400000       0x20
 *(.cyflashprotect)
 .cyflashprotect
                0x90400000       0x20 .\CortexM0\ARM_GCC_541\Debug\cymetadata.o
                0x90400000                cy_meta_flashprotect

.cymeta         0x90500000        0xc
 *(.cymeta)
 .cymeta        0x90500000        0xc .\CortexM0\ARM_GCC_541\Debug\cymetadata.o
                0x90500000                cy_metadata

.cychipprotect  0x90600000        0x1
 *(.cychipprotect)
 .cychipprotect
                0x90600000        0x1 .\CortexM0\ARM_GCC_541\Debug\cymetadata.o
                0x90600000                cy_meta_chipprotect

.rel.dyn        0x000047a8        0x0 load address 0x90600004
 .rel.iplt      0x000047a8        0x0 c:/program files (x86)/cypress/psoc creator/4.1/psoc creator/import/gnu/arm/5.4.1/bin/../lib/gcc/arm-none-eabi/5.4.1/armv6-m/crtbegin.o

.stab
 *(.stab)

.stabstr
 *(.stabstr)

.debug
 *(.debug)

.line
 *(.line)

.debug_srcinfo
 *(.debug_srcinfo)

.debug_sfnames
 *(.debug_sfnames)

.debug_aranges  0x00000000     0x1470
 *(.debug_aranges)
 .debug_aranges
                0x00000000       0x48 .\CortexM0\ARM_GCC_541\Debug\main.o
 .debug_aranges
                0x00000048       0x58 .\CortexM0\ARM_GCC_541\Debug\TemperatureCommManager.o
 .debug_aranges
                0x000000a0       0xb8 .\CortexM0\ARM_GCC_541\Debug\BrightnessCommManager.o
 .debug_aranges
                0x00000158       0x98 .\CortexM0\ARM_GCC_541\Debug\DriverControl.o
 .debug_aranges
                0x000001f0       0x60 .\CortexM0\ARM_GCC_541\Debug\motorControl.o
 .debug_aranges
                0x00000250       0x48 .\CortexM0\ARM_GCC_541\Debug\cyfitter_cfg.o
 .debug_aranges
                0x00000298       0x18 .\CortexM0\ARM_GCC_541\Debug\cymetadata.o
 .debug_aranges
                0x000002b0       0x48 .\CortexM0\ARM_GCC_541\Debug\Cm0Start.o
 .debug_aranges
                0x000002f8       0xb0 .\CortexM0\ARM_GCC_541\Debug\81-00024-01.a(ADC_SAR_Seq.o)
 .debug_aranges
                0x000003a8       0x20 .\CortexM0\ARM_GCC_541\Debug\81-00024-01.a(ADC_SAR_Seq_INT.o)
 .debug_aranges
                0x000003c8      0x180 .\CortexM0\ARM_GCC_541\Debug\81-00024-01.a(CyLib.o)
 .debug_aranges
                0x00000548       0x58 .\CortexM0\ARM_GCC_541\Debug\81-00024-01.a(cyPm.o)
 .debug_aranges
                0x000005a0      0x138 .\CortexM0\ARM_GCC_541\Debug\81-00024-01.a(CyLFClk.o)
 .debug_aranges
                0x000006d8      0x158 .\CortexM0\ARM_GCC_541\Debug\81-00024-01.a(TimeoutTimer.o)
 .debug_aranges
                0x00000830       0x80 .\CortexM0\ARM_GCC_541\Debug\81-00024-01.a(CommTimeoutISR.o)
 .debug_aranges
                0x000008b0       0x80 .\CortexM0\ARM_GCC_541\Debug\81-00024-01.a(SamplingTimerISR.o)
 .debug_aranges
                0x00000930      0x158 .\CortexM0\ARM_GCC_541\Debug\81-00024-01.a(SamplingTimer.o)
 .debug_aranges
                0x00000a88       0x80 .\CortexM0\ARM_GCC_541\Debug\81-00024-01.a(UART_LED_ISR.o)
 .debug_aranges
                0x00000b08       0x60 .\CortexM0\ARM_GCC_541\Debug\81-00024-01.a(UART_LED.o)
 .debug_aranges
                0x00000b68       0x40 .\CortexM0\ARM_GCC_541\Debug\81-00024-01.a(UART_LED_SPI_UART.o)
 .debug_aranges
                0x00000ba8       0x50 .\CortexM0\ARM_GCC_541\Debug\81-00024-01.a(UART_LED_UART.o)
 .debug_aranges
                0x00000bf8       0x98 .\CortexM0\ARM_GCC_541\Debug\81-00024-01.a(PWM.o)
 .debug_aranges
                0x00000c90       0x28 .\CortexM0\ARM_GCC_541\Debug\81-00024-01.a(PWM_Enable.o)
 .debug_aranges
                0x00000cb8       0x20 .\CortexM0\ARM_GCC_541\Debug\81-00024-01.a(DieTemp.o)
 .debug_aranges
                0x00000cd8       0x80 .\CortexM0\ARM_GCC_541\Debug\81-00024-01.a(LED_ISR.o)
 .debug_aranges
                0x00000d58       0x80 .\CortexM0\ARM_GCC_541\Debug\81-00024-01.a(AckTimeoutISR.o)
 .debug_aranges
                0x00000dd8      0x158 .\CortexM0\ARM_GCC_541\Debug\81-00024-01.a(AckTimer.o)
 .debug_aranges
                0x00000f30      0x158 .\CortexM0\ARM_GCC_541\Debug\81-00024-01.a(LED_Timer.o)
 .debug_aranges
                0x00001088       0x30 .\CortexM0\ARM_GCC_541\Debug\81-00024-01.a(EmEEPROM.o)
 .debug_aranges
                0x000010b8       0x88 .\CortexM0\ARM_GCC_541\Debug\81-00024-01.a(motorControlPWM.o)
 .debug_aranges
                0x00001140       0x40 .\CortexM0\ARM_GCC_541\Debug\81-00024-01.a(pwmClock.o)
 .debug_aranges
                0x00001180       0x48 .\CortexM0\ARM_GCC_541\Debug\81-00024-01.a(limitSwitch.o)
 .debug_aranges
                0x000011c8       0x80 .\CortexM0\ARM_GCC_541\Debug\81-00024-01.a(hallEffectISR.o)
 .debug_aranges
                0x00001248       0x90 .\CortexM0\ARM_GCC_541\Debug\81-00024-01.a(overCurrentTimer.o)
 .debug_aranges
                0x000012d8       0x80 .\CortexM0\ARM_GCC_541\Debug\81-00024-01.a(overCurrentTimerISR.o)
 .debug_aranges
                0x00001358       0x40 .\CortexM0\ARM_GCC_541\Debug\81-00024-01.a(inputs.o)
 .debug_aranges
                0x00001398       0x80 .\CortexM0\ARM_GCC_541\Debug\81-00024-01.a(modeChangeISR.o)
 .debug_aranges
                0x00001418       0x20 .\CortexM0\ARM_GCC_541\Debug\81-00024-01.a(CyBootAsmGnu.o)
 .debug_aranges
                0x00001438       0x38 .\CortexM0\ARM_GCC_541\Debug\81-00024-01.a(CyFlash.o)

.debug_pubnames
 *(.debug_pubnames)

.debug_info     0x00000000     0xa9be
 *(.debug_info .gnu.linkonce.wi.*)
 .debug_info    0x00000000      0x613 .\CortexM0\ARM_GCC_541\Debug\main.o
 .debug_info    0x00000613      0x58c .\CortexM0\ARM_GCC_541\Debug\TemperatureCommManager.o
 .debug_info    0x00000b9f      0xc30 .\CortexM0\ARM_GCC_541\Debug\BrightnessCommManager.o
 .debug_info    0x000017cf      0x851 .\CortexM0\ARM_GCC_541\Debug\DriverControl.o
 .debug_info    0x00002020      0x871 .\CortexM0\ARM_GCC_541\Debug\motorControl.o
 .debug_info    0x00002891      0x3f2 .\CortexM0\ARM_GCC_541\Debug\cyfitter_cfg.o
 .debug_info    0x00002c83       0xf8 .\CortexM0\ARM_GCC_541\Debug\cymetadata.o
 .debug_info    0x00002d7b      0x3a2 .\CortexM0\ARM_GCC_541\Debug\Cm0Start.o
 .debug_info    0x0000311d      0x5b7 .\CortexM0\ARM_GCC_541\Debug\81-00024-01.a(ADC_SAR_Seq.o)
 .debug_info    0x000036d4       0xcb .\CortexM0\ARM_GCC_541\Debug\81-00024-01.a(ADC_SAR_Seq_INT.o)
 .debug_info    0x0000379f      0xafc .\CortexM0\ARM_GCC_541\Debug\81-00024-01.a(CyLib.o)
 .debug_info    0x0000429b      0x2cf .\CortexM0\ARM_GCC_541\Debug\81-00024-01.a(cyPm.o)
 .debug_info    0x0000456a      0xcfe .\CortexM0\ARM_GCC_541\Debug\81-00024-01.a(CyLFClk.o)
 .debug_info    0x00005268      0x8f6 .\CortexM0\ARM_GCC_541\Debug\81-00024-01.a(TimeoutTimer.o)
 .debug_info    0x00005b5e      0x31f .\CortexM0\ARM_GCC_541\Debug\81-00024-01.a(CommTimeoutISR.o)
 .debug_info    0x00005e7d      0x320 .\CortexM0\ARM_GCC_541\Debug\81-00024-01.a(SamplingTimerISR.o)
 .debug_info    0x0000619d      0x8f4 .\CortexM0\ARM_GCC_541\Debug\81-00024-01.a(SamplingTimer.o)
 .debug_info    0x00006a91      0x31e .\CortexM0\ARM_GCC_541\Debug\81-00024-01.a(UART_LED_ISR.o)
 .debug_info    0x00006daf      0x24c .\CortexM0\ARM_GCC_541\Debug\81-00024-01.a(UART_LED.o)
 .debug_info    0x00006ffb      0x15b .\CortexM0\ARM_GCC_541\Debug\81-00024-01.a(UART_LED_SPI_UART.o)
 .debug_info    0x00007156      0x208 .\CortexM0\ARM_GCC_541\Debug\81-00024-01.a(UART_LED_UART.o)
 .debug_info    0x0000735e      0x333 .\CortexM0\ARM_GCC_541\Debug\81-00024-01.a(PWM.o)
 .debug_info    0x00007691       0xd6 .\CortexM0\ARM_GCC_541\Debug\81-00024-01.a(PWM_Enable.o)
 .debug_info    0x00007767      0x134 .\CortexM0\ARM_GCC_541\Debug\81-00024-01.a(DieTemp.o)
 .debug_info    0x0000789b      0x31f .\CortexM0\ARM_GCC_541\Debug\81-00024-01.a(LED_ISR.o)
 .debug_info    0x00007bba      0x31f .\CortexM0\ARM_GCC_541\Debug\81-00024-01.a(AckTimeoutISR.o)
 .debug_info    0x00007ed9      0x8f6 .\CortexM0\ARM_GCC_541\Debug\81-00024-01.a(AckTimer.o)
 .debug_info    0x000087cf      0x8f6 .\CortexM0\ARM_GCC_541\Debug\81-00024-01.a(LED_Timer.o)
 .debug_info    0x000090c5      0x1e0 .\CortexM0\ARM_GCC_541\Debug\81-00024-01.a(EmEEPROM.o)
 .debug_info    0x000092a5      0x2be .\CortexM0\ARM_GCC_541\Debug\81-00024-01.a(motorControlPWM.o)
 .debug_info    0x00009563      0x14e .\CortexM0\ARM_GCC_541\Debug\81-00024-01.a(pwmClock.o)
 .debug_info    0x000096b1      0x19b .\CortexM0\ARM_GCC_541\Debug\81-00024-01.a(limitSwitch.o)
 .debug_info    0x0000984c      0x305 .\CortexM0\ARM_GCC_541\Debug\81-00024-01.a(hallEffectISR.o)
 .debug_info    0x00009b51      0x2ee .\CortexM0\ARM_GCC_541\Debug\81-00024-01.a(overCurrentTimer.o)
 .debug_info    0x00009e3f      0x305 .\CortexM0\ARM_GCC_541\Debug\81-00024-01.a(overCurrentTimerISR.o)
 .debug_info    0x0000a144      0x17f .\CortexM0\ARM_GCC_541\Debug\81-00024-01.a(inputs.o)
 .debug_info    0x0000a2c3      0x305 .\CortexM0\ARM_GCC_541\Debug\81-00024-01.a(modeChangeISR.o)
 .debug_info    0x0000a5c8       0xb9 .\CortexM0\ARM_GCC_541\Debug\81-00024-01.a(CyBootAsmGnu.o)
 .debug_info    0x0000a681      0x33d .\CortexM0\ARM_GCC_541\Debug\81-00024-01.a(CyFlash.o)

.debug_abbrev   0x00000000     0x3242
 *(.debug_abbrev)
 .debug_abbrev  0x00000000      0x1a1 .\CortexM0\ARM_GCC_541\Debug\main.o
 .debug_abbrev  0x000001a1      0x208 .\CortexM0\ARM_GCC_541\Debug\TemperatureCommManager.o
 .debug_abbrev  0x000003a9      0x2a6 .\CortexM0\ARM_GCC_541\Debug\BrightnessCommManager.o
 .debug_abbrev  0x0000064f      0x25a .\CortexM0\ARM_GCC_541\Debug\DriverControl.o
 .debug_abbrev  0x000008a9      0x1fd .\CortexM0\ARM_GCC_541\Debug\motorControl.o
 .debug_abbrev  0x00000aa6      0x1d6 .\CortexM0\ARM_GCC_541\Debug\cyfitter_cfg.o
 .debug_abbrev  0x00000c7c       0x5d .\CortexM0\ARM_GCC_541\Debug\cymetadata.o
 .debug_abbrev  0x00000cd9      0x1d7 .\CortexM0\ARM_GCC_541\Debug\Cm0Start.o
 .debug_abbrev  0x00000eb0      0x19e .\CortexM0\ARM_GCC_541\Debug\81-00024-01.a(ADC_SAR_Seq.o)
 .debug_abbrev  0x0000104e       0x65 .\CortexM0\ARM_GCC_541\Debug\81-00024-01.a(ADC_SAR_Seq_INT.o)
 .debug_abbrev  0x000010b3      0x1e0 .\CortexM0\ARM_GCC_541\Debug\81-00024-01.a(CyLib.o)
 .debug_abbrev  0x00001293      0x10a .\CortexM0\ARM_GCC_541\Debug\81-00024-01.a(cyPm.o)
 .debug_abbrev  0x0000139d      0x210 .\CortexM0\ARM_GCC_541\Debug\81-00024-01.a(CyLFClk.o)
 .debug_abbrev  0x000015ad      0x119 .\CortexM0\ARM_GCC_541\Debug\81-00024-01.a(TimeoutTimer.o)
 .debug_abbrev  0x000016c6      0x173 .\CortexM0\ARM_GCC_541\Debug\81-00024-01.a(CommTimeoutISR.o)
 .debug_abbrev  0x00001839      0x164 .\CortexM0\ARM_GCC_541\Debug\81-00024-01.a(SamplingTimerISR.o)
 .debug_abbrev  0x0000199d      0x119 .\CortexM0\ARM_GCC_541\Debug\81-00024-01.a(SamplingTimer.o)
 .debug_abbrev  0x00001ab6      0x182 .\CortexM0\ARM_GCC_541\Debug\81-00024-01.a(UART_LED_ISR.o)
 .debug_abbrev  0x00001c38       0xed .\CortexM0\ARM_GCC_541\Debug\81-00024-01.a(UART_LED.o)
 .debug_abbrev  0x00001d25       0xd5 .\CortexM0\ARM_GCC_541\Debug\81-00024-01.a(UART_LED_SPI_UART.o)
 .debug_abbrev  0x00001dfa       0xef .\CortexM0\ARM_GCC_541\Debug\81-00024-01.a(UART_LED_UART.o)
 .debug_abbrev  0x00001ee9      0x133 .\CortexM0\ARM_GCC_541\Debug\81-00024-01.a(PWM.o)
 .debug_abbrev  0x0000201c       0x81 .\CortexM0\ARM_GCC_541\Debug\81-00024-01.a(PWM_Enable.o)
 .debug_abbrev  0x0000209d       0x76 .\CortexM0\ARM_GCC_541\Debug\81-00024-01.a(DieTemp.o)
 .debug_abbrev  0x00002113      0x173 .\CortexM0\ARM_GCC_541\Debug\81-00024-01.a(LED_ISR.o)
 .debug_abbrev  0x00002286      0x173 .\CortexM0\ARM_GCC_541\Debug\81-00024-01.a(AckTimeoutISR.o)
 .debug_abbrev  0x000023f9      0x119 .\CortexM0\ARM_GCC_541\Debug\81-00024-01.a(AckTimer.o)
 .debug_abbrev  0x00002512      0x119 .\CortexM0\ARM_GCC_541\Debug\81-00024-01.a(LED_Timer.o)
 .debug_abbrev  0x0000262b       0xf8 .\CortexM0\ARM_GCC_541\Debug\81-00024-01.a(EmEEPROM.o)
 .debug_abbrev  0x00002723      0x14b .\CortexM0\ARM_GCC_541\Debug\81-00024-01.a(motorControlPWM.o)
 .debug_abbrev  0x0000286e       0xb7 .\CortexM0\ARM_GCC_541\Debug\81-00024-01.a(pwmClock.o)
 .debug_abbrev  0x00002925       0xc8 .\CortexM0\ARM_GCC_541\Debug\81-00024-01.a(limitSwitch.o)
 .debug_abbrev  0x000029ed      0x19a .\CortexM0\ARM_GCC_541\Debug\81-00024-01.a(hallEffectISR.o)
 .debug_abbrev  0x00002b87      0x12b .\CortexM0\ARM_GCC_541\Debug\81-00024-01.a(overCurrentTimer.o)
 .debug_abbrev  0x00002cb2      0x19a .\CortexM0\ARM_GCC_541\Debug\81-00024-01.a(overCurrentTimerISR.o)
 .debug_abbrev  0x00002e4c       0xac .\CortexM0\ARM_GCC_541\Debug\81-00024-01.a(inputs.o)
 .debug_abbrev  0x00002ef8      0x19a .\CortexM0\ARM_GCC_541\Debug\81-00024-01.a(modeChangeISR.o)
 .debug_abbrev  0x00003092       0x14 .\CortexM0\ARM_GCC_541\Debug\81-00024-01.a(CyBootAsmGnu.o)
 .debug_abbrev  0x000030a6      0x19c .\CortexM0\ARM_GCC_541\Debug\81-00024-01.a(CyFlash.o)

.debug_line     0x00000000     0x467b
 *(.debug_line)
 .debug_line    0x00000000      0x214 .\CortexM0\ARM_GCC_541\Debug\main.o
 .debug_line    0x00000214      0x18f .\CortexM0\ARM_GCC_541\Debug\TemperatureCommManager.o
 .debug_line    0x000003a3      0x487 .\CortexM0\ARM_GCC_541\Debug\BrightnessCommManager.o
 .debug_line    0x0000082a      0x2f0 .\CortexM0\ARM_GCC_541\Debug\DriverControl.o
 .debug_line    0x00000b1a      0x293 .\CortexM0\ARM_GCC_541\Debug\motorControl.o
 .debug_line    0x00000dad      0x1a7 .\CortexM0\ARM_GCC_541\Debug\cyfitter_cfg.o
 .debug_line    0x00000f54      0x141 .\CortexM0\ARM_GCC_541\Debug\cymetadata.o
 .debug_line    0x00001095      0x235 .\CortexM0\ARM_GCC_541\Debug\Cm0Start.o
 .debug_line    0x000012ca      0x2c0 .\CortexM0\ARM_GCC_541\Debug\81-00024-01.a(ADC_SAR_Seq.o)
 .debug_line    0x0000158a       0x6a .\CortexM0\ARM_GCC_541\Debug\81-00024-01.a(ADC_SAR_Seq_INT.o)
 .debug_line    0x000015f4      0x45f .\CortexM0\ARM_GCC_541\Debug\81-00024-01.a(CyLib.o)
 .debug_line    0x00001a53      0x12a .\CortexM0\ARM_GCC_541\Debug\81-00024-01.a(cyPm.o)
 .debug_line    0x00001b7d      0x466 .\CortexM0\ARM_GCC_541\Debug\81-00024-01.a(CyLFClk.o)
 .debug_line    0x00001fe3      0x380 .\CortexM0\ARM_GCC_541\Debug\81-00024-01.a(TimeoutTimer.o)
 .debug_line    0x00002363      0x176 .\CortexM0\ARM_GCC_541\Debug\81-00024-01.a(CommTimeoutISR.o)
 .debug_line    0x000024d9      0x17b .\CortexM0\ARM_GCC_541\Debug\81-00024-01.a(SamplingTimerISR.o)
 .debug_line    0x00002654      0x381 .\CortexM0\ARM_GCC_541\Debug\81-00024-01.a(SamplingTimer.o)
 .debug_line    0x000029d5      0x174 .\CortexM0\ARM_GCC_541\Debug\81-00024-01.a(UART_LED_ISR.o)
 .debug_line    0x00002b49      0x12f .\CortexM0\ARM_GCC_541\Debug\81-00024-01.a(UART_LED.o)
 .debug_line    0x00002c78       0xba .\CortexM0\ARM_GCC_541\Debug\81-00024-01.a(UART_LED_SPI_UART.o)
 .debug_line    0x00002d32      0x128 .\CortexM0\ARM_GCC_541\Debug\81-00024-01.a(UART_LED_UART.o)
 .debug_line    0x00002e5a      0x18e .\CortexM0\ARM_GCC_541\Debug\81-00024-01.a(PWM.o)
 .debug_line    0x00002fe8       0x73 .\CortexM0\ARM_GCC_541\Debug\81-00024-01.a(PWM_Enable.o)
 .debug_line    0x0000305b       0x6c .\CortexM0\ARM_GCC_541\Debug\81-00024-01.a(DieTemp.o)
 .debug_line    0x000030c7      0x167 .\CortexM0\ARM_GCC_541\Debug\81-00024-01.a(LED_ISR.o)
 .debug_line    0x0000322e      0x176 .\CortexM0\ARM_GCC_541\Debug\81-00024-01.a(AckTimeoutISR.o)
 .debug_line    0x000033a4      0x37c .\CortexM0\ARM_GCC_541\Debug\81-00024-01.a(AckTimer.o)
 .debug_line    0x00003720      0x37d .\CortexM0\ARM_GCC_541\Debug\81-00024-01.a(LED_Timer.o)
 .debug_line    0x00003a9d       0xcc .\CortexM0\ARM_GCC_541\Debug\81-00024-01.a(EmEEPROM.o)
 .debug_line    0x00003b69      0x167 .\CortexM0\ARM_GCC_541\Debug\81-00024-01.a(motorControlPWM.o)
 .debug_line    0x00003cd0       0xae .\CortexM0\ARM_GCC_541\Debug\81-00024-01.a(pwmClock.o)
 .debug_line    0x00003d7e       0xc2 .\CortexM0\ARM_GCC_541\Debug\81-00024-01.a(limitSwitch.o)
 .debug_line    0x00003e40      0x155 .\CortexM0\ARM_GCC_541\Debug\81-00024-01.a(hallEffectISR.o)
 .debug_line    0x00003f95      0x184 .\CortexM0\ARM_GCC_541\Debug\81-00024-01.a(overCurrentTimer.o)
 .debug_line    0x00004119      0x15f .\CortexM0\ARM_GCC_541\Debug\81-00024-01.a(overCurrentTimerISR.o)
 .debug_line    0x00004278       0xb5 .\CortexM0\ARM_GCC_541\Debug\81-00024-01.a(inputs.o)
 .debug_line    0x0000432d      0x159 .\CortexM0\ARM_GCC_541\Debug\81-00024-01.a(modeChangeISR.o)
 .debug_line    0x00004486       0x69 .\CortexM0\ARM_GCC_541\Debug\81-00024-01.a(CyBootAsmGnu.o)
 .debug_line    0x000044ef      0x18c .\CortexM0\ARM_GCC_541\Debug\81-00024-01.a(CyFlash.o)

.debug_frame    0x00000000     0x34c0
 *(.debug_frame)
 .debug_frame   0x00000000       0xa0 .\CortexM0\ARM_GCC_541\Debug\main.o
 .debug_frame   0x000000a0       0xd8 .\CortexM0\ARM_GCC_541\Debug\TemperatureCommManager.o
 .debug_frame   0x00000178      0x224 .\CortexM0\ARM_GCC_541\Debug\BrightnessCommManager.o
 .debug_frame   0x0000039c      0x18c .\CortexM0\ARM_GCC_541\Debug\DriverControl.o
 .debug_frame   0x00000528      0x120 .\CortexM0\ARM_GCC_541\Debug\motorControl.o
 .debug_frame   0x00000648       0xac .\CortexM0\ARM_GCC_541\Debug\cyfitter_cfg.o
 .debug_frame   0x000006f4       0xbc .\CortexM0\ARM_GCC_541\Debug\Cm0Start.o
 .debug_frame   0x000007b0      0x1c0 .\CortexM0\ARM_GCC_541\Debug\81-00024-01.a(ADC_SAR_Seq.o)
 .debug_frame   0x00000970       0x20 .\CortexM0\ARM_GCC_541\Debug\81-00024-01.a(ADC_SAR_Seq_INT.o)
 .debug_frame   0x00000990      0x3e0 .\CortexM0\ARM_GCC_541\Debug\81-00024-01.a(CyLib.o)
 .debug_frame   0x00000d70       0xf0 .\CortexM0\ARM_GCC_541\Debug\81-00024-01.a(cyPm.o)
 .debug_frame   0x00000e60      0x3a8 .\CortexM0\ARM_GCC_541\Debug\81-00024-01.a(CyLFClk.o)
 .debug_frame   0x00001208      0x3a0 .\CortexM0\ARM_GCC_541\Debug\81-00024-01.a(TimeoutTimer.o)
 .debug_frame   0x000015a8      0x11c .\CortexM0\ARM_GCC_541\Debug\81-00024-01.a(CommTimeoutISR.o)
 .debug_frame   0x000016c4      0x11c .\CortexM0\ARM_GCC_541\Debug\81-00024-01.a(SamplingTimerISR.o)
 .debug_frame   0x000017e0      0x3a0 .\CortexM0\ARM_GCC_541\Debug\81-00024-01.a(SamplingTimer.o)
 .debug_frame   0x00001b80      0x11c .\CortexM0\ARM_GCC_541\Debug\81-00024-01.a(UART_LED_ISR.o)
 .debug_frame   0x00001c9c       0xe8 .\CortexM0\ARM_GCC_541\Debug\81-00024-01.a(UART_LED.o)
 .debug_frame   0x00001d84       0x60 .\CortexM0\ARM_GCC_541\Debug\81-00024-01.a(UART_LED_SPI_UART.o)
 .debug_frame   0x00001de4       0x98 .\CortexM0\ARM_GCC_541\Debug\81-00024-01.a(UART_LED_UART.o)
 .debug_frame   0x00001e7c      0x134 .\CortexM0\ARM_GCC_541\Debug\81-00024-01.a(PWM.o)
 .debug_frame   0x00001fb0       0x30 .\CortexM0\ARM_GCC_541\Debug\81-00024-01.a(PWM_Enable.o)
 .debug_frame   0x00001fe0       0x2c .\CortexM0\ARM_GCC_541\Debug\81-00024-01.a(DieTemp.o)
 .debug_frame   0x0000200c      0x11c .\CortexM0\ARM_GCC_541\Debug\81-00024-01.a(LED_ISR.o)
 .debug_frame   0x00002128      0x11c .\CortexM0\ARM_GCC_541\Debug\81-00024-01.a(AckTimeoutISR.o)
 .debug_frame   0x00002244      0x3a0 .\CortexM0\ARM_GCC_541\Debug\81-00024-01.a(AckTimer.o)
 .debug_frame   0x000025e4      0x3a0 .\CortexM0\ARM_GCC_541\Debug\81-00024-01.a(LED_Timer.o)
 .debug_frame   0x00002984       0x60 .\CortexM0\ARM_GCC_541\Debug\81-00024-01.a(EmEEPROM.o)
 .debug_frame   0x000029e4      0x114 .\CortexM0\ARM_GCC_541\Debug\81-00024-01.a(motorControlPWM.o)
 .debug_frame   0x00002af8       0x60 .\CortexM0\ARM_GCC_541\Debug\81-00024-01.a(pwmClock.o)
 .debug_frame   0x00002b58       0x70 .\CortexM0\ARM_GCC_541\Debug\81-00024-01.a(limitSwitch.o)
 .debug_frame   0x00002bc8      0x110 .\CortexM0\ARM_GCC_541\Debug\81-00024-01.a(hallEffectISR.o)
 .debug_frame   0x00002cd8      0x124 .\CortexM0\ARM_GCC_541\Debug\81-00024-01.a(overCurrentTimer.o)
 .debug_frame   0x00002dfc      0x110 .\CortexM0\ARM_GCC_541\Debug\81-00024-01.a(overCurrentTimerISR.o)
 .debug_frame   0x00002f0c       0x78 .\CortexM0\ARM_GCC_541\Debug\81-00024-01.a(inputs.o)
 .debug_frame   0x00002f84      0x110 .\CortexM0\ARM_GCC_541\Debug\81-00024-01.a(modeChangeISR.o)
 .debug_frame   0x00003094       0x78 .\CortexM0\ARM_GCC_541\Debug\81-00024-01.a(CyFlash.o)
 .debug_frame   0x0000310c       0x20 c:/program files (x86)/cypress/psoc creator/4.1/psoc creator/import/gnu/arm/5.4.1/bin/../lib/gcc/arm-none-eabi/5.4.1/armv6-m\libgcc.a(_udivsi3.o)
 .debug_frame   0x0000312c       0x20 c:/program files (x86)/cypress/psoc creator/4.1/psoc creator/import/gnu/arm/5.4.1/bin/../lib/gcc/arm-none-eabi/5.4.1/armv6-m\libgcc.a(_divsi3.o)
 .debug_frame   0x0000314c       0x34 c:/program files (x86)/cypress/psoc creator/4.1/psoc creator/import/gnu/arm/5.4.1/bin/../lib/gcc/arm-none-eabi/5.4.1/armv6-m\libgcc.a(_muldi3.o)
 .debug_frame   0x00003180       0x30 c:/program files (x86)/cypress/psoc creator/4.1/psoc creator/import/gnu/arm/5.4.1/bin/../lib/gcc/arm-none-eabi/5.4.1/armv6-m\libgcc.a(bpabi.o)
 .debug_frame   0x000031b0       0x30 c:/program files (x86)/cypress/psoc creator/4.1/psoc creator/import/gnu/arm/5.4.1/bin/../lib/gcc/arm-none-eabi/5.4.1/armv6-m\libgcc.a(addsf3.o)
 .debug_frame   0x000031e0       0x3c c:/program files (x86)/cypress/psoc creator/4.1/psoc creator/import/gnu/arm/5.4.1/bin/../lib/gcc/arm-none-eabi/5.4.1/armv6-m\libgcc.a(divsf3.o)
 .debug_frame   0x0000321c       0x38 c:/program files (x86)/cypress/psoc creator/4.1/psoc creator/import/gnu/arm/5.4.1/bin/../lib/gcc/arm-none-eabi/5.4.1/armv6-m\libgcc.a(mulsf3.o)
 .debug_frame   0x00003254       0x20 c:/program files (x86)/cypress/psoc creator/4.1/psoc creator/import/gnu/arm/5.4.1/bin/../lib/gcc/arm-none-eabi/5.4.1/armv6-m\libgcc.a(fixsfsi.o)
 .debug_frame   0x00003274       0x2c c:/program files (x86)/cypress/psoc creator/4.1/psoc creator/import/gnu/arm/5.4.1/bin/../lib/gcc/arm-none-eabi/5.4.1/armv6-m\libgcc.a(floatsisf.o)
 .debug_frame   0x000032a0       0x2c c:/program files (x86)/cypress/psoc creator/4.1/psoc creator/import/gnu/arm/5.4.1/bin/../lib/gcc/arm-none-eabi/5.4.1/armv6-m\libgcc.a(floatunsisf.o)
 .debug_frame   0x000032cc       0x3c c:/program files (x86)/cypress/psoc creator/4.1/psoc creator/import/gnu/arm/5.4.1/bin/../lib/gcc/arm-none-eabi/5.4.1/armv6-m\libgcc.a(adddf3.o)
 .debug_frame   0x00003308       0x3c c:/program files (x86)/cypress/psoc creator/4.1/psoc creator/import/gnu/arm/5.4.1/bin/../lib/gcc/arm-none-eabi/5.4.1/armv6-m\libgcc.a(muldf3.o)
 .debug_frame   0x00003344       0x2c c:/program files (x86)/cypress/psoc creator/4.1/psoc creator/import/gnu/arm/5.4.1/bin/../lib/gcc/arm-none-eabi/5.4.1/armv6-m\libgcc.a(floatsidf.o)
 .debug_frame   0x00003370       0x2c c:/program files (x86)/cypress/psoc creator/4.1/psoc creator/import/gnu/arm/5.4.1/bin/../lib/gcc/arm-none-eabi/5.4.1/armv6-m\libgcc.a(extendsfdf2.o)
 .debug_frame   0x0000339c       0x2c c:/program files (x86)/cypress/psoc creator/4.1/psoc creator/import/gnu/arm/5.4.1/bin/../lib/gcc/arm-none-eabi/5.4.1/armv6-m\libgcc.a(truncdfsf2.o)
 .debug_frame   0x000033c8       0x3c c:/program files (x86)/cypress/psoc creator/4.1/psoc creator/import/gnu/arm/5.4.1/bin/../lib/gcc/arm-none-eabi/5.4.1/armv6-m\libgcc.a(_divdi3.o)
 .debug_frame   0x00003404       0x20 c:/program files (x86)/cypress/psoc creator/4.1/psoc creator/import/gnu/arm/5.4.1/bin/../lib/gcc/arm-none-eabi/5.4.1/../../../../arm-none-eabi/lib/armv6-m\libg_nano.a(lib_a-errno.o)
 .debug_frame   0x00003424       0x28 c:/program files (x86)/cypress/psoc creator/4.1/psoc creator/import/gnu/arm/5.4.1/bin/../lib/gcc/arm-none-eabi/5.4.1/../../../../arm-none-eabi/lib/armv6-m\libg_nano.a(lib_a-exit.o)
 .debug_frame   0x0000344c       0x2c c:/program files (x86)/cypress/psoc creator/4.1/psoc creator/import/gnu/arm/5.4.1/bin/../lib/gcc/arm-none-eabi/5.4.1/../../../../arm-none-eabi/lib/armv6-m\libg_nano.a(lib_a-init.o)
 .debug_frame   0x00003478       0x28 c:/program files (x86)/cypress/psoc creator/4.1/psoc creator/import/gnu/arm/5.4.1/bin/../lib/gcc/arm-none-eabi/5.4.1/../../../../arm-none-eabi/lib/armv6-m\libg_nano.a(lib_a-memcpy-stub.o)
 .debug_frame   0x000034a0       0x20 c:/program files (x86)/cypress/psoc creator/4.1/psoc creator/import/gnu/arm/5.4.1/bin/../lib/gcc/arm-none-eabi/5.4.1/../../../../arm-none-eabi/lib/armv6-m\libg_nano.a(lib_a-memset.o)

.debug_str      0x00000000     0x4a04
 *(.debug_str)
 .debug_str     0x00000000      0x5da .\CortexM0\ARM_GCC_541\Debug\main.o
                                0x655 (size before relaxing)
 .debug_str     0x000005da      0x39b .\CortexM0\ARM_GCC_541\Debug\TemperatureCommManager.o
                                0x559 (size before relaxing)
 .debug_str     0x00000975      0x5bb .\CortexM0\ARM_GCC_541\Debug\BrightnessCommManager.o
                                0x941 (size before relaxing)
 .debug_str     0x00000f30      0x422 .\CortexM0\ARM_GCC_541\Debug\DriverControl.o
                                0x758 (size before relaxing)
 .debug_str     0x00001352      0x35b .\CortexM0\ARM_GCC_541\Debug\motorControl.o
                                0x80a (size before relaxing)
 .debug_str     0x000016ad      0x137 .\CortexM0\ARM_GCC_541\Debug\cyfitter_cfg.o
                                0x326 (size before relaxing)
 .debug_str     0x000017e4       0x63 .\CortexM0\ARM_GCC_541\Debug\cymetadata.o
                                0x1f1 (size before relaxing)
 .debug_str     0x00001847      0x13a .\CortexM0\ARM_GCC_541\Debug\Cm0Start.o
                                0x32a (size before relaxing)
 .debug_str     0x00001981      0x233 .\CortexM0\ARM_GCC_541\Debug\81-00024-01.a(ADC_SAR_Seq.o)
                                0x4dd (size before relaxing)
 .debug_str     0x00001bb4       0x45 .\CortexM0\ARM_GCC_541\Debug\81-00024-01.a(ADC_SAR_Seq_INT.o)
                                0x1f6 (size before relaxing)
 .debug_str     0x00001bf9      0x491 .\CortexM0\ARM_GCC_541\Debug\81-00024-01.a(CyLib.o)
                                0x6ed (size before relaxing)
 .debug_str     0x0000208a       0xb5 .\CortexM0\ARM_GCC_541\Debug\81-00024-01.a(cyPm.o)
                                0x2de (size before relaxing)
 .debug_str     0x0000213f      0x522 .\CortexM0\ARM_GCC_541\Debug\81-00024-01.a(CyLFClk.o)
                                0x766 (size before relaxing)
 .debug_str     0x00002661      0x4cb .\CortexM0\ARM_GCC_541\Debug\81-00024-01.a(TimeoutTimer.o)
                                0x700 (size before relaxing)
 .debug_str     0x00002b2c      0x12e .\CortexM0\ARM_GCC_541\Debug\81-00024-01.a(CommTimeoutISR.o)
                                0x3ac (size before relaxing)
 .debug_str     0x00002c5a      0x153 .\CortexM0\ARM_GCC_541\Debug\81-00024-01.a(SamplingTimerISR.o)
                                0x3c9 (size before relaxing)
 .debug_str     0x00002dad      0x433 .\CortexM0\ARM_GCC_541\Debug\81-00024-01.a(SamplingTimer.o)
                                0x72a (size before relaxing)
 .debug_str     0x000031e0      0x123 .\CortexM0\ARM_GCC_541\Debug\81-00024-01.a(UART_LED_ISR.o)
                                0x39a (size before relaxing)
 .debug_str     0x00003303      0x13d .\CortexM0\ARM_GCC_541\Debug\81-00024-01.a(UART_LED.o)
                                0x318 (size before relaxing)
 .debug_str     0x00003440       0xb6 .\CortexM0\ARM_GCC_541\Debug\81-00024-01.a(UART_LED_SPI_UART.o)
                                0x293 (size before relaxing)
 .debug_str     0x000034f6       0x93 .\CortexM0\ARM_GCC_541\Debug\81-00024-01.a(UART_LED_UART.o)
                                0x2fa (size before relaxing)
 .debug_str     0x00003589       0x8d .\CortexM0\ARM_GCC_541\Debug\81-00024-01.a(PWM.o)
                                0x354 (size before relaxing)
 .debug_str     0x00003616       0x34 .\CortexM0\ARM_GCC_541\Debug\81-00024-01.a(PWM_Enable.o)
                                0x1e7 (size before relaxing)
 .debug_str     0x0000364a       0x50 .\CortexM0\ARM_GCC_541\Debug\81-00024-01.a(DieTemp.o)
                                0x230 (size before relaxing)
 .debug_str     0x0000369a       0x21 .\CortexM0\ARM_GCC_541\Debug\81-00024-01.a(LED_ISR.o)
                                0x340 (size before relaxing)
 .debug_str     0x000036bb      0x12f .\CortexM0\ARM_GCC_541\Debug\81-00024-01.a(AckTimeoutISR.o)
                                0x39c (size before relaxing)
 .debug_str     0x000037ea      0x370 .\CortexM0\ARM_GCC_541\Debug\81-00024-01.a(AckTimer.o)
                                0x658 (size before relaxing)
 .debug_str     0x00003b5a      0x397 .\CortexM0\ARM_GCC_541\Debug\81-00024-01.a(LED_Timer.o)
                                0x682 (size before relaxing)
 .debug_str     0x00003ef1       0x9e .\CortexM0\ARM_GCC_541\Debug\81-00024-01.a(EmEEPROM.o)
                                0x27b (size before relaxing)
 .debug_str     0x00003f8f      0x1a5 .\CortexM0\ARM_GCC_541\Debug\81-00024-01.a(motorControlPWM.o)
                                0x3d1 (size before relaxing)
 .debug_str     0x00004134       0xc0 .\CortexM0\ARM_GCC_541\Debug\81-00024-01.a(pwmClock.o)
                                0x278 (size before relaxing)
 .debug_str     0x000041f4       0xba .\CortexM0\ARM_GCC_541\Debug\81-00024-01.a(limitSwitch.o)
                                0x289 (size before relaxing)
 .debug_str     0x000042ae      0x12d .\CortexM0\ARM_GCC_541\Debug\81-00024-01.a(hallEffectISR.o)
                                0x383 (size before relaxing)
 .debug_str     0x000043db      0x1e1 .\CortexM0\ARM_GCC_541\Debug\81-00024-01.a(overCurrentTimer.o)
                                0x42a (size before relaxing)
 .debug_str     0x000045bc      0x16d .\CortexM0\ARM_GCC_541\Debug\81-00024-01.a(overCurrentTimerISR.o)
                                0x3d7 (size before relaxing)
 .debug_str     0x00004729       0x70 .\CortexM0\ARM_GCC_541\Debug\81-00024-01.a(inputs.o)
                                0x26c (size before relaxing)
 .debug_str     0x00004799      0x142 .\CortexM0\ARM_GCC_541\Debug\81-00024-01.a(modeChangeISR.o)
                                0x383 (size before relaxing)
 .debug_str     0x000048db      0x129 .\CortexM0\ARM_GCC_541\Debug\81-00024-01.a(CyFlash.o)
                                0x357 (size before relaxing)

.debug_loc      0x00000000     0x48fc
 *(.debug_loc)
 .debug_loc     0x00000000       0x20 .\CortexM0\ARM_GCC_541\Debug\main.o
 .debug_loc     0x00000020      0x205 .\CortexM0\ARM_GCC_541\Debug\TemperatureCommManager.o
 .debug_loc     0x00000225      0x47f .\CortexM0\ARM_GCC_541\Debug\BrightnessCommManager.o
 .debug_loc     0x000006a4      0x8a3 .\CortexM0\ARM_GCC_541\Debug\DriverControl.o
 .debug_loc     0x00000f47       0xe6 .\CortexM0\ARM_GCC_541\Debug\motorControl.o
 .debug_loc     0x0000102d      0x136 .\CortexM0\ARM_GCC_541\Debug\cyfitter_cfg.o
 .debug_loc     0x00001163      0x14f .\CortexM0\ARM_GCC_541\Debug\Cm0Start.o
 .debug_loc     0x000012b2      0x536 .\CortexM0\ARM_GCC_541\Debug\81-00024-01.a(ADC_SAR_Seq.o)
 .debug_loc     0x000017e8      0x5cb .\CortexM0\ARM_GCC_541\Debug\81-00024-01.a(CyLib.o)
 .debug_loc     0x00001db3       0xe1 .\CortexM0\ARM_GCC_541\Debug\81-00024-01.a(cyPm.o)
 .debug_loc     0x00001e94      0x9b5 .\CortexM0\ARM_GCC_541\Debug\81-00024-01.a(CyLFClk.o)
 .debug_loc     0x00002849      0x547 .\CortexM0\ARM_GCC_541\Debug\81-00024-01.a(TimeoutTimer.o)
 .debug_loc     0x00002d90       0x82 .\CortexM0\ARM_GCC_541\Debug\81-00024-01.a(CommTimeoutISR.o)
 .debug_loc     0x00002e12       0x82 .\CortexM0\ARM_GCC_541\Debug\81-00024-01.a(SamplingTimerISR.o)
 .debug_loc     0x00002e94      0x547 .\CortexM0\ARM_GCC_541\Debug\81-00024-01.a(SamplingTimer.o)
 .debug_loc     0x000033db       0x82 .\CortexM0\ARM_GCC_541\Debug\81-00024-01.a(UART_LED_ISR.o)
 .debug_loc     0x0000345d       0x7e .\CortexM0\ARM_GCC_541\Debug\81-00024-01.a(UART_LED.o)
 .debug_loc     0x000034db       0x1f .\CortexM0\ARM_GCC_541\Debug\81-00024-01.a(UART_LED_SPI_UART.o)
 .debug_loc     0x000034fa      0x10d .\CortexM0\ARM_GCC_541\Debug\81-00024-01.a(UART_LED_UART.o)
 .debug_loc     0x00003607       0x26 .\CortexM0\ARM_GCC_541\Debug\81-00024-01.a(PWM.o)
 .debug_loc     0x0000362d       0xa4 .\CortexM0\ARM_GCC_541\Debug\81-00024-01.a(DieTemp.o)
 .debug_loc     0x000036d1       0x82 .\CortexM0\ARM_GCC_541\Debug\81-00024-01.a(LED_ISR.o)
 .debug_loc     0x00003753       0x82 .\CortexM0\ARM_GCC_541\Debug\81-00024-01.a(AckTimeoutISR.o)
 .debug_loc     0x000037d5      0x547 .\CortexM0\ARM_GCC_541\Debug\81-00024-01.a(AckTimer.o)
 .debug_loc     0x00003d1c      0x547 .\CortexM0\ARM_GCC_541\Debug\81-00024-01.a(LED_Timer.o)
 .debug_loc     0x00004263      0x1c2 .\CortexM0\ARM_GCC_541\Debug\81-00024-01.a(EmEEPROM.o)
 .debug_loc     0x00004425       0x47 .\CortexM0\ARM_GCC_541\Debug\81-00024-01.a(motorControlPWM.o)
 .debug_loc     0x0000446c       0x13 .\CortexM0\ARM_GCC_541\Debug\81-00024-01.a(pwmClock.o)
 .debug_loc     0x0000447f       0x81 .\CortexM0\ARM_GCC_541\Debug\81-00024-01.a(limitSwitch.o)
 .debug_loc     0x00004500       0x82 .\CortexM0\ARM_GCC_541\Debug\81-00024-01.a(hallEffectISR.o)
 .debug_loc     0x00004582       0x13 .\CortexM0\ARM_GCC_541\Debug\81-00024-01.a(overCurrentTimer.o)