Archive member included to satisfy reference by file (symbol)

.\CortexM0\ARM_GCC_541\Debug\81-00024-01.a(ADC_SAR_Seq.o)
                              .\CortexM0\ARM_GCC_541\Debug\main.o (ADC_SAR_Seq_Start)
.\CortexM0\ARM_GCC_541\Debug\81-00024-01.a(ADC_SAR_Seq_INT.o)
                              .\CortexM0\ARM_GCC_541\Debug\81-00024-01.a(ADC_SAR_Seq.o) (ADC_SAR_Seq_ISR)
.\CortexM0\ARM_GCC_541\Debug\81-00024-01.a(CyLib.o)
                              .\CortexM0\ARM_GCC_541\Debug\cyfitter_cfg.o (CyIntEnable)
.\CortexM0\ARM_GCC_541\Debug\81-00024-01.a(cyPm.o)
                              .\CortexM0\ARM_GCC_541\Debug\BrightnessCommManager.o (CySysPmDeepSleep)
.\CortexM0\ARM_GCC_541\Debug\81-00024-01.a(CyLFClk.o)
                              .\CortexM0\ARM_GCC_541\Debug\cyfitter_cfg.o (CySysWdtIsr)
.\CortexM0\ARM_GCC_541\Debug\81-00024-01.a(TimeoutTimer.o)
                              .\CortexM0\ARM_GCC_541\Debug\BrightnessCommManager.o (TimeoutTimer_Stop)
.\CortexM0\ARM_GCC_541\Debug\81-00024-01.a(CommTimeoutISR.o)
                              .\CortexM0\ARM_GCC_541\Debug\main.o (CommTimeoutISR_Start)
.\CortexM0\ARM_GCC_541\Debug\81-00024-01.a(SamplingTimerISR.o)
                              .\CortexM0\ARM_GCC_541\Debug\main.o (SamplingTimerISR_Start)
.\CortexM0\ARM_GCC_541\Debug\81-00024-01.a(SamplingTimer.o)
                              .\CortexM0\ARM_GCC_541\Debug\BrightnessCommManager.o (SamplingTimer_Stop)
.\CortexM0\ARM_GCC_541\Debug\81-00024-01.a(UART_LED_ISR.o)
                              .\CortexM0\ARM_GCC_541\Debug\main.o (UART_LED_ISR_Start)
.\CortexM0\ARM_GCC_541\Debug\81-00024-01.a(UART_LED.o)
                              .\CortexM0\ARM_GCC_541\Debug\main.o (UART_LED_Start)
.\CortexM0\ARM_GCC_541\Debug\81-00024-01.a(UART_LED_SPI_UART.o)
                              .\CortexM0\ARM_GCC_541\Debug\BrightnessCommManager.o (UART_LED_SpiUartGetRxBufferSize)
.\CortexM0\ARM_GCC_541\Debug\81-00024-01.a(UART_LED_UART.o)
                              .\CortexM0\ARM_GCC_541\Debug\81-00024-01.a(UART_LED.o) (UART_LED_UartInit)
.\CortexM0\ARM_GCC_541\Debug\81-00024-01.a(PWM.o)
                              .\CortexM0\ARM_GCC_541\Debug\BrightnessCommManager.o (PWM_Stop)
.\CortexM0\ARM_GCC_541\Debug\81-00024-01.a(PWM_Enable.o)
                              .\CortexM0\ARM_GCC_541\Debug\main.o (PWM_Enable_Write)
.\CortexM0\ARM_GCC_541\Debug\81-00024-01.a(DieTemp.o)
                              .\CortexM0\ARM_GCC_541\Debug\DriverControl.o (DieTemp_CountsTo_Celsius)
.\CortexM0\ARM_GCC_541\Debug\81-00024-01.a(LED_ISR.o)
                              .\CortexM0\ARM_GCC_541\Debug\main.o (LED_ISR_Start)
.\CortexM0\ARM_GCC_541\Debug\81-00024-01.a(AckTimeoutISR.o)
                              .\CortexM0\ARM_GCC_541\Debug\main.o (AckTimeoutISR_Start)
.\CortexM0\ARM_GCC_541\Debug\81-00024-01.a(AckTimer.o)
                              .\CortexM0\ARM_GCC_541\Debug\TemperatureCommManager.o (AckTimer_Stop)
.\CortexM0\ARM_GCC_541\Debug\81-00024-01.a(LED_Timer.o)
                              .\CortexM0\ARM_GCC_541\Debug\DriverControl.o (LED_Timer_Stop)
.\CortexM0\ARM_GCC_541\Debug\81-00024-01.a(EmEEPROM.o)
                              .\CortexM0\ARM_GCC_541\Debug\main.o (EmEEPROM_Start)
.\CortexM0\ARM_GCC_541\Debug\81-00024-01.a(motorControlPWM.o)
                              .\CortexM0\ARM_GCC_541\Debug\motorControl.o (motorControlPWM_SetCompareMode)
.\CortexM0\ARM_GCC_541\Debug\81-00024-01.a(pwmClock.o)
                              .\CortexM0\ARM_GCC_541\Debug\motorControl.o (pwmClock_Start)
.\CortexM0\ARM_GCC_541\Debug\81-00024-01.a(limitSwitch.o)
                              .\CortexM0\ARM_GCC_541\Debug\motorControl.o (limitSwitch_ClearInterrupt)
.\CortexM0\ARM_GCC_541\Debug\81-00024-01.a(hallEffectISR.o)
                              .\CortexM0\ARM_GCC_541\Debug\motorControl.o (hallEffectISR_StartEx)
.\CortexM0\ARM_GCC_541\Debug\81-00024-01.a(overCurrentTimer.o)
                              .\CortexM0\ARM_GCC_541\Debug\motorControl.o (overCurrentTimer_ReadStatusRegister)
.\CortexM0\ARM_GCC_541\Debug\81-00024-01.a(overCurrentTimerISR.o)
                              .\CortexM0\ARM_GCC_541\Debug\motorControl.o (overCurrentTimerISR_StartEx)
.\CortexM0\ARM_GCC_541\Debug\81-00024-01.a(inputs.o)
                              .\CortexM0\ARM_GCC_541\Debug\main.o (inputs_Read)
.\CortexM0\ARM_GCC_541\Debug\81-00024-01.a(modeChangeISR.o)
                              .\CortexM0\ARM_GCC_541\Debug\main.o (modeChangeISR_Start)
.\CortexM0\ARM_GCC_541\Debug\81-00024-01.a(CyBootAsmGnu.o)
                              .\CortexM0\ARM_GCC_541\Debug\81-00024-01.a(CyLib.o) (CyDelayCycles)
.\CortexM0\ARM_GCC_541\Debug\81-00024-01.a(CyFlash.o)
                              .\CortexM0\ARM_GCC_541\Debug\81-00024-01.a(EmEEPROM.o) (CySysFlashWriteRow)
c:/program files (x86)/cypress/psoc creator/4.1/psoc creator/import/gnu/arm/5.4.1/bin/../lib/gcc/arm-none-eabi/5.4.1/armv6-m\libgcc.a(_udivsi3.o)
[...]
Memory Configuration

Name             Origin             Length             Attributes
rom              0x00000000         0x00008000         xr
ram              0x20000000         0x00001000         xrw
*default*        0x00000000         0xffffffff

Linker script and memory map

LOAD c:/program files (x86)/cypress/psoc creator/4.1/psoc creator/import/gnu/arm/5.4.1/bin/../lib/gcc/arm-none-eabi/5.4.1/armv6-m/crti.o
LOAD c:/program files (x86)/cypress/psoc creator/4.1/psoc creator/import/gnu/arm/5.4.1/bin/../lib/gcc/arm-none-eabi/5.4.1/armv6-m/crtbegin.o
LOAD c:/program files (x86)/cypress/psoc creator/4.1/psoc creator/import/gnu/arm/5.4.1/bin/../lib/gcc/arm-none-eabi/5.4.1/../../../../arm-none-eabi/lib/armv6-m/crt0.o
START GROUP
LOAD .\CortexM0\ARM_GCC_541\Debug\main.o
LOAD .\CortexM0\ARM_GCC_541\Debug\TemperatureCommManager.o
LOAD .\CortexM0\ARM_GCC_541\Debug\BrightnessCommManager.o
LOAD .\CortexM0\ARM_GCC_541\Debug\DriverControl.o
LOAD .\CortexM0\ARM_GCC_541\Debug\motorControl.o
LOAD .\CortexM0\ARM_GCC_541\Debug\cyfitter_cfg.o
LOAD .\CortexM0\ARM_GCC_541\Debug\cymetadata.o
LOAD .\CortexM0\ARM_GCC_541\Debug\Cm0Start.o
LOAD .\CortexM0\ARM_GCC_541\Debug\81-00024-01.a
LOAD C:\Program Files (x86)\Cypress\PSoC Creator\4.1\PSoC Creator\psoc\content\cycomponentlibrary\CyComponentLibrary.cylib\CortexM0\ARM_GCC_541\Debug\CyComponentLibrary.a
END GROUP
START GROUP
LOAD c:/program files (x86)/cypress/psoc creator/4.1/psoc creator/import/gnu/arm/5.4.1/bin/../lib/gcc/arm-none-eabi/5.4.1/armv6-m\libgcc.a
LOAD c:/program files (x86)/cypress/psoc creator/4.1/psoc creator/import/gnu/arm/5.4.1/bin/../lib/gcc/arm-none-eabi/5.4.1/../../../../arm-none-eabi/lib/armv6-m\libg_nano.a
LOAD c:/program files (x86)/cypress/psoc creator/4.1/psoc creator/import/gnu/arm/5.4.1/bin/../lib/gcc/arm-none-eabi/5.4.1/../../../../arm-none-eabi/lib/armv6-m\libc_nano.a
END GROUP
START GROUP
LOAD c:/program files (x86)/cypress/psoc creator/4.1/psoc creator/import/gnu/arm/5.4.1/bin/../lib/gcc/arm-none-eabi/5.4.1/armv6-m\libgcc.a
LOAD c:/program files (x86)/cypress/psoc creator/4.1/psoc creator/import/gnu/arm/5.4.1/bin/../lib/gcc/arm-none-eabi/5.4.1/../../../../arm-none-eabi/lib/armv6-m\libc_nano.a
END GROUP
LOAD c:/program files (x86)/cypress/psoc creator/4.1/psoc creator/import/gnu/arm/5.4.1/bin/../lib/gcc/arm-none-eabi/5.4.1/armv6-m/crtend.o
LOAD c:/program files (x86)/cypress/psoc creator/4.1/psoc creator/import/gnu/arm/5.4.1/bin/../lib/gcc/arm-none-eabi/5.4.1/armv6-m/crtn.o
START GROUP
LOAD c:/program files (x86)/cypress/psoc creator/4.1/psoc creator/import/gnu/arm/5.4.1/bin/../lib/gcc/arm-none-eabi/5.4.1/armv6-m\libgcc.a
LOAD c:/program files (x86)/cypress/psoc creator/4.1/psoc creator/import/gnu/arm/5.4.1/bin/../lib/gcc/arm-none-eabi/5.4.1/../../../../arm-none-eabi/lib/armv6-m\libc.a
LOAD c:/program files (x86)/cypress/psoc creator/4.1/psoc creator/import/gnu/arm/5.4.1/bin/../lib/gcc/arm-none-eabi/5.4.1/../../../../arm-none-eabi/lib/armv6-m\libnosys.a
END GROUP
                0x00000000                CY_APPL_ORIGIN = 0x0
                0x00000080                CY_FLASH_ROW_SIZE = 0x80
                0x00000001                CY_APPL_NUM = 0x1
                0x00000001                CY_APPL_MAX = 0x1
                0x00000040                CY_METADATA_SIZE = 0x40
                0x00000000                CY_APPL_LOADABLE = 0x0
                0x00000000                CY_CHECKSUM_EXCLUDE_SIZE = ALIGN (0x0, CY_FLASH_ROW_SIZE)
                0x00000000                CY_APP_FOR_STACK_AND_COPIER = 0x0
                [!provide]                PROVIDE (__cy_heap_start, _end)
                0x00000001                PROVIDE (__cy_region_num, ((__cy_regions_end - __cy_regions) / 0x10))
                0x20001000                PROVIDE (__cy_stack, (ORIGIN (ram) + LENGTH (ram)))
                [!provide]                PROVIDE (__cy_heap_end, (__cy_stack - 0x400))

.cybootloader   0x00000000        0x0
 *(.cybootloader)
                0x00000000                appl1_start = CY_APPL_ORIGIN?CY_APPL_ORIGIN:ALIGN (CY_FLASH_ROW_SIZE)
                0x00003f80                appl2_start = (appl1_start + ALIGN ((((LENGTH (rom) - appl1_start) - (0x2 * CY_FLASH_ROW_SIZE)) / 0x2), CY_FLASH_ROW_SIZE))
                0x00000000                appl_start = (CY_APPL_NUM == 0x1)?appl1_start:appl2_start
                0x00000001                cy_project_type_bootloader = (appl_start == 0x0)?0x1:0x0
                0x00000000                cy_project_type_app_for_stack_and_copier = (CY_APP_FOR_STACK_AND_COPIER == 0x1)?0x1:0x0

.text           0x00000000     0x41e2
 CREATE_OBJECT_SYMBOLS
                0x00000000                PROVIDE (__cy_interrupt_vector, RomVectors)
 *(.romvectors)
 .romvectors    0x00000000       0x10 .\CortexM0\ARM_GCC_541\Debug\Cm0Start.o
                0x00000000                RomVectors
                0x00000001                ASSERT ((. != __cy_interrupt_vector), No interrupt vector)
                0x00000001                ASSERT (CY_APPL_ORIGIN?(SIZEOF (.cybootloader) <= CY_APPL_ORIGIN):0x1, Wrong image location)
                0x00000010                PROVIDE (__cy_reset, Reset)
 *(.text.Reset)
 .text.Reset    0x00000010        0x8 .\CortexM0\ARM_GCC_541\Debug\Cm0Start.o
                0x00000010                Reset
                0x00000001                ASSERT ((. != __cy_reset), No reset code)
 *(.psocinit)
 .psocinit      0x00000018      0x280 .\CortexM0\ARM_GCC_541\Debug\cyfitter_cfg.o
                0x00000164                cyfitter_cfg
                0x00000298                . = MAX (., 0x100)
 *(.text .text.* .gnu.linkonce.t.*)
 .text          0x00000298       0x60 c:/program files (x86)/cypress/psoc creator/4.1/psoc creator/import/gnu/arm/5.4.1/bin/../lib/gcc/arm-none-eabi/5.4.1/armv6-m/crtbegin.o
 .text.initializePeripherals
                0x000002f8       0x44 .\CortexM0\ARM_GCC_541\Debug\main.o
 .text.main     0x0000033c       0x60 .\CortexM0\ARM_GCC_541\Debug\main.o
                0x0000033c                main
 .text.takeInputValues
                0x0000039c       0xf8 .\CortexM0\ARM_GCC_541\Debug\main.o
                0x0000039c                takeInputValues
 .text.clearInitializeAlreadyEEPROM
                0x00000494       0x14 .\CortexM0\ARM_GCC_541\Debug\main.o
                0x00000494                clearInitializeAlreadyEEPROM
 .text.getNonVolatileBarStateMemory
                0x000004a8        0x8 .\CortexM0\ARM_GCC_541\Debug\main.o
                0x000004a8                getNonVolatileBarStateMemory
 .text.getVolatileBarStateMemory
                0x000004b0        0x8 .\CortexM0\ARM_GCC_541\Debug\main.o
                0x000004b0                getVolatileBarStateMemory
 .text.getHighestTemperature
                0x000004b8       0x38 .\CortexM0\ARM_GCC_541\Debug\TemperatureCommManager.o
 .text.isReadyToSendNextBrightnessPacket
                0x000004f0        0xc .\CortexM0\ARM_GCC_541\Debug\TemperatureCommManager.o
                0x000004f0                isReadyToSendNextBrightnessPacket
 .text.clearIsReadyToSendNextBrightnessPacket
                0x000004fc        0xc .\CortexM0\ARM_GCC_541\Debug\TemperatureCommManager.o
                0x000004fc                clearIsReadyToSendNextBrightnessPacket
 .text.setLastDriverPacket
                0x00000508       0x28 .\CortexM0\ARM_GCC_541\Debug\TemperatureCommManager.o
                0x00000508                setLastDriverPacket
 .text.processAckTimeoutRoutine
                0x00000530       0x3c .\CortexM0\ARM_GCC_541\Debug\TemperatureCommManager.o
                0x00000530                processAckTimeoutRoutine
 .text.processSamplingTimerRoutine
                0x0000056c      0x11c .\CortexM0\ARM_GCC_541\Debug\TemperatureCommManager.o
                0x0000056c                processSamplingTimerRoutine
 .text.processLowPowerRequest
                0x00000688       0x14 .\CortexM0\ARM_GCC_541\Debug\BrightnessCommManager.o
 .text.processOutputSelectUart
                0x0000069c        0x8 .\CortexM0\ARM_GCC_541\Debug\BrightnessCommManager.o
 .text.putBarToSleep
                0x000006a4       0x38 .\CortexM0\ARM_GCC_541\Debug\BrightnessCommManager.o
 .text.processDriverCountPacket
                0x000006dc       0x74 .\CortexM0\ARM_GCC_541\Debug\BrightnessCommManager.o
 .text.saveStateBar
                0x00000750       0x2c .\CortexM0\ARM_GCC_541\Debug\BrightnessCommManager.o
 .text.processReinitlizationPacket
                0x0000077c        0xc .\CortexM0\ARM_GCC_541\Debug\BrightnessCommManager.o
 .text.processBrightnessPacket
                0x00000788       0xa8 .\CortexM0\ARM_GCC_541\Debug\BrightnessCommManager.o
 .text.timeOutStateMachine
                0x00000830       0x90 .\CortexM0\ARM_GCC_541\Debug\BrightnessCommManager.o
                0x00000830                timeOutStateMachine
 .text.processTimeoutTimerRoutine
                0x000008c0       0x6c .\CortexM0\ARM_GCC_541\Debug\BrightnessCommManager.o
                0x000008c0                processTimeoutTimerRoutine
 .text.processCalibrationPacket
                0x0000092c       0x14 .\CortexM0\ARM_GCC_541\Debug\BrightnessCommManager.o
                0x0000092c                processCalibrationPacket
 .text.detectPacket
                0x00000940      0x1c0 .\CortexM0\ARM_GCC_541\Debug\BrightnessCommManager.o
 .text.processBrightnessByteReceivedHandler
                0x00000b00       0x28 .\CortexM0\ARM_GCC_541\Debug\BrightnessCommManager.o
                0x00000b00                processBrightnessByteReceivedHandler
 .text.getRxPacket
                0x00000b28       0x10 .\CortexM0\ARM_GCC_541\Debug\BrightnessCommManager.o
                0x00000b28                getRxPacket
 .text.getTemperatureStatus
                0x00000b38       0x5c .\CortexM0\ARM_GCC_541\Debug\DriverControl.o
 .text.getDriverID
                0x00000b94        0xc .\CortexM0\ARM_GCC_541\Debug\DriverControl.o
                0x00000b94                getDriverID
 .text.setIdentityByComm
                0x00000ba0       0x18 .\CortexM0\ARM_GCC_541\Debug\DriverControl.o
                0x00000ba0                setIdentityByComm
 .text.setDriverCount
                0x00000bb8       0x18 .\CortexM0\ARM_GCC_541\Debug\DriverControl.o
                0x00000bb8                setDriverCount
 .text.processSoftStart
                0x00000bd0       0x24 .\CortexM0\ARM_GCC_541\Debug\DriverControl.o
                0x00000bd0                processSoftStart
 .text.updateBrightnessLevel
                0x00000bf4       0x88 .\CortexM0\ARM_GCC_541\Debug\DriverControl.o
                0x00000bf4                updateBrightnessLevel
 .text.getMaxTemperature
                0x00000c7c       0x14 .\CortexM0\ARM_GCC_541\Debug\DriverControl.o
                0x00000c7c                getMaxTemperature
 .text.getTemperatureSample
                0x00000c90       0x98 .\CortexM0\ARM_GCC_541\Debug\DriverControl.o
                0x00000c90                getTemperatureSample
 .text.getNewMaxBrightness
                0x00000d28        0xc .\CortexM0\ARM_GCC_541\Debug\DriverControl.o
                0x00000d28                getNewMaxBrightness
 .text.regulateBrightness
                0x00000d34      0x110 .\CortexM0\ARM_GCC_541\Debug\DriverControl.o
                0x00000d34                regulateBrightness
 .text.setBrightness
                0x00000e44       0x38 .\CortexM0\ARM_GCC_541\Debug\DriverControl.o
                0x00000e44                setBrightness
 .text.loadLimitSwitchValue
                0x00000e7c       0x1c .\CortexM0\ARM_GCC_541\Debug\motorControl.o
                0x00000e7c                loadLimitSwitchValue
 .text.setMotorOutputs
                0x00000e98       0x6c .\CortexM0\ARM_GCC_541\Debug\motorControl.o
                0x00000e98                setMotorOutputs
 .text.HALL_EFFECT_EDGE_DETECT_INTERRUPT
                0x00000f04       0x4c .\CortexM0\ARM_GCC_541\Debug\motorControl.o
                0x00000f04                HALL_EFFECT_EDGE_DETECT_INTERRUPT
 .text.initializeMotor
                0x00000f50       0x58 .\CortexM0\ARM_GCC_541\Debug\motorControl.o
                0x00000f50                initializeMotor
 .text.motorControlLoop
                0x00000fa8      0x1c8 .\CortexM0\ARM_GCC_541\Debug\motorControl.o
                0x00000fa8                motorControlLoop
 .text.calibrateMotor
                0x00001170       0xa4 .\CortexM0\ARM_GCC_541\Debug\motorControl.o
                0x00001170                calibrateMotor
 .text.setMotorPosition
                0x00001214        0xc .\CortexM0\ARM_GCC_541\Debug\motorControl.o
                0x00001214                setMotorPosition
 .text.checkMotorCurrent
                0x00001220        0xc .\CortexM0\ARM_GCC_541\Debug\motorControl.o
                0x00001220                checkMotorCurrent
 .text.OVER_CURRENT_ISR
                0x0000122c      0x12c .\CortexM0\ARM_GCC_541\Debug\motorControl.o
                0x0000122c                OVER_CURRENT_ISR
 .text.cfg_write_bytes32
                0x00001358       0x34 .\CortexM0\ARM_GCC_541\Debug\cyfitter_cfg.o
 .text.AnalogSetDefault
                0x0000138c       0x18 .\CortexM0\ARM_GCC_541\Debug\cyfitter_cfg.o
 .text.CYMEMZERO
                0x000013a4        0xc .\CortexM0\ARM_GCC_541\Debug\cyfitter_cfg.o
 .text.IntDefaultHandler
                0x000013b0       0x10 .\CortexM0\ARM_GCC_541\Debug\Cm0Start.o
                0x000013b0                IntDefaultHandler
 .text.Start_c  0x000013c0       0x48 .\CortexM0\ARM_GCC_541\Debug\Cm0Start.o
                0x000013c0                Start_c
 .text.initialize_psoc
                0x00001408       0x40 .\CortexM0\ARM_GCC_541\Debug\Cm0Start.o
                0x00001408                initialize_psoc
 .text.ADC_SAR_Seq_Init
                0x00001448      0x1c8 .\CortexM0\ARM_GCC_541\Debug\81-00024-01.a(ADC_SAR_Seq.o)
                0x00001448                ADC_SAR_Seq_Init
 .text.ADC_SAR_Seq_Enable
                0x00001610       0x24 .\CortexM0\ARM_GCC_541\Debug\81-00024-01.a(ADC_SAR_Seq.o)
                0x00001610                ADC_SAR_Seq_Enable
 .text.ADC_SAR_Seq_Start
                0x00001634       0x20 .\CortexM0\ARM_GCC_541\Debug\81-00024-01.a(ADC_SAR_Seq.o)
                0x00001634                ADC_SAR_Seq_Start
 .text.ADC_SAR_Seq_Stop
                0x00001654       0x10 .\CortexM0\ARM_GCC_541\Debug\81-00024-01.a(ADC_SAR_Seq.o)
                0x00001654                ADC_SAR_Seq_Stop
 .text.ADC_SAR_Seq_StartConvert
                0x00001664       0x14 .\CortexM0\ARM_GCC_541\Debug\81-00024-01.a(ADC_SAR_Seq.o)
                0x00001664                ADC_SAR_Seq_StartConvert
 .text.ADC_SAR_Seq_StopConvert
                0x00001678       0x14 .\CortexM0\ARM_GCC_541\Debug\81-00024-01.a(ADC_SAR_Seq.o)
                0x00001678                ADC_SAR_Seq_StopConvert
 .text.ADC_SAR_Seq_IsEndConversion
                0x0000168c       0x4c .\CortexM0\ARM_GCC_541\Debug\81-00024-01.a(ADC_SAR_Seq.o)
                0x0000168c                ADC_SAR_Seq_IsEndConversion
 .text.ADC_SAR_Seq_GetResult16
                0x000016d8       0x38 .\CortexM0\ARM_GCC_541\Debug\81-00024-01.a(ADC_SAR_Seq.o)
                0x000016d8                ADC_SAR_Seq_GetResult16
 .text.ADC_SAR_Seq_EnableInjection
                0x00001710       0x14 .\CortexM0\ARM_GCC_541\Debug\81-00024-01.a(ADC_SAR_Seq.o)
                0x00001710                ADC_SAR_Seq_EnableInjection
 .text.ADC_SAR_Seq_ISR
                0x00001724        0xc .\CortexM0\ARM_GCC_541\Debug\81-00024-01.a(ADC_SAR_Seq_INT.o)
                0x00001724                ADC_SAR_Seq_ISR
 .text.CySysClkWriteSysclkDiv
                0x00001730       0x30 .\CortexM0\ARM_GCC_541\Debug\81-00024-01.a(CyLib.o)
                0x00001730                CySysClkWriteSysclkDiv
 .text.CyIntEnable
                0x00001760       0x14 .\CortexM0\ARM_GCC_541\Debug\81-00024-01.a(CyLib.o)
                0x00001760                CyIntEnable
 .text.CyHalt   0x00001774        0x4 .\CortexM0\ARM_GCC_541\Debug\81-00024-01.a(CyLib.o)
                0x00001774                CyHalt
 .text.CyIntSetVector
                0x00001778       0x24 .\CortexM0\ARM_GCC_541\Debug\81-00024-01.a(CyLib.o)
                0x00001778                CyIntSetVector
 .text.CyIntSetPriority
                0x0000179c       0x4c .\CortexM0\ARM_GCC_541\Debug\81-00024-01.a(CyLib.o)
                0x0000179c                CyIntSetPriority
 .text.CySoftwareReset
                0x000017e8       0x18 .\CortexM0\ARM_GCC_541\Debug\81-00024-01.a(CyLib.o)
                0x000017e8                CySoftwareReset
 .text.CyDelay  0x00001800       0x30 .\CortexM0\ARM_GCC_541\Debug\81-00024-01.a(CyLib.o)
                0x00001800                CyDelay
 .text.CyDelayUs
                0x00001830       0x14 .\CortexM0\ARM_GCC_541\Debug\81-00024-01.a(CyLib.o)
                0x00001830                CyDelayUs
 .text.CySysClkWriteImoFreq
                0x00001844      0x164 .\CortexM0\ARM_GCC_541\Debug\81-00024-01.a(CyLib.o)
                0x00001844                CySysClkWriteImoFreq
 .text.CySysPmDeepSleep
                0x000019a8       0x6c .\CortexM0\ARM_GCC_541\Debug\81-00024-01.a(cyPm.o)
                0x000019a8                CySysPmDeepSleep
 .text.CySysWdtLocked
                0x00001a14       0x14 .\CortexM0\ARM_GCC_541\Debug\81-00024-01.a(CyLFClk.o)
 .text.CySysWdtLock
                0x00001a28       0x1c .\CortexM0\ARM_GCC_541\Debug\81-00024-01.a(CyLFClk.o)
                0x00001a28                CySysWdtLock
 .text.CySysWdtUnlock
                0x00001a44       0x30 .\CortexM0\ARM_GCC_541\Debug\81-00024-01.a(CyLFClk.o)
                0x00001a44                CySysWdtUnlock
 .text.CySysWdtClearInterrupt
                0x00001a74       0x4c .\CortexM0\ARM_GCC_541\Debug\81-00024-01.a(CyLFClk.o)
                0x00001a74                CySysWdtClearInterrupt
 .text.CySysWdtIsr
                0x00001ac0       0xa4 .\CortexM0\ARM_GCC_541\Debug\81-00024-01.a(CyLFClk.o)
                0x00001ac0                CySysWdtIsr
 .text.TimeoutTimer_Stop
                0x00001b64       0x1c .\CortexM0\ARM_GCC_541\Debug\81-00024-01.a(TimeoutTimer.o)
                0x00001b64                TimeoutTimer_Stop
 .text.TimeoutTimer_WriteCounter
                0x00001b80       0x10 .\CortexM0\ARM_GCC_541\Debug\81-00024-01.a(TimeoutTimer.o)
                0x00001b80                TimeoutTimer_WriteCounter
 .text.TimeoutTimer_WritePeriod
                0x00001b90       0x10 .\CortexM0\ARM_GCC_541\Debug\81-00024-01.a(TimeoutTimer.o)
                0x00001b90                TimeoutTimer_WritePeriod
 .text.TimeoutTimer_TriggerCommand
                0x00001ba0       0x1c .\CortexM0\ARM_GCC_541\Debug\81-00024-01.a(TimeoutTimer.o)
                0x00001ba0                TimeoutTimer_TriggerCommand
 .text.TimeoutTimer_Enable
                0x00001bbc       0x24 .\CortexM0\ARM_GCC_541\Debug\81-00024-01.a(TimeoutTimer.o)
                0x00001bbc                TimeoutTimer_Enable
 .text.TimeoutTimer_SetInterruptMode
                0x00001be0        0xc .\CortexM0\ARM_GCC_541\Debug\81-00024-01.a(TimeoutTimer.o)
                0x00001be0                TimeoutTimer_SetInterruptMode
 .text.TimeoutTimer_Init
                0x00001bec       0x30 .\CortexM0\ARM_GCC_541\Debug\81-00024-01.a(TimeoutTimer.o)
                0x00001bec                TimeoutTimer_Init
 .text.TimeoutTimer_Start
                0x00001c1c       0x20 .\CortexM0\ARM_GCC_541\Debug\81-00024-01.a(TimeoutTimer.o)
                0x00001c1c                TimeoutTimer_Start
 .text.TimeoutTimer_ClearInterrupt
                0x00001c3c        0xc .\CortexM0\ARM_GCC_541\Debug\81-00024-01.a(TimeoutTimer.o)
                0x00001c3c                TimeoutTimer_ClearInterrupt
 .text.CommTimeoutISR_Interrupt
                0x00001c48        0x8 .\CortexM0\ARM_GCC_541\Debug\81-00024-01.a(CommTimeoutISR.o)
                0x00001c48                CommTimeoutISR_Interrupt
 .text.CommTimeoutISR_SetVector
                0x00001c50        0xc .\CortexM0\ARM_GCC_541\Debug\81-00024-01.a(CommTimeoutISR.o)
                0x00001c50                CommTimeoutISR_SetVector
 .text.CommTimeoutISR_SetPriority
                0x00001c5c       0x24 .\CortexM0\ARM_GCC_541\Debug\81-00024-01.a(CommTimeoutISR.o)
                0x00001c5c                CommTimeoutISR_SetPriority
 .text.CommTimeoutISR_Enable
                0x00001c80        0xc .\CortexM0\ARM_GCC_541\Debug\81-00024-01.a(CommTimeoutISR.o)
                0x00001c80                CommTimeoutISR_Enable
 .text.CommTimeoutISR_Disable
                0x00001c8c        0xc .\CortexM0\ARM_GCC_541\Debug\81-00024-01.a(CommTimeoutISR.o)
                0x00001c8c                CommTimeoutISR_Disable
 .text.CommTimeoutISR_Start
                0x00001c98       0x1c .\CortexM0\ARM_GCC_541\Debug\81-00024-01.a(CommTimeoutISR.o)
                0x00001c98                CommTimeoutISR_Start
 .text.CommTimeoutISR_Stop
                0x00001cb4       0x14 .\CortexM0\ARM_GCC_541\Debug\81-00024-01.a(CommTimeoutISR.o)
                0x00001cb4                CommTimeoutISR_Stop
 .text.CommTimeoutISR_ClearPending
                0x00001cc8        0xc .\CortexM0\ARM_GCC_541\Debug\81-00024-01.a(CommTimeoutISR.o)
                0x00001cc8                CommTimeoutISR_ClearPending
 .text.SamplingTimerISR_Interrupt
                0x00001cd4        0x8 .\CortexM0\ARM_GCC_541\Debug\81-00024-01.a(SamplingTimerISR.o)
                0x00001cd4                SamplingTimerISR_Interrupt
 .text.SamplingTimerISR_SetVector
                0x00001cdc        0xc .\CortexM0\ARM_GCC_541\Debug\81-00024-01.a(SamplingTimerISR.o)
                0x00001cdc                SamplingTimerISR_SetVector
 .text.SamplingTimerISR_SetPriority
                0x00001ce8       0x20 .\CortexM0\ARM_GCC_541\Debug\81-00024-01.a(SamplingTimerISR.o)
                0x00001ce8                SamplingTimerISR_SetPriority
 .text.SamplingTimerISR_Enable
                0x00001d08        0xc .\CortexM0\ARM_GCC_541\Debug\81-00024-01.a(SamplingTimerISR.o)
                0x00001d08                SamplingTimerISR_Enable
 .text.SamplingTimerISR_Disable
                0x00001d14        0xc .\CortexM0\ARM_GCC_541\Debug\81-00024-01.a(SamplingTimerISR.o)
                0x00001d14                SamplingTimerISR_Disable
 .text.SamplingTimerISR_Start
                0x00001d20       0x1c .\CortexM0\ARM_GCC_541\Debug\81-00024-01.a(SamplingTimerISR.o)
                0x00001d20                SamplingTimerISR_Start
 .text.SamplingTimerISR_Stop
                0x00001d3c       0x14 .\CortexM0\ARM_GCC_541\Debug\81-00024-01.a(SamplingTimerISR.o)
                0x00001d3c                SamplingTimerISR_Stop
 .text.SamplingTimer_Stop
                0x00001d50       0x1c .\CortexM0\ARM_GCC_541\Debug\81-00024-01.a(SamplingTimer.o)
                0x00001d50                SamplingTimer_Stop
 .text.SamplingTimer_WriteCounter
                0x00001d6c       0x10 .\CortexM0\ARM_GCC_541\Debug\81-00024-01.a(SamplingTimer.o)
                0x00001d6c                SamplingTimer_WriteCounter
 .text.SamplingTimer_WritePeriod
                0x00001d7c       0x10 .\CortexM0\ARM_GCC_541\Debug\81-00024-01.a(SamplingTimer.o)
                0x00001d7c                SamplingTimer_WritePeriod
 .text.SamplingTimer_TriggerCommand
                0x00001d8c       0x1c .\CortexM0\ARM_GCC_541\Debug\81-00024-01.a(SamplingTimer.o)
                0x00001d8c                SamplingTimer_TriggerCommand
 .text.SamplingTimer_Enable
                0x00001da8       0x24 .\CortexM0\ARM_GCC_541\Debug\81-00024-01.a(SamplingTimer.o)
                0x00001da8                SamplingTimer_Enable
 .text.SamplingTimer_SetInterruptMode
                0x00001dcc        0xc .\CortexM0\ARM_GCC_541\Debug\81-00024-01.a(SamplingTimer.o)
                0x00001dcc                SamplingTimer_SetInterruptMode
 .text.SamplingTimer_Init
                0x00001dd8       0x30 .\CortexM0\ARM_GCC_541\Debug\81-00024-01.a(SamplingTimer.o)
                0x00001dd8                SamplingTimer_Init
 .text.SamplingTimer_Start
                0x00001e08       0x20 .\CortexM0\ARM_GCC_541\Debug\81-00024-01.a(SamplingTimer.o)
                0x00001e08                SamplingTimer_Start
 .text.SamplingTimer_ClearInterrupt
                0x00001e28        0xc .\CortexM0\ARM_GCC_541\Debug\81-00024-01.a(SamplingTimer.o)
                0x00001e28                SamplingTimer_ClearInterrupt
 .text.UART_LED_ISR_Interrupt
                0x00001e34        0x8 .\CortexM0\ARM_GCC_541\Debug\81-00024-01.a(UART_LED_ISR.o)
                0x00001e34                UART_LED_ISR_Interrupt
 .text.UART_LED_ISR_SetVector
                0x00001e3c        0xc .\CortexM0\ARM_GCC_541\Debug\81-00024-01.a(UART_LED_ISR.o)
                0x00001e3c                UART_LED_ISR_SetVector
 .text.UART_LED_ISR_SetPriority
                0x00001e48       0x20 .\CortexM0\ARM_GCC_541\Debug\81-00024-01.a(UART_LED_ISR.o)
                0x00001e48                UART_LED_ISR_SetPriority
 .text.UART_LED_ISR_Enable
                0x00001e68       0x10 .\CortexM0\ARM_GCC_541\Debug\81-00024-01.a(UART_LED_ISR.o)
                0x00001e68                UART_LED_ISR_Enable
 .text.UART_LED_ISR_Disable
                0x00001e78       0x10 .\CortexM0\ARM_GCC_541\Debug\81-00024-01.a(UART_LED_ISR.o)
                0x00001e78                UART_LED_ISR_Disable
 .text.UART_LED_ISR_Start
                0x00001e88       0x1c .\CortexM0\ARM_GCC_541\Debug\81-00024-01.a(UART_LED_ISR.o)
                0x00001e88                UART_LED_ISR_Start
 .text.UART_LED_ISR_Stop
                0x00001ea4       0x14 .\CortexM0\ARM_GCC_541\Debug\81-00024-01.a(UART_LED_ISR.o)
                0x00001ea4                UART_LED_ISR_Stop
 .text.UART_LED_ScbModePostEnable
                0x00001eb8        0x8 .\CortexM0\ARM_GCC_541\Debug\81-00024-01.a(UART_LED.o)
 .text.UART_LED_ScbModeStop
                0x00001ec0        0x8 .\CortexM0\ARM_GCC_541\Debug\81-00024-01.a(UART_LED.o)
 .text.UART_LED_Init
                0x00001ec8        0x8 .\CortexM0\ARM_GCC_541\Debug\81-00024-01.a(UART_LED.o)
                0x00001ec8                UART_LED_Init
 .text.UART_LED_Enable
                0x00001ed0       0x18 .\CortexM0\ARM_GCC_541\Debug\81-00024-01.a(UART_LED.o)
                0x00001ed0                UART_LED_Enable
 .text.UART_LED_Start
                0x00001ee8       0x20 .\CortexM0\ARM_GCC_541\Debug\81-00024-01.a(UART_LED.o)
                0x00001ee8                UART_LED_Start
 .text.UART_LED_Stop
                0x00001f08       0x20 .\CortexM0\ARM_GCC_541\Debug\81-00024-01.a(UART_LED.o)
                0x00001f08                UART_LED_Stop
 .text.UART_LED_SpiUartReadRxData
                0x00001f28        0xc .\CortexM0\ARM_GCC_541\Debug\81-00024-01.a(UART_LED_SPI_UART.o)
                0x00001f28                UART_LED_SpiUartReadRxData
 .text.UART_LED_SpiUartGetRxBufferSize
                0x00001f34       0x10 .\CortexM0\ARM_GCC_541\Debug\81-00024-01.a(UART_LED_SPI_UART.o)
                0x00001f34                UART_LED_SpiUartGetRxBufferSize
 .text.UART_LED_UartInit
                0x00001f44       0xa0 .\CortexM0\ARM_GCC_541\Debug\81-00024-01.a(UART_LED_UART.o)
                0x00001f44                UART_LED_UartInit
 .text.UART_LED_UartPostEnable
                0x00001fe4       0x14 .\CortexM0\ARM_GCC_541\Debug\81-00024-01.a(UART_LED_UART.o)
                0x00001fe4                UART_LED_UartPostEnable
 .text.UART_LED_UartStop
                0x00001ff8       0x18 .\CortexM0\ARM_GCC_541\Debug\81-00024-01.a(UART_LED_UART.o)
                0x00001ff8                UART_LED_UartStop
 .text.UART_LED_UartGetByte
                0x00002010       0x34 .\CortexM0\ARM_GCC_541\Debug\81-00024-01.a(UART_LED_UART.o)
                0x00002010                UART_LED_UartGetByte
 .text.PWM_Enable
                0x00002044       0x14 .\CortexM0\ARM_GCC_541\Debug\81-00024-01.a(PWM.o)
                0x00002044                PWM_Enable
 .text.PWM_Stop
                0x00002058       0x10 .\CortexM0\ARM_GCC_541\Debug\81-00024-01.a(PWM.o)
                0x00002058                PWM_Stop
 .text.PWM_WriteCounter
                0x00002068        0xc .\CortexM0\ARM_GCC_541\Debug\81-00024-01.a(PWM.o)
                0x00002068                PWM_WriteCounter
 .text.PWM_WritePeriod
                0x00002074        0xc .\CortexM0\ARM_GCC_541\Debug\81-00024-01.a(PWM.o)
                0x00002074                PWM_WritePeriod
 .text.PWM_WriteCompare
                0x00002080        0xc .\CortexM0\ARM_GCC_541\Debug\81-00024-01.a(PWM.o)
                0x00002080                PWM_WriteCompare
 .text.PWM_SetInterruptMode
                0x0000208c        0xc .\CortexM0\ARM_GCC_541\Debug\81-00024-01.a(PWM.o)
                0x0000208c                PWM_SetInterruptMode
 .text.PWM_ReadStatusRegister
                0x00002098        0xc .\CortexM0\ARM_GCC_541\Debug\81-00024-01.a(PWM.o)
                0x00002098                PWM_ReadStatusRegister
 .text.PWM_ReadCapture
                0x000020a4        0xc .\CortexM0\ARM_GCC_541\Debug\81-00024-01.a(PWM.o)
                0x000020a4                PWM_ReadCapture
 .text.PWM_ClearFIFO
                0x000020b0       0x14 .\CortexM0\ARM_GCC_541\Debug\81-00024-01.a(PWM.o)
                0x000020b0                PWM_ClearFIFO
 .text.PWM_Init
                0x000020c4       0x58 .\CortexM0\ARM_GCC_541\Debug\81-00024-01.a(PWM.o)
                0x000020c4                PWM_Init
 .text.PWM_Start
                0x0000211c       0x20 .\CortexM0\ARM_GCC_541\Debug\81-00024-01.a(PWM.o)
                0x0000211c                PWM_Start
 .text.PWM_Enable_Write
                0x0000213c        0xc .\CortexM0\ARM_GCC_541\Debug\81-00024-01.a(PWM_Enable.o)
                0x0000213c                PWM_Enable_Write
 .text.DieTemp_CountsTo_Celsius
                0x00002148       0x70 .\CortexM0\ARM_GCC_541\Debug\81-00024-01.a(DieTemp.o)
                0x00002148                DieTemp_CountsTo_Celsius
 .text.LED_ISR_Interrupt
                0x000021b8        0x8 .\CortexM0\ARM_GCC_541\Debug\81-00024-01.a(LED_ISR.o)
                0x000021b8                LED_ISR_Interrupt
 .text.LED_ISR_SetVector
                0x000021c0        0xc .\CortexM0\ARM_GCC_541\Debug\81-00024-01.a(LED_ISR.o)
                0x000021c0                LED_ISR_SetVector
 .text.LED_ISR_SetPriority
                0x000021cc       0x20 .\CortexM0\ARM_GCC_541\Debug\81-00024-01.a(LED_ISR.o)
                0x000021cc                LED_ISR_SetPriority
 .text.LED_ISR_Enable
                0x000021ec        0xc .\CortexM0\ARM_GCC_541\Debug\81-00024-01.a(LED_ISR.o)
                0x000021ec                LED_ISR_Enable
 .text.LED_ISR_Disable
                0x000021f8        0xc .\CortexM0\ARM_GCC_541\Debug\81-00024-01.a(LED_ISR.o)
                0x000021f8                LED_ISR_Disable
 .text.LED_ISR_Start
                0x00002204       0x1c .\CortexM0\ARM_GCC_541\Debug\81-00024-01.a(LED_ISR.o)
                0x00002204                LED_ISR_Start
 .text.LED_ISR_Stop
                0x00002220       0x14 .\CortexM0\ARM_GCC_541\Debug\81-00024-01.a(LED_ISR.o)
                0x00002220                LED_ISR_Stop
 .text.AckTimeoutISR_Interrupt
                0x00002234        0x8 .\CortexM0\ARM_GCC_541\Debug\81-00024-01.a(AckTimeoutISR.o)
                0x00002234                AckTimeoutISR_Interrupt
 .text.AckTimeoutISR_SetVector
                0x0000223c        0xc .\CortexM0\ARM_GCC_541\Debug\81-00024-01.a(AckTimeoutISR.o)
                0x0000223c                AckTimeoutISR_SetVector
 .text.AckTimeoutISR_SetPriority
                0x00002248       0x24 .\CortexM0\ARM_GCC_541\Debug\81-00024-01.a(AckTimeoutISR.o)
                0x00002248                AckTimeoutISR_SetPriority
 .text.AckTimeoutISR_Enable
                0x0000226c        0xc .\CortexM0\ARM_GCC_541\Debug\81-00024-01.a(AckTimeoutISR.o)
                0x0000226c                AckTimeoutISR_Enable
 .text.AckTimeoutISR_Disable
                0x00002278        0xc .\CortexM0\ARM_GCC_541\Debug\81-00024-01.a(AckTimeoutISR.o)
                0x00002278                AckTimeoutISR_Disable
 .text.AckTimeoutISR_Start
                0x00002284       0x1c .\CortexM0\ARM_GCC_541\Debug\81-00024-01.a(AckTimeoutISR.o)
                0x00002284                AckTimeoutISR_Start
 .text.AckTimeoutISR_Stop
                0x000022a0       0x14 .\CortexM0\ARM_GCC_541\Debug\81-00024-01.a(AckTimeoutISR.o)
                0x000022a0                AckTimeoutISR_Stop
 .text.AckTimer_Stop
                0x000022b4       0x1c .\CortexM0\ARM_GCC_541\Debug\81-00024-01.a(AckTimer.o)
                0x000022b4                AckTimer_Stop
 .text.AckTimer_WriteCounter
                0x000022d0       0x10 .\CortexM0\ARM_GCC_541\Debug\81-00024-01.a(AckTimer.o)
                0x000022d0                AckTimer_WriteCounter
 .text.AckTimer_WritePeriod
                0x000022e0       0x10 .\CortexM0\ARM_GCC_541\Debug\81-00024-01.a(AckTimer.o)
                0x000022e0                AckTimer_WritePeriod
 .text.AckTimer_TriggerCommand
                0x000022f0       0x1c .\CortexM0\ARM_GCC_541\Debug\81-00024-01.a(AckTimer.o)
                0x000022f0                AckTimer_TriggerCommand
 .text.AckTimer_Enable
                0x0000230c       0x24 .\CortexM0\ARM_GCC_541\Debug\81-00024-01.a(AckTimer.o)
                0x0000230c                AckTimer_Enable
 .text.AckTimer_SetInterruptMode
                0x00002330        0xc .\CortexM0\ARM_GCC_541\Debug\81-00024-01.a(AckTimer.o)
                0x00002330                AckTimer_SetInterruptMode
 .text.AckTimer_Init
                0x0000233c       0x30 .\CortexM0\ARM_GCC_541\Debug\81-00024-01.a(AckTimer.o)
                0x0000233c                AckTimer_Init
 .text.AckTimer_Start
                0x0000236c       0x20 .\CortexM0\ARM_GCC_541\Debug\81-00024-01.a(AckTimer.o)
                0x0000236c                AckTimer_Start
 .text.AckTimer_ClearInterrupt
                0x0000238c        0xc .\CortexM0\ARM_GCC_541\Debug\81-00024-01.a(AckTimer.o)
                0x0000238c                AckTimer_ClearInterrupt
 .text.LED_Timer_Stop
                0x00002398       0x1c .\CortexM0\ARM_GCC_541\Debug\81-00024-01.a(LED_Timer.o)
                0x00002398                LED_Timer_Stop
 .text.LED_Timer_ClearInterrupt
                0x000023b4        0xc .\CortexM0\ARM_GCC_541\Debug\81-00024-01.a(LED_Timer.o)
                0x000023b4                LED_Timer_ClearInterrupt
 .text.EmEEPROM_Start
                0x000023c0        0x4 .\CortexM0\ARM_GCC_541\Debug\81-00024-01.a(EmEEPROM.o)
                0x000023c0                EmEEPROM_Start
 .text.EmEEPROM_Write
                0x000023c4       0x84 .\CortexM0\ARM_GCC_541\Debug\81-00024-01.a(EmEEPROM.o)
                0x000023c4                EmEEPROM_Write
 .text.motorControlPWM_Enable
                0x00002448       0x14 .\CortexM0\ARM_GCC_541\Debug\81-00024-01.a(motorControlPWM.o)
                0x00002448                motorControlPWM_Enable
 .text.motorControlPWM_SetCompareMode
                0x0000245c       0x28 .\CortexM0\ARM_GCC_541\Debug\81-00024-01.a(motorControlPWM.o)
                0x0000245c                motorControlPWM_SetCompareMode
 .text.motorControlPWM_WriteCounter
                0x00002484        0xc .\CortexM0\ARM_GCC_541\Debug\81-00024-01.a(motorControlPWM.o)
                0x00002484                motorControlPWM_WriteCounter
 .text.motorControlPWM_WritePeriod
                0x00002490        0xc .\CortexM0\ARM_GCC_541\Debug\81-00024-01.a(motorControlPWM.o)
                0x00002490                motorControlPWM_WritePeriod
 .text.motorControlPWM_WriteCompare
                0x0000249c        0xc .\CortexM0\ARM_GCC_541\Debug\81-00024-01.a(motorControlPWM.o)
                0x0000249c                motorControlPWM_WriteCompare
 .text.motorControlPWM_Init
                0x000024a8       0x3c .\CortexM0\ARM_GCC_541\Debug\81-00024-01.a(motorControlPWM.o)
                0x000024a8                motorControlPWM_Init
 .text.motorControlPWM_Start
                0x000024e4       0x20 .\CortexM0\ARM_GCC_541\Debug\81-00024-01.a(motorControlPWM.o)
                0x000024e4                motorControlPWM_Start
 .text.pwmClock_Start
                0x00002504       0x14 .\CortexM0\ARM_GCC_541\Debug\81-00024-01.a(pwmClock.o)
                0x00002504                pwmClock_Start
 .text.limitSwitch_ClearInterrupt
                0x00002518       0x10 .\CortexM0\ARM_GCC_541\Debug\81-00024-01.a(limitSwitch.o)
                0x00002518                limitSwitch_ClearInterrupt
 .text.hallEffectISR_SetVector
                0x00002528        0xc .\CortexM0\ARM_GCC_541\Debug\81-00024-01.a(hallEffectISR.o)
                0x00002528                hallEffectISR_SetVector
 .text.hallEffectISR_SetPriority
                0x00002534       0x20 .\CortexM0\ARM_GCC_541\Debug\81-00024-01.a(hallEffectISR.o)
                0x00002534                hallEffectISR_SetPriority
 .text.hallEffectISR_Enable
                0x00002554        0xc .\CortexM0\ARM_GCC_541\Debug\81-00024-01.a(hallEffectISR.o)
                0x00002554                hallEffectISR_Enable
 .text.hallEffectISR_Disable
                0x00002560        0xc .\CortexM0\ARM_GCC_541\Debug\81-00024-01.a(hallEffectISR.o)
                0x00002560                hallEffectISR_Disable
 .text.hallEffectISR_StartEx
                0x0000256c       0x1c .\CortexM0\ARM_GCC_541\Debug\81-00024-01.a(hallEffectISR.o)
                0x0000256c                hallEffectISR_StartEx
 .text.hallEffectISR_Stop
                0x00002588       0x14 .\CortexM0\ARM_GCC_541\Debug\81-00024-01.a(hallEffectISR.o)
                0x00002588                hallEffectISR_Stop
 .text.overCurrentTimer_Enable
                0x0000259c       0x14 .\CortexM0\ARM_GCC_541\Debug\81-00024-01.a(overCurrentTimer.o)
                0x0000259c                overCurrentTimer_Enable
 .text.overCurrentTimer_SetInterruptMode
                0x000025b0        0xc .\CortexM0\ARM_GCC_541\Debug\81-00024-01.a(overCurrentTimer.o)
                0x000025b0                overCurrentTimer_SetInterruptMode
 .text.overCurrentTimer_ReadStatusRegister
                0x000025bc        0xc .\CortexM0\ARM_GCC_541\Debug\81-00024-01.a(overCurrentTimer.o)
                0x000025bc                overCurrentTimer_ReadStatusRegister
 .text.overCurrentTimer_WritePeriod
                0x000025c8        0xc .\CortexM0\ARM_GCC_541\Debug\81-00024-01.a(overCurrentTimer.o)
                0x000025c8                overCurrentTimer_WritePeriod
 .text.overCurrentTimer_ReadCapture
                0x000025d4        0xc .\CortexM0\ARM_GCC_541\Debug\81-00024-01.a(overCurrentTimer.o)
                0x000025d4                overCurrentTimer_ReadCapture
 .text.overCurrentTimer_WriteCounter
                0x000025e0        0xc .\CortexM0\ARM_GCC_541\Debug\81-00024-01.a(overCurrentTimer.o)
                0x000025e0                overCurrentTimer_WriteCounter
 .text.overCurrentTimer_ClearFIFO
                0x000025ec       0x14 .\CortexM0\ARM_GCC_541\Debug\81-00024-01.a(overCurrentTimer.o)
                0x000025ec                overCurrentTimer_ClearFIFO
 .text.overCurrentTimer_Init
                0x00002600       0x34 .\CortexM0\ARM_GCC_541\Debug\81-00024-01.a(overCurrentTimer.o)
                0x00002600                overCurrentTimer_Init
 .text.overCurrentTimer_Start
                0x00002634       0x20 .\CortexM0\ARM_GCC_541\Debug\81-00024-01.a(overCurrentTimer.o)
                0x00002634                overCurrentTimer_Start
 .text.overCurrentTimerISR_SetVector
                0x00002654        0xc .\CortexM0\ARM_GCC_541\Debug\81-00024-01.a(overCurrentTimerISR.o)
                0x00002654                overCurrentTimerISR_SetVector
 .text.overCurrentTimerISR_SetPriority
                0x00002660       0x24 .\CortexM0\ARM_GCC_541\Debug\81-00024-01.a(overCurrentTimerISR.o)
                0x00002660                overCurrentTimerISR_SetPriority
 .text.overCurrentTimerISR_Enable
                0x00002684        0xc .\CortexM0\ARM_GCC_541\Debug\81-00024-01.a(overCurrentTimerISR.o)
                0x00002684                overCurrentTimerISR_Enable
 .text.overCurrentTimerISR_Disable
                0x00002690        0xc .\CortexM0\ARM_GCC_541\Debug\81-00024-01.a(overCurrentTimerISR.o)
                0x00002690                overCurrentTimerISR_Disable
 .text.overCurrentTimerISR_StartEx
                0x0000269c       0x1c .\CortexM0\ARM_GCC_541\Debug\81-00024-01.a(overCurrentTimerISR.o)
                0x0000269c                overCurrentTimerISR_StartEx
 .text.overCurrentTimerISR_ClearPending
                0x000026b8        0xc .\CortexM0\ARM_GCC_541\Debug\81-00024-01.a(overCurrentTimerISR.o)
                0x000026b8                overCurrentTimerISR_ClearPending
 .text.inputs_Read
                0x000026c4        0xc .\CortexM0\ARM_GCC_541\Debug\81-00024-01.a(inputs.o)
                0x000026c4                inputs_Read
 .text.modeChangeISR_Interrupt
                0x000026d0        0x4 .\CortexM0\ARM_GCC_541\Debug\81-00024-01.a(modeChangeISR.o)
                0x000026d0                modeChangeISR_Interrupt
 .text.modeChangeISR_SetVector
                0x000026d4        0xc .\CortexM0\ARM_GCC_541\Debug\81-00024-01.a(modeChangeISR.o)
                0x000026d4                modeChangeISR_SetVector
 .text.modeChangeISR_SetPriority
                0x000026e0       0x24 .\CortexM0\ARM_GCC_541\Debug\81-00024-01.a(modeChangeISR.o)
                0x000026e0                modeChangeISR_SetPriority
 .text.modeChangeISR_Enable
                0x00002704        0xc .\CortexM0\ARM_GCC_541\Debug\81-00024-01.a(modeChangeISR.o)
                0x00002704                modeChangeISR_Enable
 .text.modeChangeISR_Disable
                0x00002710        0xc .\CortexM0\ARM_GCC_541\Debug\81-00024-01.a(modeChangeISR.o)
                0x00002710                modeChangeISR_Disable
 .text.modeChangeISR_Start
                0x0000271c       0x1c .\CortexM0\ARM_GCC_541\Debug\81-00024-01.a(modeChangeISR.o)
                0x0000271c                modeChangeISR_Start
 .text          0x00002738       0x24 .\CortexM0\ARM_GCC_541\Debug\81-00024-01.a(CyBootAsmGnu.o)
                0x00002738                CyDelayCycles
                0x0000274c                CyEnterCriticalSection
                0x00002754                CyExitCriticalSection
 .text.CySysFlashClockBackup
                0x0000275c       0x14 .\CortexM0\ARM_GCC_541\Debug\81-00024-01.a(CyFlash.o)
 .text.CySysFlashClockRestore
                0x00002770       0x14 .\CortexM0\ARM_GCC_541\Debug\81-00024-01.a(CyFlash.o)
 .text.CySysFlashWriteRow
                0x00002784      0x224 .\CortexM0\ARM_GCC_541\Debug\81-00024-01.a(CyFlash.o)
                0x00002784                CySysFlashWriteRow
 .text          0x000029a8      0x1d4 c:/program files (x86)/cypress/psoc creator/4.1/psoc creator/import/gnu/arm/5.4.1/bin/../lib/gcc/arm-none-eabi/5.4.1/armv6-m\libgcc.a(_divsi3.o)
                0x000029a8                __divsi3
                0x000029a8                __aeabi_idiv
                0x00002b74                __aeabi_idivmod
 .text          0x00002b7c        0x4 c:/program files (x86)/cypress/psoc creator/4.1/psoc creator/import/gnu/arm/5.4.1/bin/../lib/gcc/arm-none-eabi/5.4.1/armv6-m\libgcc.a(_dvmd_tls.o)
                0x00002b7c                __aeabi_idiv0
                0x00002b7c                __aeabi_ldiv0
 .text          0x00002b80      0x2ec c:/program files (x86)/cypress/psoc creator/4.1/psoc creator/import/gnu/arm/5.4.1/bin/../lib/gcc/arm-none-eabi/5.4.1/armv6-m\libgcc.a(addsf3.o)
                0x00002b80                __aeabi_fadd
 .text          0x00002e6c      0x234 c:/program files (x86)/cypress/psoc creator/4.1/psoc creator/import/gnu/arm/5.4.1/bin/../lib/gcc/arm-none-eabi/5.4.1/armv6-m\libgcc.a(divsf3.o)
                0x00002e6c                __aeabi_fdiv
 .text          0x000030a0      0x228 c:/program files (x86)/cypress/psoc creator/4.1/psoc creator/import/gnu/arm/5.4.1/bin/../lib/gcc/arm-none-eabi/5.4.1/armv6-m\libgcc.a(mulsf3.o)
                0x000030a0                __aeabi_fmul
 .text          0x000032c8       0x44 c:/program files (x86)/cypress/psoc creator/4.1/psoc creator/import/gnu/arm/5.4.1/bin/../lib/gcc/arm-none-eabi/5.4.1/armv6-m\libgcc.a(fixsfsi.o)
                0x000032c8                __aeabi_f2iz
 .text          0x0000330c       0x90 c:/program files (x86)/cypress/psoc creator/4.1/psoc creator/import/gnu/arm/5.4.1/bin/../lib/gcc/arm-none-eabi/5.4.1/armv6-m\libgcc.a(floatsisf.o)
                0x0000330c                __aeabi_i2f
 .text          0x0000339c      0x658 c:/program files (x86)/cypress/psoc creator/4.1/psoc creator/import/gnu/arm/5.4.1/bin/../lib/gcc/arm-none-eabi/5.4.1/armv6-m\libgcc.a(adddf3.o)
                0x0000339c                __aeabi_dadd
 .text          0x000039f4      0x4f4 c:/program files (x86)/cypress/psoc creator/4.1/psoc creator/import/gnu/arm/5.4.1/bin/../lib/gcc/arm-none-eabi/5.4.1/armv6-m\libgcc.a(muldf3.o)
                0x000039f4                __aeabi_dmul
 .text          0x00003ee8       0x84 c:/program files (x86)/cypress/psoc creator/4.1/psoc creator/import/gnu/arm/5.4.1/bin/../lib/gcc/arm-none-eabi/5.4.1/armv6-m\libgcc.a(floatsidf.o)
                0x00003ee8                __aeabi_i2d
 .text          0x00003f6c       0xa8 c:/program files (x86)/cypress/psoc creator/4.1/psoc creator/import/gnu/arm/5.4.1/bin/../lib/gcc/arm-none-eabi/5.4.1/armv6-m\libgcc.a(extendsfdf2.o)
                0x00003f6c                __aeabi_f2d
 .text          0x00004014      0x118 c:/program files (x86)/cypress/psoc creator/4.1/psoc creator/import/gnu/arm/5.4.1/bin/../lib/gcc/arm-none-eabi/5.4.1/armv6-m\libgcc.a(truncdfsf2.o)
                0x00004014                __aeabi_d2f
 .text          0x0000412c       0x3c c:/program files (x86)/cypress/psoc creator/4.1/psoc creator/import/gnu/arm/5.4.1/bin/../lib/gcc/arm-none-eabi/5.4.1/armv6-m\libgcc.a(_clzsi2.o)
                0x0000412c                __clzsi2
 .text.__errno  0x00004168        0xc c:/program files (x86)/cypress/psoc creator/4.1/psoc creator/import/gnu/arm/5.4.1/bin/../lib/gcc/arm-none-eabi/5.4.1/../../../../arm-none-eabi/lib/armv6-m\libg_nano.a(lib_a-errno.o)
                0x00004168                __errno
 .text.__libc_init_array
                0x00004174       0x4c c:/program files (x86)/cypress/psoc creator/4.1/psoc creator/import/gnu/arm/5.4.1/bin/../lib/gcc/arm-none-eabi/5.4.1/../../../../arm-none-eabi/lib/armv6-m\libg_nano.a(lib_a-init.o)
                0x00004174                __libc_init_array
 .text.memcpy   0x000041c0       0x12 c:/program files (x86)/cypress/psoc creator/4.1/psoc creator/import/gnu/arm/5.4.1/bin/../lib/gcc/arm-none-eabi/5.4.1/../../../../arm-none-eabi/lib/armv6-m\libg_nano.a(lib_a-memcpy-stub.o)
                0x000041c0                memcpy
 .text.memset   0x000041d2       0x10 c:/program files (x86)/cypress/psoc creator/4.1/psoc creator/import/gnu/arm/5.4.1/bin/../lib/gcc/arm-none-eabi/5.4.1/../../../../arm-none-eabi/lib/armv6-m\libg_nano.a(lib_a-memset.o)
                0x000041d2                memset
 *(.plt)
 *(.gnu.warning)
 *(.glue_7t)
 .glue_7t       0x000041e2        0x0 linker stubs
 *(.glue_7)
 .glue_7        0x000041e2        0x0 linker stubs
 *(.vfp11_veneer)
 .vfp11_veneer  0x000041e2        0x0 linker stubs
 *(.bootloader)
 *(.ARM.extab* .gnu.linkonce.armextab.*)
 *(.gcc_except_table)

.v4_bx          0x000041e4        0x0
 .v4_bx         0x000041e4        0x0 linker stubs

.iplt           0x000041e4        0x0
 .iplt          0x000041e4        0x0 c:/program files (x86)/cypress/psoc creator/4.1/psoc creator/import/gnu/arm/5.4.1/bin/../lib/gcc/arm-none-eabi/5.4.1/armv6-m/crtbegin.o

.eh_frame_hdr
 *(.eh_frame_hdr)

.eh_frame       0x000041e4        0x4
 *(.eh_frame)
 .eh_frame      0x000041e4        0x0 c:/program files (x86)/cypress/psoc creator/4.1/psoc creator/import/gnu/arm/5.4.1/bin/../lib/gcc/arm-none-eabi/5.4.1/armv6-m/crtbegin.o
 .eh_frame      0x000041e4        0x4 c:/program files (x86)/cypress/psoc creator/4.1/psoc creator/import/gnu/arm/5.4.1/bin/../lib/gcc/arm-none-eabi/5.4.1/armv6-m/crtend.o
                [!provide]                PROVIDE (__exidx_start, .)

.ARM.exidx
 *(.ARM.exidx* .gnu.linkonce.armexidx.*)
                0x000041e8                __exidx_end = .

.rodata         0x000041e8      0x4a8
 *(.rodata .rodata.* .gnu.linkonce.r.*)
 .rodata        0x000041e8        0x7 .\CortexM0\ARM_GCC_541\Debug\main.o
 *fill*         0x000041ef        0x1 
 .rodata        0x000041f0       0x1e .\CortexM0\ARM_GCC_541\Debug\TemperatureCommManager.o
 *fill*         0x0000420e        0x2 
 .rodata        0x00004210       0x1e .\CortexM0\ARM_GCC_541\Debug\BrightnessCommManager.o
 *fill*         0x0000422e        0x2 
 .rodata        0x00004230       0x10 .\CortexM0\ARM_GCC_541\Debug\DriverControl.o
 .rodata        0x00004240      0x2c8 .\CortexM0\ARM_GCC_541\Debug\cyfitter_cfg.o
 .rodata        0x00004508       0x19 .\CortexM0\ARM_GCC_541\Debug\81-00024-01.a(ADC_SAR_Seq.o)
 *fill*         0x00004521        0x3 
 .rodata        0x00004524       0x2e .\CortexM0\ARM_GCC_541\Debug\81-00024-01.a(CyLib.o)
                0x00004524                cyImoFreqMhz2Reg
 *fill*         0x00004552        0x2 
 .rodata        0x00004554       0x80 c:/program files (x86)/cypress/psoc creator/4.1/psoc creator/import/gnu/arm/5.4.1/bin/../lib/gcc/arm-none-eabi/5.4.1/armv6-m\libgcc.a(divsf3.o)
 .rodata        0x000045d4       0x40 c:/program files (x86)/cypress/psoc creator/4.1/psoc creator/import/gnu/arm/5.4.1/bin/../lib/gcc/arm-none-eabi/5.4.1/armv6-m\libgcc.a(mulsf3.o)
 .rodata        0x00004614       0x40 c:/program files (x86)/cypress/psoc creator/4.1/psoc creator/import/gnu/arm/5.4.1/bin/../lib/gcc/arm-none-eabi/5.4.1/armv6-m\libgcc.a(muldf3.o)
 .rodata.str1.1
                0x00004654        0x2 c:/program files (x86)/cypress/psoc creator/4.1/psoc creator/import/gnu/arm/5.4.1/bin/../lib/gcc/arm-none-eabi/5.4.1/../../../../arm-none-eabi/lib/armv6-m\libg_nano.a(lib_a-impure.o)
                0x00004658                . = ALIGN (0x4)
 *fill*         0x00004656        0x2 
 *(.init)
 .init          0x00004658        0x4 c:/program files (x86)/cypress/psoc creator/4.1/psoc creator/import/gnu/arm/5.4.1/bin/../lib/gcc/arm-none-eabi/5.4.1/armv6-m/crti.o
                0x00004658                _init
 .init          0x0000465c        0x8 c:/program files (x86)/cypress/psoc creator/4.1/psoc creator/import/gnu/arm/5.4.1/bin/../lib/gcc/arm-none-eabi/5.4.1/armv6-m/crtn.o
                0x00004664                . = ALIGN (0x4)
                0x00004664                __preinit_array_start = .
 *(.preinit_array)
                0x00004664                __preinit_array_end = .
                0x00004664                . = ALIGN (0x4)
                0x00004664                __init_array_start = .
 *(SORT(.init_array.*))
 *(.init_array)
 .init_array    0x00004664        0x4 c:/program files (x86)/cypress/psoc creator/4.1/psoc creator/import/gnu/arm/5.4.1/bin/../lib/gcc/arm-none-eabi/5.4.1/armv6-m/crtbegin.o
 .init_array    0x00004668        0x4 .\CortexM0\ARM_GCC_541\Debug\Cm0Start.o
                0x0000466c                __init_array_end = .
                0x0000466c                . = ALIGN (0x4)
 *(.fini)
 .fini          0x0000466c        0x4 c:/program files (x86)/cypress/psoc creator/4.1/psoc creator/import/gnu/arm/5.4.1/bin/../lib/gcc/arm-none-eabi/5.4.1/armv6-m/crti.o
                0x0000466c                _fini
 .fini          0x00004670        0x8 c:/program files (x86)/cypress/psoc creator/4.1/psoc creator/import/gnu/arm/5.4.1/bin/../lib/gcc/arm-none-eabi/5.4.1/armv6-m/crtn.o
                0x00004678                . = ALIGN (0x4)
                0x00004678                __fini_array_start = .
 *(.fini_array)
 .fini_array    0x00004678        0x4 c:/program files (x86)/cypress/psoc creator/4.1/psoc creator/import/gnu/arm/5.4.1/bin/../lib/gcc/arm-none-eabi/5.4.1/armv6-m/crtbegin.o
 *(SORT(.fini_array.*))
                0x0000467c                __fini_array_end = .
                0x0000467c                . = ALIGN (0x4)
 *crtbegin.o(.ctors)
 *(EXCLUDE_FILE(*crtend.o) .ctors)
 *(SORT(.ctors.*))
 *crtend.o(.ctors)
                0x0000467c                . = ALIGN (0x4)
 *crtbegin.o(.dtors)
 *(EXCLUDE_FILE(*crtend.o) .dtors)
 *(SORT(.dtors.*))
 *crtend.o(.dtors)
                0x0000467c                . = ALIGN (0x4)
                0x0000467c                __cy_regions = .
                0x0000467c        0x4 LONG 0x4690 __cy_region_init_ram
                0x00004680        0x4 LONG 0x200000c0 __cy_region_start_data
                0x00004684        0x4 LONG 0xa0 __cy_region_init_size_ram
                0x00004688        0x4 LONG 0x978 __cy_region_zero_size_ram
                0x0000468c                __cy_regions_end = .
                0x00004690                . = ALIGN (0x8)
 *fill*         0x0000468c        0x4 
                0x00004690                _etext = .

.cy_checksum_exclude
                0x00004690        0x0
 *(.cy_checksum_exclude)

.ramvectors     0x20000000       0xc0
                0x20000000                __cy_region_start_ram = .
 *(.ramvectors)
 .ramvectors    0x20000000       0xc0 .\CortexM0\ARM_GCC_541\Debug\Cm0Start.o
                0x20000000                CyRamVectors

.noinit
 *(.noinit)

.data           0x200000c0       0xa0 load address 0x00004690
                0x200000c0                __cy_region_start_data = .
 *(.jcr)
 .jcr           0x200000c0        0x0 c:/program files (x86)/cypress/psoc creator/4.1/psoc creator/import/gnu/arm/5.4.1/bin/../lib/gcc/arm-none-eabi/5.4.1/armv6-m/crtbegin.o
 .jcr           0x200000c0        0x4 c:/program files (x86)/cypress/psoc creator/4.1/psoc creator/import/gnu/arm/5.4.1/bin/../lib/gcc/arm-none-eabi/5.4.1/armv6-m/crtend.o
 *(.got.plt)
 *(.got)
 *(.shdata)
 *(.data .data.* .gnu.linkonce.d.*)
 .data          0x200000c4        0x2 .\CortexM0\ARM_GCC_541\Debug\BrightnessCommManager.o
 *fill*         0x200000c6        0x2 
 .data          0x200000c8       0x15 .\CortexM0\ARM_GCC_541\Debug\DriverControl.o
 *fill*         0x200000dd        0x3 
 .data          0x200000e0       0x14 .\CortexM0\ARM_GCC_541\Debug\81-00024-01.a(CyLib.o)
                0x200000e0                CySysClkPumpConfig
                0x200000e4                cydelay32kMs
                0x200000e8                cydelayFreqKhz
                0x200000ec                cydelayFreqMhz
                0x200000f0                cydelayFreqHz
 .data          0x200000f4        0x4 .\CortexM0\ARM_GCC_541\Debug\81-00024-01.a(CyLFClk.o)
 .data.impure_data
                0x200000f8       0x60 c:/program files (x86)/cypress/psoc creator/4.1/psoc creator/import/gnu/arm/5.4.1/bin/../lib/gcc/arm-none-eabi/5.4.1/../../../../arm-none-eabi/lib/armv6-m\libg_nano.a(lib_a-impure.o)
 .data._impure_ptr
                0x20000158        0x4 c:/program files (x86)/cypress/psoc creator/4.1/psoc creator/import/gnu/arm/5.4.1/bin/../lib/gcc/arm-none-eabi/5.4.1/../../../../arm-none-eabi/lib/armv6-m\libg_nano.a(lib_a-impure.o)
                0x20000158                _impure_ptr
                0x20000160                . = ALIGN (0x8)
 *fill*         0x2000015c        0x4 
 *(.ram)
                0x20000160                _edata = .

.igot.plt       0x20000160        0x0 load address 0x00004730
 .igot.plt      0x20000160        0x0 c:/program files (x86)/cypress/psoc creator/4.1/psoc creator/import/gnu/arm/5.4.1/bin/../lib/gcc/arm-none-eabi/5.4.1/armv6-m/crtbegin.o

.bss            0x20000160      0x978 load address 0x00004730
                0x20000160                PROVIDE (__bss_start__, .)
 *(.shbss)
 *(.bss .bss.* .gnu.linkonce.b.*)
 .bss           0x20000160       0x1c c:/program files (x86)/cypress/psoc creator/4.1/psoc creator/import/gnu/arm/5.4.1/bin/../lib/gcc/arm-none-eabi/5.4.1/armv6-m/crtbegin.o
 .bss           0x2000017c       0x10 .\CortexM0\ARM_GCC_541\Debug\main.o
                0x20000182                timerForInputs
                0x20000184                timerForMotorInputs
                0x20000188                timerForInputsMotor
 .bss           0x2000018c       0x5f .\CortexM0\ARM_GCC_541\Debug\TemperatureCommManager.o
                0x2000018c                bReadyToSendNextBrightnessTimeoutPacket
                0x200001e2                sendTempPacketBack
                0x200001ea                readyToSendThresholdCounter
 *fill*         0x200001eb        0x1 
 .bss           0x200001ec       0x19 .\CortexM0\ARM_GCC_541\Debug\BrightnessCommManager.o
                0x200001ef                bCommunicationTimeOut
                0x200001f0                bIsCommunicationTrigger
                0x200001f2                timeOutCounter
 .bss           0x20000205        0x2 .\CortexM0\ARM_GCC_541\Debug\DriverControl.o
 *fill*         0x20000207        0x1 
 .bss           0x20000208       0x5c .\CortexM0\ARM_GCC_541\Debug\motorControl.o
                0x20000208                motorStatus
                0x2000025c                bDoneMovingCalibrate
 .bss           0x20000264        0x1 .\CortexM0\ARM_GCC_541\Debug\81-00024-01.a(ADC_SAR_Seq.o)
                0x20000264                ADC_SAR_Seq_initVar
 *fill*         0x20000265        0x3 
 .bss           0x20000268       0x20 .\CortexM0\ARM_GCC_541\Debug\81-00024-01.a(CyLFClk.o)
 .bss           0x20000288        0x1 .\CortexM0\ARM_GCC_541\Debug\81-00024-01.a(TimeoutTimer.o)
                0x20000288                TimeoutTimer_initVar
 .bss           0x20000289        0x1 .\CortexM0\ARM_GCC_541\Debug\81-00024-01.a(SamplingTimer.o)
                0x20000289                SamplingTimer_initVar
 .bss           0x2000028a        0x4 .\CortexM0\ARM_GCC_541\Debug\81-00024-01.a(UART_LED.o)
                0x2000028a                UART_LED_initVar
                0x2000028c                UART_LED_IntrTxMask
 .bss           0x2000028e        0x1 .\CortexM0\ARM_GCC_541\Debug\81-00024-01.a(PWM.o)
                0x2000028e                PWM_initVar
 .bss           0x2000028f        0x1 .\CortexM0\ARM_GCC_541\Debug\81-00024-01.a(AckTimer.o)
                0x2000028f                AckTimer_initVar
 .bss           0x20000290        0x1 .\CortexM0\ARM_GCC_541\Debug\81-00024-01.a(motorControlPWM.o)
                0x20000290                motorControlPWM_initVar
 .bss           0x20000291        0x1 .\CortexM0\ARM_GCC_541\Debug\81-00024-01.a(overCurrentTimer.o)
                0x20000291                overCurrentTimer_initVar
 *fill*         0x20000292        0x2 
 .bss           0x20000294        0x4 .\CortexM0\ARM_GCC_541\Debug\81-00024-01.a(CyFlash.o)
 *(COMMON)
 COMMON         0x20000298       0x14 .\CortexM0\ARM_GCC_541\Debug\BrightnessCommManager.o
                0x20000298                rxPacket
                0x200002a8                pRxPacket
 COMMON         0x200002ac      0x808 .\CortexM0\ARM_GCC_541\Debug\motorControl.o
                0x200002ac                rxPacketLocal
                0x200002b0                motorCurrentTestValue
                0x20000ab0                pMotor
 COMMON         0x20000ab4       0x1e .\CortexM0\ARM_GCC_541\Debug\81-00024-01.a(ADC_SAR_Seq.o)
                0x20000ab4                ADC_SAR_Seq_countsPer10Volt
                0x20000ac8                ADC_SAR_Seq_offset
                0x20000ad8                . = ALIGN (0x8)
 *fill*         0x20000ad2        0x6 
 *(.ram.b)
                0x20000ad8                _end = .
                0x20000ad8                __end = .
                0x20000ad8                PROVIDE (end, .)
                0x20000ad8                PROVIDE (__bss_end__, .)
                0x00004690                __cy_region_init_ram = LOADADDR (.data)
                0x000000a0                __cy_region_init_size_ram = (_edata - ADDR (.data))
                0x00000978                __cy_region_zero_size_ram = (_end - _edata)

.heap           0x20000ad8       0x80 load address 0x00004730
                0x20000ad8                . = _end
                0x20000b58                . = (. + 0x80)
 *fill*         0x20000ad8       0x80 
                0x20000b58                __cy_heap_limit = .

.stack          0x20000c00      0x400
                0x20000c00                __cy_stack_limit = .
                0x20001000                . = (. + 0x400)
 *fill*         0x20000c00      0x400 
                0x00000001                ASSERT ((__cy_stack_limit >= __cy_heap_limit), region RAM overflowed with stack)
                0x00000000                cy_checksum_exclude_size = (CY_APPL_LOADABLE == 0x1)?SIZEOF (.cy_checksum_exclude):0x0
                0x00000001                ASSERT ((cy_checksum_exclude_size <= CY_CHECKSUM_EXCLUDE_SIZE), CY_BOOT: Section .cy_checksum_exclude size exceedes specified limit.)
                0x00007fc0                cyloadermeta_start = (cy_project_type_bootloader || cy_project_type_app_for_stack_and_copier)?(LENGTH (rom) - CY_METADATA_SIZE):0xf0000000

.cyloadermeta
 *(.cyloadermeta)
                0x00007fc0                cyloadablemeta_start = cy_project_type_app_for_stack_and_copier?((LENGTH (rom) - CY_FLASH_ROW_SIZE) - CY_METADATA_SIZE):((LENGTH (rom) - (CY_FLASH_ROW_SIZE * (CY_APPL_NUM - 0x1))) - CY_METADATA_SIZE)

.cyloadablemeta
 *(.cyloadablemeta)

.cyflashprotect
                0x90400000       0x20
 *(.cyflashprotect)
 .cyflashprotect
                0x90400000       0x20 .\CortexM0\ARM_GCC_541\Debug\cymetadata.o
                0x90400000                cy_meta_flashprotect

.cymeta         0x90500000        0xc
 *(.cymeta)
 .cymeta        0x90500000        0xc .\CortexM0\ARM_GCC_541\Debug\cymetadata.o
                0x90500000                cy_metadata

.cychipprotect  0x90600000        0x1
 *(.cychipprotect)
 .cychipprotect
                0x90600000        0x1 .\CortexM0\ARM_GCC_541\Debug\cymetadata.o
                0x90600000                cy_meta_chipprotect

.rel.dyn        0x00004730        0x0 load address 0x90600004
 .rel.iplt      0x00004730        0x0 c:/program files (x86)/cypress/psoc creator/4.1/psoc creator/import/gnu/arm/5.4.1/bin/../lib/gcc/arm-none-eabi/5.4.1/armv6-m/crtbegin.o

.stab
 *(.stab)

.stabstr
 *(.stabstr)

.debug
 *(.debug)

.line
 *(.line)

.debug_srcinfo
 *(.debug_srcinfo)

.debug_sfnames
 *(.debug_sfnames)

.debug_aranges  0x00000000     0x1470
 *(.debug_aranges)
 .debug_aranges
                0x00000000       0x48 .\CortexM0\ARM_GCC_541\Debug\main.o
 .debug_aranges
                0x00000048       0x58 .\CortexM0\ARM_GCC_541\Debug\TemperatureCommManager.o
 .debug_aranges
                0x000000a0       0xb8 .\CortexM0\ARM_GCC_541\Debug\BrightnessCommManager.o
 .debug_aranges
                0x00000158       0x98 .\CortexM0\ARM_GCC_541\Debug\DriverControl.o
 .debug_aranges
                0x000001f0       0x60 .\CortexM0\ARM_GCC_541\Debug\motorControl.o
 .debug_aranges
                0x00000250       0x48 .\CortexM0\ARM_GCC_541\Debug\cyfitter_cfg.o
 .debug_aranges
                0x00000298       0x18 .\CortexM0\ARM_GCC_541\Debug\cymetadata.o
 .debug_aranges
                0x000002b0       0x48 .\CortexM0\ARM_GCC_541\Debug\Cm0Start.o
 .debug_aranges
                0x000002f8       0xb0 .\CortexM0\ARM_GCC_541\Debug\81-00024-01.a(ADC_SAR_Seq.o)
 .debug_aranges
                0x000003a8       0x20 .\CortexM0\ARM_GCC_541\Debug\81-00024-01.a(ADC_SAR_Seq_INT.o)
 .debug_aranges
                0x000003c8      0x180 .\CortexM0\ARM_GCC_541\Debug\81-00024-01.a(CyLib.o)
 .debug_aranges
                0x00000548       0x58 .\CortexM0\ARM_GCC_541\Debug\81-00024-01.a(cyPm.o)
 .debug_aranges
                0x000005a0      0x138 .\CortexM0\ARM_GCC_541\Debug\81-00024-01.a(CyLFClk.o)
 .debug_aranges
                0x000006d8      0x158 .\CortexM0\ARM_GCC_541\Debug\81-00024-01.a(TimeoutTimer.o)
 .debug_aranges
                0x00000830       0x80 .\CortexM0\ARM_GCC_541\Debug\81-00024-01.a(CommTimeoutISR.o)
 .debug_aranges
                0x000008b0       0x80 .\CortexM0\ARM_GCC_541\Debug\81-00024-01.a(SamplingTimerISR.o)
 .debug_aranges
                0x00000930      0x158 .\CortexM0\ARM_GCC_541\Debug\81-00024-01.a(SamplingTimer.o)
 .debug_aranges
                0x00000a88       0x80 .\CortexM0\ARM_GCC_541\Debug\81-00024-01.a(UART_LED_ISR.o)
 .debug_aranges
                0x00000b08       0x60 .\CortexM0\ARM_GCC_541\Debug\81-00024-01.a(UART_LED.o)
 .debug_aranges
                0x00000b68       0x40 .\CortexM0\ARM_GCC_541\Debug\81-00024-01.a(UART_LED_SPI_UART.o)
 .debug_aranges
                0x00000ba8       0x50 .\CortexM0\ARM_GCC_541\Debug\81-00024-01.a(UART_LED_UART.o)
 .debug_aranges
                0x00000bf8       0x98 .\CortexM0\ARM_GCC_541\Debug\81-00024-01.a(PWM.o)
 .debug_aranges
                0x00000c90       0x28 .\CortexM0\ARM_GCC_541\Debug\81-00024-01.a(PWM_Enable.o)
 .debug_aranges
                0x00000cb8       0x20 .\CortexM0\ARM_GCC_541\Debug\81-00024-01.a(DieTemp.o)
 .debug_aranges
                0x00000cd8       0x80 .\CortexM0\ARM_GCC_541\Debug\81-00024-01.a(LED_ISR.o)
 .debug_aranges
                0x00000d58       0x80 .\CortexM0\ARM_GCC_541\Debug\81-00024-01.a(AckTimeoutISR.o)
 .debug_aranges
                0x00000dd8      0x158 .\CortexM0\ARM_GCC_541\Debug\81-00024-01.a(AckTimer.o)
 .debug_aranges
                0x00000f30      0x158 .\CortexM0\ARM_GCC_541\Debug\81-00024-01.a(LED_Timer.o)
 .debug_aranges
                0x00001088       0x30 .\CortexM0\ARM_GCC_541\Debug\81-00024-01.a(EmEEPROM.o)
 .debug_aranges
                0x000010b8       0x88 .\CortexM0\ARM_GCC_541\Debug\81-00024-01.a(motorControlPWM.o)
 .debug_aranges
                0x00001140       0x40 .\CortexM0\ARM_GCC_541\Debug\81-00024-01.a(pwmClock.o)
 .debug_aranges
                0x00001180       0x48 .\CortexM0\ARM_GCC_541\Debug\81-00024-01.a(limitSwitch.o)
 .debug_aranges
                0x000011c8       0x80 .\CortexM0\ARM_GCC_541\Debug\81-00024-01.a(hallEffectISR.o)
 .debug_aranges
                0x00001248       0x90 .\CortexM0\ARM_GCC_541\Debug\81-00024-01.a(overCurrentTimer.o)
 .debug_aranges
                0x000012d8       0x80 .\CortexM0\ARM_GCC_541\Debug\81-00024-01.a(overCurrentTimerISR.o)
 .debug_aranges
                0x00001358       0x40 .\CortexM0\ARM_GCC_541\Debug\81-00024-01.a(inputs.o)
 .debug_aranges
                0x00001398       0x80 .\CortexM0\ARM_GCC_541\Debug\81-00024-01.a(modeChangeISR.o)
 .debug_aranges
                0x00001418       0x20 .\CortexM0\ARM_GCC_541\Debug\81-00024-01.a(CyBootAsmGnu.o)
 .debug_aranges
                0x00001438       0x38 .\CortexM0\ARM_GCC_541\Debug\81-00024-01.a(CyFlash.o)

.debug_pubnames
 *(.debug_pubnames)

.debug_info     0x00000000     0xaa8e
 *(.debug_info .gnu.linkonce.wi.*)
 .debug_info    0x00000000      0x648 .\CortexM0\ARM_GCC_541\Debug\main.o
 .debug_info    0x00000648      0x58c .\CortexM0\ARM_GCC_541\Debug\TemperatureCommManager.o
 .debug_info    0x00000bd4      0xc71 .\CortexM0\ARM_GCC_541\Debug\BrightnessCommManager.o
 .debug_info    0x00001845      0x86f .\CortexM0\ARM_GCC_541\Debug\DriverControl.o
 .debug_info    0x000020b4      0x8ca .\CortexM0\ARM_GCC_541\Debug\motorControl.o
 .debug_info    0x0000297e      0x3f2 .\CortexM0\ARM_GCC_541\Debug\cyfitter_cfg.o
 .debug_info    0x00002d70       0xf8 .\CortexM0\ARM_GCC_541\Debug\cymetadata.o
 .debug_info    0x00002e68      0x3a2 .\CortexM0\ARM_GCC_541\Debug\Cm0Start.o
 .debug_info    0x0000320a      0x5b7 .\CortexM0\ARM_GCC_541\Debug\81-00024-01.a(ADC_SAR_Seq.o)
 .debug_info    0x000037c1       0xcb .\CortexM0\ARM_GCC_541\Debug\81-00024-01.a(ADC_SAR_Seq_INT.o)
 .debug_info    0x0000388c      0xafc .\CortexM0\ARM_GCC_541\Debug\81-00024-01.a(CyLib.o)
 .debug_info    0x00004388      0x2cf .\CortexM0\ARM_GCC_541\Debug\81-00024-01.a(cyPm.o)
 .debug_info    0x00004657      0xcfe .\CortexM0\ARM_GCC_541\Debug\81-00024-01.a(CyLFClk.o)
 .debug_info    0x00005355      0x8f6 .\CortexM0\ARM_GCC_541\Debug\81-00024-01.a(TimeoutTimer.o)
 .debug_info    0x00005c4b      0x31f .\CortexM0\ARM_GCC_541\Debug\81-00024-01.a(CommTimeoutISR.o)
 .debug_info    0x00005f6a      0x320 .\CortexM0\ARM_GCC_541\Debug\81-00024-01.a(SamplingTimerISR.o)
 .debug_info    0x0000628a      0x8f6 .\CortexM0\ARM_GCC_541\Debug\81-00024-01.a(SamplingTimer.o)
 .debug_info    0x00006b80      0x31e .\CortexM0\ARM_GCC_541\Debug\81-00024-01.a(UART_LED_ISR.o)
 .debug_info    0x00006e9e      0x24c .\CortexM0\ARM_GCC_541\Debug\81-00024-01.a(UART_LED.o)
 .debug_info    0x000070ea      0x15b .\CortexM0\ARM_GCC_541\Debug\81-00024-01.a(UART_LED_SPI_UART.o)
 .debug_info    0x00007245      0x208 .\CortexM0\ARM_GCC_541\Debug\81-00024-01.a(UART_LED_UART.o)
 .debug_info    0x0000744d      0x333 .\CortexM0\ARM_GCC_541\Debug\81-00024-01.a(PWM.o)
 .debug_info    0x00007780       0xd6 .\CortexM0\ARM_GCC_541\Debug\81-00024-01.a(PWM_Enable.o)
 .debug_info    0x00007856      0x134 .\CortexM0\ARM_GCC_541\Debug\81-00024-01.a(DieTemp.o)
 .debug_info    0x0000798a      0x31f .\CortexM0\ARM_GCC_541\Debug\81-00024-01.a(LED_ISR.o)
 .debug_info    0x00007ca9      0x31f .\CortexM0\ARM_GCC_541\Debug\81-00024-01.a(AckTimeoutISR.o)
 .debug_info    0x00007fc8      0x8f6 .\CortexM0\ARM_GCC_541\Debug\81-00024-01.a(AckTimer.o)
 .debug_info    0x000088be      0x8f6 .\CortexM0\ARM_GCC_541\Debug\81-00024-01.a(LED_Timer.o)
 .debug_info    0x000091b4      0x1e0 .\CortexM0\ARM_GCC_541\Debug\81-00024-01.a(EmEEPROM.o)
 .debug_info    0x00009394      0x2be .\CortexM0\ARM_GCC_541\Debug\81-00024-01.a(motorControlPWM.o)
 .debug_info    0x00009652      0x14e .\CortexM0\ARM_GCC_541\Debug\81-00024-01.a(pwmClock.o)
 .debug_info    0x000097a0      0x19b .\CortexM0\ARM_GCC_541\Debug\81-00024-01.a(limitSwitch.o)
 .debug_info    0x0000993b      0x305 .\CortexM0\ARM_GCC_541\Debug\81-00024-01.a(hallEffectISR.o)
 .debug_info    0x00009c40      0x2cf .\CortexM0\ARM_GCC_541\Debug\81-00024-01.a(overCurrentTimer.o)
 .debug_info    0x00009f0f      0x305 .\CortexM0\ARM_GCC_541\Debug\81-00024-01.a(overCurrentTimerISR.o)
 .debug_info    0x0000a214      0x17f .\CortexM0\ARM_GCC_541\Debug\81-00024-01.a(inputs.o)
 .debug_info    0x0000a393      0x305 .\CortexM0\ARM_GCC_541\Debug\81-00024-01.a(modeChangeISR.o)
 .debug_info    0x0000a698       0xb9 .\CortexM0\ARM_GCC_541\Debug\81-00024-01.a(CyBootAsmGnu.o)
 .debug_info    0x0000a751      0x33d .\CortexM0\ARM_GCC_541\Debug\81-00024-01.a(CyFlash.o)

.debug_abbrev   0x00000000     0x325a
 *(.debug_abbrev)
 .debug_abbrev  0x00000000      0x1a1 .\CortexM0\ARM_GCC_541\Debug\main.o
 .debug_abbrev  0x000001a1      0x208 .\CortexM0\ARM_GCC_541\Debug\TemperatureCommManager.o
 .debug_abbrev  0x000003a9      0x2a6 .\CortexM0\ARM_GCC_541\Debug\BrightnessCommManager.o
 .debug_abbrev  0x0000064f      0x25a .\CortexM0\ARM_GCC_541\Debug\DriverControl.o
 .debug_abbrev  0x000008a9      0x215 .\CortexM0\ARM_GCC_541\Debug\motorControl.o
 .debug_abbrev  0x00000abe      0x1d6 .\CortexM0\ARM_GCC_541\Debug\cyfitter_cfg.o
 .debug_abbrev  0x00000c94       0x5d .\CortexM0\ARM_GCC_541\Debug\cymetadata.o
 .debug_abbrev  0x00000cf1      0x1d7 .\CortexM0\ARM_GCC_541\Debug\Cm0Start.o
 .debug_abbrev  0x00000ec8      0x19e .\CortexM0\ARM_GCC_541\Debug\81-00024-01.a(ADC_SAR_Seq.o)
 .debug_abbrev  0x00001066       0x65 .\CortexM0\ARM_GCC_541\Debug\81-00024-01.a(ADC_SAR_Seq_INT.o)
 .debug_abbrev  0x000010cb      0x1e0 .\CortexM0\ARM_GCC_541\Debug\81-00024-01.a(CyLib.o)
 .debug_abbrev  0x000012ab      0x10a .\CortexM0\ARM_GCC_541\Debug\81-00024-01.a(cyPm.o)
 .debug_abbrev  0x000013b5      0x210 .\CortexM0\ARM_GCC_541\Debug\81-00024-01.a(CyLFClk.o)
 .debug_abbrev  0x000015c5      0x119 .\CortexM0\ARM_GCC_541\Debug\81-00024-01.a(TimeoutTimer.o)
 .debug_abbrev  0x000016de      0x173 .\CortexM0\ARM_GCC_541\Debug\81-00024-01.a(CommTimeoutISR.o)
 .debug_abbrev  0x00001851      0x164 .\CortexM0\ARM_GCC_541\Debug\81-00024-01.a(SamplingTimerISR.o)
 .debug_abbrev  0x000019b5      0x119 .\CortexM0\ARM_GCC_541\Debug\81-00024-01.a(SamplingTimer.o)
 .debug_abbrev  0x00001ace      0x182 .\CortexM0\ARM_GCC_541\Debug\81-00024-01.a(UART_LED_ISR.o)
 .debug_abbrev  0x00001c50       0xed .\CortexM0\ARM_GCC_541\Debug\81-00024-01.a(UART_LED.o)
 .debug_abbrev  0x00001d3d       0xd5 .\CortexM0\ARM_GCC_541\Debug\81-00024-01.a(UART_LED_SPI_UART.o)
 .debug_abbrev  0x00001e12       0xef .\CortexM0\ARM_GCC_541\Debug\81-00024-01.a(UART_LED_UART.o)
 .debug_abbrev  0x00001f01      0x133 .\CortexM0\ARM_GCC_541\Debug\81-00024-01.a(PWM.o)
 .debug_abbrev  0x00002034       0x81 .\CortexM0\ARM_GCC_541\Debug\81-00024-01.a(PWM_Enable.o)
 .debug_abbrev  0x000020b5       0x76 .\CortexM0\ARM_GCC_541\Debug\81-00024-01.a(DieTemp.o)
 .debug_abbrev  0x0000212b      0x173 .\CortexM0\ARM_GCC_541\Debug\81-00024-01.a(LED_ISR.o)
 .debug_abbrev  0x0000229e      0x173 .\CortexM0\ARM_GCC_541\Debug\81-00024-01.a(AckTimeoutISR.o)
 .debug_abbrev  0x00002411      0x119 .\CortexM0\ARM_GCC_541\Debug\81-00024-01.a(AckTimer.o)
 .debug_abbrev  0x0000252a      0x119 .\CortexM0\ARM_GCC_541\Debug\81-00024-01.a(LED_Timer.o)
 .debug_abbrev  0x00002643       0xf8 .\CortexM0\ARM_GCC_541\Debug\81-00024-01.a(EmEEPROM.o)
 .debug_abbrev  0x0000273b      0x14b .\CortexM0\ARM_GCC_541\Debug\81-00024-01.a(motorControlPWM.o)
 .debug_abbrev  0x00002886       0xb7 .\CortexM0\ARM_GCC_541\Debug\81-00024-01.a(pwmClock.o)
 .debug_abbrev  0x0000293d       0xc8 .\CortexM0\ARM_GCC_541\Debug\81-00024-01.a(limitSwitch.o)
 .debug_abbrev  0x00002a05      0x19a .\CortexM0\ARM_GCC_541\Debug\81-00024-01.a(hallEffectISR.o)
 .debug_abbrev  0x00002b9f      0x12b .\CortexM0\ARM_GCC_541\Debug\81-00024-01.a(overCurrentTimer.o)
 .debug_abbrev  0x00002cca      0x19a .\CortexM0\ARM_GCC_541\Debug\81-00024-01.a(overCurrentTimerISR.o)
 .debug_abbrev  0x00002e64       0xac .\CortexM0\ARM_GCC_541\Debug\81-00024-01.a(inputs.o)
 .debug_abbrev  0x00002f10      0x19a .\CortexM0\ARM_GCC_541\Debug\81-00024-01.a(modeChangeISR.o)
 .debug_abbrev  0x000030aa       0x14 .\CortexM0\ARM_GCC_541\Debug\81-00024-01.a(CyBootAsmGnu.o)
 .debug_abbrev  0x000030be      0x19c .\CortexM0\ARM_GCC_541\Debug\81-00024-01.a(CyFlash.o)

.debug_line     0x00000000     0x4681
 *(.debug_line)
 .debug_line    0x00000000      0x219 .\CortexM0\ARM_GCC_541\Debug\main.o
 .debug_line    0x00000219      0x18d .\CortexM0\ARM_GCC_541\Debug\TemperatureCommManager.o
 .debug_line    0x000003a6      0x48a .\CortexM0\ARM_GCC_541\Debug\BrightnessCommManager.o
 .debug_line    0x00000830      0x2ec .\CortexM0\ARM_GCC_541\Debug\DriverControl.o
 .debug_line    0x00000b1c      0x297 .\CortexM0\ARM_GCC_541\Debug\motorControl.o
 .debug_line    0x00000db3      0x1a7 .\CortexM0\ARM_GCC_541\Debug\cyfitter_cfg.o
 .debug_line    0x00000f5a      0x141 .\CortexM0\ARM_GCC_541\Debug\cymetadata.o
 .debug_line    0x0000109b      0x235 .\CortexM0\ARM_GCC_541\Debug\Cm0Start.o
 .debug_line    0x000012d0      0x2c0 .\CortexM0\ARM_GCC_541\Debug\81-00024-01.a(ADC_SAR_Seq.o)
 .debug_line    0x00001590       0x6a .\CortexM0\ARM_GCC_541\Debug\81-00024-01.a(ADC_SAR_Seq_INT.o)
 .debug_line    0x000015fa      0x45f .\CortexM0\ARM_GCC_541\Debug\81-00024-01.a(CyLib.o)
 .debug_line    0x00001a59      0x12a .\CortexM0\ARM_GCC_541\Debug\81-00024-01.a(cyPm.o)
 .debug_line    0x00001b83      0x466 .\CortexM0\ARM_GCC_541\Debug\81-00024-01.a(CyLFClk.o)
 .debug_line    0x00001fe9      0x380 .\CortexM0\ARM_GCC_541\Debug\81-00024-01.a(TimeoutTimer.o)
 .debug_line    0x00002369      0x176 .\CortexM0\ARM_GCC_541\Debug\81-00024-01.a(CommTimeoutISR.o)
 .debug_line    0x000024df      0x17b .\CortexM0\ARM_GCC_541\Debug\81-00024-01.a(SamplingTimerISR.o)
 .debug_line    0x0000265a      0x381 .\CortexM0\ARM_GCC_541\Debug\81-00024-01.a(SamplingTimer.o)
 .debug_line    0x000029db      0x174 .\CortexM0\ARM_GCC_541\Debug\81-00024-01.a(UART_LED_ISR.o)
 .debug_line    0x00002b4f      0x12f .\CortexM0\ARM_GCC_541\Debug\81-00024-01.a(UART_LED.o)
 .debug_line    0x00002c7e       0xba .\CortexM0\ARM_GCC_541\Debug\81-00024-01.a(UART_LED_SPI_UART.o)
 .debug_line    0x00002d38      0x128 .\CortexM0\ARM_GCC_541\Debug\81-00024-01.a(UART_LED_UART.o)
 .debug_line    0x00002e60      0x18e .\CortexM0\ARM_GCC_541\Debug\81-00024-01.a(PWM.o)
 .debug_line    0x00002fee       0x73 .\CortexM0\ARM_GCC_541\Debug\81-00024-01.a(PWM_Enable.o)
 .debug_line    0x00003061       0x6c .\CortexM0\ARM_GCC_541\Debug\81-00024-01.a(DieTemp.o)
 .debug_line    0x000030cd      0x167 .\CortexM0\ARM_GCC_541\Debug\81-00024-01.a(LED_ISR.o)
 .debug_line    0x00003234      0x176 .\CortexM0\ARM_GCC_541\Debug\81-00024-01.a(AckTimeoutISR.o)
 .debug_line    0x000033aa      0x37c .\CortexM0\ARM_GCC_541\Debug\81-00024-01.a(AckTimer.o)
 .debug_line    0x00003726      0x37d .\CortexM0\ARM_GCC_541\Debug\81-00024-01.a(LED_Timer.o)
 .debug_line    0x00003aa3       0xcc .\CortexM0\ARM_GCC_541\Debug\81-00024-01.a(EmEEPROM.o)
 .debug_line    0x00003b6f      0x167 .\CortexM0\ARM_GCC_541\Debug\81-00024-01.a(motorControlPWM.o)
 .debug_line    0x00003cd6       0xae .\CortexM0\ARM_GCC_541\Debug\81-00024-01.a(pwmClock.o)
 .debug_line    0x00003d84       0xc2 .\CortexM0\ARM_GCC_541\Debug\81-00024-01.a(limitSwitch.o)
 .debug_line    0x00003e46      0x155 .\CortexM0\ARM_GCC_541\Debug\81-00024-01.a(hallEffectISR.o)
 .debug_line    0x00003f9b      0x184 .\CortexM0\ARM_GCC_541\Debug\81-00024-01.a(overCurrentTimer.o)
 .debug_line    0x0000411f      0x15f .\CortexM0\ARM_GCC_541\Debug\81-00024-01.a(overCurrentTimerISR.o)
 .debug_line    0x0000427e       0xb5 .\CortexM0\ARM_GCC_541\Debug\81-00024-01.a(inputs.o)
 .debug_line    0x00004333      0x159 .\CortexM0\ARM_GCC_541\Debug\81-00024-01.a(modeChangeISR.o)
 .debug_line    0x0000448c       0x69 .\CortexM0\ARM_GCC_541\Debug\81-00024-01.a(CyBootAsmGnu.o)
 .debug_line    0x000044f5      0x18c .\CortexM0\ARM_GCC_541\Debug\81-00024-01.a(CyFlash.o)

.debug_frame    0x00000000     0x348c
 *(.debug_frame)
 .debug_frame   0x00000000       0xa0 .\CortexM0\ARM_GCC_541\Debug\main.o
 .debug_frame   0x000000a0       0xd8 .\CortexM0\ARM_GCC_541\Debug\TemperatureCommManager.o
 .debug_frame   0x00000178      0x21c .\CortexM0\ARM_GCC_541\Debug\BrightnessCommManager.o
 .debug_frame   0x00000394      0x18c .\CortexM0\ARM_GCC_541\Debug\DriverControl.o
 .debug_frame   0x00000520      0x120 .\CortexM0\ARM_GCC_541\Debug\motorControl.o
 .debug_frame   0x00000640       0xac .\CortexM0\ARM_GCC_541\Debug\cyfitter_cfg.o
 .debug_frame   0x000006ec       0xbc .\CortexM0\ARM_GCC_541\Debug\Cm0Start.o
 .debug_frame   0x000007a8      0x1c0 .\CortexM0\ARM_GCC_541\Debug\81-00024-01.a(ADC_SAR_Seq.o)
 .debug_frame   0x00000968       0x20 .\CortexM0\ARM_GCC_541\Debug\81-00024-01.a(ADC_SAR_Seq_INT.o)
 .debug_frame   0x00000988      0x3e0 .\CortexM0\ARM_GCC_541\Debug\81-00024-01.a(CyLib.o)
 .debug_frame   0x00000d68       0xf0 .\CortexM0\ARM_GCC_541\Debug\81-00024-01.a(cyPm.o)
 .debug_frame   0x00000e58      0x3a8 .\CortexM0\ARM_GCC_541\Debug\81-00024-01.a(CyLFClk.o)
 .debug_frame   0x00001200      0x3a0 .\CortexM0\ARM_GCC_541\Debug\81-00024-01.a(TimeoutTimer.o)
 .debug_frame   0x000015a0      0x11c .\CortexM0\ARM_GCC_541\Debug\81-00024-01.a(CommTimeoutISR.o)
 .debug_frame   0x000016bc      0x11c .\CortexM0\ARM_GCC_541\Debug\81-00024-01.a(SamplingTimerISR.o)
 .debug_frame   0x000017d8      0x3a0 .\CortexM0\ARM_GCC_541\Debug\81-00024-01.a(SamplingTimer.o)
 .debug_frame   0x00001b78      0x11c .\CortexM0\ARM_GCC_541\Debug\81-00024-01.a(UART_LED_ISR.o)
 .debug_frame   0x00001c94       0xe8 .\CortexM0\ARM_GCC_541\Debug\81-00024-01.a(UART_LED.o)
 .debug_frame   0x00001d7c       0x60 .\CortexM0\ARM_GCC_541\Debug\81-00024-01.a(UART_LED_SPI_UART.o)
 .debug_frame   0x00001ddc       0x98 .\CortexM0\ARM_GCC_541\Debug\81-00024-01.a(UART_LED_UART.o)
 .debug_frame   0x00001e74      0x134 .\CortexM0\ARM_GCC_541\Debug\81-00024-01.a(PWM.o)
 .debug_frame   0x00001fa8       0x30 .\CortexM0\ARM_GCC_541\Debug\81-00024-01.a(PWM_Enable.o)
 .debug_frame   0x00001fd8       0x2c .\CortexM0\ARM_GCC_541\Debug\81-00024-01.a(DieTemp.o)
 .debug_frame   0x00002004      0x11c .\CortexM0\ARM_GCC_541\Debug\81-00024-01.a(LED_ISR.o)
 .debug_frame   0x00002120      0x11c .\CortexM0\ARM_GCC_541\Debug\81-00024-01.a(AckTimeoutISR.o)
 .debug_frame   0x0000223c      0x3a0 .\CortexM0\ARM_GCC_541\Debug\81-00024-01.a(AckTimer.o)
 .debug_frame   0x000025dc      0x3a0 .\CortexM0\ARM_GCC_541\Debug\81-00024-01.a(LED_Timer.o)
 .debug_frame   0x0000297c       0x60 .\CortexM0\ARM_GCC_541\Debug\81-00024-01.a(EmEEPROM.o)
 .debug_frame   0x000029dc      0x114 .\CortexM0\ARM_GCC_541\Debug\81-00024-01.a(motorControlPWM.o)
 .debug_frame   0x00002af0       0x60 .\CortexM0\ARM_GCC_541\Debug\81-00024-01.a(pwmClock.o)
 .debug_frame   0x00002b50       0x70 .\CortexM0\ARM_GCC_541\Debug\81-00024-01.a(limitSwitch.o)
 .debug_frame   0x00002bc0      0x110 .\CortexM0\ARM_GCC_541\Debug\81-00024-01.a(hallEffectISR.o)
 .debug_frame   0x00002cd0      0x124 .\CortexM0\ARM_GCC_541\Debug\81-00024-01.a(overCurrentTimer.o)
 .debug_frame   0x00002df4      0x110 .\CortexM0\ARM_GCC_541\Debug\81-00024-01.a(overCurrentTimerISR.o)
 .debug_frame   0x00002f04       0x78 .\CortexM0\ARM_GCC_541\Debug\81-00024-01.a(inputs.o)
 .debug_frame   0x00002f7c      0x110 .\CortexM0\ARM_GCC_541\Debug\81-00024-01.a(modeChangeISR.o)
 .debug_frame   0x0000308c       0x78 .\CortexM0\ARM_GCC_541\Debug\81-00024-01.a(CyFlash.o)
 .debug_frame   0x00003104       0x20 c:/program files (x86)/cypress/psoc creator/4.1/psoc creator/import/gnu/arm/5.4.1/bin/../lib/gcc/arm-none-eabi/5.4.1/armv6-m\libgcc.a(_udivsi3.o)
 .debug_frame   0x00003124       0x20 c:/program files (x86)/cypress/psoc creator/4.1/psoc creator/import/gnu/arm/5.4.1/bin/../lib/gcc/arm-none-eabi/5.4.1/armv6-m\libgcc.a(_divsi3.o)
 .debug_frame   0x00003144       0x34 c:/program files (x86)/cypress/psoc creator/4.1/psoc creator/import/gnu/arm/5.4.1/bin/../lib/gcc/arm-none-eabi/5.4.1/armv6-m\libgcc.a(_muldi3.o)
 .debug_frame   0x00003178       0x30 c:/program files (x86)/cypress/psoc creator/4.1/psoc creator/import/gnu/arm/5.4.1/bin/../lib/gcc/arm-none-eabi/5.4.1/armv6-m\libgcc.a(bpabi.o)
 .debug_frame   0x000031a8       0x30 c:/program files (x86)/cypress/psoc creator/4.1/psoc creator/import/gnu/arm/5.4.1/bin/../lib/gcc/arm-none-eabi/5.4.1/armv6-m\libgcc.a(addsf3.o)
 .debug_frame   0x000031d8       0x3c c:/program files (x86)/cypress/psoc creator/4.1/psoc creator/import/gnu/arm/5.4.1/bin/../lib/gcc/arm-none-eabi/5.4.1/armv6-m\libgcc.a(divsf3.o)
 .debug_frame   0x00003214       0x38 c:/program files (x86)/cypress/psoc creator/4.1/psoc creator/import/gnu/arm/5.4.1/bin/../lib/gcc/arm-none-eabi/5.4.1/armv6-m\libgcc.a(mulsf3.o)
 .debug_frame   0x0000324c       0x20 c:/program files (x86)/cypress/psoc creator/4.1/psoc creator/import/gnu/arm/5.4.1/bin/../lib/gcc/arm-none-eabi/5.4.1/armv6-m\libgcc.a(fixsfsi.o)
 .debug_frame   0x0000326c       0x2c c:/program files (x86)/cypress/psoc creator/4.1/psoc creator/import/gnu/arm/5.4.1/bin/../lib/gcc/arm-none-eabi/5.4.1/armv6-m\libgcc.a(floatsisf.o)
 .debug_frame   0x00003298       0x3c c:/program files (x86)/cypress/psoc creator/4.1/psoc creator/import/gnu/arm/5.4.1/bin/../lib/gcc/arm-none-eabi/5.4.1/armv6-m\libgcc.a(adddf3.o)
 .debug_frame   0x000032d4       0x3c c:/program files (x86)/cypress/psoc creator/4.1/psoc creator/import/gnu/arm/5.4.1/bin/../lib/gcc/arm-none-eabi/5.4.1/armv6-m\libgcc.a(muldf3.o)
 .debug_frame   0x00003310       0x2c c:/program files (x86)/cypress/psoc creator/4.1/psoc creator/import/gnu/arm/5.4.1/bin/../lib/gcc/arm-none-eabi/5.4.1/armv6-m\libgcc.a(floatsidf.o)
 .debug_frame   0x0000333c       0x2c c:/program files (x86)/cypress/psoc creator/4.1/psoc creator/import/gnu/arm/5.4.1/bin/../lib/gcc/arm-none-eabi/5.4.1/armv6-m\libgcc.a(extendsfdf2.o)
 .debug_frame   0x00003368       0x2c c:/program files (x86)/cypress/psoc creator/4.1/psoc creator/import/gnu/arm/5.4.1/bin/../lib/gcc/arm-none-eabi/5.4.1/armv6-m\libgcc.a(truncdfsf2.o)
 .debug_frame   0x00003394       0x3c c:/program files (x86)/cypress/psoc creator/4.1/psoc creator/import/gnu/arm/5.4.1/bin/../lib/gcc/arm-none-eabi/5.4.1/armv6-m\libgcc.a(_divdi3.o)
 .debug_frame   0x000033d0       0x20 c:/program files (x86)/cypress/psoc creator/4.1/psoc creator/import/gnu/arm/5.4.1/bin/../lib/gcc/arm-none-eabi/5.4.1/../../../../arm-none-eabi/lib/armv6-m\libg_nano.a(lib_a-errno.o)
 .debug_frame   0x000033f0       0x28 c:/program files (x86)/cypress/psoc creator/4.1/psoc creator/import/gnu/arm/5.4.1/bin/../lib/gcc/arm-none-eabi/5.4.1/../../../../arm-none-eabi/lib/armv6-m\libg_nano.a(lib_a-exit.o)
 .debug_frame   0x00003418       0x2c c:/program files (x86)/cypress/psoc creator/4.1/psoc creator/import/gnu/arm/5.4.1/bin/../lib/gcc/arm-none-eabi/5.4.1/../../../../arm-none-eabi/lib/armv6-m\libg_nano.a(lib_a-init.o)
 .debug_frame   0x00003444       0x28 c:/program files (x86)/cypress/psoc creator/4.1/psoc creator/import/gnu/arm/5.4.1/bin/../lib/gcc/arm-none-eabi/5.4.1/../../../../arm-none-eabi/lib/armv6-m\libg_nano.a(lib_a-memcpy-stub.o)
 .debug_frame   0x0000346c       0x20 c:/program files (x86)/cypress/psoc creator/4.1/psoc creator/import/gnu/arm/5.4.1/bin/../lib/gcc/arm-none-eabi/5.4.1/../../../../arm-none-eabi/lib/armv6-m\libg_nano.a(lib_a-memset.o)

.debug_str      0x00000000     0x4a67
 *(.debug_str)
 .debug_str     0x00000000      0x61a .\CortexM0\ARM_GCC_541\Debug\main.o
                                0x695 (size before relaxing)
 .debug_str     0x0000061a      0x39b .\CortexM0\ARM_GCC_541\Debug\TemperatureCommManager.o
                                0x559 (size before relaxing)
 .debug_str     0x000009b5      0x5ce .\CortexM0\ARM_GCC_541\Debug\BrightnessCommManager.o
                                0x954 (size before relaxing)
 .debug_str     0x00000f83      0x40f .\CortexM0\ARM_GCC_541\Debug\DriverControl.o
                                0x758 (size before relaxing)
 .debug_str     0x00001392      0x37e .\CortexM0\ARM_GCC_541\Debug\motorControl.o
                                0x841 (size before relaxing)
 .debug_str     0x00001710      0x137 .\CortexM0\ARM_GCC_541\Debug\cyfitter_cfg.o
                                0x326 (size before relaxing)
 .debug_str     0x00001847       0x63 .\CortexM0\ARM_GCC_541\Debug\cymetadata.o
                                0x1f1 (size before relaxing)
 .debug_str     0x000018aa      0x13a .\CortexM0\ARM_GCC_541\Debug\Cm0Start.o
                                0x32a (size before relaxing)
 .debug_str     0x000019e4      0x233 .\CortexM0\ARM_GCC_541\Debug\81-00024-01.a(ADC_SAR_Seq.o)
                                0x4dd (size before relaxing)
 .debug_str     0x00001c17       0x45 .\CortexM0\ARM_GCC_541\Debug\81-00024-01.a(ADC_SAR_Seq_INT.o)
                                0x1f6 (size before relaxing)
 .debug_str     0x00001c5c      0x491 .\CortexM0\ARM_GCC_541\Debug\81-00024-01.a(CyLib.o)
                                0x6ed (size before relaxing)
 .debug_str     0x000020ed       0xb5 .\CortexM0\ARM_GCC_541\Debug\81-00024-01.a(cyPm.o)
                                0x2de (size before relaxing)
 .debug_str     0x000021a2      0x522 .\CortexM0\ARM_GCC_541\Debug\81-00024-01.a(CyLFClk.o)
                                0x766 (size before relaxing)
 .debug_str     0x000026c4      0x4cb .\CortexM0\ARM_GCC_541\Debug\81-00024-01.a(TimeoutTimer.o)
                                0x700 (size before relaxing)
 .debug_str     0x00002b8f      0x12e .\CortexM0\ARM_GCC_541\Debug\81-00024-01.a(CommTimeoutISR.o)
                                0x3ac (size before relaxing)
 .debug_str     0x00002cbd      0x153 .\CortexM0\ARM_GCC_541\Debug\81-00024-01.a(SamplingTimerISR.o)
                                0x3c9 (size before relaxing)
 .debug_str     0x00002e10      0x433 .\CortexM0\ARM_GCC_541\Debug\81-00024-01.a(SamplingTimer.o)
                                0x72a (size before relaxing)
 .debug_str     0x00003243      0x123 .\CortexM0\ARM_GCC_541\Debug\81-00024-01.a(UART_LED_ISR.o)
                                0x39a (size before relaxing)
 .debug_str     0x00003366      0x13d .\CortexM0\ARM_GCC_541\Debug\81-00024-01.a(UART_LED.o)
                                0x318 (size before relaxing)
 .debug_str     0x000034a3       0xb6 .\CortexM0\ARM_GCC_541\Debug\81-00024-01.a(UART_LED_SPI_UART.o)
                                0x293 (size before relaxing)
 .debug_str     0x00003559       0x93 .\CortexM0\ARM_GCC_541\Debug\81-00024-01.a(UART_LED_UART.o)
                                0x2fa (size before relaxing)
 .debug_str     0x000035ec       0x8d .\CortexM0\ARM_GCC_541\Debug\81-00024-01.a(PWM.o)
                                0x354 (size before relaxing)
 .debug_str     0x00003679       0x34 .\CortexM0\ARM_GCC_541\Debug\81-00024-01.a(PWM_Enable.o)
                                0x1e7 (size before relaxing)
 .debug_str     0x000036ad       0x50 .\CortexM0\ARM_GCC_541\Debug\81-00024-01.a(DieTemp.o)
                                0x230 (size before relaxing)
 .debug_str     0x000036fd       0x21 .\CortexM0\ARM_GCC_541\Debug\81-00024-01.a(LED_ISR.o)
                                0x340 (size before relaxing)
 .debug_str     0x0000371e      0x12f .\CortexM0\ARM_GCC_541\Debug\81-00024-01.a(AckTimeoutISR.o)
                                0x39c (size before relaxing)
 .debug_str     0x0000384d      0x370 .\CortexM0\ARM_GCC_541\Debug\81-00024-01.a(AckTimer.o)
                                0x658 (size before relaxing)
 .debug_str     0x00003bbd      0x397 .\CortexM0\ARM_GCC_541\Debug\81-00024-01.a(LED_Timer.o)
                                0x682 (size before relaxing)
 .debug_str     0x00003f54       0x9e .\CortexM0\ARM_GCC_541\Debug\81-00024-01.a(EmEEPROM.o)
                                0x27b (size before relaxing)
 .debug_str     0x00003ff2      0x1a5 .\CortexM0\ARM_GCC_541\Debug\81-00024-01.a(motorControlPWM.o)
                                0x3d1 (size before relaxing)
 .debug_str     0x00004197       0xc0 .\CortexM0\ARM_GCC_541\Debug\81-00024-01.a(pwmClock.o)
                                0x278 (size before relaxing)
 .debug_str     0x00004257       0xba .\CortexM0\ARM_GCC_541\Debug\81-00024-01.a(limitSwitch.o)
                                0x289 (size before relaxing)
 .debug_str     0x00004311      0x12d .\CortexM0\ARM_GCC_541\Debug\81-00024-01.a(hallEffectISR.o)
                                0x383 (size before relaxing)
 .debug_str     0x0000443e      0x1e1 .\CortexM0\ARM_GCC_541\Debug\81-00024-01.a(overCurrentTimer.o)
                                0x41d (size before relaxing)
 .debug_str     0x0000461f      0x16d .\CortexM0\ARM_GCC_541\Debug\81-00024-01.a(overCurrentTimerISR.o)
                                0x3d7 (size before relaxing)
 .debug_str     0x0000478c       0x70 .\CortexM0\ARM_GCC_541\Debug\81-00024-01.a(inputs.o)
                                0x26c (size before relaxing)
 .debug_str     0x000047fc      0x142 .\CortexM0\ARM_GCC_541\Debug\81-00024-01.a(modeChangeISR.o)
                                0x383 (size before relaxing)
 .debug_str     0x0000493e      0x129 .\CortexM0\ARM_GCC_541\Debug\81-00024-01.a(CyFlash.o)
                                0x357 (size before relaxing)

.debug_loc      0x00000000     0x4970
 *(.debug_loc)
 .debug_loc     0x00000000       0x38 .\CortexM0\ARM_GCC_541\Debug\main.o
 .debug_loc     0x00000038      0x205 .\CortexM0\ARM_GCC_541\Debug\TemperatureCommManager.o
 .debug_loc     0x0000023d      0x4c2 .\CortexM0\ARM_GCC_541\Debug\BrightnessCommManager.o
 .debug_loc     0x000006ff      0x8bc .\CortexM0\ARM_GCC_541\Debug\DriverControl.o
 .debug_loc     0x00000fbb       0xe6 .\CortexM0\ARM_GCC_541\Debug\motorControl.o
 .debug_loc     0x000010a1      0x136 .\CortexM0\ARM_GCC_541\Debug\cyfitter_cfg.o
 .debug_loc     0x000011d7      0x14f .\CortexM0\ARM_GCC_541\Debug\Cm0Start.o
 .debug_loc     0x00001326      0x536 .\CortexM0\ARM_GCC_541\Debug\81-00024-01.a(ADC_SAR_Seq.o)
 .debug_loc     0x0000185c      0x5cb .\CortexM0\ARM_GCC_541\Debug\81-00024-01.a(CyLib.o)
 .debug_loc     0x00001e27       0xe1 .\CortexM0\ARM_GCC_541\Debug\81-00024-01.a(cyPm.o)
 .debug_loc     0x00001f08      0x9b5 .\CortexM0\ARM_GCC_541\Debug\81-00024-01.a(CyLFClk.o)
 .debug_loc     0x000028bd      0x547 .\CortexM0\ARM_GCC_541\Debug\81-00024-01.a(TimeoutTimer.o)
 .debug_loc     0x00002e04       0x82 .\CortexM0\ARM_GCC_541\Debug\81-00024-01.a(CommTimeoutISR.o)
 .debug_loc     0x00002e86       0x82 .\CortexM0\ARM_GCC_541\Debug\81-00024-01.a(SamplingTimerISR.o)
 .debug_loc     0x00002f08      0x547 .\CortexM0\ARM_GCC_541\Debug\81-00024-01.a(SamplingTimer.o)
 .debug_loc     0x0000344f       0x82 .\CortexM0\ARM_GCC_541\Debug\81-00024-01.a(UART_LED_ISR.o)
 .debug_loc     0x000034d1       0x7e .\CortexM0\ARM_GCC_541\Debug\81-00024-01.a(UART_LED.o)
 .debug_loc     0x0000354f       0x1f .\CortexM0\ARM_GCC_541\Debug\81-00024-01.a(UART_LED_SPI_UART.o)
 .debug_loc     0x0000356e      0x10d .\CortexM0\ARM_GCC_541\Debug\81-00024-01.a(UART_LED_UART.o)
 .debug_loc     0x0000367b       0x26 .\CortexM0\ARM_GCC_541\Debug\81-00024-01.a(PWM.o)
 .debug_loc     0x000036a1       0xa4 .\CortexM0\ARM_GCC_541\Debug\81-00024-01.a(DieTemp.o)
 .debug_loc     0x00003745       0x82 .\CortexM0\ARM_GCC_541\Debug\81-00024-01.a(LED_ISR.o)
 .debug_loc     0x000037c7       0x82 .\CortexM0\ARM_GCC_541\Debug\81-00024-01.a(AckTimeoutISR.o)
 .debug_loc     0x00003849      0x547 .\CortexM0\ARM_GCC_541\Debug\81-00024-01.a(AckTimer.o)
 .debug_loc     0x00003d90      0x547 .\CortexM0\ARM_GCC_541\Debug\81-00024-01.a(LED_Timer.o)
 .debug_loc     0x000042d7      0x1c2 .\CortexM0\ARM_GCC_541\Debug\81-00024-01.a(EmEEPROM.o)
 .debug_loc     0x00004499       0x47 .\CortexM0\ARM_GCC_541\Debug\81-00024-01.a(motorControlPWM.o)
 .debug_loc     0x000044e0       0x13 .\CortexM0\ARM_GCC_541\Debug\81-00024-01.a(pwmClock.o)
 .debug_loc     0x000044f3       0x81 .\CortexM0\ARM_GCC_541\Debug\81-00024-01.a(limitSwitch.o)
 .debug_loc     0x00004574       0x82 .\CortexM0\ARM_GCC_541\Debug\81-00024-01.a(hallEffectISR.o)
 .debug_loc     0x000045f6       0x13 .\CortexM0\ARM_GCC_541\Debug\81-00024-01.a(overCurrentTimer.o)
 .debug_loc     0x00004609       0x82 .\CortexM0\ARM_GCC_541\Debug\81-00024-01.a(overCurrentTimerISR.o)
 .debug_loc     0x0000468b       0x44 .\CortexM0\ARM_GCC_541\Debug\81-00024-01.a(inputs.o)
 .debug_loc     0x000046cf       0x82 .\CortexM0\ARM_GCC_541\Debug\81-00024-01.a(modeChangeISR.o)
 .debug_loc     0x00004751      0x21f .\CortexM0\ARM_GCC_541\Debug\81-00024-01.a(CyFlash.o)

.debug_macinfo
 *(.debug_macinfo)

.debug_ranges   0x00000000     0x11e8